   1               		.file	"nrk_error.c"
   2               	__SREG__ = 0x3f
   3               	__SP_H__ = 0x3e
   4               	__SP_L__ = 0x3d
   5               	__CCP__ = 0x34
   6               	__tmp_reg__ = 0
   7               	__zero_reg__ = 1
  10               		.text
  11               	.Ltext0:
 137               	.global	_nrk_errno_set
 139               	_nrk_errno_set:
 140               		.stabd	46,0,0
   1:..//src/kernel/source/nrk_error.c **** /******************************************************************************
   2:..//src/kernel/source/nrk_error.c **** *  Nano-RK, a real-time operating system for sensor networks.
   3:..//src/kernel/source/nrk_error.c **** *  Copyright (C) 2007, Real-Time and Multimedia Lab, Carnegie Mellon University
   4:..//src/kernel/source/nrk_error.c **** *  All rights reserved.
   5:..//src/kernel/source/nrk_error.c **** *
   6:..//src/kernel/source/nrk_error.c **** *  This is the Open Source Version of Nano-RK included as part of a Dual
   7:..//src/kernel/source/nrk_error.c **** *  Licensing Model. If you are unsure which license to use please refer to:
   8:..//src/kernel/source/nrk_error.c **** *  http://www.nanork.org/nano-RK/wiki/Licensing
   9:..//src/kernel/source/nrk_error.c **** *
  10:..//src/kernel/source/nrk_error.c **** *  This program is free software: you can redistribute it and/or modify
  11:..//src/kernel/source/nrk_error.c **** *  it under the terms of the GNU General Public License as published by
  12:..//src/kernel/source/nrk_error.c **** *  the Free Software Foundation, version 2.0 of the License.
  13:..//src/kernel/source/nrk_error.c **** *
  14:..//src/kernel/source/nrk_error.c **** *  This program is distributed in the hope that it will be useful,
  15:..//src/kernel/source/nrk_error.c **** *  but WITHOUT ANY WARRANTY; without even the implied warranty of
  16:..//src/kernel/source/nrk_error.c **** *  MERCHANTABILITY or FITNESS FOR A PARTICULAR PURPOSE.  See the
  17:..//src/kernel/source/nrk_error.c **** *  GNU General Public License for more details.
  18:..//src/kernel/source/nrk_error.c **** *
  19:..//src/kernel/source/nrk_error.c **** *  You should have received a copy of the GNU General Public License
  20:..//src/kernel/source/nrk_error.c **** *  along with this program.  If not, see <http://www.gnu.org/licenses/>.
  21:..//src/kernel/source/nrk_error.c **** *
  22:..//src/kernel/source/nrk_error.c **** *  Contributing Authors (specific to this file):
  23:..//src/kernel/source/nrk_error.c **** *  Anthony Rowe
  24:..//src/kernel/source/nrk_error.c **** *  Zane Starr
  25:..//src/kernel/source/nrk_error.c **** *  Anand Eswaren
  26:..//src/kernel/source/nrk_error.c **** *******************************************************************************/
  27:..//src/kernel/source/nrk_error.c **** 
  28:..//src/kernel/source/nrk_error.c **** #include <nrk_error.h>
  29:..//src/kernel/source/nrk_error.c **** #include <stdio.h>
  30:..//src/kernel/source/nrk_error.c **** #include <nrk.h>
  31:..//src/kernel/source/nrk_error.c **** #include <nrk_task.h>
  32:..//src/kernel/source/nrk_error.c **** #include <nrk_cfg.h>
  33:..//src/kernel/source/nrk_error.c **** #include <nrk_timer.h>
  34:..//src/kernel/source/nrk_error.c **** #ifdef NRK_LOG_ERRORS
  35:..//src/kernel/source/nrk_error.c **** #include <nrk_eeprom.h>
  36:..//src/kernel/source/nrk_error.c **** #include <nrk_watchdog.h>
  37:..//src/kernel/source/nrk_error.c **** static uint8_t error_cnt;
  38:..//src/kernel/source/nrk_error.c **** #endif
  39:..//src/kernel/source/nrk_error.c **** 
  40:..//src/kernel/source/nrk_error.c **** void pause();
  41:..//src/kernel/source/nrk_error.c **** void blink_morse_code_error( uint8_t number );
  42:..//src/kernel/source/nrk_error.c **** 
  43:..//src/kernel/source/nrk_error.c **** 
  44:..//src/kernel/source/nrk_error.c **** void _nrk_errno_set (NRK_ERRNO error_code)
  45:..//src/kernel/source/nrk_error.c **** {
 142               	.LM0:
 143               	.LFBB1:
 144               	/* prologue: function */
 145               	/* frame size = 0 */
 146               	/* stack size = 0 */
 147               	.L__stack_usage = 0
  46:..//src/kernel/source/nrk_error.c ****     nrk_cur_task_TCB->errno = error_code;
 149               	.LM1:
 150 0000 E091 0000 		lds r30,nrk_cur_task_TCB
 151 0004 F091 0000 		lds r31,nrk_cur_task_TCB+1
 152 0008 8487      		std Z+12,r24
 153               	/* epilogue start */
  47:..//src/kernel/source/nrk_error.c **** }
 155               	.LM2:
 156 000a 0895      		ret
 158               	.Lscope1:
 160               		.stabd	78,0,0
 162               	.global	nrk_errno_get
 164               	nrk_errno_get:
 165               		.stabd	46,0,0
  48:..//src/kernel/source/nrk_error.c **** 
  49:..//src/kernel/source/nrk_error.c **** uint8_t nrk_errno_get ()
  50:..//src/kernel/source/nrk_error.c **** {
 167               	.LM3:
 168               	.LFBB2:
 169               	/* prologue: function */
 170               	/* frame size = 0 */
 171               	/* stack size = 0 */
 172               	.L__stack_usage = 0
  51:..//src/kernel/source/nrk_error.c ****     return nrk_cur_task_TCB->errno;
 174               	.LM4:
 175 000c E091 0000 		lds r30,nrk_cur_task_TCB
 176 0010 F091 0000 		lds r31,nrk_cur_task_TCB+1
  52:..//src/kernel/source/nrk_error.c **** }
 178               	.LM5:
 179 0014 8485      		ldd r24,Z+12
 180               	/* epilogue start */
 181 0016 0895      		ret
 183               	.Lscope2:
 185               		.stabd	78,0,0
 189               	.global	nrk_error_get
 191               	nrk_error_get:
 192               		.stabd	46,0,0
  53:..//src/kernel/source/nrk_error.c **** 
  54:..//src/kernel/source/nrk_error.c **** #ifdef NRK_LOG_ERRORS
  55:..//src/kernel/source/nrk_error.c **** void _nrk_log_error(uint8_t error_num, uint8_t error_task)
  56:..//src/kernel/source/nrk_error.c **** {
  57:..//src/kernel/source/nrk_error.c **** 
  58:..//src/kernel/source/nrk_error.c ****     // 1) Load error cnt and add 1
  59:..//src/kernel/source/nrk_error.c ****     error_cnt=nrk_eeprom_read_byte(NRK_ERROR_EEPROM_INDEX);
  60:..//src/kernel/source/nrk_error.c ****     error_cnt++;
  61:..//src/kernel/source/nrk_error.c ****     if(error_cnt==255) error_cnt=0;
  62:..//src/kernel/source/nrk_error.c ****     // 2) write error
  63:..//src/kernel/source/nrk_error.c ****     nrk_eeprom_write_byte(NRK_ERROR_EEPROM_INDEX+1+((uint16_t)error_cnt*6),error_num);
  64:..//src/kernel/source/nrk_error.c ****     nrk_eeprom_write_byte(NRK_ERROR_EEPROM_INDEX+1+((uint16_t)error_cnt*6+1),error_task);
  65:..//src/kernel/source/nrk_error.c ****     nrk_eeprom_write_byte(NRK_ERROR_EEPROM_INDEX+1+((uint16_t)error_cnt*6+2),(nrk_system_time.secs>
  66:..//src/kernel/source/nrk_error.c ****     nrk_eeprom_write_byte(NRK_ERROR_EEPROM_INDEX+1+((uint16_t)error_cnt*6+3),(nrk_system_time.secs>
  67:..//src/kernel/source/nrk_error.c ****     nrk_eeprom_write_byte(NRK_ERROR_EEPROM_INDEX+1+((uint16_t)error_cnt*6+4),(nrk_system_time.secs>
  68:..//src/kernel/source/nrk_error.c ****     nrk_eeprom_write_byte(NRK_ERROR_EEPROM_INDEX+1+((uint16_t)error_cnt*6+5),(nrk_system_time.secs)
  69:..//src/kernel/source/nrk_error.c ****     // 3) write error cnt back
  70:..//src/kernel/source/nrk_error.c ****     nrk_eeprom_write_byte(NRK_ERROR_EEPROM_INDEX,error_cnt);
  71:..//src/kernel/source/nrk_error.c **** }
  72:..//src/kernel/source/nrk_error.c **** #endif
  73:..//src/kernel/source/nrk_error.c **** 
  74:..//src/kernel/source/nrk_error.c **** void nrk_error_add (uint8_t n)
  75:..//src/kernel/source/nrk_error.c **** {
  76:..//src/kernel/source/nrk_error.c ****     error_num = n;
  77:..//src/kernel/source/nrk_error.c ****     error_task = nrk_cur_task_TCB->task_ID;
  78:..//src/kernel/source/nrk_error.c **** 
  79:..//src/kernel/source/nrk_error.c **** #ifdef NRK_LOG_ERRORS
  80:..//src/kernel/source/nrk_error.c ****     _nrk_log_error(error_num, error_task);
  81:..//src/kernel/source/nrk_error.c **** #endif
  82:..//src/kernel/source/nrk_error.c **** 
  83:..//src/kernel/source/nrk_error.c **** #ifdef NRK_REPORT_ERRORS
  84:..//src/kernel/source/nrk_error.c ****     nrk_error_print ();
  85:..//src/kernel/source/nrk_error.c **** #endif  /*  */
  86:..//src/kernel/source/nrk_error.c **** }
  87:..//src/kernel/source/nrk_error.c **** 
  88:..//src/kernel/source/nrk_error.c **** void nrk_kernel_error_add (uint8_t n, uint8_t task)
  89:..//src/kernel/source/nrk_error.c **** {
  90:..//src/kernel/source/nrk_error.c ****     error_num = n;
  91:..//src/kernel/source/nrk_error.c ****     error_task = task;
  92:..//src/kernel/source/nrk_error.c **** 
  93:..//src/kernel/source/nrk_error.c **** #ifdef NRK_LOG_ERRORS
  94:..//src/kernel/source/nrk_error.c ****     _nrk_log_error(error_num, error_task);
  95:..//src/kernel/source/nrk_error.c **** #endif
  96:..//src/kernel/source/nrk_error.c **** 
  97:..//src/kernel/source/nrk_error.c **** #ifdef NRK_REPORT_ERRORS
  98:..//src/kernel/source/nrk_error.c ****     nrk_error_print ();
  99:..//src/kernel/source/nrk_error.c **** 
 100:..//src/kernel/source/nrk_error.c **** #endif  /*  */
 101:..//src/kernel/source/nrk_error.c **** 
 102:..//src/kernel/source/nrk_error.c **** #ifdef NRK_SOFT_REBOOT_ON_ERROR
 103:..//src/kernel/source/nrk_error.c **** #ifdef NRK_WATCHDOG
 104:..//src/kernel/source/nrk_error.c ****     nrk_watchdog_disable();
 105:..//src/kernel/source/nrk_error.c **** #endif
 106:..//src/kernel/source/nrk_error.c ****     asm volatile("jmp 0x0000\n\t" ::);
 107:..//src/kernel/source/nrk_error.c **** #endif
 108:..//src/kernel/source/nrk_error.c **** 
 109:..//src/kernel/source/nrk_error.c **** #ifdef NRK_REBOOT_ON_ERROR
 110:..//src/kernel/source/nrk_error.c ****     // wait for watchdog to kick in
 111:..//src/kernel/source/nrk_error.c ****     if(n!=NRK_WATCHDOG_ERROR && n!=NRK_BOD_ERROR && n!=NRK_EXT_RST_ERROR)
 112:..//src/kernel/source/nrk_error.c ****     {
 113:..//src/kernel/source/nrk_error.c ****         nrk_watchdog_enable();
 114:..//src/kernel/source/nrk_error.c ****         nrk_int_disable();
 115:..//src/kernel/source/nrk_error.c ****         while(1);
 116:..//src/kernel/source/nrk_error.c ****     }
 117:..//src/kernel/source/nrk_error.c **** #endif
 118:..//src/kernel/source/nrk_error.c **** 
 119:..//src/kernel/source/nrk_error.c **** #ifdef NRK_HALT_ON_ERROR
 120:..//src/kernel/source/nrk_error.c ****     uint8_t t;
 121:..//src/kernel/source/nrk_error.c ****     uint8_t i;
 122:..//src/kernel/source/nrk_error.c **** 
 123:..//src/kernel/source/nrk_error.c ****     while (1)
 124:..//src/kernel/source/nrk_error.c ****     {
 125:..//src/kernel/source/nrk_error.c ****         for(i=0; i<20; i++ )
 126:..//src/kernel/source/nrk_error.c ****         {
 127:..//src/kernel/source/nrk_error.c ****             nrk_led_set (2);
 128:..//src/kernel/source/nrk_error.c ****             nrk_led_clr (3);
 129:..//src/kernel/source/nrk_error.c ****             for (t = 0; t < 100; t++)
 130:..//src/kernel/source/nrk_error.c ****                 nrk_spin_wait_us (1000);
 131:..//src/kernel/source/nrk_error.c ****             nrk_led_set (3);
 132:..//src/kernel/source/nrk_error.c ****             nrk_led_clr (2);
 133:..//src/kernel/source/nrk_error.c ****             for (t = 0; t < 100; t++)
 134:..//src/kernel/source/nrk_error.c ****                 nrk_spin_wait_us (1000);
 135:..//src/kernel/source/nrk_error.c ****         }
 136:..//src/kernel/source/nrk_error.c ****         nrk_led_clr (3);
 137:..//src/kernel/source/nrk_error.c ****         nrk_led_clr (2);
 138:..//src/kernel/source/nrk_error.c ****         blink_morse_code_error( task );
 139:..//src/kernel/source/nrk_error.c ****         blink_morse_code_error( n );
 140:..//src/kernel/source/nrk_error.c ****     }
 141:..//src/kernel/source/nrk_error.c **** 
 142:..//src/kernel/source/nrk_error.c **** #endif  /*  */
 143:..//src/kernel/source/nrk_error.c **** 
 144:..//src/kernel/source/nrk_error.c **** 
 145:..//src/kernel/source/nrk_error.c **** 
 146:..//src/kernel/source/nrk_error.c **** 
 147:..//src/kernel/source/nrk_error.c **** }
 148:..//src/kernel/source/nrk_error.c **** 
 149:..//src/kernel/source/nrk_error.c **** 
 150:..//src/kernel/source/nrk_error.c **** uint8_t nrk_error_get (uint8_t * task_id, uint8_t * code)
 151:..//src/kernel/source/nrk_error.c **** {
 194               	.LM6:
 195               	.LFBB3:
 196               	/* prologue: function */
 197               	/* frame size = 0 */
 198               	/* stack size = 0 */
 199               	.L__stack_usage = 0
 152:..//src/kernel/source/nrk_error.c ****     if (error_num == 0)
 201               	.LM7:
 202 0018 2091 0000 		lds r18,error_num
 203 001c 2223      		tst r18
 204 001e 01F0      		breq .L5
 153:..//src/kernel/source/nrk_error.c ****         return 0;
 154:..//src/kernel/source/nrk_error.c ****     *code = error_num;
 206               	.LM8:
 207 0020 FB01      		movw r30,r22
 208 0022 2083      		st Z,r18
 155:..//src/kernel/source/nrk_error.c ****     *task_id = error_task;
 210               	.LM9:
 211 0024 2091 0000 		lds r18,error_task
 212 0028 FC01      		movw r30,r24
 213 002a 2083      		st Z,r18
 156:..//src/kernel/source/nrk_error.c ****     return 1;
 215               	.LM10:
 216 002c 81E0      		ldi r24,lo8(1)
 217 002e 0895      		ret
 218               	.L5:
 153:..//src/kernel/source/nrk_error.c ****         return 0;
 220               	.LM11:
 221 0030 80E0      		ldi r24,lo8(0)
 157:..//src/kernel/source/nrk_error.c **** }
 223               	.LM12:
 224 0032 0895      		ret
 226               	.Lscope3:
 228               		.stabd	78,0,0
 230               	.global	pause
 232               	pause:
 233               		.stabd	46,0,0
 158:..//src/kernel/source/nrk_error.c **** 
 159:..//src/kernel/source/nrk_error.c **** int8_t nrk_error_print ()
 160:..//src/kernel/source/nrk_error.c **** {
 161:..//src/kernel/source/nrk_error.c ****     int8_t t=0,i=0;
 162:..//src/kernel/source/nrk_error.c ****     if (error_num == 0)
 163:..//src/kernel/source/nrk_error.c ****         return 0;
 164:..//src/kernel/source/nrk_error.c **** 
 165:..//src/kernel/source/nrk_error.c **** #ifdef NRK_HALT_ON_ERROR
 166:..//src/kernel/source/nrk_error.c ****     nrk_int_disable ();
 167:..//src/kernel/source/nrk_error.c **** #ifdef NRK_WATCHDOG
 168:..//src/kernel/source/nrk_error.c ****     nrk_watchdog_disable();
 169:..//src/kernel/source/nrk_error.c **** #endif
 170:..//src/kernel/source/nrk_error.c **** #endif
 171:..//src/kernel/source/nrk_error.c **** 
 172:..//src/kernel/source/nrk_error.c **** #ifndef NRK_REBOOT_ON_ERROR
 173:..//src/kernel/source/nrk_error.c ****     nrk_int_disable ();
 174:..//src/kernel/source/nrk_error.c **** #endif
 175:..//src/kernel/source/nrk_error.c **** 
 176:..//src/kernel/source/nrk_error.c **** 
 177:..//src/kernel/source/nrk_error.c **** #ifdef NRK_HALT_AND_LOOP_ON_ERROR
 178:..//src/kernel/source/nrk_error.c ****     nrk_int_disable ();
 179:..//src/kernel/source/nrk_error.c **** #ifdef NRK_WATCHDOG
 180:..//src/kernel/source/nrk_error.c ****     nrk_watchdog_disable();
 181:..//src/kernel/source/nrk_error.c **** #endif
 182:..//src/kernel/source/nrk_error.c **** 
 183:..//src/kernel/source/nrk_error.c **** 
 184:..//src/kernel/source/nrk_error.c ****     while (1)
 185:..//src/kernel/source/nrk_error.c ****     {
 186:..//src/kernel/source/nrk_error.c **** 
 187:..//src/kernel/source/nrk_error.c **** #endif
 188:..//src/kernel/source/nrk_error.c **** 
 189:..//src/kernel/source/nrk_error.c ****         nrk_kprintf (PSTR ("*NRK ERROR("));
 190:..//src/kernel/source/nrk_error.c ****         printf ("%d", error_task);
 191:..//src/kernel/source/nrk_error.c ****         nrk_kprintf (PSTR ("): "));
 192:..//src/kernel/source/nrk_error.c ****         if (error_num > NRK_NUM_ERRORS)
 193:..//src/kernel/source/nrk_error.c ****             error_num = NRK_UNKOWN;
 194:..//src/kernel/source/nrk_error.c ****         switch (error_num)
 195:..//src/kernel/source/nrk_error.c ****         {
 196:..//src/kernel/source/nrk_error.c ****         case NRK_PERIOD_OVERFLOW:
 197:..//src/kernel/source/nrk_error.c ****             nrk_kprintf (PSTR ("Task period too large. Period must be less than 61 seconds."));
 198:..//src/kernel/source/nrk_error.c ****             break;
 199:..//src/kernel/source/nrk_error.c ****         case NRK_STACK_TOO_SMALL:
 200:..//src/kernel/source/nrk_error.c ****             nrk_kprintf (PSTR ("Stack was not defined as large enough!"));
 201:..//src/kernel/source/nrk_error.c ****             break;
 202:..//src/kernel/source/nrk_error.c ****         case NRK_STACK_OVERFLOW:
 203:..//src/kernel/source/nrk_error.c ****             nrk_kprintf (PSTR ("Task Stack Overflow"));
 204:..//src/kernel/source/nrk_error.c ****             break;
 205:..//src/kernel/source/nrk_error.c ****         case NRK_INVALID_STACK_POINTER:
 206:..//src/kernel/source/nrk_error.c ****             nrk_kprintf (PSTR ("Invalid Stack Pointer"));
 207:..//src/kernel/source/nrk_error.c ****             break;
 208:..//src/kernel/source/nrk_error.c ****         case NRK_RESERVE_ERROR:
 209:..//src/kernel/source/nrk_error.c ****             nrk_kprintf (PSTR ("Reserve Error in Scheduler"));
 210:..//src/kernel/source/nrk_error.c ****             break;
 211:..//src/kernel/source/nrk_error.c ****         case NRK_RESERVE_VIOLATED:
 212:..//src/kernel/source/nrk_error.c ****             nrk_kprintf (PSTR ("Task Reserve Violated"));
 213:..//src/kernel/source/nrk_error.c ****             break;
 214:..//src/kernel/source/nrk_error.c ****         case NRK_WAKEUP_MISSED:
 215:..//src/kernel/source/nrk_error.c ****             nrk_kprintf (PSTR ("Scheduler Missed Wakeup"));
 216:..//src/kernel/source/nrk_error.c ****             break;
 217:..//src/kernel/source/nrk_error.c ****         case NRK_DUP_TASK_ID:
 218:..//src/kernel/source/nrk_error.c ****             nrk_kprintf (PSTR ("Duplicated Task ID"));
 219:..//src/kernel/source/nrk_error.c ****             break;
 220:..//src/kernel/source/nrk_error.c ****         case NRK_BAD_STARTUP:
 221:..//src/kernel/source/nrk_error.c ****             nrk_kprintf (PSTR ("Unexpected Restart"));
 222:..//src/kernel/source/nrk_error.c ****             break;
 223:..//src/kernel/source/nrk_error.c ****         case NRK_STACK_SMASH:
 224:..//src/kernel/source/nrk_error.c ****             nrk_kprintf (PSTR ("Idle or Kernel Stack Overflow"));
 225:..//src/kernel/source/nrk_error.c ****             break;
 226:..//src/kernel/source/nrk_error.c ****         case NRK_EXTRA_TASK:
 227:..//src/kernel/source/nrk_error.c ****             nrk_kprintf (PSTR ("Extra Task started, is nrk_cfg.h ok?"));
 228:..//src/kernel/source/nrk_error.c ****             break;
 229:..//src/kernel/source/nrk_error.c ****         case NRK_LOW_VOLTAGE:
 230:..//src/kernel/source/nrk_error.c ****             nrk_kprintf (PSTR ("Low Voltage"));
 231:..//src/kernel/source/nrk_error.c ****             break;
 232:..//src/kernel/source/nrk_error.c ****         case NRK_SEG_FAULT:
 233:..//src/kernel/source/nrk_error.c ****             nrk_kprintf (PSTR ("Unhandled Interrupt Vector"));
 234:..//src/kernel/source/nrk_error.c ****             break;
 235:..//src/kernel/source/nrk_error.c ****         case NRK_TIMER_OVERFLOW:
 236:..//src/kernel/source/nrk_error.c ****             nrk_kprintf (PSTR ("Timer Overflow"));
 237:..//src/kernel/source/nrk_error.c ****             break;
 238:..//src/kernel/source/nrk_error.c ****         case NRK_SW_WATCHDOG_ERROR:
 239:..//src/kernel/source/nrk_error.c ****             nrk_kprintf (PSTR ("SW Watchdog Restart"));
 240:..//src/kernel/source/nrk_error.c ****             break;
 241:..//src/kernel/source/nrk_error.c ****         case NRK_WATCHDOG_ERROR:
 242:..//src/kernel/source/nrk_error.c ****             nrk_kprintf (PSTR ("Watchdog Restart"));
 243:..//src/kernel/source/nrk_error.c ****             break;
 244:..//src/kernel/source/nrk_error.c ****         case NRK_DEVICE_DRIVER:
 245:..//src/kernel/source/nrk_error.c ****             nrk_kprintf (PSTR ("Device Driver Error"));
 246:..//src/kernel/source/nrk_error.c ****             break;
 247:..//src/kernel/source/nrk_error.c ****         case NRK_UNIMPLEMENTED:
 248:..//src/kernel/source/nrk_error.c ****             nrk_kprintf (PSTR ("Kernel function not implemented"));
 249:..//src/kernel/source/nrk_error.c ****             break;
 250:..//src/kernel/source/nrk_error.c ****         case NRK_SIGNAL_CREATE_ERROR:
 251:..//src/kernel/source/nrk_error.c ****             nrk_kprintf (PSTR ("Failed to create Signal"));
 252:..//src/kernel/source/nrk_error.c ****             break;
 253:..//src/kernel/source/nrk_error.c ****         case NRK_SEMAPHORE_CREATE_ERROR:
 254:..//src/kernel/source/nrk_error.c ****             nrk_kprintf (PSTR ("Failed to create Semaphore"));
 255:..//src/kernel/source/nrk_error.c ****             break;
 256:..//src/kernel/source/nrk_error.c ****         case NRK_BOD_ERROR:
 257:..//src/kernel/source/nrk_error.c ****             nrk_kprintf (PSTR ("Brown Out Detect"));
 258:..//src/kernel/source/nrk_error.c ****             break;
 259:..//src/kernel/source/nrk_error.c ****         case NRK_EXT_RST_ERROR:
 260:..//src/kernel/source/nrk_error.c ****             nrk_kprintf (PSTR ("External Reset"));
 261:..//src/kernel/source/nrk_error.c ****             break;
 262:..//src/kernel/source/nrk_error.c ****         default:
 263:..//src/kernel/source/nrk_error.c ****             nrk_kprintf (PSTR ("UNKOWN"));
 264:..//src/kernel/source/nrk_error.c ****         }
 265:..//src/kernel/source/nrk_error.c ****         putchar ('\r');
 266:..//src/kernel/source/nrk_error.c ****         putchar ('\n');
 267:..//src/kernel/source/nrk_error.c **** 
 268:..//src/kernel/source/nrk_error.c **** #ifdef NRK_SOFT_REBOOT_ON_ERROR
 269:..//src/kernel/source/nrk_error.c **** #ifdef NRK_WATCHDOG
 270:..//src/kernel/source/nrk_error.c ****         nrk_watchdog_disable();
 271:..//src/kernel/source/nrk_error.c **** #endif
 272:..//src/kernel/source/nrk_error.c **** 
 273:..//src/kernel/source/nrk_error.c ****         GTCCR=0;
 274:..//src/kernel/source/nrk_error.c ****         ASSR=0;
 275:..//src/kernel/source/nrk_error.c **** 
 276:..//src/kernel/source/nrk_error.c ****         OCR0B=0;
 277:..//src/kernel/source/nrk_error.c ****         OCR0A=0;
 278:..//src/kernel/source/nrk_error.c ****         TCNT0=0;
 279:..//src/kernel/source/nrk_error.c ****         TCCR0B=0;
 280:..//src/kernel/source/nrk_error.c ****         TCCR0A=0;
 281:..//src/kernel/source/nrk_error.c **** 
 282:..//src/kernel/source/nrk_error.c ****         EIMSK=0;
 283:..//src/kernel/source/nrk_error.c ****         EIFR=0;
 284:..//src/kernel/source/nrk_error.c ****         PCIFR=0;
 285:..//src/kernel/source/nrk_error.c **** 
 286:..//src/kernel/source/nrk_error.c **** 
 287:..//src/kernel/source/nrk_error.c ****         OCR3B =0;
 288:..//src/kernel/source/nrk_error.c ****         OCR3A =0;
 289:..//src/kernel/source/nrk_error.c ****         TCNT3 =0;
 290:..//src/kernel/source/nrk_error.c ****         TCCR3B=0;
 291:..//src/kernel/source/nrk_error.c ****         TCCR3A=0;
 292:..//src/kernel/source/nrk_error.c ****         TIFR3=0;
 293:..//src/kernel/source/nrk_error.c ****         TIMSK3=0;
 294:..//src/kernel/source/nrk_error.c **** 
 295:..//src/kernel/source/nrk_error.c **** 
 296:..//src/kernel/source/nrk_error.c ****         OCR2B =0;
 297:..//src/kernel/source/nrk_error.c ****         OCR2A =0;
 298:..//src/kernel/source/nrk_error.c ****         TCNT2 =0;
 299:..//src/kernel/source/nrk_error.c ****         TCCR2B=0;
 300:..//src/kernel/source/nrk_error.c ****         TCCR2A=0;
 301:..//src/kernel/source/nrk_error.c ****         TCCR2A=0;
 302:..//src/kernel/source/nrk_error.c ****         TIFR2=0;
 303:..//src/kernel/source/nrk_error.c ****         TIMSK2=0;
 304:..//src/kernel/source/nrk_error.c **** 
 305:..//src/kernel/source/nrk_error.c **** //nrk_int_disable();
 306:..//src/kernel/source/nrk_error.c ****         asm volatile(	"ldi r28,0xFF\n\t"
 307:..//src/kernel/source/nrk_error.c ****                         "out __SP_L__, r28\n\t"
 308:..//src/kernel/source/nrk_error.c ****                         "ldi r29,0x21\n\t"
 309:..//src/kernel/source/nrk_error.c ****                         "out __SP_H__, r29\n\t"
 310:..//src/kernel/source/nrk_error.c ****                         "clr r0\n\t"
 311:..//src/kernel/source/nrk_error.c ****                         "clr r1\n\t"
 312:..//src/kernel/source/nrk_error.c ****                         "clr r2\n\t"
 313:..//src/kernel/source/nrk_error.c ****                         "clr r3\n\t"
 314:..//src/kernel/source/nrk_error.c ****                         "clr r4\n\t"
 315:..//src/kernel/source/nrk_error.c ****                         "clr r5\n\t"
 316:..//src/kernel/source/nrk_error.c ****                         "clr r6\n\t"
 317:..//src/kernel/source/nrk_error.c ****                         "clr r7\n\t"
 318:..//src/kernel/source/nrk_error.c ****                         "clr r8\n\t"
 319:..//src/kernel/source/nrk_error.c ****                         "clr r9\n\t"
 320:..//src/kernel/source/nrk_error.c ****                         "clr r10\n\t"
 321:..//src/kernel/source/nrk_error.c ****                         "clr r11\n\t"
 322:..//src/kernel/source/nrk_error.c ****                         "clr r12\n\t"
 323:..//src/kernel/source/nrk_error.c ****                         "clr r13\n\t"
 324:..//src/kernel/source/nrk_error.c ****                         "clr r14\n\t"
 325:..//src/kernel/source/nrk_error.c ****                         "clr r15\n\t"
 326:..//src/kernel/source/nrk_error.c ****                         "clr r16\n\t"
 327:..//src/kernel/source/nrk_error.c ****                         "clr r17\n\t"
 328:..//src/kernel/source/nrk_error.c ****                         "clr r18\n\t"
 329:..//src/kernel/source/nrk_error.c ****                         "clr r19\n\t"
 330:..//src/kernel/source/nrk_error.c ****                         "clr r20\n\t"
 331:..//src/kernel/source/nrk_error.c ****                         "clr r21\n\t"
 332:..//src/kernel/source/nrk_error.c ****                         "clr r22\n\t"
 333:..//src/kernel/source/nrk_error.c ****                         "clr r23\n\t"
 334:..//src/kernel/source/nrk_error.c ****                         "clr r24\n\t"
 335:..//src/kernel/source/nrk_error.c ****                         "clr r25\n\t"
 336:..//src/kernel/source/nrk_error.c ****                         "clr r26\n\t"
 337:..//src/kernel/source/nrk_error.c ****                         "clr r27\n\t"
 338:..//src/kernel/source/nrk_error.c ****                         "clr r28\n\t"
 339:..//src/kernel/source/nrk_error.c ****                         "clr r29\n\t"
 340:..//src/kernel/source/nrk_error.c ****                         "clr r30\n\t"
 341:..//src/kernel/source/nrk_error.c ****                         "clr r31\n\t"
 342:..//src/kernel/source/nrk_error.c ****                         "cli\n\t"
 343:..//src/kernel/source/nrk_error.c ****                         "out __SREG__, r0\n\t"
 344:..//src/kernel/source/nrk_error.c ****                         "jmp __ctors_end\n\t"
 345:..//src/kernel/source/nrk_error.c ****                         ::);
 346:..//src/kernel/source/nrk_error.c **** #endif
 347:..//src/kernel/source/nrk_error.c **** 
 348:..//src/kernel/source/nrk_error.c **** #ifdef NRK_REBOOT_ON_ERROR
 349:..//src/kernel/source/nrk_error.c ****         // wait for watchdog to kick in
 350:..//src/kernel/source/nrk_error.c ****         if(error_num!=NRK_WATCHDOG_ERROR && error_num!=NRK_BOD_ERROR && error_num!=NRK_EXT_RST_ERRO
 351:..//src/kernel/source/nrk_error.c ****         {
 352:..//src/kernel/source/nrk_error.c ****             nrk_watchdog_enable();
 353:..//src/kernel/source/nrk_error.c ****             nrk_int_disable();
 354:..//src/kernel/source/nrk_error.c ****             while(1);
 355:..//src/kernel/source/nrk_error.c ****         }
 356:..//src/kernel/source/nrk_error.c **** #endif
 357:..//src/kernel/source/nrk_error.c **** 
 358:..//src/kernel/source/nrk_error.c **** 
 359:..//src/kernel/source/nrk_error.c **** 
 360:..//src/kernel/source/nrk_error.c **** //t=error_num;
 361:..//src/kernel/source/nrk_error.c **** #ifdef NRK_HALT_AND_LOOP_ON_ERROR
 362:..//src/kernel/source/nrk_error.c ****         for(i=0; i<20; i++ )
 363:..//src/kernel/source/nrk_error.c ****         {
 364:..//src/kernel/source/nrk_error.c ****             nrk_led_set (2);
 365:..//src/kernel/source/nrk_error.c ****             nrk_led_clr (3);
 366:..//src/kernel/source/nrk_error.c ****             for (t = 0; t < 100; t++)
 367:..//src/kernel/source/nrk_error.c ****                 nrk_spin_wait_us (1000);
 368:..//src/kernel/source/nrk_error.c ****             nrk_led_set (3);
 369:..//src/kernel/source/nrk_error.c ****             nrk_led_clr (2);
 370:..//src/kernel/source/nrk_error.c ****             for (t = 0; t < 100; t++)
 371:..//src/kernel/source/nrk_error.c ****                 nrk_spin_wait_us (1000);
 372:..//src/kernel/source/nrk_error.c ****         }
 373:..//src/kernel/source/nrk_error.c **** 
 374:..//src/kernel/source/nrk_error.c ****         nrk_led_clr(2);
 375:..//src/kernel/source/nrk_error.c ****         nrk_led_clr(3);
 376:..//src/kernel/source/nrk_error.c ****         blink_morse_code_error( error_task );
 377:..//src/kernel/source/nrk_error.c ****         pause();
 378:..//src/kernel/source/nrk_error.c ****         nrk_led_set(2);
 379:..//src/kernel/source/nrk_error.c ****         pause();
 380:..//src/kernel/source/nrk_error.c ****         nrk_led_clr(2);
 381:..//src/kernel/source/nrk_error.c ****         pause();
 382:..//src/kernel/source/nrk_error.c ****         blink_morse_code_error( error_num);
 383:..//src/kernel/source/nrk_error.c ****     }
 384:..//src/kernel/source/nrk_error.c **** 
 385:..//src/kernel/source/nrk_error.c **** #endif  /*  */
 386:..//src/kernel/source/nrk_error.c **** 
 387:..//src/kernel/source/nrk_error.c **** #ifdef NRK_HALT_ON_ERROR
 388:..//src/kernel/source/nrk_error.c ****     while (1)
 389:..//src/kernel/source/nrk_error.c ****     {
 390:..//src/kernel/source/nrk_error.c ****         for(i=0; i<20; i++ )
 391:..//src/kernel/source/nrk_error.c ****         {
 392:..//src/kernel/source/nrk_error.c ****             nrk_led_set (2);
 393:..//src/kernel/source/nrk_error.c ****             nrk_led_clr (3);
 394:..//src/kernel/source/nrk_error.c ****             for (t = 0; t < 100; t++)
 395:..//src/kernel/source/nrk_error.c ****                 nrk_spin_wait_us (1000);
 396:..//src/kernel/source/nrk_error.c ****             nrk_led_set (3);
 397:..//src/kernel/source/nrk_error.c ****             nrk_led_clr (2);
 398:..//src/kernel/source/nrk_error.c ****             for (t = 0; t < 100; t++)
 399:..//src/kernel/source/nrk_error.c ****                 nrk_spin_wait_us (1000);
 400:..//src/kernel/source/nrk_error.c ****         }
 401:..//src/kernel/source/nrk_error.c ****         nrk_led_clr (3);
 402:..//src/kernel/source/nrk_error.c ****         nrk_led_clr (2);
 403:..//src/kernel/source/nrk_error.c ****         blink_morse_code_error( error_task );
 404:..//src/kernel/source/nrk_error.c ****         pause();
 405:..//src/kernel/source/nrk_error.c ****         nrk_led_set(2);
 406:..//src/kernel/source/nrk_error.c ****         pause();
 407:..//src/kernel/source/nrk_error.c ****         nrk_led_clr(2);
 408:..//src/kernel/source/nrk_error.c ****         pause();
 409:..//src/kernel/source/nrk_error.c ****         blink_morse_code_error( error_num);
 410:..//src/kernel/source/nrk_error.c ****     }
 411:..//src/kernel/source/nrk_error.c **** 
 412:..//src/kernel/source/nrk_error.c **** #endif  /*  */
 413:..//src/kernel/source/nrk_error.c ****     error_num = 0;
 414:..//src/kernel/source/nrk_error.c ****     return t;
 415:..//src/kernel/source/nrk_error.c **** }
 416:..//src/kernel/source/nrk_error.c **** 
 417:..//src/kernel/source/nrk_error.c **** void blink_dash()
 418:..//src/kernel/source/nrk_error.c **** {
 419:..//src/kernel/source/nrk_error.c ****     nrk_led_set (GREEN_LED);
 420:..//src/kernel/source/nrk_error.c ****     pause();
 421:..//src/kernel/source/nrk_error.c ****     pause();
 422:..//src/kernel/source/nrk_error.c ****     pause();
 423:..//src/kernel/source/nrk_error.c ****     nrk_led_clr(GREEN_LED);
 424:..//src/kernel/source/nrk_error.c ****     pause();
 425:..//src/kernel/source/nrk_error.c **** }
 426:..//src/kernel/source/nrk_error.c **** 
 427:..//src/kernel/source/nrk_error.c **** void blink_dot()
 428:..//src/kernel/source/nrk_error.c **** {
 429:..//src/kernel/source/nrk_error.c ****     nrk_led_set(GREEN_LED);
 430:..//src/kernel/source/nrk_error.c ****     pause();
 431:..//src/kernel/source/nrk_error.c ****     nrk_led_clr(GREEN_LED);
 432:..//src/kernel/source/nrk_error.c ****     pause();
 433:..//src/kernel/source/nrk_error.c **** }
 434:..//src/kernel/source/nrk_error.c **** 
 435:..//src/kernel/source/nrk_error.c **** 
 436:..//src/kernel/source/nrk_error.c **** void blink_morse_code_error( uint8_t number )
 437:..//src/kernel/source/nrk_error.c **** {
 438:..//src/kernel/source/nrk_error.c ****     uint8_t i;
 439:..//src/kernel/source/nrk_error.c ****     char str[3];
 440:..//src/kernel/source/nrk_error.c **** 
 441:..//src/kernel/source/nrk_error.c ****     sprintf( str,"%d",number );
 442:..//src/kernel/source/nrk_error.c **** 
 443:..//src/kernel/source/nrk_error.c ****     for(i=0; i<strlen(str); i++ )
 444:..//src/kernel/source/nrk_error.c ****     {
 445:..//src/kernel/source/nrk_error.c ****         switch( str[i])
 446:..//src/kernel/source/nrk_error.c ****         {
 447:..//src/kernel/source/nrk_error.c ****         case '0':
 448:..//src/kernel/source/nrk_error.c ****             blink_dash();
 449:..//src/kernel/source/nrk_error.c ****             blink_dash();
 450:..//src/kernel/source/nrk_error.c ****             blink_dash();
 451:..//src/kernel/source/nrk_error.c ****             blink_dash();
 452:..//src/kernel/source/nrk_error.c ****             blink_dash();
 453:..//src/kernel/source/nrk_error.c ****             break;
 454:..//src/kernel/source/nrk_error.c ****         case '1':
 455:..//src/kernel/source/nrk_error.c ****             blink_dot();
 456:..//src/kernel/source/nrk_error.c ****             blink_dash();
 457:..//src/kernel/source/nrk_error.c ****             blink_dash();
 458:..//src/kernel/source/nrk_error.c ****             blink_dash();
 459:..//src/kernel/source/nrk_error.c ****             blink_dash();
 460:..//src/kernel/source/nrk_error.c ****             break;
 461:..//src/kernel/source/nrk_error.c ****         case '2':
 462:..//src/kernel/source/nrk_error.c ****             blink_dot();
 463:..//src/kernel/source/nrk_error.c ****             blink_dot();
 464:..//src/kernel/source/nrk_error.c ****             blink_dash();
 465:..//src/kernel/source/nrk_error.c ****             blink_dash();
 466:..//src/kernel/source/nrk_error.c ****             blink_dash();
 467:..//src/kernel/source/nrk_error.c ****             break;
 468:..//src/kernel/source/nrk_error.c ****         case '3':
 469:..//src/kernel/source/nrk_error.c ****             blink_dot();
 470:..//src/kernel/source/nrk_error.c ****             blink_dot();
 471:..//src/kernel/source/nrk_error.c ****             blink_dot();
 472:..//src/kernel/source/nrk_error.c ****             blink_dash();
 473:..//src/kernel/source/nrk_error.c ****             blink_dash();
 474:..//src/kernel/source/nrk_error.c ****             break;
 475:..//src/kernel/source/nrk_error.c ****         case '4':
 476:..//src/kernel/source/nrk_error.c ****             blink_dot();
 477:..//src/kernel/source/nrk_error.c ****             blink_dot();
 478:..//src/kernel/source/nrk_error.c ****             blink_dot();
 479:..//src/kernel/source/nrk_error.c ****             blink_dot();
 480:..//src/kernel/source/nrk_error.c ****             blink_dash();
 481:..//src/kernel/source/nrk_error.c ****             break;
 482:..//src/kernel/source/nrk_error.c ****         case '5':
 483:..//src/kernel/source/nrk_error.c ****             blink_dot();
 484:..//src/kernel/source/nrk_error.c ****             blink_dot();
 485:..//src/kernel/source/nrk_error.c ****             blink_dot();
 486:..//src/kernel/source/nrk_error.c ****             blink_dot();
 487:..//src/kernel/source/nrk_error.c ****             blink_dot();
 488:..//src/kernel/source/nrk_error.c ****             break;
 489:..//src/kernel/source/nrk_error.c ****         case '6':
 490:..//src/kernel/source/nrk_error.c ****             blink_dash();
 491:..//src/kernel/source/nrk_error.c ****             blink_dot();
 492:..//src/kernel/source/nrk_error.c ****             blink_dot();
 493:..//src/kernel/source/nrk_error.c ****             blink_dot();
 494:..//src/kernel/source/nrk_error.c ****             blink_dot();
 495:..//src/kernel/source/nrk_error.c ****             break;
 496:..//src/kernel/source/nrk_error.c ****         case '7':
 497:..//src/kernel/source/nrk_error.c ****             blink_dash();
 498:..//src/kernel/source/nrk_error.c ****             blink_dash();
 499:..//src/kernel/source/nrk_error.c ****             blink_dot();
 500:..//src/kernel/source/nrk_error.c ****             blink_dot();
 501:..//src/kernel/source/nrk_error.c ****             blink_dot();
 502:..//src/kernel/source/nrk_error.c ****             break;
 503:..//src/kernel/source/nrk_error.c ****         case '8':
 504:..//src/kernel/source/nrk_error.c ****             blink_dash();
 505:..//src/kernel/source/nrk_error.c ****             blink_dash();
 506:..//src/kernel/source/nrk_error.c ****             blink_dash();
 507:..//src/kernel/source/nrk_error.c ****             blink_dot();
 508:..//src/kernel/source/nrk_error.c ****             blink_dot();
 509:..//src/kernel/source/nrk_error.c ****             break;
 510:..//src/kernel/source/nrk_error.c ****         case '9':
 511:..//src/kernel/source/nrk_error.c ****             blink_dash();
 512:..//src/kernel/source/nrk_error.c ****             blink_dash();
 513:..//src/kernel/source/nrk_error.c ****             blink_dash();
 514:..//src/kernel/source/nrk_error.c ****             blink_dash();
 515:..//src/kernel/source/nrk_error.c ****             blink_dot();
 516:..//src/kernel/source/nrk_error.c ****             break;
 517:..//src/kernel/source/nrk_error.c ****         }
 518:..//src/kernel/source/nrk_error.c ****         pause();
 519:..//src/kernel/source/nrk_error.c ****         pause();
 520:..//src/kernel/source/nrk_error.c ****         pause();
 521:..//src/kernel/source/nrk_error.c ****     }
 522:..//src/kernel/source/nrk_error.c **** 
 523:..//src/kernel/source/nrk_error.c **** }
 524:..//src/kernel/source/nrk_error.c **** 
 525:..//src/kernel/source/nrk_error.c **** void pause()
 526:..//src/kernel/source/nrk_error.c **** {
 235               	.LM13:
 236               	.LFBB4:
 237 0034 DF93      		push r29
 238 0036 CF93      		push r28
 239 0038 0F92      		push __tmp_reg__
 240 003a CDB7      		in r28,__SP_L__
 241 003c DEB7      		in r29,__SP_H__
 242               	/* prologue: function */
 243               	/* frame size = 1 */
 244               	/* stack size = 3 */
 245               	.L__stack_usage = 3
 527:..//src/kernel/source/nrk_error.c ****     volatile uint8_t t;
 528:..//src/kernel/source/nrk_error.c ****     for (t = 0; t < 100; t++)
 247               	.LM14:
 248 003e 1982      		std Y+1,__zero_reg__
 249 0040 00C0      		rjmp .L7
 250               	.L8:
 529:..//src/kernel/source/nrk_error.c ****         nrk_spin_wait_us (2000);
 252               	.LM15:
 253 0042 80ED      		ldi r24,lo8(2000)
 254 0044 97E0      		ldi r25,hi8(2000)
 255 0046 0E94 0000 		call nrk_spin_wait_us
 528:..//src/kernel/source/nrk_error.c ****     for (t = 0; t < 100; t++)
 257               	.LM16:
 258 004a 8981      		ldd r24,Y+1
 259 004c 8F5F      		subi r24,lo8(-(1))
 260 004e 8983      		std Y+1,r24
 261               	.L7:
 528:..//src/kernel/source/nrk_error.c ****     for (t = 0; t < 100; t++)
 263               	.LM17:
 264 0050 8981      		ldd r24,Y+1
 265 0052 8436      		cpi r24,lo8(100)
 266 0054 00F0      		brlo .L8
 267               	/* epilogue start */
 530:..//src/kernel/source/nrk_error.c **** }
 269               	.LM18:
 270 0056 0F90      		pop __tmp_reg__
 271 0058 CF91      		pop r28
 272 005a DF91      		pop r29
 273 005c 0895      		ret
 278               	.Lscope4:
 280               		.stabd	78,0,0
 282               	.global	blink_dot
 284               	blink_dot:
 285               		.stabd	46,0,0
 428:..//src/kernel/source/nrk_error.c **** {
 287               	.LM19:
 288               	.LFBB5:
 289               	/* prologue: function */
 290               	/* frame size = 0 */
 291               	/* stack size = 0 */
 292               	.L__stack_usage = 0
 429:..//src/kernel/source/nrk_error.c ****     nrk_led_set(GREEN_LED);
 294               	.LM20:
 295 005e 81E0      		ldi r24,lo8(1)
 296 0060 90E0      		ldi r25,hi8(1)
 297 0062 0E94 0000 		call nrk_led_set
 430:..//src/kernel/source/nrk_error.c ****     pause();
 299               	.LM21:
 300 0066 0E94 0000 		call pause
 431:..//src/kernel/source/nrk_error.c ****     nrk_led_clr(GREEN_LED);
 302               	.LM22:
 303 006a 81E0      		ldi r24,lo8(1)
 304 006c 90E0      		ldi r25,hi8(1)
 305 006e 0E94 0000 		call nrk_led_clr
 432:..//src/kernel/source/nrk_error.c ****     pause();
 307               	.LM23:
 308 0072 0E94 0000 		call pause
 309               	/* epilogue start */
 433:..//src/kernel/source/nrk_error.c **** }
 311               	.LM24:
 312 0076 0895      		ret
 314               	.Lscope5:
 316               		.stabd	78,0,0
 318               	.global	blink_dash
 320               	blink_dash:
 321               		.stabd	46,0,0
 418:..//src/kernel/source/nrk_error.c **** {
 323               	.LM25:
 324               	.LFBB6:
 325               	/* prologue: function */
 326               	/* frame size = 0 */
 327               	/* stack size = 0 */
 328               	.L__stack_usage = 0
 419:..//src/kernel/source/nrk_error.c ****     nrk_led_set (GREEN_LED);
 330               	.LM26:
 331 0078 81E0      		ldi r24,lo8(1)
 332 007a 90E0      		ldi r25,hi8(1)
 333 007c 0E94 0000 		call nrk_led_set
 420:..//src/kernel/source/nrk_error.c ****     pause();
 335               	.LM27:
 336 0080 0E94 0000 		call pause
 421:..//src/kernel/source/nrk_error.c ****     pause();
 338               	.LM28:
 339 0084 0E94 0000 		call pause
 422:..//src/kernel/source/nrk_error.c ****     pause();
 341               	.LM29:
 342 0088 0E94 0000 		call pause
 423:..//src/kernel/source/nrk_error.c ****     nrk_led_clr(GREEN_LED);
 344               	.LM30:
 345 008c 81E0      		ldi r24,lo8(1)
 346 008e 90E0      		ldi r25,hi8(1)
 347 0090 0E94 0000 		call nrk_led_clr
 424:..//src/kernel/source/nrk_error.c ****     pause();
 349               	.LM31:
 350 0094 0E94 0000 		call pause
 351               	/* epilogue start */
 425:..//src/kernel/source/nrk_error.c **** }
 353               	.LM32:
 354 0098 0895      		ret
 356               	.Lscope6:
 358               		.stabd	78,0,0
 359               		.data
 360               	.LC0:
 361 0000 2564 00   		.string	"%d"
 362               		.text
 365               	.global	blink_morse_code_error
 367               	blink_morse_code_error:
 368               		.stabd	46,0,0
 437:..//src/kernel/source/nrk_error.c **** {
 370               	.LM33:
 371               	.LFBB7:
 372 009a FF92      		push r15
 373 009c 0F93      		push r16
 374 009e 1F93      		push r17
 375 00a0 DF93      		push r29
 376 00a2 CF93      		push r28
 377 00a4 00D0      		rcall .
 378 00a6 0F92      		push __tmp_reg__
 379 00a8 CDB7      		in r28,__SP_L__
 380 00aa DEB7      		in r29,__SP_H__
 381               	/* prologue: function */
 382               	/* frame size = 3 */
 383               	/* stack size = 8 */
 384               	.L__stack_usage = 8
 441:..//src/kernel/source/nrk_error.c ****     sprintf( str,"%d",number );
 386               	.LM34:
 387 00ac 00D0      		rcall .
 388 00ae 00D0      		rcall .
 389 00b0 00D0      		rcall .
 390 00b2 EDB7      		in r30,__SP_L__
 391 00b4 FEB7      		in r31,__SP_H__
 392 00b6 3196      		adiw r30,1
 393 00b8 8E01      		movw r16,r28
 394 00ba 0F5F      		subi r16,lo8(-(1))
 395 00bc 1F4F      		sbci r17,hi8(-(1))
 396 00be ADB7      		in r26,__SP_L__
 397 00c0 BEB7      		in r27,__SP_H__
 398 00c2 1296      		adiw r26,1+1
 399 00c4 1C93      		st X,r17
 400 00c6 0E93      		st -X,r16
 401 00c8 1197      		sbiw r26,1
 402 00ca 20E0      		ldi r18,lo8(.LC0)
 403 00cc 30E0      		ldi r19,hi8(.LC0)
 404 00ce 3383      		std Z+3,r19
 405 00d0 2283      		std Z+2,r18
 406 00d2 8483      		std Z+4,r24
 407 00d4 1582      		std Z+5,__zero_reg__
 408 00d6 0E94 0000 		call sprintf
 443:..//src/kernel/source/nrk_error.c ****     for(i=0; i<strlen(str); i++ )
 410               	.LM35:
 411 00da EDB7      		in r30,__SP_L__
 412 00dc FEB7      		in r31,__SP_H__
 413 00de 3696      		adiw r30,6
 414 00e0 0FB6      		in __tmp_reg__,__SREG__
 415 00e2 F894      		cli
 416 00e4 FEBF      		out __SP_H__,r31
 417 00e6 0FBE      		out __SREG__,__tmp_reg__
 418 00e8 EDBF      		out __SP_L__,r30
 419 00ea FF24      		clr r15
 420 00ec 00C0      		rjmp .L12
 421               	.L27:
 445:..//src/kernel/source/nrk_error.c ****         switch( str[i])
 423               	.LM36:
 424 00ee 800F      		add r24,r16
 425 00f0 911F      		adc r25,r17
 426 00f2 DC01      		movw r26,r24
 427 00f4 8C91      		ld r24,X
 428 00f6 8433      		cpi r24,lo8(52)
 429 00f8 01F0      		breq .L18
 430 00fa 8533      		cpi r24,lo8(53)
 431 00fc 00F4      		brsh .L24
 432 00fe 8133      		cpi r24,lo8(49)
 433 0100 01F0      		breq .L15
 434 0102 8233      		cpi r24,lo8(50)
 435 0104 00F4      		brsh .L25
 436 0106 8033      		cpi r24,lo8(48)
 437 0108 01F0      		breq .+2
 438 010a 00C0      		rjmp .L13
 439 010c 00C0      		rjmp .L36
 440               	.L25:
 441 010e 8233      		cpi r24,lo8(50)
 442 0110 01F0      		breq .L16
 443 0112 8333      		cpi r24,lo8(51)
 444 0114 01F0      		breq .+2
 445 0116 00C0      		rjmp .L13
 446 0118 00C0      		rjmp .L37
 447               	.L24:
 448 011a 8733      		cpi r24,lo8(55)
 449 011c 01F0      		breq .L21
 450 011e 8833      		cpi r24,lo8(56)
 451 0120 00F4      		brsh .L26
 452 0122 8533      		cpi r24,lo8(53)
 453 0124 01F0      		breq .L19
 454 0126 8633      		cpi r24,lo8(54)
 455 0128 01F0      		breq .+2
 456 012a 00C0      		rjmp .L13
 457 012c 00C0      		rjmp .L38
 458               	.L26:
 459 012e 8833      		cpi r24,lo8(56)
 460 0130 01F0      		breq .L22
 461 0132 8933      		cpi r24,lo8(57)
 462 0134 01F0      		breq .+2
 463 0136 00C0      		rjmp .L13
 464 0138 00C0      		rjmp .L39
 465               	.L36:
 448:..//src/kernel/source/nrk_error.c ****             blink_dash();
 467               	.LM37:
 468 013a 0E94 0000 		call blink_dash
 469 013e 00C0      		rjmp .L28
 470               	.L15:
 455:..//src/kernel/source/nrk_error.c ****             blink_dot();
 472               	.LM38:
 473 0140 0E94 0000 		call blink_dot
 474               	.L28:
 456:..//src/kernel/source/nrk_error.c ****             blink_dash();
 476               	.LM39:
 477 0144 0E94 0000 		call blink_dash
 478               	.L30:
 457:..//src/kernel/source/nrk_error.c ****             blink_dash();
 480               	.LM40:
 481 0148 0E94 0000 		call blink_dash
 482               	.L31:
 458:..//src/kernel/source/nrk_error.c ****             blink_dash();
 484               	.LM41:
 485 014c 0E94 0000 		call blink_dash
 486               	.L32:
 459:..//src/kernel/source/nrk_error.c ****             blink_dash();
 488               	.LM42:
 489 0150 0E94 0000 		call blink_dash
 460:..//src/kernel/source/nrk_error.c ****             break;
 491               	.LM43:
 492 0154 00C0      		rjmp .L13
 493               	.L16:
 462:..//src/kernel/source/nrk_error.c ****             blink_dot();
 495               	.LM44:
 496 0156 0E94 0000 		call blink_dot
 463:..//src/kernel/source/nrk_error.c ****             blink_dot();
 498               	.LM45:
 499 015a 0E94 0000 		call blink_dot
 500 015e 00C0      		rjmp .L30
 501               	.L37:
 469:..//src/kernel/source/nrk_error.c ****             blink_dot();
 503               	.LM46:
 504 0160 0E94 0000 		call blink_dot
 470:..//src/kernel/source/nrk_error.c ****             blink_dot();
 506               	.LM47:
 507 0164 0E94 0000 		call blink_dot
 471:..//src/kernel/source/nrk_error.c ****             blink_dot();
 509               	.LM48:
 510 0168 0E94 0000 		call blink_dot
 511 016c 00C0      		rjmp .L31
 512               	.L18:
 476:..//src/kernel/source/nrk_error.c ****             blink_dot();
 514               	.LM49:
 515 016e 0E94 0000 		call blink_dot
 477:..//src/kernel/source/nrk_error.c ****             blink_dot();
 517               	.LM50:
 518 0172 0E94 0000 		call blink_dot
 478:..//src/kernel/source/nrk_error.c ****             blink_dot();
 520               	.LM51:
 521 0176 0E94 0000 		call blink_dot
 479:..//src/kernel/source/nrk_error.c ****             blink_dot();
 523               	.LM52:
 524 017a 0E94 0000 		call blink_dot
 525 017e 00C0      		rjmp .L32
 526               	.L19:
 483:..//src/kernel/source/nrk_error.c ****             blink_dot();
 528               	.LM53:
 529 0180 0E94 0000 		call blink_dot
 530 0184 00C0      		rjmp .L35
 531               	.L38:
 490:..//src/kernel/source/nrk_error.c ****             blink_dash();
 533               	.LM54:
 534 0186 0E94 0000 		call blink_dash
 535               	.L35:
 491:..//src/kernel/source/nrk_error.c ****             blink_dot();
 537               	.LM55:
 538 018a 0E94 0000 		call blink_dot
 539 018e 00C0      		rjmp .L34
 540               	.L21:
 497:..//src/kernel/source/nrk_error.c ****             blink_dash();
 542               	.LM56:
 543 0190 0E94 0000 		call blink_dash
 498:..//src/kernel/source/nrk_error.c ****             blink_dash();
 545               	.LM57:
 546 0194 0E94 0000 		call blink_dash
 547               	.L34:
 499:..//src/kernel/source/nrk_error.c ****             blink_dot();
 549               	.LM58:
 550 0198 0E94 0000 		call blink_dot
 551 019c 00C0      		rjmp .L33
 552               	.L22:
 504:..//src/kernel/source/nrk_error.c ****             blink_dash();
 554               	.LM59:
 555 019e 0E94 0000 		call blink_dash
 505:..//src/kernel/source/nrk_error.c ****             blink_dash();
 557               	.LM60:
 558 01a2 0E94 0000 		call blink_dash
 506:..//src/kernel/source/nrk_error.c ****             blink_dash();
 560               	.LM61:
 561 01a6 0E94 0000 		call blink_dash
 562               	.L33:
 507:..//src/kernel/source/nrk_error.c ****             blink_dot();
 564               	.LM62:
 565 01aa 0E94 0000 		call blink_dot
 566 01ae 00C0      		rjmp .L29
 567               	.L39:
 511:..//src/kernel/source/nrk_error.c ****             blink_dash();
 569               	.LM63:
 570 01b0 0E94 0000 		call blink_dash
 512:..//src/kernel/source/nrk_error.c ****             blink_dash();
 572               	.LM64:
 573 01b4 0E94 0000 		call blink_dash
 513:..//src/kernel/source/nrk_error.c ****             blink_dash();
 575               	.LM65:
 576 01b8 0E94 0000 		call blink_dash
 514:..//src/kernel/source/nrk_error.c ****             blink_dash();
 578               	.LM66:
 579 01bc 0E94 0000 		call blink_dash
 580               	.L29:
 515:..//src/kernel/source/nrk_error.c ****             blink_dot();
 582               	.LM67:
 583 01c0 0E94 0000 		call blink_dot
 584               	.L13:
 518:..//src/kernel/source/nrk_error.c ****         pause();
 586               	.LM68:
 587 01c4 0E94 0000 		call pause
 519:..//src/kernel/source/nrk_error.c ****         pause();
 589               	.LM69:
 590 01c8 0E94 0000 		call pause
 520:..//src/kernel/source/nrk_error.c ****         pause();
 592               	.LM70:
 593 01cc 0E94 0000 		call pause
 443:..//src/kernel/source/nrk_error.c ****     for(i=0; i<strlen(str); i++ )
 595               	.LM71:
 596 01d0 F394      		inc r15
 597               	.L12:
 443:..//src/kernel/source/nrk_error.c ****     for(i=0; i<strlen(str); i++ )
 599               	.LM72:
 600 01d2 F801      		movw r30,r16
 601 01d4 0190      		ld __tmp_reg__,Z+
 602 01d6 0020      		tst __tmp_reg__
 603 01d8 01F4      		brne .-6
 604 01da 3197      		sbiw r30,1
 605 01dc E01B      		sub r30,r16
 606 01de F10B      		sbc r31,r17
 607 01e0 8F2D      		mov r24,r15
 608 01e2 90E0      		ldi r25,lo8(0)
 609 01e4 8E17      		cp r24,r30
 610 01e6 9F07      		cpc r25,r31
 611 01e8 00F4      		brsh .+2
 612 01ea 00C0      		rjmp .L27
 613               	/* epilogue start */
 523:..//src/kernel/source/nrk_error.c **** }
 615               	.LM73:
 616 01ec 0F90      		pop __tmp_reg__
 617 01ee 0F90      		pop __tmp_reg__
 618 01f0 0F90      		pop __tmp_reg__
 619 01f2 CF91      		pop r28
 620 01f4 DF91      		pop r29
 621 01f6 1F91      		pop r17
 622 01f8 0F91      		pop r16
 623 01fa FF90      		pop r15
 624 01fc 0895      		ret
 630               	.Lscope7:
 632               		.stabd	78,0,0
 634               	.global	nrk_error_print
 636               	nrk_error_print:
 637               		.stabd	46,0,0
 160:..//src/kernel/source/nrk_error.c **** {
 639               	.LM74:
 640               	.LFBB8:
 641 01fe 0F93      		push r16
 642 0200 1F93      		push r17
 643 0202 CF93      		push r28
 644 0204 DF93      		push r29
 645               	/* prologue: function */
 646               	/* frame size = 0 */
 647               	/* stack size = 4 */
 648               	.L__stack_usage = 4
 162:..//src/kernel/source/nrk_error.c ****     if (error_num == 0)
 650               	.LM75:
 651 0206 8091 0000 		lds r24,error_num
 652 020a 8823      		tst r24
 653 020c 01F4      		brne .L41
 654               	/* epilogue start */
 415:..//src/kernel/source/nrk_error.c **** }
 656               	.LM76:
 657 020e DF91      		pop r29
 658 0210 CF91      		pop r28
 659 0212 1F91      		pop r17
 660 0214 0F91      		pop r16
 661 0216 0895      		ret
 662               	.L41:
 166:..//src/kernel/source/nrk_error.c ****     nrk_int_disable ();
 664               	.LM77:
 665 0218 0E94 0000 		call nrk_int_disable
 173:..//src/kernel/source/nrk_error.c ****     nrk_int_disable ();
 667               	.LM78:
 668 021c 0E94 0000 		call nrk_int_disable
 178:..//src/kernel/source/nrk_error.c ****     nrk_int_disable ();
 670               	.LM79:
 671 0220 0E94 0000 		call nrk_int_disable
 190:..//src/kernel/source/nrk_error.c ****         printf ("%d", error_task);
 673               	.LM80:
 674 0224 C0E0      		ldi r28,lo8(.LC0)
 675 0226 D0E0      		ldi r29,hi8(.LC0)
 676               	.L71:
 189:..//src/kernel/source/nrk_error.c ****         nrk_kprintf (PSTR ("*NRK ERROR("));
 678               	.LM81:
 679 0228 80E0      		ldi r24,lo8(__c.2134)
 680 022a 90E0      		ldi r25,hi8(__c.2134)
 681 022c 0E94 0000 		call nrk_kprintf
 190:..//src/kernel/source/nrk_error.c ****         printf ("%d", error_task);
 683               	.LM82:
 684 0230 00D0      		rcall .
 685 0232 00D0      		rcall .
 686 0234 EDB7      		in r30,__SP_L__
 687 0236 FEB7      		in r31,__SP_H__
 688 0238 3196      		adiw r30,1
 689 023a ADB7      		in r26,__SP_L__
 690 023c BEB7      		in r27,__SP_H__
 691 023e 1296      		adiw r26,1+1
 692 0240 DC93      		st X,r29
 693 0242 CE93      		st -X,r28
 694 0244 1197      		sbiw r26,1
 695 0246 8091 0000 		lds r24,error_task
 696 024a 8283      		std Z+2,r24
 697 024c 1382      		std Z+3,__zero_reg__
 698 024e 0E94 0000 		call printf
 191:..//src/kernel/source/nrk_error.c ****         nrk_kprintf (PSTR ("): "));
 700               	.LM83:
 701 0252 0F90      		pop __tmp_reg__
 702 0254 0F90      		pop __tmp_reg__
 703 0256 0F90      		pop __tmp_reg__
 704 0258 0F90      		pop __tmp_reg__
 705 025a 80E0      		ldi r24,lo8(__c.2136)
 706 025c 90E0      		ldi r25,hi8(__c.2136)
 707 025e 0E94 0000 		call nrk_kprintf
 192:..//src/kernel/source/nrk_error.c ****         if (error_num > NRK_NUM_ERRORS)
 709               	.LM84:
 710 0262 8091 0000 		lds r24,error_num
 711 0266 8831      		cpi r24,lo8(24)
 712 0268 00F0      		brlo .L42
 193:..//src/kernel/source/nrk_error.c ****             error_num = NRK_UNKOWN;
 714               	.LM85:
 715 026a 1092 0000 		sts error_num,__zero_reg__
 716               	.L42:
 194:..//src/kernel/source/nrk_error.c ****         switch (error_num)
 718               	.LM86:
 719 026e 8091 0000 		lds r24,error_num
 720 0272 90E0      		ldi r25,lo8(0)
 721 0274 0197      		sbiw r24,1
 722 0276 8631      		cpi r24,22
 723 0278 9105      		cpc r25,__zero_reg__
 724 027a 00F0      		brlo .+2
 725 027c 00C0      		rjmp .L43
 726 027e 8050      		subi r24,lo8(-(gs(.L66)))
 727 0280 9040      		sbci r25,hi8(-(gs(.L66)))
 728 0282 FC01      		movw r30,r24
 729 0284 EE0F      		lsl r30
 730 0286 FF1F      		rol r31
 731 0288 0590      		lpm __tmp_reg__,Z+
 732 028a F491      		lpm r31,Z
 733 028c E02D      		mov r30,__tmp_reg__
 734 028e 0994      		ijmp
 735               		.data
 736               		.section .progmem.gcc_sw_table, "a", @progbits
 737               		.p2align 1
 738               	.L66:
 739               		.data
 740               		.section .progmem.gcc_sw_table, "a", @progbits
 741               		.p2align 1
 742 0000 0000      		.word gs(.L44)
 743 0002 0000      		.word gs(.L45)
 744 0004 0000      		.word gs(.L46)
 745 0006 0000      		.word gs(.L47)
 746 0008 0000      		.word gs(.L48)
 747 000a 0000      		.word gs(.L49)
 748 000c 0000      		.word gs(.L50)
 749 000e 0000      		.word gs(.L51)
 750 0010 0000      		.word gs(.L52)
 751 0012 0000      		.word gs(.L53)
 752 0014 0000      		.word gs(.L54)
 753 0016 0000      		.word gs(.L55)
 754 0018 0000      		.word gs(.L56)
 755 001a 0000      		.word gs(.L57)
 756 001c 0000      		.word gs(.L58)
 757 001e 0000      		.word gs(.L59)
 758 0020 0000      		.word gs(.L60)
 759 0022 0000      		.word gs(.L61)
 760 0024 0000      		.word gs(.L62)
 761 0026 0000      		.word gs(.L63)
 762 0028 0000      		.word gs(.L64)
 763 002a 0000      		.word gs(.L65)
 764               		.text
 765               	.L65:
 197:..//src/kernel/source/nrk_error.c ****             nrk_kprintf (PSTR ("Task period too large. Period must be less than 61 seconds."));
 767               	.LM87:
 768 0290 80E0      		ldi r24,lo8(__c.2139)
 769 0292 90E0      		ldi r25,hi8(__c.2139)
 770 0294 00C0      		rjmp .L75
 771               	.L60:
 200:..//src/kernel/source/nrk_error.c ****             nrk_kprintf (PSTR ("Stack was not defined as large enough!"));
 773               	.LM88:
 774 0296 80E0      		ldi r24,lo8(__c.2143)
 775 0298 90E0      		ldi r25,hi8(__c.2143)
 776 029a 00C0      		rjmp .L75
 777               	.L44:
 203:..//src/kernel/source/nrk_error.c ****             nrk_kprintf (PSTR ("Task Stack Overflow"));
 779               	.LM89:
 780 029c 80E0      		ldi r24,lo8(__c.2146)
 781 029e 90E0      		ldi r25,hi8(__c.2146)
 782 02a0 00C0      		rjmp .L75
 783               	.L61:
 206:..//src/kernel/source/nrk_error.c ****             nrk_kprintf (PSTR ("Invalid Stack Pointer"));
 785               	.LM90:
 786 02a2 80E0      		ldi r24,lo8(__c.2149)
 787 02a4 90E0      		ldi r25,hi8(__c.2149)
 788 02a6 00C0      		rjmp .L75
 789               	.L45:
 209:..//src/kernel/source/nrk_error.c ****             nrk_kprintf (PSTR ("Reserve Error in Scheduler"));
 791               	.LM91:
 792 02a8 80E0      		ldi r24,lo8(__c.2152)
 793 02aa 90E0      		ldi r25,hi8(__c.2152)
 794 02ac 00C0      		rjmp .L75
 795               	.L46:
 212:..//src/kernel/source/nrk_error.c ****             nrk_kprintf (PSTR ("Task Reserve Violated"));
 797               	.LM92:
 798 02ae 80E0      		ldi r24,lo8(__c.2155)
 799 02b0 90E0      		ldi r25,hi8(__c.2155)
 800 02b2 00C0      		rjmp .L75
 801               	.L47:
 215:..//src/kernel/source/nrk_error.c ****             nrk_kprintf (PSTR ("Scheduler Missed Wakeup"));
 803               	.LM93:
 804 02b4 80E0      		ldi r24,lo8(__c.2158)
 805 02b6 90E0      		ldi r25,hi8(__c.2158)
 806 02b8 00C0      		rjmp .L75
 807               	.L48:
 218:..//src/kernel/source/nrk_error.c ****             nrk_kprintf (PSTR ("Duplicated Task ID"));
 809               	.LM94:
 810 02ba 80E0      		ldi r24,lo8(__c.2161)
 811 02bc 90E0      		ldi r25,hi8(__c.2161)
 812 02be 00C0      		rjmp .L75
 813               	.L49:
 221:..//src/kernel/source/nrk_error.c ****             nrk_kprintf (PSTR ("Unexpected Restart"));
 815               	.LM95:
 816 02c0 80E0      		ldi r24,lo8(__c.2164)
 817 02c2 90E0      		ldi r25,hi8(__c.2164)
 818 02c4 00C0      		rjmp .L75
 819               	.L51:
 224:..//src/kernel/source/nrk_error.c ****             nrk_kprintf (PSTR ("Idle or Kernel Stack Overflow"));
 821               	.LM96:
 822 02c6 80E0      		ldi r24,lo8(__c.2167)
 823 02c8 90E0      		ldi r25,hi8(__c.2167)
 824 02ca 00C0      		rjmp .L75
 825               	.L50:
 227:..//src/kernel/source/nrk_error.c ****             nrk_kprintf (PSTR ("Extra Task started, is nrk_cfg.h ok?"));
 827               	.LM97:
 828 02cc 80E0      		ldi r24,lo8(__c.2170)
 829 02ce 90E0      		ldi r25,hi8(__c.2170)
 830 02d0 00C0      		rjmp .L75
 831               	.L52:
 230:..//src/kernel/source/nrk_error.c ****             nrk_kprintf (PSTR ("Low Voltage"));
 833               	.LM98:
 834 02d2 80E0      		ldi r24,lo8(__c.2173)
 835 02d4 90E0      		ldi r25,hi8(__c.2173)
 836 02d6 00C0      		rjmp .L75
 837               	.L53:
 233:..//src/kernel/source/nrk_error.c ****             nrk_kprintf (PSTR ("Unhandled Interrupt Vector"));
 839               	.LM99:
 840 02d8 80E0      		ldi r24,lo8(__c.2176)
 841 02da 90E0      		ldi r25,hi8(__c.2176)
 842 02dc 00C0      		rjmp .L75
 843               	.L54:
 236:..//src/kernel/source/nrk_error.c ****             nrk_kprintf (PSTR ("Timer Overflow"));
 845               	.LM100:
 846 02de 80E0      		ldi r24,lo8(__c.2179)
 847 02e0 90E0      		ldi r25,hi8(__c.2179)
 848 02e2 00C0      		rjmp .L75
 849               	.L64:
 239:..//src/kernel/source/nrk_error.c ****             nrk_kprintf (PSTR ("SW Watchdog Restart"));
 851               	.LM101:
 852 02e4 80E0      		ldi r24,lo8(__c.2182)
 853 02e6 90E0      		ldi r25,hi8(__c.2182)
 854 02e8 00C0      		rjmp .L75
 855               	.L59:
 242:..//src/kernel/source/nrk_error.c ****             nrk_kprintf (PSTR ("Watchdog Restart"));
 857               	.LM102:
 858 02ea 80E0      		ldi r24,lo8(__c.2185)
 859 02ec 90E0      		ldi r25,hi8(__c.2185)
 860 02ee 00C0      		rjmp .L75
 861               	.L55:
 245:..//src/kernel/source/nrk_error.c ****             nrk_kprintf (PSTR ("Device Driver Error"));
 863               	.LM103:
 864 02f0 80E0      		ldi r24,lo8(__c.2188)
 865 02f2 90E0      		ldi r25,hi8(__c.2188)
 866 02f4 00C0      		rjmp .L75
 867               	.L56:
 248:..//src/kernel/source/nrk_error.c ****             nrk_kprintf (PSTR ("Kernel function not implemented"));
 869               	.LM104:
 870 02f6 80E0      		ldi r24,lo8(__c.2191)
 871 02f8 90E0      		ldi r25,hi8(__c.2191)
 872 02fa 00C0      		rjmp .L75
 873               	.L57:
 251:..//src/kernel/source/nrk_error.c ****             nrk_kprintf (PSTR ("Failed to create Signal"));
 875               	.LM105:
 876 02fc 80E0      		ldi r24,lo8(__c.2194)
 877 02fe 90E0      		ldi r25,hi8(__c.2194)
 878 0300 00C0      		rjmp .L75
 879               	.L58:
 254:..//src/kernel/source/nrk_error.c ****             nrk_kprintf (PSTR ("Failed to create Semaphore"));
 881               	.LM106:
 882 0302 80E0      		ldi r24,lo8(__c.2197)
 883 0304 90E0      		ldi r25,hi8(__c.2197)
 884 0306 00C0      		rjmp .L75
 885               	.L62:
 257:..//src/kernel/source/nrk_error.c ****             nrk_kprintf (PSTR ("Brown Out Detect"));
 887               	.LM107:
 888 0308 80E0      		ldi r24,lo8(__c.2200)
 889 030a 90E0      		ldi r25,hi8(__c.2200)
 890 030c 00C0      		rjmp .L75
 891               	.L63:
 260:..//src/kernel/source/nrk_error.c ****             nrk_kprintf (PSTR ("External Reset"));
 893               	.LM108:
 894 030e 80E0      		ldi r24,lo8(__c.2203)
 895 0310 90E0      		ldi r25,hi8(__c.2203)
 896 0312 00C0      		rjmp .L75
 897               	.L43:
 263:..//src/kernel/source/nrk_error.c ****             nrk_kprintf (PSTR ("UNKOWN"));
 899               	.LM109:
 900 0314 80E0      		ldi r24,lo8(__c.2206)
 901 0316 90E0      		ldi r25,hi8(__c.2206)
 902               	.L75:
 903 0318 0E94 0000 		call nrk_kprintf
 265:..//src/kernel/source/nrk_error.c ****         putchar ('\r');
 905               	.LM110:
 906 031c 6091 0000 		lds r22,__iob+2
 907 0320 7091 0000 		lds r23,__iob+2+1
 908 0324 8DE0      		ldi r24,lo8(13)
 909 0326 90E0      		ldi r25,hi8(13)
 910 0328 0E94 0000 		call fputc
 266:..//src/kernel/source/nrk_error.c ****         putchar ('\n');
 912               	.LM111:
 913 032c 6091 0000 		lds r22,__iob+2
 914 0330 7091 0000 		lds r23,__iob+2+1
 915 0334 8AE0      		ldi r24,lo8(10)
 916 0336 90E0      		ldi r25,hi8(10)
 917 0338 0E94 0000 		call fputc
 918 033c 14E1      		ldi r17,lo8(20)
 919               	.L70:
 364:..//src/kernel/source/nrk_error.c ****             nrk_led_set (2);
 921               	.LM112:
 922 033e 82E0      		ldi r24,lo8(2)
 923 0340 90E0      		ldi r25,hi8(2)
 924 0342 0E94 0000 		call nrk_led_set
 365:..//src/kernel/source/nrk_error.c ****             nrk_led_clr (3);
 926               	.LM113:
 927 0346 83E0      		ldi r24,lo8(3)
 928 0348 90E0      		ldi r25,hi8(3)
 929 034a 0E94 0000 		call nrk_led_clr
 930 034e 04E6      		ldi r16,lo8(100)
 931               	.L68:
 367:..//src/kernel/source/nrk_error.c ****                 nrk_spin_wait_us (1000);
 933               	.LM114:
 934 0350 88EE      		ldi r24,lo8(1000)
 935 0352 93E0      		ldi r25,hi8(1000)
 936 0354 0E94 0000 		call nrk_spin_wait_us
 937 0358 0150      		subi r16,lo8(-(-1))
 366:..//src/kernel/source/nrk_error.c ****             for (t = 0; t < 100; t++)
 939               	.LM115:
 940 035a 01F4      		brne .L68
 368:..//src/kernel/source/nrk_error.c ****             nrk_led_set (3);
 942               	.LM116:
 943 035c 83E0      		ldi r24,lo8(3)
 944 035e 90E0      		ldi r25,hi8(3)
 945 0360 0E94 0000 		call nrk_led_set
 369:..//src/kernel/source/nrk_error.c ****             nrk_led_clr (2);
 947               	.LM117:
 948 0364 82E0      		ldi r24,lo8(2)
 949 0366 90E0      		ldi r25,hi8(2)
 950 0368 0E94 0000 		call nrk_led_clr
 951 036c 04E6      		ldi r16,lo8(100)
 952               	.L69:
 371:..//src/kernel/source/nrk_error.c ****                 nrk_spin_wait_us (1000);
 954               	.LM118:
 955 036e 88EE      		ldi r24,lo8(1000)
 956 0370 93E0      		ldi r25,hi8(1000)
 957 0372 0E94 0000 		call nrk_spin_wait_us
 958 0376 0150      		subi r16,lo8(-(-1))
 370:..//src/kernel/source/nrk_error.c ****             for (t = 0; t < 100; t++)
 960               	.LM119:
 961 0378 01F4      		brne .L69
 370:..//src/kernel/source/nrk_error.c ****             for (t = 0; t < 100; t++)
 963               	.LM120:
 964 037a 1150      		subi r17,lo8(-(-1))
 362:..//src/kernel/source/nrk_error.c ****         for(i=0; i<20; i++ )
 966               	.LM121:
 967 037c 01F4      		brne .L70
 374:..//src/kernel/source/nrk_error.c ****         nrk_led_clr(2);
 969               	.LM122:
 970 037e 82E0      		ldi r24,lo8(2)
 971 0380 90E0      		ldi r25,hi8(2)
 972 0382 0E94 0000 		call nrk_led_clr
 375:..//src/kernel/source/nrk_error.c ****         nrk_led_clr(3);
 974               	.LM123:
 975 0386 83E0      		ldi r24,lo8(3)
 976 0388 90E0      		ldi r25,hi8(3)
 977 038a 0E94 0000 		call nrk_led_clr
 376:..//src/kernel/source/nrk_error.c ****         blink_morse_code_error( error_task );
 979               	.LM124:
 980 038e 8091 0000 		lds r24,error_task
 981 0392 0E94 0000 		call blink_morse_code_error
 377:..//src/kernel/source/nrk_error.c ****         pause();
 983               	.LM125:
 984 0396 0E94 0000 		call pause
 378:..//src/kernel/source/nrk_error.c ****         nrk_led_set(2);
 986               	.LM126:
 987 039a 82E0      		ldi r24,lo8(2)
 988 039c 90E0      		ldi r25,hi8(2)
 989 039e 0E94 0000 		call nrk_led_set
 379:..//src/kernel/source/nrk_error.c ****         pause();
 991               	.LM127:
 992 03a2 0E94 0000 		call pause
 380:..//src/kernel/source/nrk_error.c ****         nrk_led_clr(2);
 994               	.LM128:
 995 03a6 82E0      		ldi r24,lo8(2)
 996 03a8 90E0      		ldi r25,hi8(2)
 997 03aa 0E94 0000 		call nrk_led_clr
 381:..//src/kernel/source/nrk_error.c ****         pause();
 999               	.LM129:
 1000 03ae 0E94 0000 		call pause
 382:..//src/kernel/source/nrk_error.c ****         blink_morse_code_error( error_num);
 1002               	.LM130:
 1003 03b2 8091 0000 		lds r24,error_num
 1004 03b6 0E94 0000 		call blink_morse_code_error
 383:..//src/kernel/source/nrk_error.c ****     }
 1006               	.LM131:
 1007 03ba 00C0      		rjmp .L71
 1009               	.Lscope8:
 1011               		.stabd	78,0,0
 1015               	.global	nrk_kernel_error_add
 1017               	nrk_kernel_error_add:
 1018               		.stabd	46,0,0
  89:..//src/kernel/source/nrk_error.c **** {
 1020               	.LM132:
 1021               	.LFBB9:
 1022 03bc EF92      		push r14
 1023 03be FF92      		push r15
 1024 03c0 0F93      		push r16
 1025 03c2 1F93      		push r17
 1026               	/* prologue: function */
 1027               	/* frame size = 0 */
 1028               	/* stack size = 4 */
 1029               	.L__stack_usage = 4
 1030 03c4 182F      		mov r17,r24
 1031 03c6 E62E      		mov r14,r22
  90:..//src/kernel/source/nrk_error.c ****     error_num = n;
 1033               	.LM133:
 1034 03c8 8093 0000 		sts error_num,r24
  91:..//src/kernel/source/nrk_error.c ****     error_task = task;
 1036               	.LM134:
 1037 03cc 6093 0000 		sts error_task,r22
  98:..//src/kernel/source/nrk_error.c ****     nrk_error_print ();
 1039               	.LM135:
 1040 03d0 0E94 0000 		call nrk_error_print
 125:..//src/kernel/source/nrk_error.c ****         for(i=0; i<20; i++ )
 1042               	.LM136:
 1043 03d4 00E0      		ldi r16,lo8(0)
 1044 03d6 00C0      		rjmp .L84
 1045               	.L80:
 127:..//src/kernel/source/nrk_error.c ****             nrk_led_set (2);
 1047               	.LM137:
 1048 03d8 82E0      		ldi r24,lo8(2)
 1049 03da 90E0      		ldi r25,hi8(2)
 1050 03dc 0E94 0000 		call nrk_led_set
 128:..//src/kernel/source/nrk_error.c ****             nrk_led_clr (3);
 1052               	.LM138:
 1053 03e0 83E0      		ldi r24,lo8(3)
 1054 03e2 90E0      		ldi r25,hi8(3)
 1055 03e4 0E94 0000 		call nrk_led_clr
 1056 03e8 94E6      		ldi r25,lo8(100)
 1057 03ea F92E      		mov r15,r25
 1058               	.L78:
 130:..//src/kernel/source/nrk_error.c ****                 nrk_spin_wait_us (1000);
 1060               	.LM139:
 1061 03ec 88EE      		ldi r24,lo8(1000)
 1062 03ee 93E0      		ldi r25,hi8(1000)
 1063 03f0 0E94 0000 		call nrk_spin_wait_us
 1064 03f4 FA94      		dec r15
 129:..//src/kernel/source/nrk_error.c ****             for (t = 0; t < 100; t++)
 1066               	.LM140:
 1067 03f6 01F4      		brne .L78
 131:..//src/kernel/source/nrk_error.c ****             nrk_led_set (3);
 1069               	.LM141:
 1070 03f8 83E0      		ldi r24,lo8(3)
 1071 03fa 90E0      		ldi r25,hi8(3)
 1072 03fc 0E94 0000 		call nrk_led_set
 132:..//src/kernel/source/nrk_error.c ****             nrk_led_clr (2);
 1074               	.LM142:
 1075 0400 82E0      		ldi r24,lo8(2)
 1076 0402 90E0      		ldi r25,hi8(2)
 1077 0404 0E94 0000 		call nrk_led_clr
 1078 0408 84E6      		ldi r24,lo8(100)
 1079 040a F82E      		mov r15,r24
 1080               	.L79:
 134:..//src/kernel/source/nrk_error.c ****                 nrk_spin_wait_us (1000);
 1082               	.LM143:
 1083 040c 88EE      		ldi r24,lo8(1000)
 1084 040e 93E0      		ldi r25,hi8(1000)
 1085 0410 0E94 0000 		call nrk_spin_wait_us
 1086 0414 FA94      		dec r15
 133:..//src/kernel/source/nrk_error.c ****             for (t = 0; t < 100; t++)
 1088               	.LM144:
 1089 0416 01F4      		brne .L79
 125:..//src/kernel/source/nrk_error.c ****         for(i=0; i<20; i++ )
 1091               	.LM145:
 1092 0418 0F5F      		subi r16,lo8(-(1))
 1093               	.L84:
 125:..//src/kernel/source/nrk_error.c ****         for(i=0; i<20; i++ )
 1095               	.LM146:
 1096 041a 0431      		cpi r16,lo8(20)
 1097 041c 00F0      		brlo .L80
 136:..//src/kernel/source/nrk_error.c ****         nrk_led_clr (3);
 1099               	.LM147:
 1100 041e 83E0      		ldi r24,lo8(3)
 1101 0420 90E0      		ldi r25,hi8(3)
 1102 0422 0E94 0000 		call nrk_led_clr
 137:..//src/kernel/source/nrk_error.c ****         nrk_led_clr (2);
 1104               	.LM148:
 1105 0426 82E0      		ldi r24,lo8(2)
 1106 0428 90E0      		ldi r25,hi8(2)
 1107 042a 0E94 0000 		call nrk_led_clr
 138:..//src/kernel/source/nrk_error.c ****         blink_morse_code_error( task );
 1109               	.LM149:
 1110 042e 8E2D      		mov r24,r14
 1111 0430 0E94 0000 		call blink_morse_code_error
 139:..//src/kernel/source/nrk_error.c ****         blink_morse_code_error( n );
 1113               	.LM150:
 1114 0434 812F      		mov r24,r17
 1115 0436 0E94 0000 		call blink_morse_code_error
 125:..//src/kernel/source/nrk_error.c ****         for(i=0; i<20; i++ )
 1117               	.LM151:
 1118 043a 00E0      		ldi r16,lo8(0)
 1119 043c 00C0      		rjmp .L80
 1124               	.Lscope9:
 1126               		.stabd	78,0,0
 1129               	.global	nrk_error_add
 1131               	nrk_error_add:
 1132               		.stabd	46,0,0
  75:..//src/kernel/source/nrk_error.c **** {
 1134               	.LM152:
 1135               	.LFBB10:
 1136               	/* prologue: function */
 1137               	/* frame size = 0 */
 1138               	/* stack size = 0 */
 1139               	.L__stack_usage = 0
  76:..//src/kernel/source/nrk_error.c ****     error_num = n;
 1141               	.LM153:
 1142 043e 8093 0000 		sts error_num,r24
  77:..//src/kernel/source/nrk_error.c ****     error_task = nrk_cur_task_TCB->task_ID;
 1144               	.LM154:
 1145 0442 E091 0000 		lds r30,nrk_cur_task_TCB
 1146 0446 F091 0000 		lds r31,nrk_cur_task_TCB+1
 1147 044a 8085      		ldd r24,Z+8
 1148 044c 8093 0000 		sts error_task,r24
  84:..//src/kernel/source/nrk_error.c ****     nrk_error_print ();
 1150               	.LM155:
 1151 0450 0E94 0000 		call nrk_error_print
 1152               	/* epilogue start */
  86:..//src/kernel/source/nrk_error.c **** }
 1154               	.LM156:
 1155 0454 0895      		ret
 1157               	.Lscope10:
 1159               		.stabd	78,0,0
 1160               		.comm _nrk_signal_list,4,1
 1161               		.comm error_task,1,1
 1162               		.comm error_num,1,1
 1163               		.comm nrk_idle_task_stk,128,1
 1164               		.comm nrk_kernel_stk,128,1
 1165               		.comm nrk_kernel_stk_ptr,2,1
 1166               		.comm _nrk_prev_timer_val,1,1
 1167               		.comm _nrk_time_trigger,1,1
 1168               		.comm app_timer0_callback,2,1
 1169               		.comm app_timer0_prescale,1,1
 1170               		.section	.progmem.data,"a",@progbits
 1173               	__c.2206:
 1174 0000 554E 4B4F 		.string	"UNKOWN"
 1174      574E 00
 1177               	__c.2203:
 1178 0007 4578 7465 		.string	"External Reset"
 1178      726E 616C 
 1178      2052 6573 
 1178      6574 00
 1181               	__c.2200:
 1182 0016 4272 6F77 		.string	"Brown Out Detect"
 1182      6E20 4F75 
 1182      7420 4465 
 1182      7465 6374 
 1182      00
 1185               	__c.2197:
 1186 0027 4661 696C 		.string	"Failed to create Semaphore"
 1186      6564 2074 
 1186      6F20 6372 
 1186      6561 7465 
 1186      2053 656D 
 1189               	__c.2194:
 1190 0042 4661 696C 		.string	"Failed to create Signal"
 1190      6564 2074 
 1190      6F20 6372 
 1190      6561 7465 
 1190      2053 6967 
 1193               	__c.2191:
 1194 005a 4B65 726E 		.string	"Kernel function not implemented"
 1194      656C 2066 
 1194      756E 6374 
 1194      696F 6E20 
 1194      6E6F 7420 
 1197               	__c.2188:
 1198 007a 4465 7669 		.string	"Device Driver Error"
 1198      6365 2044 
 1198      7269 7665 
 1198      7220 4572 
 1198      726F 7200 
 1201               	__c.2185:
 1202 008e 5761 7463 		.string	"Watchdog Restart"
 1202      6864 6F67 
 1202      2052 6573 
 1202      7461 7274 
 1202      00
 1205               	__c.2182:
 1206 009f 5357 2057 		.string	"SW Watchdog Restart"
 1206      6174 6368 
 1206      646F 6720 
 1206      5265 7374 
 1206      6172 7400 
 1209               	__c.2179:
 1210 00b3 5469 6D65 		.string	"Timer Overflow"
 1210      7220 4F76 
 1210      6572 666C 
 1210      6F77 00
 1213               	__c.2176:
 1214 00c2 556E 6861 		.string	"Unhandled Interrupt Vector"
 1214      6E64 6C65 
 1214      6420 496E 
 1214      7465 7272 
 1214      7570 7420 
 1217               	__c.2173:
 1218 00dd 4C6F 7720 		.string	"Low Voltage"
 1218      566F 6C74 
 1218      6167 6500 
 1221               	__c.2170:
 1222 00e9 4578 7472 		.string	"Extra Task started, is nrk_cfg.h ok?"
 1222      6120 5461 
 1222      736B 2073 
 1222      7461 7274 
 1222      6564 2C20 
 1225               	__c.2167:
 1226 010e 4964 6C65 		.string	"Idle or Kernel Stack Overflow"
 1226      206F 7220 
 1226      4B65 726E 
 1226      656C 2053 
 1226      7461 636B 
 1229               	__c.2164:
 1230 012c 556E 6578 		.string	"Unexpected Restart"
 1230      7065 6374 
 1230      6564 2052 
 1230      6573 7461 
 1230      7274 00
 1233               	__c.2161:
 1234 013f 4475 706C 		.string	"Duplicated Task ID"
 1234      6963 6174 
 1234      6564 2054 
 1234      6173 6B20 
 1234      4944 00
 1237               	__c.2158:
 1238 0152 5363 6865 		.string	"Scheduler Missed Wakeup"
 1238      6475 6C65 
 1238      7220 4D69 
 1238      7373 6564 
 1238      2057 616B 
 1241               	__c.2155:
 1242 016a 5461 736B 		.string	"Task Reserve Violated"
 1242      2052 6573 
 1242      6572 7665 
 1242      2056 696F 
 1242      6C61 7465 
 1245               	__c.2152:
 1246 0180 5265 7365 		.string	"Reserve Error in Scheduler"
 1246      7276 6520 
 1246      4572 726F 
 1246      7220 696E 
 1246      2053 6368 
 1249               	__c.2149:
 1250 019b 496E 7661 		.string	"Invalid Stack Pointer"
 1250      6C69 6420 
 1250      5374 6163 
 1250      6B20 506F 
 1250      696E 7465 
 1253               	__c.2146:
 1254 01b1 5461 736B 		.string	"Task Stack Overflow"
 1254      2053 7461 
 1254      636B 204F 
 1254      7665 7266 
 1254      6C6F 7700 
 1257               	__c.2143:
 1258 01c5 5374 6163 		.string	"Stack was not defined as large enough!"
 1258      6B20 7761 
 1258      7320 6E6F 
 1258      7420 6465 
 1258      6669 6E65 
 1261               	__c.2139:
 1262 01ec 5461 736B 		.string	"Task period too large. Period must be less than 61 seconds."
 1262      2070 6572 
 1262      696F 6420 
 1262      746F 6F20 
 1262      6C61 7267 
 1265               	__c.2136:
 1266 0228 293A 2000 		.string	"): "
 1269               	__c.2134:
 1270 022c 2A4E 524B 		.string	"*NRK ERROR("
 1270      2045 5252 
 1270      4F52 2800 
 1281               		.text
 1283               	.Letext0:
 1284               	.global __do_copy_data
 1285               	.global __do_clear_bss
DEFINED SYMBOLS
                            *ABS*:00000000 nrk_error.c
     /tmp/ccARUDx9.s:2      *ABS*:0000003f __SREG__
     /tmp/ccARUDx9.s:3      *ABS*:0000003e __SP_H__
     /tmp/ccARUDx9.s:4      *ABS*:0000003d __SP_L__
     /tmp/ccARUDx9.s:5      *ABS*:00000034 __CCP__
     /tmp/ccARUDx9.s:6      *ABS*:00000000 __tmp_reg__
     /tmp/ccARUDx9.s:7      *ABS*:00000001 __zero_reg__
     /tmp/ccARUDx9.s:139    .text:00000000 _nrk_errno_set
     /tmp/ccARUDx9.s:164    .text:0000000c nrk_errno_get
     /tmp/ccARUDx9.s:191    .text:00000018 nrk_error_get
                            *COM*:00000001 error_num
                            *COM*:00000001 error_task
     /tmp/ccARUDx9.s:232    .text:00000034 pause
     /tmp/ccARUDx9.s:284    .text:0000005e blink_dot
     /tmp/ccARUDx9.s:320    .text:00000078 blink_dash
     /tmp/ccARUDx9.s:367    .text:0000009a blink_morse_code_error
     /tmp/ccARUDx9.s:636    .text:000001fe nrk_error_print
     /tmp/ccARUDx9.s:1269   .progmem.data:0000022c __c.2134
     /tmp/ccARUDx9.s:1265   .progmem.data:00000228 __c.2136
     /tmp/ccARUDx9.s:1261   .progmem.data:000001ec __c.2139
     /tmp/ccARUDx9.s:1257   .progmem.data:000001c5 __c.2143
     /tmp/ccARUDx9.s:1253   .progmem.data:000001b1 __c.2146
     /tmp/ccARUDx9.s:1249   .progmem.data:0000019b __c.2149
     /tmp/ccARUDx9.s:1245   .progmem.data:00000180 __c.2152
     /tmp/ccARUDx9.s:1241   .progmem.data:0000016a __c.2155
     /tmp/ccARUDx9.s:1237   .progmem.data:00000152 __c.2158
     /tmp/ccARUDx9.s:1233   .progmem.data:0000013f __c.2161
     /tmp/ccARUDx9.s:1229   .progmem.data:0000012c __c.2164
     /tmp/ccARUDx9.s:1225   .progmem.data:0000010e __c.2167
     /tmp/ccARUDx9.s:1221   .progmem.data:000000e9 __c.2170
     /tmp/ccARUDx9.s:1217   .progmem.data:000000dd __c.2173
     /tmp/ccARUDx9.s:1213   .progmem.data:000000c2 __c.2176
     /tmp/ccARUDx9.s:1209   .progmem.data:000000b3 __c.2179
     /tmp/ccARUDx9.s:1205   .progmem.data:0000009f __c.2182
     /tmp/ccARUDx9.s:1201   .progmem.data:0000008e __c.2185
     /tmp/ccARUDx9.s:1197   .progmem.data:0000007a __c.2188
     /tmp/ccARUDx9.s:1193   .progmem.data:0000005a __c.2191
     /tmp/ccARUDx9.s:1189   .progmem.data:00000042 __c.2194
     /tmp/ccARUDx9.s:1185   .progmem.data:00000027 __c.2197
     /tmp/ccARUDx9.s:1181   .progmem.data:00000016 __c.2200
     /tmp/ccARUDx9.s:1177   .progmem.data:00000007 __c.2203
     /tmp/ccARUDx9.s:1173   .progmem.data:00000000 __c.2206
     /tmp/ccARUDx9.s:1017   .text:000003bc nrk_kernel_error_add
     /tmp/ccARUDx9.s:1131   .text:0000043e nrk_error_add
                            *COM*:00000004 _nrk_signal_list
                            *COM*:00000080 nrk_idle_task_stk
                            *COM*:00000080 nrk_kernel_stk
                            *COM*:00000002 nrk_kernel_stk_ptr
                            *COM*:00000001 _nrk_prev_timer_val
                            *COM*:00000001 _nrk_time_trigger
                            *COM*:00000002 app_timer0_callback
                            *COM*:00000001 app_timer0_prescale

UNDEFINED SYMBOLS
nrk_cur_task_TCB
nrk_spin_wait_us
nrk_led_set
nrk_led_clr
sprintf
nrk_int_disable
nrk_kprintf
printf
__iob
fputc
__do_copy_data
__do_clear_bss
