Archive member included because of file (symbol)

/usr/lib/gcc/avr/4.5.3/../../../avr/lib/avr51/libprintf_min.a(vfprintf_min.o)
                              (vfprintf)
/usr/lib/gcc/avr/4.5.3/avr51/libgcc.a(_mulsi3.o)
                              ../../../src/radio/rf231_soc/source/basic_rf.o (__mulsi3)
/usr/lib/gcc/avr/4.5.3/avr51/libgcc.a(_udivmodhi4.o)
                              ../../../src/kernel/source/nrk_scheduler.o (__udivmodhi4)
/usr/lib/gcc/avr/4.5.3/avr51/libgcc.a(_udivmodsi4.o)
                              ../../../src/kernel/source/nrk_stats.o (__udivmodsi4)
/usr/lib/gcc/avr/4.5.3/avr51/libgcc.a(_exit.o)
                              /usr/lib/gcc/avr/4.5.3/../../../avr/lib/avr51/crtm128rfa1.o (exit)
/usr/lib/gcc/avr/4.5.3/avr51/libgcc.a(_copy_data.o)
                              main.o (__do_copy_data)
/usr/lib/gcc/avr/4.5.3/avr51/libgcc.a(_clear_bss.o)
                              main.o (__do_clear_bss)
/usr/lib/gcc/avr/4.5.3/avr51/libgcc.a(_udivdi3.o)
                              ../../../src/kernel/source/nrk_time.o (__udivdi3)
/usr/lib/gcc/avr/4.5.3/avr51/libgcc.a(_prologue.o)
                              /usr/lib/gcc/avr/4.5.3/avr51/libgcc.a(_udivdi3.o) (__prologue_saves__)
/usr/lib/gcc/avr/4.5.3/avr51/libgcc.a(_epilogue.o)
                              /usr/lib/gcc/avr/4.5.3/avr51/libgcc.a(_udivdi3.o) (__epilogue_restores__)
/usr/lib/gcc/avr/4.5.3/avr51/libgcc.a(_clz.o)
                              /usr/lib/gcc/avr/4.5.3/avr51/libgcc.a(_udivdi3.o) (__clz_tab)
/usr/lib/gcc/avr/4.5.3/../../../avr/lib/avr51/libc.a(strchr_P.o)
                              /usr/lib/gcc/avr/4.5.3/../../../avr/lib/avr51/libprintf_min.a(vfprintf_min.o) (strchr_P)
/usr/lib/gcc/avr/4.5.3/../../../avr/lib/avr51/libc.a(memcpy.o)
                              ../../../src/radio/rf231_soc/source/basic_rf.o (memcpy)
/usr/lib/gcc/avr/4.5.3/../../../avr/lib/avr51/libc.a(fdevopen.o)
                              ../../../src/platform/firefly3/source/ulib.o (fdevopen)
/usr/lib/gcc/avr/4.5.3/../../../avr/lib/avr51/libc.a(fputc.o)
                              ../../../src/platform/firefly3/source/ulib.o (fputc)
/usr/lib/gcc/avr/4.5.3/../../../avr/lib/avr51/libc.a(iob.o)
                              ../../../src/platform/firefly3/source/ulib.o (__iob)
/usr/lib/gcc/avr/4.5.3/../../../avr/lib/avr51/libc.a(printf.o)
                              main.o (printf)
/usr/lib/gcc/avr/4.5.3/../../../avr/lib/avr51/libc.a(sprintf.o)
                              ../../../src/kernel/source/nrk_error.o (sprintf)
/usr/lib/gcc/avr/4.5.3/../../../avr/lib/avr51/libc.a(ultoa_invert.o)
                              /usr/lib/gcc/avr/4.5.3/../../../avr/lib/avr51/libprintf_min.a(vfprintf_min.o) (__ultoa_invert)
/usr/lib/gcc/avr/4.5.3/../../../avr/lib/avr51/libc.a(eerd_byte_atmega128rfa1.o)
                              ../../../src/platform/firefly3/source/nrk_eeprom.o (__eerd_byte_m128rfa1)
/usr/lib/gcc/avr/4.5.3/../../../avr/lib/avr51/libc.a(eewr_byte_atmega128rfa1.o)
                              ../../../src/platform/firefly3/source/nrk_eeprom.o (__eewr_byte_m128rfa1)
/usr/lib/gcc/avr/4.5.3/../../../avr/lib/avr51/libc.a(calloc.o)
                              /usr/lib/gcc/avr/4.5.3/../../../avr/lib/avr51/libc.a(fdevopen.o) (calloc)
/usr/lib/gcc/avr/4.5.3/../../../avr/lib/avr51/libc.a(malloc.o)
                              /usr/lib/gcc/avr/4.5.3/../../../avr/lib/avr51/libc.a(calloc.o) (malloc)
/usr/lib/gcc/avr/4.5.3/../../../avr/lib/avr51/libc.a(memset.o)
                              /usr/lib/gcc/avr/4.5.3/../../../avr/lib/avr51/libc.a(calloc.o) (memset)

Allocating common symbols
Common symbol       size              file

rx_ctr              0x4               ../../../src/radio/rf231_soc/source/basic_rf.o
t                   0x1               ../../../src/kernel/source/nrk_scheduler.o
_free_node          0x2               ../../../src/kernel/source/nrk.o
app_timer0_callback
                    0x2               main.o
nrk_task_TCB        0xa5              ../../../src/kernel/source/nrk.o
next_next_wakeup    0x2               ../../../src/kernel/source/nrk.o
ext_int1_callback   0x2               ../../../src/kernel/hal/atmega128rfa1/nrk_ext_int.o
radio_sem           0x2               ../../../src/radio/rf231_soc/source/basic_rf.o
ext_int0_callback   0x2               ../../../src/kernel/hal/atmega128rfa1/nrk_ext_int.o
nrk_sem_list        0x3               ../../../src/kernel/source/nrk.o
nrk_task_init_cnt   0x1               ../../../src/kernel/source/nrk.o
error_task          0x1               main.o
mdmctrl0            0x2               ../../../src/radio/rf231_soc/source/basic_rf.o
rfSettings          0x9               ../../../src/radio/rf231_soc/source/basic_rf.o
_nrk_time_trigger   0x1               main.o
ext_int2_callback   0x2               ../../../src/kernel/hal/atmega128rfa1/nrk_ext_int.o
TaskOne             0x23              main.o
[...]
Memory Configuration

Name             Origin             Length             Attributes
text             0x00000000         0x00020000         xr
data             0x00800100         0x0000ff00         rw !x
eeprom           0x00810000         0x00010000         rw !x
fuse             0x00820000         0x00000400         rw !x
lock             0x00830000         0x00000400         rw !x
signature        0x00840000         0x00000400         rw !x
*default*        0x00000000         0xffffffff

Linker script and memory map

Address of section .data set to 0x800200
LOAD /usr/lib/gcc/avr/4.5.3/../../../avr/lib/avr51/crtm128rfa1.o
LOAD main.o
LOAD ../../../src/radio/rf231_soc/source/basic_rf.o
LOAD ../../../src/platform/firefly3/source/ulib.o
LOAD ../../../src/platform/firefly3/source/hal_wait.o
LOAD ../../../src/platform/firefly3/source/nrk_eeprom.o
LOAD ../../../src/kernel/source/nrk.o
LOAD ../../../src/kernel/source/nrk_stats.o
LOAD ../../../src/kernel/source/nrk_error.o
LOAD ../../../src/kernel/source/nrk_stack_check.o
LOAD ../../../src/kernel/source/nrk_events.o
LOAD ../../../src/kernel/source/nrk_task.o
LOAD ../../../src/kernel/source/nrk_time.o
LOAD ../../../src/kernel/source/nrk_idle_task.o
LOAD ../../../src/kernel/source/nrk_scheduler.o
LOAD ../../../src/kernel/source/nrk_driver.o
LOAD ../../../src/kernel/source/nrk_reserve.o
LOAD ../../../src/kernel/source/nrk_sw_wdt.o
LOAD ../../../src/kernel/hal/atmega128rfa1/nrk_timer.o
LOAD ../../../src/kernel/hal/atmega128rfa1/nrk_status.o
LOAD ../../../src/kernel/hal/atmega128rfa1/nrk_ext_int.o
LOAD ../../../src/kernel/hal/atmega128rfa1/nrk_watchdog.o
LOAD ../../../src/kernel/hal/atmega128rfa1/nrk_cpu.o
LOAD ../../../src/kernel/hal/atmega128rfa1/atmel_hw_specific.o
LOAD /usr/lib/gcc/avr/4.5.3/../../../avr/lib/avr51/libprintf_min.a
LOAD /usr/lib/gcc/avr/4.5.3/../../../avr/lib/avr51/libm.a
LOAD /usr/lib/gcc/avr/4.5.3/avr51/libgcc.a
LOAD /usr/lib/gcc/avr/4.5.3/../../../avr/lib/avr51/libc.a
LOAD /usr/lib/gcc/avr/4.5.3/avr51/libgcc.a

.hash
 *(.hash)

.dynsym
 *(.dynsym)

.dynstr
 *(.dynstr)

.gnu.version
 *(.gnu.version)

.gnu.version_d
 *(.gnu.version_d)

.gnu.version_r
 *(.gnu.version_r)

.rel.init
 *(.rel.init)

.rela.init
 *(.rela.init)

.rel.text
 *(.rel.text)
 *(.rel.text.*)
 *(.rel.gnu.linkonce.t*)

.rela.text
 *(.rela.text)
 *(.rela.text.*)
 *(.rela.gnu.linkonce.t*)

.rel.fini
 *(.rel.fini)

.rela.fini
 *(.rela.fini)

.rel.rodata
 *(.rel.rodata)
 *(.rel.rodata.*)
 *(.rel.gnu.linkonce.r*)

.rela.rodata
 *(.rela.rodata)
 *(.rela.rodata.*)
 *(.rela.gnu.linkonce.r*)

.rel.data
 *(.rel.data)
 *(.rel.data.*)
 *(.rel.gnu.linkonce.d*)

.rela.data
 *(.rela.data)
 *(.rela.data.*)
 *(.rela.gnu.linkonce.d*)

.rel.ctors
 *(.rel.ctors)

.rela.ctors
 *(.rela.ctors)

.rel.dtors
 *(.rel.dtors)

.rela.dtors
 *(.rela.dtors)

.rel.got
 *(.rel.got)

.rela.got
 *(.rela.got)

.rel.bss
 *(.rel.bss)

.rela.bss
 *(.rela.bss)

.rel.plt
 *(.rel.plt)

.rela.plt
 *(.rela.plt)

.text           0x00000000     0x6668
 *(.vectors)
 .vectors       0x00000000      0x120 /usr/lib/gcc/avr/4.5.3/../../../avr/lib/avr51/crtm128rfa1.o
                0x00000000                __vectors
 *(.vectors)
 *(.progmem.gcc*)
 .progmem.gcc_sw_table
                0x00000120       0x2c ../../../src/kernel/source/nrk_error.o
 *(.progmem*)
 .progmem.data  0x0000014c       0x4a main.o
 .progmem.data  0x00000196       0xec ../../../src/kernel/source/nrk_stats.o
 .progmem.data  0x00000282      0x238 ../../../src/kernel/source/nrk_error.o
 .progmem.data  0x000004ba        0xf ../../../src/kernel/source/nrk_stack_check.o
 .progmem.data  0x000004c9       0x17 /usr/lib/gcc/avr/4.5.3/../../../avr/lib/avr51/libprintf_min.a(vfprintf_min.o)
                0x000004e0                . = ALIGN (0x2)
                0x000004e0                __trampolines_start = .
 *(.trampolines)
 .trampolines   0x000004e0        0x0 linker stubs
 *(.trampolines*)
                0x000004e0                __trampolines_end = .
 *(.jumptables)
 *(.jumptables*)
 *(.lowtext)
 *(.lowtext*)
                0x000004e0                __ctors_start = .
 *(.ctors)
                0x000004e0                __ctors_end = .
                0x000004e0                __dtors_start = .
 *(.dtors)
                0x000004e0                __dtors_end = .
 SORT(*)(.ctors)
 SORT(*)(.dtors)
 *(.init0)
 .init0         0x000004e0        0x0 /usr/lib/gcc/avr/4.5.3/../../../avr/lib/avr51/crtm128rfa1.o
                0x000004e0                __init
 *(.init0)
 *(.init1)
 *(.init1)
 *(.init2)
 .init2         0x000004e0        0xc /usr/lib/gcc/avr/4.5.3/../../../avr/lib/avr51/crtm128rfa1.o
 *(.init2)
 *(.init3)
 *(.init3)
 *(.init4)
 .init4         0x000004ec       0x1a /usr/lib/gcc/avr/4.5.3/avr51/libgcc.a(_copy_data.o)
                0x000004ec                __do_copy_data
 .init4         0x00000506       0x10 /usr/lib/gcc/avr/4.5.3/avr51/libgcc.a(_clear_bss.o)
                0x00000506                __do_clear_bss
 *(.init4)
 *(.init5)
 *(.init5)
 *(.init6)
 *(.init6)
 *(.init7)
 *(.init7)
 *(.init8)
 *(.init8)
 *(.init9)
 .init9         0x00000516        0x8 /usr/lib/gcc/avr/4.5.3/../../../avr/lib/avr51/crtm128rfa1.o
 *(.init9)
 *(.text)
 .text          0x0000051e        0x4 /usr/lib/gcc/avr/4.5.3/../../../avr/lib/avr51/crtm128rfa1.o
                0x0000051e                __vector_38
                0x0000051e                __vector_22
                0x0000051e                __vector_28
                0x0000051e                __vector_67
                0x0000051e                __vector_71
                0x0000051e                __vector_34
                0x0000051e                __vector_24
                0x0000051e                __vector_12
                0x0000051e                __vector_55
                0x0000051e                __vector_69
                0x0000051e                __vector_46
                0x0000051e                __bad_interrupt
                0x0000051e                __vector_6
                0x0000051e                __vector_31
                0x0000051e                __vector_35
                0x0000051e                __vector_39
                0x0000051e                __vector_3
                0x0000051e                __vector_23
                0x0000051e                __vector_68
                0x0000051e                __vector_30
                0x0000051e                __vector_45
                0x0000051e                __vector_25
                0x0000051e                __vector_11
                0x0000051e                __vector_54
                0x0000051e                __vector_17
                0x0000051e                __vector_19
                0x0000051e                __vector_56
                0x0000051e                __vector_7
                0x0000051e                __vector_49
                0x0000051e                __vector_41
                0x0000051e                __vector_43
                0x0000051e                __vector_27
                0x0000051e                __vector_5
                0x0000051e                __vector_33
                0x0000051e                __vector_47
                0x0000051e                __vector_52
                0x0000051e                __vector_37
                0x0000051e                __vector_4
                0x0000051e                __vector_44
                0x0000051e                __vector_51
                0x0000051e                __vector_2
                0x0000051e                __vector_21
                0x0000051e                __vector_66
                0x0000051e                __vector_36
                0x0000051e                __vector_70
                0x0000051e                __vector_29
                0x0000051e                __vector_40
                0x0000051e                __vector_8
                0x0000051e                __vector_26
                0x0000051e                __vector_48
                0x0000051e                __vector_14
                0x0000051e                __vector_53
                0x0000051e                __vector_10
                0x0000051e                __vector_50
                0x0000051e                __vector_16
                0x0000051e                __vector_18
                0x0000051e                __vector_20
                0x0000051e                __vector_42
                0x0000051e                __vector_65
 .text          0x00000522      0x1a6 main.o
                0x00000522                Task1
                0x000005d8                my_timer_callback
                0x000005e2                nrk_create_taskset
                0x00000692                main
 .text          0x000006c8      0x794 ../../../src/radio/rf231_soc/source/basic_rf.o
                0x000006d8                rf_power_down
                0x00000720                rf_power_up
                0x0000074c                rf_tx_power
                0x00000760                rf_addr_decode_enable
                0x0000076c                rf_addr_decode_disable
                0x00000778                rf_auto_ack_enable
                0x00000784                rf_auto_ack_disable
                0x00000790                rf_addr_decode_set_my_mac
                0x000007a2                rf_set_rx
                0x000007bc                rx_start_callback
                0x000007c6                rf_init
                0x000008b2                rf_rx_on
                0x000008ba                rf_polling_rx_on
                0x000008c2                rf_rx_off
                0x000008ce                rf_tx_packet_repeat
                0x00000b28                rf_tx_packet
                0x00000b32                rf_cca_check
                0x00000b98                rf_rx_packet_nonblock
                0x00000cb6                __vector_60
                0x00000cf4                __vector_64
                0x00000d12                __vector_63
                0x00000d36                __vector_62
                0x00000d54                __vector_61
                0x00000d72                __vector_59
                0x00000dd2                __vector_58
                0x00000df0                __vector_57
                0x00000e0e                rf_set_cca_thresh
                0x00000e22                rf_security_last_pkt_status
                0x00000e26                rf_security_set_ctr_counter
                0x00000e28                rf_security_set_key
                0x00000e2a                rf_security_disable
                0x00000e2c                rf_tx_tdma_packet
                0x00000e30                rf_get_sem
                0x00000e3a                rf_rx_packet
                0x00000e3e                rf_flush_rx_fifo
                0x00000e40                rf_busy
                0x00000e44                rf_rx_check_fifop
                0x00000e48                rf_rx_check_sfd
                0x00000e4c                rf_carrier_on
                0x00000e4e                rf_carrier_off
                0x00000e50                rf_test_mode
                0x00000e52                rf_data_mode
                0x00000e54                rf_rx_set_serial
                0x00000e56                rf_tx_set_serial
                0x00000e58                rf_set_preamble_length
                0x00000e5a                rf_set_cca_mode
 .text          0x00000e5c      0x870 ../../../src/platform/firefly3/source/ulib.o
                0x00000e5c                getc0
                0x00000e74                putc0
                0x00000e8c                nrk_uart_rx_signal_get
                0x00000e90                nrk_uart_data_ready
                0x00000eae                nrk_kprintf
                0x00000ed4                PORT_INIT
                0x00000eee                nrk_setup_ports
                0x00000ef4                nrk_gpio_set
                0x00000fe4                nrk_gpio_clr
                0x000010e0                nrk_gpio_get
                0x0000114c                nrk_gpio_toggle
                0x0000134e                nrk_gpio_direction
                0x0000155e                nrk_get_button
                0x00001570                nrk_led_toggle
                0x000015a0                nrk_led_clr
                0x000015d0                nrk_led_set
                0x00001600                nrk_gpio_pullups
                0x00001614                putc1
                0x00001622                setup_uart0
                0x0000164c                setup_uart1
                0x00001676                nrk_setup_uart
                0x000016b4                getc1
 .text          0x000016cc        0xe ../../../src/platform/firefly3/source/hal_wait.o
                0x000016cc                halWait
 .text          0x000016da      0x140 ../../../src/platform/firefly3/source/nrk_eeprom.o
                0x000016da                nrk_eeprom_read_byte
                0x000016e0                nrk_eeprom_write_byte
                0x000016e6                read_eeprom_mac_address
                0x00001752                read_eeprom_channel
                0x0000176a                write_eeprom_load_img_pages
                0x0000177a                read_eeprom_load_img_pages
                0x00001792                read_eeprom_aes_key
                0x000017c2                write_eeprom_aes_key
                0x000017f2                read_eeprom_current_image_checksum
                0x0000180a                write_eeprom_current_image_checksum
 .text          0x0000181a      0x3fe ../../../src/kernel/source/nrk.o
                0x0000181a                nrk_int_disable
                0x0000181e                nrk_int_enable
                0x00001822                nrk_halt
                0x00001828                nrk_init
                0x000019ba                nrk_start
                0x00001a62                nrk_TCB_init
                0x00001c0c                _nrk_timer_tick
                0x00001c12                nrk_version
 .text          0x00001c18      0xdc0 ../../../src/kernel/source/nrk_stats.o
                0x00001c18                nrk_stats_reset
                0x00001c7c                _nrk_stats_sleep
                0x00001cc2                nrk_stats_get_deep_sleep
                0x00001cf6                _nrk_stats_add_violation
                0x00001d7c                _nrk_stats_task_start
                0x00001e46                _nrk_stats_task_preempted
                0x00001fe0                _nrk_stats_task_suspend
                0x00002210                nrk_stats_display_pid
                0x0000280e                nrk_stats_display_all
                0x00002836                nrk_stats_get
 .text          0x000029d8      0x454 ../../../src/kernel/source/nrk_error.o
                0x000029d8                _nrk_errno_set
                0x000029e4                nrk_errno_get
                0x000029f0                nrk_error_get
                0x00002a0c                pause
                0x00002a36                blink_dot
                0x00002a50                blink_dash
                0x00002a72                blink_morse_code_error
                0x00002bd6                nrk_error_print
                0x00002d92                nrk_kernel_error_add
                0x00002e14                nrk_error_add
 .text          0x00002e2c      0x256 ../../../src/kernel/source/nrk_stack_check.o
                0x00002e2c                dump_stack_info
                0x00002ff6                nrk_stack_check
                0x0000303e                nrk_stack_check_pid
 .text          0x00003082      0x5d0 ../../../src/kernel/source/nrk_events.o
                0x00003082                nrk_signal_create
                0x000030ee                nrk_signal_get_registered_mask
                0x00003100                nrk_signal_delete
                0x00003210                nrk_signal_unregister
                0x00003294                nrk_signal_register
                0x000032fc                nrk_event_signal
                0x000033e2                nrk_event_wait
                0x00003458                nrk_sem_create
                0x0000345e                nrk_get_resource_index
                0x0000346e                nrk_sem_delete
                0x000034b2                nrk_sem_post
                0x0000356c                nrk_sem_pend
                0x00003620                nrk_sem_query
 .text          0x00003652      0x6be ../../../src/kernel/source/nrk_task.o
                0x00003652                nrk_get_high_ready_task_ID
                0x0000365e                nrk_print_readyQ
                0x00003674                nrk_add_to_readyQ
                0x000037d6                nrk_rem_from_readyQ
                0x00003876                nrk_activate_task
                0x00003920                nrk_set_next_wakeup
                0x0000398e                _nrk_wait_for_scheduler
                0x000039a2                nrk_wait
                0x00003a52                nrk_wait_until_nw
                0x00003aa0                nrk_wait_until_ticks
                0x00003afa                nrk_wait_ticks
                0x00003b78                nrk_wait_until_next_n_periods
                0x00003bde                nrk_wait_until_next_period
                0x00003c36                nrk_terminate_task
                0x00003c58                nrk_wait_until
                0x00003d04                nrk_get_pid
 .text          0x00003d10      0x596 ../../../src/kernel/source/nrk_time.o
                0x00003d10                nrk_time_get
                0x00003dcc                nrk_time_sub
                0x00003eea                nrk_time_compact_nanos
                0x00003f30                nrk_time_add
                0x00003fe6                nrk_time_set
                0x00004008                _nrk_time_to_ticks
                0x00004126                _nrk_ticks_to_time
                0x00004198                _nrk_time_to_ticks_long
 .text          0x000042a6       0x4c ../../../src/kernel/source/nrk_idle_task.o
                0x000042a6                nrk_idle_task
 .text          0x000042f2      0x52a ../../../src/kernel/source/nrk_scheduler.o
                0x000042f2                _nrk_scheduler
 .text          0x0000481c        0x0 ../../../src/kernel/source/nrk_driver.o
 .text          0x0000481c        0x0 ../../../src/kernel/source/nrk_reserve.o
 .text          0x0000481c        0x0 ../../../src/kernel/source/nrk_sw_wdt.o
 .text          0x0000481c      0x3c2 ../../../src/kernel/hal/atmega128rfa1/nrk_timer.o
                0x0000481c                _nrk_precision_os_timer_start
                0x00004830                _nrk_precision_os_timer_reset
                0x0000483a                nrk_spin_wait_us
                0x00004858                _nrk_precision_os_timer_stop
                0x0000485e                _nrk_precision_os_timer_get
                0x00004884                _nrk_high_speed_timer_stop
                0x0000488a                _nrk_high_speed_timer_start
                0x00004892                _nrk_high_speed_timer_reset
                0x000048a2                _nrk_high_speed_timer_get
                0x000048c8                nrk_high_speed_timer_wait
                0x0000493c                _nrk_os_timer_stop
                0x00004952                _nrk_os_timer_set
                0x00004958                _nrk_os_timer_start
                0x0000496a                _nrk_os_timer_reset
                0x0000497e                _nrk_setup_timer
                0x000049f8                _nrk_get_next_wakeup
                0x00004a00                _nrk_set_next_wakeup
                0x00004a08                nrk_timer_int_stop
                0x00004a14                nrk_timer_int_reset
                0x00004a28                nrk_timer_int_read
                0x00004a3e                nrk_timer_int_start
                0x00004a50                nrk_timer_int_configure
                0x00004aca                _nrk_os_timer_get
                0x00004ad0                __vector_default
                0x00004b00                __vector_13
                0x00004b00                __vector_15
                0x00004b66                __vector_32
                0x00004bca                SIG_OUTPUT_COMPARE1A
 .text          0x00004bde       0x4c ../../../src/kernel/hal/atmega128rfa1/nrk_status.o
                0x00004bde                _nrk_startup_error
 .text          0x00004c2a      0x2e2 ../../../src/kernel/hal/atmega128rfa1/nrk_ext_int.o
                0x00004c2a                nrk_ext_int_enable
                0x00004cac                nrk_ext_int_disable
                0x00004d2e                nrk_ext_int_configure
                0x00004e44                __vector_9
                0x00004ea8                __vector_1
 .text          0x00004f0c       0x50 ../../../src/kernel/hal/atmega128rfa1/nrk_watchdog.o
                0x00004f0c                nrk_watchdog_disable
                0x00004f2a                nrk_watchdog_enable
                0x00004f4a                nrk_watchdog_check
                0x00004f58                nrk_watchdog_reset
 .text          0x00004f5c      0x102 ../../../src/kernel/hal/atmega128rfa1/nrk_cpu.o
                0x00004f5c                nrk_battery_save
                0x00004f5e                nrk_sleep
                0x00004f76                nrk_idle
                0x00004f8c                nrk_task_set_entry_function
                0x00004f94                nrk_task_set_stk
                0x00004fd2                nrk_task_stk_init
                0x00005028                nrk_stack_pointer_init
                0x00005046                nrk_stack_pointer_restore
                0x00005054                nrk_target_start
 .text          0x0000505e       0x56 ../../../src/kernel/hal/atmega128rfa1/atmel_hw_specific.o
                0x0000505e                nrk_start_high_ready_task
 .text          0x000050b4        0x0 /usr/lib/gcc/avr/4.5.3/../../../avr/lib/avr51/libprintf_min.a(vfprintf_min.o)
 .text          0x000050b4        0x0 /usr/lib/gcc/avr/4.5.3/avr51/libgcc.a(_mulsi3.o)
 .text          0x000050b4        0x0 /usr/lib/gcc/avr/4.5.3/avr51/libgcc.a(_udivmodhi4.o)
 .text          0x000050b4        0x0 /usr/lib/gcc/avr/4.5.3/avr51/libgcc.a(_udivmodsi4.o)
 .text          0x000050b4        0x0 /usr/lib/gcc/avr/4.5.3/avr51/libgcc.a(_exit.o)
 .text          0x000050b4        0x0 /usr/lib/gcc/avr/4.5.3/avr51/libgcc.a(_copy_data.o)
 .text          0x000050b4        0x0 /usr/lib/gcc/avr/4.5.3/avr51/libgcc.a(_clear_bss.o)
 .text          0x000050b4      0xcac /usr/lib/gcc/avr/4.5.3/avr51/libgcc.a(_udivdi3.o)
                0x000050b4                __udivdi3
 .text          0x00005d60        0x0 /usr/lib/gcc/avr/4.5.3/avr51/libgcc.a(_prologue.o)
 .text          0x00005d60        0x0 /usr/lib/gcc/avr/4.5.3/avr51/libgcc.a(_epilogue.o)
 .text          0x00005d60        0x0 /usr/lib/gcc/avr/4.5.3/avr51/libgcc.a(_clz.o)
 .text          0x00005d60        0x0 /usr/lib/gcc/avr/4.5.3/../../../avr/lib/avr51/libc.a(strchr_P.o)
 .text          0x00005d60        0x0 /usr/lib/gcc/avr/4.5.3/../../../avr/lib/avr51/libc.a(memcpy.o)
 .text          0x00005d60        0x0 /usr/lib/gcc/avr/4.5.3/../../../avr/lib/avr51/libc.a(fdevopen.o)
 .text          0x00005d60        0x0 /usr/lib/gcc/avr/4.5.3/../../../avr/lib/avr51/libc.a(fputc.o)
 .text          0x00005d60        0x0 /usr/lib/gcc/avr/4.5.3/../../../avr/lib/avr51/libc.a(iob.o)
 .text          0x00005d60        0x0 /usr/lib/gcc/avr/4.5.3/../../../avr/lib/avr51/libc.a(printf.o)
 .text          0x00005d60        0x0 /usr/lib/gcc/avr/4.5.3/../../../avr/lib/avr51/libc.a(sprintf.o)
 .text          0x00005d60        0x0 /usr/lib/gcc/avr/4.5.3/../../../avr/lib/avr51/libc.a(ultoa_invert.o)
 .text          0x00005d60        0x0 /usr/lib/gcc/avr/4.5.3/../../../avr/lib/avr51/libc.a(eerd_byte_atmega128rfa1.o)
 .text          0x00005d60        0x0 /usr/lib/gcc/avr/4.5.3/../../../avr/lib/avr51/libc.a(eewr_byte_atmega128rfa1.o)
 .text          0x00005d60        0x0 /usr/lib/gcc/avr/4.5.3/../../../avr/lib/avr51/libc.a(calloc.o)
 .text          0x00005d60        0x0 /usr/lib/gcc/avr/4.5.3/../../../avr/lib/avr51/libc.a(malloc.o)
 .text          0x00005d60        0x0 /usr/lib/gcc/avr/4.5.3/../../../avr/lib/avr51/libc.a(memset.o)
                0x00005d60                . = ALIGN (0x2)
 *(.text.*)
 .text.avr-libc
                0x00005d60      0x2ac /usr/lib/gcc/avr/4.5.3/../../../avr/lib/avr51/libprintf_min.a(vfprintf_min.o)
                0x00005d60                vfprintf
 .text.libgcc   0x0000600c       0x3e /usr/lib/gcc/avr/4.5.3/avr51/libgcc.a(_mulsi3.o)
                0x0000600c                __mulsi3
 .text.libgcc   0x0000604a       0x28 /usr/lib/gcc/avr/4.5.3/avr51/libgcc.a(_udivmodhi4.o)
                0x0000604a                __udivmodhi4
 .text.libgcc   0x00006072       0x44 /usr/lib/gcc/avr/4.5.3/avr51/libgcc.a(_udivmodsi4.o)
                0x00006072                __udivmodsi4
 .text.libgcc   0x000060b6        0x0 /usr/lib/gcc/avr/4.5.3/avr51/libgcc.a(_exit.o)
 .text.libgcc   0x000060b6        0x0 /usr/lib/gcc/avr/4.5.3/avr51/libgcc.a(_copy_data.o)
 .text.libgcc   0x000060b6        0x0 /usr/lib/gcc/avr/4.5.3/avr51/libgcc.a(_clear_bss.o)
 .text.libgcc   0x000060b6       0x38 /usr/lib/gcc/avr/4.5.3/avr51/libgcc.a(_prologue.o)
                0x000060b6                __prologue_saves__
 .text.libgcc   0x000060ee       0x36 /usr/lib/gcc/avr/4.5.3/avr51/libgcc.a(_epilogue.o)
                0x000060ee                __epilogue_restores__
 .text.avr-libc
                0x00006124       0x16 /usr/lib/gcc/avr/4.5.3/../../../avr/lib/avr51/libc.a(strchr_P.o)
                0x00006124                strchr_P
 .text.avr-libc
                0x0000613a       0x12 /usr/lib/gcc/avr/4.5.3/../../../avr/lib/avr51/libc.a(memcpy.o)
                0x0000613a                memcpy
 .text.avr-libc
                0x0000614c       0x96 /usr/lib/gcc/avr/4.5.3/../../../avr/lib/avr51/libc.a(fdevopen.o)
                0x0000614c                fdevopen
 .text.avr-libc
                0x000061e2       0x58 /usr/lib/gcc/avr/4.5.3/../../../avr/lib/avr51/libc.a(fputc.o)
                0x000061e2                fputc
 .text.avr-libc
                0x0000623a       0x24 /usr/lib/gcc/avr/4.5.3/../../../avr/lib/avr51/libc.a(printf.o)
                0x0000623a                printf
 .text.avr-libc
                0x0000625e       0x60 /usr/lib/gcc/avr/4.5.3/../../../avr/lib/avr51/libc.a(sprintf.o)
                0x0000625e                sprintf
 .text.avr-libc
                0x000062be       0xbc /usr/lib/gcc/avr/4.5.3/../../../avr/lib/avr51/libc.a(ultoa_invert.o)
                0x000062be                __ultoa_invert
 .text.avr-libc
                0x0000637a       0x10 /usr/lib/gcc/avr/4.5.3/../../../avr/lib/avr51/libc.a(eerd_byte_atmega128rfa1.o)
                0x0000637a                __eerd_byte_m128rfa1
 .text.avr-libc
                0x0000638a       0x1c /usr/lib/gcc/avr/4.5.3/../../../avr/lib/avr51/libc.a(eewr_byte_atmega128rfa1.o)
                0x0000638a                __eewr_byte_m128rfa1
                0x0000638c                __eewr_r18_m128rfa1
 .text.avr-libc
                0x000063a6       0x4a /usr/lib/gcc/avr/4.5.3/../../../avr/lib/avr51/libc.a(calloc.o)
                0x000063a6                calloc
 .text.avr-libc
                0x000063f0      0x266 /usr/lib/gcc/avr/4.5.3/../../../avr/lib/avr51/libc.a(malloc.o)
                0x000063f0                malloc
                0x00006524                free
 .text.avr-libc
                0x00006656        0xe /usr/lib/gcc/avr/4.5.3/../../../avr/lib/avr51/libc.a(memset.o)
                0x00006656                memset
                0x00006664                . = ALIGN (0x2)
 *(.fini9)
 .fini9         0x00006664        0x0 /usr/lib/gcc/avr/4.5.3/avr51/libgcc.a(_exit.o)
                0x00006664                exit
                0x00006664                _exit
 *(.fini9)
 *(.fini8)
 *(.fini8)
 *(.fini7)
 *(.fini7)
 *(.fini6)
 *(.fini6)
 *(.fini5)
 *(.fini5)
 *(.fini4)
 *(.fini4)
 *(.fini3)
 *(.fini3)
 *(.fini2)
 *(.fini2)
 *(.fini1)
 *(.fini1)
 *(.fini0)
 .fini0         0x00006664        0x4 /usr/lib/gcc/avr/4.5.3/avr51/libgcc.a(_exit.o)
 *(.fini0)
                0x00006668                _etext = .

.data           0x00800200      0x1d8 load address 0x00006668
                0x00800200                PROVIDE (__data_start, .)
 *(.data)
 .data          0x00800200        0x0 /usr/lib/gcc/avr/4.5.3/../../../avr/lib/avr51/crtm128rfa1.o
 .data          0x00800200       0x3a main.o
 .data          0x0080023a        0x0 ../../../src/radio/rf231_soc/source/basic_rf.o
 .data          0x0080023a       0x1a ../../../src/platform/firefly3/source/ulib.o
                0x0080023a                NRK_SPI_SS
                0x0080023b                NRK_SCK
                0x0080023c                NRK_MOSI
                0x0080023d                NRK_MISO
                0x0080023e                NRK_GPIO26
                0x0080023f                NRK_MMC_11
                0x00800240                NRK_MMC_10
                0x00800241                NRK_MMC_9
                0x00800242                NRK_BUTTON
                0x00800243                NRK_UART1_RXD
                0x00800244                NRK_UART1_TXD
                0x00800245                NRK_LED_0
                0x00800246                NRK_LED_1
                0x00800247                NRK_LED_2
                0x00800248                NRK_LED_3
                0x00800249                NRK_UART0_RXD
                0x0080024a                NRK_UART0_TXD
                0x0080024b                NRK_GPIO34
                0x0080024c                NRK_ADC_INPUT_0
                0x0080024d                NRK_ADC_INPUT_1
                0x0080024e                NRK_ADC_INPUT_2
                0x0080024f                NRK_ADC_INPUT_3
                0x00800250                NRK_ADC_INPUT_4
                0x00800251                NRK_ADC_INPUT_5
                0x00800252                NRK_ADC_INPUT_6
                0x00800253                NRK_ADC_INPUT_7
 .data          0x00800254        0x0 ../../../src/platform/firefly3/source/hal_wait.o
 .data          0x00800254        0x0 ../../../src/platform/firefly3/source/nrk_eeprom.o
 .data          0x00800254        0x0 ../../../src/kernel/source/nrk.o
 .data          0x00800254       0x2c ../../../src/kernel/source/nrk_stats.o
 .data          0x00800280        0x3 ../../../src/kernel/source/nrk_error.o
 .data          0x00800283       0x4e ../../../src/kernel/source/nrk_stack_check.o
 .data          0x008002d1        0x0 ../../../src/kernel/source/nrk_events.o
 .data          0x008002d1        0x0 ../../../src/kernel/source/nrk_task.o
 .data          0x008002d1        0x0 ../../../src/kernel/source/nrk_time.o
 .data          0x008002d1        0x0 ../../../src/kernel/source/nrk_idle_task.o
 .data          0x008002d1        0x0 ../../../src/kernel/source/nrk_scheduler.o
 .data          0x008002d1        0x0 ../../../src/kernel/source/nrk_driver.o
 .data          0x008002d1        0x0 ../../../src/kernel/source/nrk_reserve.o
 .data          0x008002d1        0x0 ../../../src/kernel/source/nrk_sw_wdt.o
 .data          0x008002d1        0x0 ../../../src/kernel/hal/atmega128rfa1/nrk_timer.o
 .data          0x008002d1        0x0 ../../../src/kernel/hal/atmega128rfa1/nrk_status.o
 .data          0x008002d1        0x0 ../../../src/kernel/hal/atmega128rfa1/nrk_ext_int.o
 .data          0x008002d1        0x0 ../../../src/kernel/hal/atmega128rfa1/nrk_watchdog.o
 .data          0x008002d1        0x0 ../../../src/kernel/hal/atmega128rfa1/nrk_cpu.o
 .data          0x008002d1        0x0 ../../../src/kernel/hal/atmega128rfa1/atmel_hw_specific.o
 .data          0x008002d1        0x0 /usr/lib/gcc/avr/4.5.3/../../../avr/lib/avr51/libprintf_min.a(vfprintf_min.o)
 .data          0x008002d1        0x0 /usr/lib/gcc/avr/4.5.3/avr51/libgcc.a(_mulsi3.o)
 .data          0x008002d1        0x0 /usr/lib/gcc/avr/4.5.3/avr51/libgcc.a(_udivmodhi4.o)
 .data          0x008002d1        0x0 /usr/lib/gcc/avr/4.5.3/avr51/libgcc.a(_udivmodsi4.o)
 .data          0x008002d1        0x0 /usr/lib/gcc/avr/4.5.3/avr51/libgcc.a(_exit.o)
 .data          0x008002d1        0x0 /usr/lib/gcc/avr/4.5.3/avr51/libgcc.a(_copy_data.o)
 .data          0x008002d1        0x0 /usr/lib/gcc/avr/4.5.3/avr51/libgcc.a(_clear_bss.o)
 .data          0x008002d1        0x0 /usr/lib/gcc/avr/4.5.3/avr51/libgcc.a(_udivdi3.o)
 .data          0x008002d1        0x0 /usr/lib/gcc/avr/4.5.3/avr51/libgcc.a(_prologue.o)
 .data          0x008002d1        0x0 /usr/lib/gcc/avr/4.5.3/avr51/libgcc.a(_epilogue.o)
 .data          0x008002d1      0x100 /usr/lib/gcc/avr/4.5.3/avr51/libgcc.a(_clz.o)
                0x008002d1                __clz_tab
 .data          0x008003d1        0x0 /usr/lib/gcc/avr/4.5.3/../../../avr/lib/avr51/libc.a(strchr_P.o)
 .data          0x008003d1        0x0 /usr/lib/gcc/avr/4.5.3/../../../avr/lib/avr51/libc.a(memcpy.o)
 .data          0x008003d1        0x0 /usr/lib/gcc/avr/4.5.3/../../../avr/lib/avr51/libc.a(fdevopen.o)
 .data          0x008003d1        0x0 /usr/lib/gcc/avr/4.5.3/../../../avr/lib/avr51/libc.a(fputc.o)
 .data          0x008003d1        0x0 /usr/lib/gcc/avr/4.5.3/../../../avr/lib/avr51/libc.a(iob.o)
 .data          0x008003d1        0x0 /usr/lib/gcc/avr/4.5.3/../../../avr/lib/avr51/libc.a(printf.o)
 .data          0x008003d1        0x0 /usr/lib/gcc/avr/4.5.3/../../../avr/lib/avr51/libc.a(sprintf.o)
 .data          0x008003d1        0x0 /usr/lib/gcc/avr/4.5.3/../../../avr/lib/avr51/libc.a(ultoa_invert.o)
 .data          0x008003d1        0x0 /usr/lib/gcc/avr/4.5.3/../../../avr/lib/avr51/libc.a(eerd_byte_atmega128rfa1.o)
 .data          0x008003d1        0x0 /usr/lib/gcc/avr/4.5.3/../../../avr/lib/avr51/libc.a(eewr_byte_atmega128rfa1.o)
 .data          0x008003d1        0x0 /usr/lib/gcc/avr/4.5.3/../../../avr/lib/avr51/libc.a(calloc.o)
 .data          0x008003d1        0x6 /usr/lib/gcc/avr/4.5.3/../../../avr/lib/avr51/libc.a(malloc.o)
                0x008003d1                __malloc_margin
                0x008003d3                __malloc_heap_start
                0x008003d5                __malloc_heap_end
 .data          0x008003d7        0x0 /usr/lib/gcc/avr/4.5.3/../../../avr/lib/avr51/libc.a(memset.o)
 *(.data*)
 *(.rodata)
 *(.rodata*)
 *(.gnu.linkonce.d*)
                0x008003d8                . = ALIGN (0x2)
 *fill*         0x008003d7        0x1 00
                0x008003d8                _edata = .
                0x008003d8                PROVIDE (__data_end, .)

.bss            0x008003d8      0x2f3
                0x008003d8                PROVIDE (__bss_start, .)
 *(.bss)
 .bss           0x008003d8        0x0 /usr/lib/gcc/avr/4.5.3/../../../avr/lib/avr51/crtm128rfa1.o
 .bss           0x008003d8        0x0 main.o
 .bss           0x008003d8        0x2 ../../../src/radio/rf231_soc/source/basic_rf.o
                0x008003d8                rx_start_func
 .bss           0x008003da        0x0 ../../../src/platform/firefly3/source/ulib.o
 .bss           0x008003da        0x0 ../../../src/platform/firefly3/source/hal_wait.o
 .bss           0x008003da        0x0 ../../../src/platform/firefly3/source/nrk_eeprom.o
 .bss           0x008003da        0x0 ../../../src/kernel/source/nrk.o
 .bss           0x008003da        0x0 ../../../src/kernel/source/nrk_stats.o
 .bss           0x008003da        0x0 ../../../src/kernel/source/nrk_error.o
 .bss           0x008003da        0x0 ../../../src/kernel/source/nrk_stack_check.o
 .bss           0x008003da        0x0 ../../../src/kernel/source/nrk_events.o
 .bss           0x008003da        0x0 ../../../src/kernel/source/nrk_task.o
 .bss           0x008003da        0x0 ../../../src/kernel/source/nrk_time.o
 .bss           0x008003da        0x0 ../../../src/kernel/source/nrk_idle_task.o
 .bss           0x008003da        0x0 ../../../src/kernel/source/nrk_scheduler.o
 .bss           0x008003da        0x0 ../../../src/kernel/source/nrk_driver.o
 .bss           0x008003da        0x0 ../../../src/kernel/source/nrk_reserve.o
 .bss           0x008003da        0x0 ../../../src/kernel/source/nrk_sw_wdt.o
 .bss           0x008003da        0x0 ../../../src/kernel/hal/atmega128rfa1/nrk_timer.o
 .bss           0x008003da        0x0 ../../../src/kernel/hal/atmega128rfa1/nrk_status.o
 .bss           0x008003da        0x0 ../../../src/kernel/hal/atmega128rfa1/nrk_ext_int.o
 .bss           0x008003da        0x0 ../../../src/kernel/hal/atmega128rfa1/nrk_watchdog.o
 .bss           0x008003da        0x0 ../../../src/kernel/hal/atmega128rfa1/nrk_cpu.o
 .bss           0x008003da        0x0 ../../../src/kernel/hal/atmega128rfa1/atmel_hw_specific.o
 .bss           0x008003da        0x0 /usr/lib/gcc/avr/4.5.3/../../../avr/lib/avr51/libprintf_min.a(vfprintf_min.o)
 .bss           0x008003da        0x0 /usr/lib/gcc/avr/4.5.3/avr51/libgcc.a(_mulsi3.o)
 .bss           0x008003da        0x0 /usr/lib/gcc/avr/4.5.3/avr51/libgcc.a(_udivmodhi4.o)
 .bss           0x008003da        0x0 /usr/lib/gcc/avr/4.5.3/avr51/libgcc.a(_udivmodsi4.o)
 .bss           0x008003da        0x0 /usr/lib/gcc/avr/4.5.3/avr51/libgcc.a(_exit.o)
 .bss           0x008003da        0x0 /usr/lib/gcc/avr/4.5.3/avr51/libgcc.a(_copy_data.o)
 .bss           0x008003da        0x0 /usr/lib/gcc/avr/4.5.3/avr51/libgcc.a(_clear_bss.o)
 .bss           0x008003da        0x0 /usr/lib/gcc/avr/4.5.3/avr51/libgcc.a(_udivdi3.o)
 .bss           0x008003da        0x0 /usr/lib/gcc/avr/4.5.3/avr51/libgcc.a(_prologue.o)
 .bss           0x008003da        0x0 /usr/lib/gcc/avr/4.5.3/avr51/libgcc.a(_epilogue.o)
 .bss           0x008003da        0x0 /usr/lib/gcc/avr/4.5.3/avr51/libgcc.a(_clz.o)
 .bss           0x008003da        0x0 /usr/lib/gcc/avr/4.5.3/../../../avr/lib/avr51/libc.a(strchr_P.o)
 .bss           0x008003da        0x0 /usr/lib/gcc/avr/4.5.3/../../../avr/lib/avr51/libc.a(memcpy.o)
 .bss           0x008003da        0x0 /usr/lib/gcc/avr/4.5.3/../../../avr/lib/avr51/libc.a(fdevopen.o)
 .bss           0x008003da        0x0 /usr/lib/gcc/avr/4.5.3/../../../avr/lib/avr51/libc.a(fputc.o)
 .bss           0x008003da        0x0 /usr/lib/gcc/avr/4.5.3/../../../avr/lib/avr51/libc.a(iob.o)
 .bss           0x008003da        0x0 /usr/lib/gcc/avr/4.5.3/../../../avr/lib/avr51/libc.a(printf.o)
 .bss           0x008003da        0x0 /usr/lib/gcc/avr/4.5.3/../../../avr/lib/avr51/libc.a(sprintf.o)
 .bss           0x008003da        0x0 /usr/lib/gcc/avr/4.5.3/../../../avr/lib/avr51/libc.a(ultoa_invert.o)
 .bss           0x008003da        0x0 /usr/lib/gcc/avr/4.5.3/../../../avr/lib/avr51/libc.a(eerd_byte_atmega128rfa1.o)
 .bss           0x008003da        0x0 /usr/lib/gcc/avr/4.5.3/../../../avr/lib/avr51/libc.a(eewr_byte_atmega128rfa1.o)
 .bss           0x008003da        0x0 /usr/lib/gcc/avr/4.5.3/../../../avr/lib/avr51/libc.a(calloc.o)
 .bss           0x008003da        0x0 /usr/lib/gcc/avr/4.5.3/../../../avr/lib/avr51/libc.a(malloc.o)
 .bss           0x008003da        0x0 /usr/lib/gcc/avr/4.5.3/../../../avr/lib/avr51/libc.a(memset.o)
 *(.bss*)
 *(COMMON)
 COMMON         0x008003da      0x130 main.o
                0x008003da                app_timer0_callback
                0x008003dc                error_task
                0x008003dd                _nrk_time_trigger
                0x008003de                TaskOne
                0x00800401                _nrk_signal_list
                0x00800405                Stack1
                0x00800485                nrk_kernel_stk_ptr
                0x00800487                app_timer0_prescale
                0x00800488                _nrk_prev_timer_val
                0x00800489                error_num
                0x0080048a                nrk_idle_task_stk
 COMMON         0x0080050a       0x32 ../../../src/radio/rf231_soc/source/basic_rf.o
                0x0080050a                rx_ctr
                0x0080050e                radio_sem
                0x00800510                mdmctrl0
                0x00800512                rfSettings
                0x0080051b                curr_t
                0x00800523                tx_done
                0x00800524                rf_ready
                0x00800525                target_t
                0x0080052d                tx_ctr
                0x00800533                rx_ready
                0x00800534                dummy_t
 COMMON         0x0080053c      0x17c ../../../src/kernel/source/nrk.o
                0x0080053c                _free_node
                0x0080053e                nrk_task_TCB
                0x008005e3                next_next_wakeup
                0x008005e5                nrk_sem_list
                0x008005e8                nrk_task_init_cnt
                0x008005e9                nrk_wakeup_signal
                0x008005ea                nrk_high_ready_TCB
                0x008005ec                _nrk_stats_sleep_time
                0x008005f4                nrk_cur_task_prio
                0x008005f5                _nrk_cpu_state
                0x008005f6                _head_node
                0x008005f8                nrk_system_time
                0x00800600                _nrk_resource_cnt
                0x00800601                nrk_cur_task_TCB
                0x00800603                nrk_high_ready_prio
                0x00800604                cur_task_stats
                0x0080069a                _nrk_readyQ
 COMMON         0x008006b8        0x1 ../../../src/kernel/source/nrk_scheduler.o
                0x008006b8                t
 COMMON         0x008006b9        0x8 ../../../src/kernel/hal/atmega128rfa1/nrk_ext_int.o
                0x008006b9                ext_int1_callback
                0x008006bb                ext_int0_callback
                0x008006bd                ext_int2_callback
                0x008006bf                pc_int0_callback
 COMMON         0x008006c1        0x6 /usr/lib/gcc/avr/4.5.3/../../../avr/lib/avr51/libc.a(iob.o)
                0x008006c1                __iob
 COMMON         0x008006c7        0x4 /usr/lib/gcc/avr/4.5.3/../../../avr/lib/avr51/libc.a(malloc.o)
                0x008006c7                __brkval
                0x008006c9                __flp
                0x008006cb                PROVIDE (__bss_end, .)
                0x00006668                __data_load_start = LOADADDR (.data)
                0x00006840                __data_load_end = (__data_load_start + SIZEOF (.data))

.noinit         0x008006cb        0x0
                0x008006cb                PROVIDE (__noinit_start, .)
 *(.noinit*)
                0x008006cb                PROVIDE (__noinit_end, .)
                0x008006cb                _end = .
                0x008006cb                PROVIDE (__heap_start, .)

.eeprom         0x00810000        0x0
 *(.eeprom*)
                0x00810000                __eeprom_end = .

.fuse
 *(.fuse)
 *(.lfuse)
 *(.hfuse)
 *(.efuse)

.lock
 *(.lock*)

.signature
 *(.signature*)

.stab           0x00000000     0xef10
 *(.stab)
 .stab          0x00000000      0x6cc /usr/lib/gcc/avr/4.5.3/../../../avr/lib/avr51/crtm128rfa1.o
 .stab          0x000006cc     0x10bc main.o
                               0x10c8 (size before relaxing)
 .stab          0x00001788     0x1a64 ../../../src/radio/rf231_soc/source/basic_rf.o
                               0x2580 (size before relaxing)
 .stab          0x000031ec     0x1158 ../../../src/platform/firefly3/source/ulib.o
                               0x1c68 (size before relaxing)
 .stab          0x00004344      0x1f8 ../../../src/platform/firefly3/source/hal_wait.o
                                0xc54 (size before relaxing)
 .stab          0x0000453c      0x684 ../../../src/platform/firefly3/source/nrk_eeprom.o
                               0x117c (size before relaxing)
 .stab          0x00004bc0      0xaa4 ../../../src/kernel/source/nrk.o
                                0xe34 (size before relaxing)
 .stab          0x00005664      0x9d8 ../../../src/kernel/source/nrk_stats.o
                                0xe10 (size before relaxing)
 .stab          0x0000603c      0xc6c ../../../src/kernel/source/nrk_error.o
                               0x108c (size before relaxing)
 .stab          0x00006ca8      0x498 ../../../src/kernel/source/nrk_stack_check.o
                                0x8ac (size before relaxing)
 .stab          0x00007140      0xe4c ../../../src/kernel/source/nrk_events.o
                               0x1278 (size before relaxing)
 .stab          0x00007f8c      0xf54 ../../../src/kernel/source/nrk_task.o
                               0x1380 (size before relaxing)
 .stab          0x00008ee0      0x7ec ../../../src/kernel/source/nrk_time.o
                                0xc18 (size before relaxing)
 .stab          0x000096cc      0x33c ../../../src/kernel/source/nrk_idle_task.o
                                0x768 (size before relaxing)
 .stab          0x00009a08      0x900 ../../../src/kernel/source/nrk_scheduler.o
                                0xd50 (size before relaxing)
 .stab          0x0000a308       0xe4 ../../../src/kernel/source/nrk_driver.o
                                 0xf0 (size before relaxing)
 .stab          0x0000a3ec       0xe4 ../../../src/kernel/source/nrk_reserve.o
                                 0xf0 (size before relaxing)
 .stab          0x0000a4d0      0x210 ../../../src/kernel/source/nrk_sw_wdt.o
                                0x624 (size before relaxing)
 .stab          0x0000a6e0     0x1020 ../../../src/kernel/hal/atmega128rfa1/nrk_timer.o
                               0x1bcc (size before relaxing)
 .stab          0x0000b700      0x300 ../../../src/kernel/hal/atmega128rfa1/nrk_status.o
                                0xe10 (size before relaxing)
 .stab          0x0000ba00      0x7bc ../../../src/kernel/hal/atmega128rfa1/nrk_ext_int.o
                               0x12cc (size before relaxing)
 .stab          0x0000c1bc      0x3d8 ../../../src/kernel/hal/atmega128rfa1/nrk_watchdog.o
                                0xf6c (size before relaxing)
 .stab          0x0000c594      0x774 ../../../src/kernel/hal/atmega128rfa1/nrk_cpu.o
                               0x1320 (size before relaxing)
 .stab          0x0000cd08      0x204 ../../../src/kernel/hal/atmega128rfa1/atmel_hw_specific.o
                                0x210 (size before relaxing)
 .stab          0x0000cf0c      0x858 /usr/lib/gcc/avr/4.5.3/../../../avr/lib/avr51/libprintf_min.a(vfprintf_min.o)
                                0x8a0 (size before relaxing)
 .stab          0x0000d764       0x9c /usr/lib/gcc/avr/4.5.3/../../../avr/lib/avr51/libc.a(strchr_P.o)
                                 0xa8 (size before relaxing)
 .stab          0x0000d800       0x84 /usr/lib/gcc/avr/4.5.3/../../../avr/lib/avr51/libc.a(memcpy.o)
                                 0x90 (size before relaxing)
 .stab          0x0000d884      0x288 /usr/lib/gcc/avr/4.5.3/../../../avr/lib/avr51/libc.a(fdevopen.o)
                                0x4b0 (size before relaxing)
 .stab          0x0000db0c      0x1e0 /usr/lib/gcc/avr/4.5.3/../../../avr/lib/avr51/libc.a(fputc.o)
                                0x3c0 (size before relaxing)
 .stab          0x0000dcec      0x12c /usr/lib/gcc/avr/4.5.3/../../../avr/lib/avr51/libc.a(iob.o)
                                0x30c (size before relaxing)
 .stab          0x0000de18      0x18c /usr/lib/gcc/avr/4.5.3/../../../avr/lib/avr51/libc.a(printf.o)
                                0x36c (size before relaxing)
 .stab          0x0000dfa4      0x1f8 /usr/lib/gcc/avr/4.5.3/../../../avr/lib/avr51/libc.a(sprintf.o)
                                0x3d8 (size before relaxing)
 .stab          0x0000e19c      0x480 /usr/lib/gcc/avr/4.5.3/../../../avr/lib/avr51/libc.a(ultoa_invert.o)
                                0x48c (size before relaxing)
 .stab          0x0000e61c       0x90 /usr/lib/gcc/avr/4.5.3/../../../avr/lib/avr51/libc.a(eerd_byte_atmega128rfa1.o)
                                 0x9c (size before relaxing)
 .stab          0x0000e6ac       0xe4 /usr/lib/gcc/avr/4.5.3/../../../avr/lib/avr51/libc.a(eewr_byte_atmega128rfa1.o)
                                 0xf0 (size before relaxing)
 .stab          0x0000e790      0x198 /usr/lib/gcc/avr/4.5.3/../../../avr/lib/avr51/libc.a(calloc.o)
                                0x1d4 (size before relaxing)
 .stab          0x0000e928      0x57c /usr/lib/gcc/avr/4.5.3/../../../avr/lib/avr51/libc.a(malloc.o)
                                0x75c (size before relaxing)
 .stab          0x0000eea4       0x6c /usr/lib/gcc/avr/4.5.3/../../../avr/lib/avr51/libc.a(memset.o)
                                 0x78 (size before relaxing)

.stabstr        0x00000000     0x8d44
 *(.stabstr)
 .stabstr       0x00000000     0x8d44 /usr/lib/gcc/avr/4.5.3/../../../avr/lib/avr51/crtm128rfa1.o

.stab.excl
 *(.stab.excl)

.stab.exclstr
 *(.stab.exclstr)

.stab.index
 *(.stab.index)

.stab.indexstr
 *(.stab.indexstr)

.comment
 *(.comment)

.debug
 *(.debug)

.line
 *(.line)

.debug_srcinfo
 *(.debug_srcinfo)

.debug_sfnames
 *(.debug_sfnames)

.debug_aranges
 *(.debug_aranges)

.debug_pubnames
 *(.debug_pubnames)

.debug_info
 *(.debug_info)
 *(.gnu.linkonce.wi.*)

.debug_abbrev
 *(.debug_abbrev)

.debug_line
 *(.debug_line)

.debug_frame
 *(.debug_frame)

.debug_str
 *(.debug_str)

.debug_loc
 *(.debug_loc)

.debug_macinfo
 *(.debug_macinfo)
OUTPUT(main.elf elf32-avr)
LOAD linker stubs

Cross Reference Table

Symbol                                            File
NRK_ADC_INPUT_0                                   ../../../src/platform/firefly3/source/ulib.o
NRK_ADC_INPUT_1                                   ../../../src/platform/firefly3/source/ulib.o
NRK_ADC_INPUT_2                                   ../../../src/platform/firefly3/source/ulib.o
NRK_ADC_INPUT_3                                   ../../../src/platform/firefly3/source/ulib.o
NRK_ADC_INPUT_4                                   ../../../src/platform/firefly3/source/ulib.o
NRK_ADC_INPUT_5                                   ../../../src/platform/firefly3/source/ulib.o
NRK_ADC_INPUT_6                                   ../../../src/platform/firefly3/source/ulib.o
NRK_ADC_INPUT_7                                   ../../../src/platform/firefly3/source/ulib.o
NRK_BUTTON                                        ../../../src/platform/firefly3/source/ulib.o
NRK_GPIO26                                        ../../../src/platform/firefly3/source/ulib.o
NRK_GPIO34                                        ../../../src/platform/firefly3/source/ulib.o
NRK_LED_0                                         ../../../src/platform/firefly3/source/ulib.o
NRK_LED_1                                         ../../../src/platform/firefly3/source/ulib.o
NRK_LED_2                                         ../../../src/platform/firefly3/source/ulib.o
NRK_LED_3                                         ../../../src/platform/firefly3/source/ulib.o
NRK_MISO                                          ../../../src/platform/firefly3/source/ulib.o
NRK_MMC_10                                        ../../../src/platform/firefly3/source/ulib.o
NRK_MMC_11                                        ../../../src/platform/firefly3/source/ulib.o
NRK_MMC_9                                         ../../../src/platform/firefly3/source/ulib.o
NRK_MOSI                                          ../../../src/platform/firefly3/source/ulib.o
NRK_SCK                                           ../../../src/platform/firefly3/source/ulib.o
NRK_SPI_SS                                        ../../../src/platform/firefly3/source/ulib.o
NRK_UART0_RXD                                     ../../../src/platform/firefly3/source/ulib.o
NRK_UART0_TXD                                     ../../../src/platform/firefly3/source/ulib.o
NRK_UART1_RXD                                     ../../../src/platform/firefly3/source/ulib.o
NRK_UART1_TXD                                     ../../../src/platform/firefly3/source/ulib.o
PORT_INIT                                         ../../../src/platform/firefly3/source/ulib.o
SIG_OUTPUT_COMPARE1A                              ../../../src/kernel/hal/atmega128rfa1/nrk_timer.o
Stack1                                            main.o
Task1                                             main.o
TaskOne                                           main.o
__bad_interrupt                                   /usr/lib/gcc/avr/4.5.3/../../../avr/lib/avr51/crtm128rfa1.o
__brkval                                          /usr/lib/gcc/avr/4.5.3/../../../avr/lib/avr51/libc.a(malloc.o)
__bss_end                                         /usr/lib/gcc/avr/4.5.3/avr51/libgcc.a(_clear_bss.o)
__bss_start                                       /usr/lib/gcc/avr/4.5.3/avr51/libgcc.a(_clear_bss.o)
__clz_tab                                         /usr/lib/gcc/avr/4.5.3/avr51/libgcc.a(_clz.o)
                                                  /usr/lib/gcc/avr/4.5.3/avr51/libgcc.a(_udivdi3.o)
__data_end                                        /usr/lib/gcc/avr/4.5.3/avr51/libgcc.a(_copy_data.o)
__data_load_start                                 /usr/lib/gcc/avr/4.5.3/avr51/libgcc.a(_copy_data.o)
__data_start                                      /usr/lib/gcc/avr/4.5.3/avr51/libgcc.a(_copy_data.o)
__do_clear_bss                                    /usr/lib/gcc/avr/4.5.3/avr51/libgcc.a(_clear_bss.o)
                                                  /usr/lib/gcc/avr/4.5.3/../../../avr/lib/avr51/libc.a(malloc.o)
                                                  /usr/lib/gcc/avr/4.5.3/../../../avr/lib/avr51/libc.a(iob.o)
                                                  ../../../src/kernel/hal/atmega128rfa1/nrk_cpu.o
                                                  ../../../src/kernel/hal/atmega128rfa1/nrk_watchdog.o
                                                  ../../../src/kernel/hal/atmega128rfa1/nrk_ext_int.o
                                                  ../../../src/kernel/hal/atmega128rfa1/nrk_status.o
                                                  ../../../src/kernel/hal/atmega128rfa1/nrk_timer.o
                                                  ../../../src/kernel/source/nrk_sw_wdt.o
                                                  ../../../src/kernel/source/nrk_scheduler.o
                                                  ../../../src/kernel/source/nrk_idle_task.o
                                                  ../../../src/kernel/source/nrk_time.o
                                                  ../../../src/kernel/source/nrk_task.o
                                                  ../../../src/kernel/source/nrk_events.o
                                                  ../../../src/kernel/source/nrk_stack_check.o
                                                  ../../../src/kernel/source/nrk_error.o
                                                  ../../../src/kernel/source/nrk_stats.o
                                                  ../../../src/kernel/source/nrk.o
                                                  ../../../src/platform/firefly3/source/nrk_eeprom.o
                                                  ../../../src/platform/firefly3/source/ulib.o
                                                  ../../../src/radio/rf231_soc/source/basic_rf.o
                                                  main.o
__do_copy_data                                    /usr/lib/gcc/avr/4.5.3/avr51/libgcc.a(_copy_data.o)
                                                  /usr/lib/gcc/avr/4.5.3/../../../avr/lib/avr51/libc.a(malloc.o)
                                                  /usr/lib/gcc/avr/4.5.3/avr51/libgcc.a(_clz.o)
                                                  ../../../src/kernel/source/nrk_stack_check.o
                                                  ../../../src/kernel/source/nrk_error.o
                                                  ../../../src/kernel/source/nrk_stats.o
                                                  ../../../src/platform/firefly3/source/ulib.o
                                                  main.o
__eerd_byte_m128rfa1                              /usr/lib/gcc/avr/4.5.3/../../../avr/lib/avr51/libc.a(eerd_byte_atmega128rfa1.o)
                                                  ../../../src/platform/firefly3/source/nrk_eeprom.o
__eewr_byte_m128rfa1                              /usr/lib/gcc/avr/4.5.3/../../../avr/lib/avr51/libc.a(eewr_byte_atmega128rfa1.o)
                                                  ../../../src/platform/firefly3/source/nrk_eeprom.o
__eewr_r18_m128rfa1                               /usr/lib/gcc/avr/4.5.3/../../../avr/lib/avr51/libc.a(eewr_byte_atmega128rfa1.o)
__epilogue_restores__                             /usr/lib/gcc/avr/4.5.3/avr51/libgcc.a(_epilogue.o)
                                                  /usr/lib/gcc/avr/4.5.3/avr51/libgcc.a(_udivdi3.o)
__flp                                             /usr/lib/gcc/avr/4.5.3/../../../avr/lib/avr51/libc.a(malloc.o)
__heap_end                                        /usr/lib/gcc/avr/4.5.3/../../../avr/lib/avr51/crtm128rfa1.o
                                                  /usr/lib/gcc/avr/4.5.3/../../../avr/lib/avr51/libc.a(malloc.o)
__heap_start                                      /usr/lib/gcc/avr/4.5.3/../../../avr/lib/avr51/libc.a(malloc.o)
__init                                            /usr/lib/gcc/avr/4.5.3/../../../avr/lib/avr51/crtm128rfa1.o
__iob                                             /usr/lib/gcc/avr/4.5.3/../../../avr/lib/avr51/libc.a(printf.o)
                                                  /usr/lib/gcc/avr/4.5.3/../../../avr/lib/avr51/libc.a(iob.o)
                                                  /usr/lib/gcc/avr/4.5.3/../../../avr/lib/avr51/libc.a(fdevopen.o)
                                                  ../../../src/kernel/source/nrk_error.o
                                                  ../../../src/platform/firefly3/source/ulib.o
__malloc_heap_end                                 /usr/lib/gcc/avr/4.5.3/../../../avr/lib/avr51/libc.a(malloc.o)
__malloc_heap_start                               /usr/lib/gcc/avr/4.5.3/../../../avr/lib/avr51/libc.a(malloc.o)
__malloc_margin                                   /usr/lib/gcc/avr/4.5.3/../../../avr/lib/avr51/libc.a(malloc.o)
__mulsi3                                          /usr/lib/gcc/avr/4.5.3/avr51/libgcc.a(_mulsi3.o)
                                                  /usr/lib/gcc/avr/4.5.3/avr51/libgcc.a(_udivdi3.o)
                                                  ../../../src/kernel/source/nrk_scheduler.o
                                                  ../../../src/kernel/source/nrk_time.o
                                                  ../../../src/kernel/source/nrk_stats.o
                                                  ../../../src/radio/rf231_soc/source/basic_rf.o
__prologue_saves__                                /usr/lib/gcc/avr/4.5.3/avr51/libgcc.a(_prologue.o)
                                                  /usr/lib/gcc/avr/4.5.3/avr51/libgcc.a(_udivdi3.o)
__stack                                           /usr/lib/gcc/avr/4.5.3/../../../avr/lib/avr51/crtm128rfa1.o
__udivdi3                                         /usr/lib/gcc/avr/4.5.3/avr51/libgcc.a(_udivdi3.o)
                                                  ../../../src/kernel/source/nrk_time.o
__udivmodhi4                                      /usr/lib/gcc/avr/4.5.3/avr51/libgcc.a(_udivmodhi4.o)
                                                  ../../../src/kernel/source/nrk_scheduler.o
__udivmodsi4                                      /usr/lib/gcc/avr/4.5.3/avr51/libgcc.a(_udivmodsi4.o)
                                                  /usr/lib/gcc/avr/4.5.3/avr51/libgcc.a(_udivdi3.o)
                                                  ../../../src/kernel/source/nrk_scheduler.o
                                                  ../../../src/kernel/source/nrk_time.o
                                                  ../../../src/kernel/source/nrk_stats.o
__ultoa_invert                                    /usr/lib/gcc/avr/4.5.3/../../../avr/lib/avr51/libc.a(ultoa_invert.o)
                                                  /usr/lib/gcc/avr/4.5.3/../../../avr/lib/avr51/libprintf_min.a(vfprintf_min.o)
__vector_1                                        ../../../src/kernel/hal/atmega128rfa1/nrk_ext_int.o
                                                  /usr/lib/gcc/avr/4.5.3/../../../avr/lib/avr51/crtm128rfa1.o
__vector_10                                       /usr/lib/gcc/avr/4.5.3/../../../avr/lib/avr51/crtm128rfa1.o
__vector_11                                       /usr/lib/gcc/avr/4.5.3/../../../avr/lib/avr51/crtm128rfa1.o
__vector_12                                       /usr/lib/gcc/avr/4.5.3/../../../avr/lib/avr51/crtm128rfa1.o
__vector_13                                       ../../../src/kernel/hal/atmega128rfa1/nrk_timer.o
                                                  /usr/lib/gcc/avr/4.5.3/../../../avr/lib/avr51/crtm128rfa1.o
__vector_14                                       /usr/lib/gcc/avr/4.5.3/../../../avr/lib/avr51/crtm128rfa1.o
__vector_15                                       ../../../src/kernel/hal/atmega128rfa1/nrk_timer.o
                                                  /usr/lib/gcc/avr/4.5.3/../../../avr/lib/avr51/crtm128rfa1.o
__vector_16                                       /usr/lib/gcc/avr/4.5.3/../../../avr/lib/avr51/crtm128rfa1.o
__vector_17                                       /usr/lib/gcc/avr/4.5.3/../../../avr/lib/avr51/crtm128rfa1.o
__vector_18                                       /usr/lib/gcc/avr/4.5.3/../../../avr/lib/avr51/crtm128rfa1.o
__vector_19                                       /usr/lib/gcc/avr/4.5.3/../../../avr/lib/avr51/crtm128rfa1.o
__vector_2                                        /usr/lib/gcc/avr/4.5.3/../../../avr/lib/avr51/crtm128rfa1.o
__vector_20                                       /usr/lib/gcc/avr/4.5.3/../../../avr/lib/avr51/crtm128rfa1.o
__vector_21                                       /usr/lib/gcc/avr/4.5.3/../../../avr/lib/avr51/crtm128rfa1.o
__vector_22                                       /usr/lib/gcc/avr/4.5.3/../../../avr/lib/avr51/crtm128rfa1.o
__vector_23                                       /usr/lib/gcc/avr/4.5.3/../../../avr/lib/avr51/crtm128rfa1.o
__vector_24                                       /usr/lib/gcc/avr/4.5.3/../../../avr/lib/avr51/crtm128rfa1.o
__vector_25                                       /usr/lib/gcc/avr/4.5.3/../../../avr/lib/avr51/crtm128rfa1.o
__vector_26                                       /usr/lib/gcc/avr/4.5.3/../../../avr/lib/avr51/crtm128rfa1.o
__vector_27                                       /usr/lib/gcc/avr/4.5.3/../../../avr/lib/avr51/crtm128rfa1.o
__vector_28                                       /usr/lib/gcc/avr/4.5.3/../../../avr/lib/avr51/crtm128rfa1.o
__vector_29                                       /usr/lib/gcc/avr/4.5.3/../../../avr/lib/avr51/crtm128rfa1.o
__vector_3                                        /usr/lib/gcc/avr/4.5.3/../../../avr/lib/avr51/crtm128rfa1.o
__vector_30                                       /usr/lib/gcc/avr/4.5.3/../../../avr/lib/avr51/crtm128rfa1.o
__vector_31                                       /usr/lib/gcc/avr/4.5.3/../../../avr/lib/avr51/crtm128rfa1.o
__vector_32                                       ../../../src/kernel/hal/atmega128rfa1/nrk_timer.o
                                                  /usr/lib/gcc/avr/4.5.3/../../../avr/lib/avr51/crtm128rfa1.o
__vector_33                                       /usr/lib/gcc/avr/4.5.3/../../../avr/lib/avr51/crtm128rfa1.o
__vector_34                                       /usr/lib/gcc/avr/4.5.3/../../../avr/lib/avr51/crtm128rfa1.o
__vector_35                                       /usr/lib/gcc/avr/4.5.3/../../../avr/lib/avr51/crtm128rfa1.o
__vector_36                                       /usr/lib/gcc/avr/4.5.3/../../../avr/lib/avr51/crtm128rfa1.o
__vector_37                                       /usr/lib/gcc/avr/4.5.3/../../../avr/lib/avr51/crtm128rfa1.o
__vector_38                                       /usr/lib/gcc/avr/4.5.3/../../../avr/lib/avr51/crtm128rfa1.o
__vector_39                                       /usr/lib/gcc/avr/4.5.3/../../../avr/lib/avr51/crtm128rfa1.o
__vector_4                                        /usr/lib/gcc/avr/4.5.3/../../../avr/lib/avr51/crtm128rfa1.o
__vector_40                                       /usr/lib/gcc/avr/4.5.3/../../../avr/lib/avr51/crtm128rfa1.o
__vector_41                                       /usr/lib/gcc/avr/4.5.3/../../../avr/lib/avr51/crtm128rfa1.o
__vector_42                                       /usr/lib/gcc/avr/4.5.3/../../../avr/lib/avr51/crtm128rfa1.o
__vector_43                                       /usr/lib/gcc/avr/4.5.3/../../../avr/lib/avr51/crtm128rfa1.o
__vector_44                                       /usr/lib/gcc/avr/4.5.3/../../../avr/lib/avr51/crtm128rfa1.o
__vector_45                                       /usr/lib/gcc/avr/4.5.3/../../../avr/lib/avr51/crtm128rfa1.o
__vector_46                                       /usr/lib/gcc/avr/4.5.3/../../../avr/lib/avr51/crtm128rfa1.o
__vector_47                                       /usr/lib/gcc/avr/4.5.3/../../../avr/lib/avr51/crtm128rfa1.o
__vector_48                                       /usr/lib/gcc/avr/4.5.3/../../../avr/lib/avr51/crtm128rfa1.o
__vector_49                                       /usr/lib/gcc/avr/4.5.3/../../../avr/lib/avr51/crtm128rfa1.o
__vector_5                                        /usr/lib/gcc/avr/4.5.3/../../../avr/lib/avr51/crtm128rfa1.o
__vector_50                                       /usr/lib/gcc/avr/4.5.3/../../../avr/lib/avr51/crtm128rfa1.o
__vector_51                                       /usr/lib/gcc/avr/4.5.3/../../../avr/lib/avr51/crtm128rfa1.o
__vector_52                                       /usr/lib/gcc/avr/4.5.3/../../../avr/lib/avr51/crtm128rfa1.o
__vector_53                                       /usr/lib/gcc/avr/4.5.3/../../../avr/lib/avr51/crtm128rfa1.o
__vector_54                                       /usr/lib/gcc/avr/4.5.3/../../../avr/lib/avr51/crtm128rfa1.o
__vector_55                                       /usr/lib/gcc/avr/4.5.3/../../../avr/lib/avr51/crtm128rfa1.o
__vector_56                                       /usr/lib/gcc/avr/4.5.3/../../../avr/lib/avr51/crtm128rfa1.o
__vector_57                                       ../../../src/radio/rf231_soc/source/basic_rf.o
                                                  /usr/lib/gcc/avr/4.5.3/../../../avr/lib/avr51/crtm128rfa1.o
__vector_58                                       ../../../src/radio/rf231_soc/source/basic_rf.o
                                                  /usr/lib/gcc/avr/4.5.3/../../../avr/lib/avr51/crtm128rfa1.o
__vector_59                                       ../../../src/radio/rf231_soc/source/basic_rf.o
                                                  /usr/lib/gcc/avr/4.5.3/../../../avr/lib/avr51/crtm128rfa1.o
__vector_6                                        /usr/lib/gcc/avr/4.5.3/../../../avr/lib/avr51/crtm128rfa1.o
__vector_60                                       ../../../src/radio/rf231_soc/source/basic_rf.o
                                                  /usr/lib/gcc/avr/4.5.3/../../../avr/lib/avr51/crtm128rfa1.o
__vector_61                                       ../../../src/radio/rf231_soc/source/basic_rf.o
                                                  /usr/lib/gcc/avr/4.5.3/../../../avr/lib/avr51/crtm128rfa1.o
__vector_62                                       ../../../src/radio/rf231_soc/source/basic_rf.o
                                                  /usr/lib/gcc/avr/4.5.3/../../../avr/lib/avr51/crtm128rfa1.o
__vector_63                                       ../../../src/radio/rf231_soc/source/basic_rf.o
                                                  /usr/lib/gcc/avr/4.5.3/../../../avr/lib/avr51/crtm128rfa1.o
__vector_64                                       ../../../src/radio/rf231_soc/source/basic_rf.o
                                                  /usr/lib/gcc/avr/4.5.3/../../../avr/lib/avr51/crtm128rfa1.o
__vector_65                                       /usr/lib/gcc/avr/4.5.3/../../../avr/lib/avr51/crtm128rfa1.o
__vector_66                                       /usr/lib/gcc/avr/4.5.3/../../../avr/lib/avr51/crtm128rfa1.o
__vector_67                                       /usr/lib/gcc/avr/4.5.3/../../../avr/lib/avr51/crtm128rfa1.o
__vector_68                                       /usr/lib/gcc/avr/4.5.3/../../../avr/lib/avr51/crtm128rfa1.o
__vector_69                                       /usr/lib/gcc/avr/4.5.3/../../../avr/lib/avr51/crtm128rfa1.o
__vector_7                                        /usr/lib/gcc/avr/4.5.3/../../../avr/lib/avr51/crtm128rfa1.o
__vector_70                                       /usr/lib/gcc/avr/4.5.3/../../../avr/lib/avr51/crtm128rfa1.o
__vector_71                                       /usr/lib/gcc/avr/4.5.3/../../../avr/lib/avr51/crtm128rfa1.o
__vector_8                                        /usr/lib/gcc/avr/4.5.3/../../../avr/lib/avr51/crtm128rfa1.o
__vector_9                                        ../../../src/kernel/hal/atmega128rfa1/nrk_ext_int.o
                                                  /usr/lib/gcc/avr/4.5.3/../../../avr/lib/avr51/crtm128rfa1.o
__vector_default                                  ../../../src/kernel/hal/atmega128rfa1/nrk_timer.o
                                                  /usr/lib/gcc/avr/4.5.3/../../../avr/lib/avr51/crtm128rfa1.o
__vectors                                         /usr/lib/gcc/avr/4.5.3/../../../avr/lib/avr51/crtm128rfa1.o
_exit                                             /usr/lib/gcc/avr/4.5.3/avr51/libgcc.a(_exit.o)
_free_node                                        ../../../src/kernel/hal/atmega128rfa1/nrk_cpu.o
                                                  ../../../src/kernel/source/nrk_scheduler.o
                                                  ../../../src/kernel/source/nrk_task.o
                                                  ../../../src/kernel/source/nrk_events.o
                                                  ../../../src/kernel/source/nrk_stats.o
                                                  ../../../src/kernel/source/nrk.o
_head_node                                        ../../../src/kernel/hal/atmega128rfa1/nrk_cpu.o
                                                  ../../../src/kernel/source/nrk_scheduler.o
                                                  ../../../src/kernel/source/nrk_task.o
                                                  ../../../src/kernel/source/nrk_events.o
                                                  ../../../src/kernel/source/nrk_stats.o
                                                  ../../../src/kernel/source/nrk.o
_nrk_cpu_state                                    ../../../src/kernel/source/nrk_scheduler.o
                                                  ../../../src/kernel/source/nrk_idle_task.o
                                                  ../../../src/kernel/source/nrk_task.o
                                                  ../../../src/kernel/source/nrk_events.o
                                                  ../../../src/kernel/source/nrk.o
_nrk_errno_set                                    ../../../src/kernel/source/nrk_error.o
                                                  ../../../src/kernel/source/nrk_events.o
_nrk_get_next_wakeup                              ../../../src/kernel/hal/atmega128rfa1/nrk_timer.o
                                                  ../../../src/kernel/source/nrk_idle_task.o
                                                  ../../../src/kernel/source/nrk_task.o
_nrk_high_speed_timer_get                         ../../../src/kernel/hal/atmega128rfa1/nrk_timer.o
                                                  ../../../src/kernel/source/nrk_scheduler.o
_nrk_high_speed_timer_reset                       ../../../src/kernel/hal/atmega128rfa1/nrk_timer.o
                                                  ../../../src/kernel/source/nrk_scheduler.o
_nrk_high_speed_timer_start                       ../../../src/kernel/hal/atmega128rfa1/nrk_timer.o
_nrk_high_speed_timer_stop                        ../../../src/kernel/hal/atmega128rfa1/nrk_timer.o
_nrk_os_timer_get                                 ../../../src/kernel/hal/atmega128rfa1/nrk_timer.o
                                                  ../../../src/kernel/source/nrk_scheduler.o
                                                  ../../../src/kernel/source/nrk_time.o
                                                  ../../../src/kernel/source/nrk_task.o
_nrk_os_timer_reset                               ../../../src/kernel/hal/atmega128rfa1/nrk_timer.o
_nrk_os_timer_set                                 ../../../src/kernel/hal/atmega128rfa1/nrk_timer.o
_nrk_os_timer_start                               ../../../src/kernel/hal/atmega128rfa1/nrk_timer.o
_nrk_os_timer_stop                                ../../../src/kernel/hal/atmega128rfa1/nrk_timer.o
_nrk_precision_os_timer_get                       ../../../src/kernel/hal/atmega128rfa1/nrk_timer.o
_nrk_precision_os_timer_reset                     ../../../src/kernel/hal/atmega128rfa1/nrk_timer.o
                                                  ../../../src/kernel/source/nrk_scheduler.o
_nrk_precision_os_timer_start                     ../../../src/kernel/hal/atmega128rfa1/nrk_timer.o
_nrk_precision_os_timer_stop                      ../../../src/kernel/hal/atmega128rfa1/nrk_timer.o
_nrk_prev_timer_val                               ../../../src/kernel/hal/atmega128rfa1/nrk_cpu.o
                                                  ../../../src/kernel/hal/atmega128rfa1/nrk_timer.o
                                                  ../../../src/kernel/source/nrk_scheduler.o
                                                  ../../../src/kernel/source/nrk_idle_task.o
                                                  ../../../src/kernel/source/nrk_time.o
                                                  ../../../src/kernel/source/nrk_task.o
                                                  ../../../src/kernel/source/nrk_events.o
                                                  ../../../src/kernel/source/nrk_error.o
                                                  ../../../src/radio/rf231_soc/source/basic_rf.o
                                                  main.o
_nrk_readyQ                                       ../../../src/kernel/hal/atmega128rfa1/nrk_cpu.o
                                                  ../../../src/kernel/source/nrk_scheduler.o
                                                  ../../../src/kernel/source/nrk_events.o
                                                  ../../../src/kernel/source/nrk_stats.o
                                                  ../../../src/kernel/source/nrk.o
_nrk_resource_cnt                                 ../../../src/kernel/hal/atmega128rfa1/nrk_cpu.o
                                                  ../../../src/kernel/source/nrk_scheduler.o
                                                  ../../../src/kernel/source/nrk_events.o
                                                  ../../../src/kernel/source/nrk_stats.o
                                                  ../../../src/kernel/source/nrk.o
_nrk_scheduler                                    ../../../src/kernel/source/nrk_scheduler.o
                                                  ../../../src/kernel/source/nrk.o
_nrk_set_next_wakeup                              ../../../src/kernel/hal/atmega128rfa1/nrk_timer.o
                                                  ../../../src/kernel/source/nrk_scheduler.o
                                                  ../../../src/kernel/source/nrk_task.o
_nrk_setup_timer                                  ../../../src/kernel/hal/atmega128rfa1/nrk_timer.o
                                                  ../../../src/kernel/hal/atmega128rfa1/nrk_cpu.o
_nrk_signal_list                                  ../../../src/kernel/hal/atmega128rfa1/nrk_cpu.o
                                                  ../../../src/kernel/hal/atmega128rfa1/nrk_watchdog.o
                                                  ../../../src/kernel/hal/atmega128rfa1/nrk_ext_int.o
                                                  ../../../src/kernel/hal/atmega128rfa1/nrk_status.o
                                                  ../../../src/kernel/hal/atmega128rfa1/nrk_timer.o
                                                  ../../../src/kernel/source/nrk_sw_wdt.o
                                                  ../../../src/kernel/source/nrk_scheduler.o
                                                  ../../../src/kernel/source/nrk_idle_task.o
                                                  ../../../src/kernel/source/nrk_time.o
                                                  ../../../src/kernel/source/nrk_task.o
                                                  ../../../src/kernel/source/nrk_events.o
                                                  ../../../src/kernel/source/nrk_stack_check.o
                                                  ../../../src/kernel/source/nrk_error.o
                                                  ../../../src/kernel/source/nrk_stats.o
                                                  ../../../src/kernel/source/nrk.o
                                                  ../../../src/platform/firefly3/source/nrk_eeprom.o
                                                  ../../../src/platform/firefly3/source/ulib.o
                                                  ../../../src/radio/rf231_soc/source/basic_rf.o
                                                  main.o
_nrk_startup_error                                ../../../src/kernel/hal/atmega128rfa1/nrk_status.o
                                                  ../../../src/kernel/source/nrk.o
_nrk_stats_add_violation                          ../../../src/kernel/source/nrk_stats.o
                                                  ../../../src/kernel/source/nrk_scheduler.o
_nrk_stats_sleep                                  ../../../src/kernel/source/nrk_stats.o
                                                  ../../../src/kernel/source/nrk_scheduler.o
_nrk_stats_sleep_time                             ../../../src/kernel/source/nrk_scheduler.o
                                                  ../../../src/kernel/source/nrk_stats.o
                                                  ../../../src/kernel/source/nrk.o
_nrk_stats_task_preempted                         ../../../src/kernel/source/nrk_stats.o
                                                  ../../../src/kernel/source/nrk_scheduler.o
_nrk_stats_task_start                             ../../../src/kernel/source/nrk_stats.o
                                                  ../../../src/kernel/source/nrk_scheduler.o
_nrk_stats_task_suspend                           ../../../src/kernel/source/nrk_stats.o
                                                  ../../../src/kernel/source/nrk_scheduler.o
_nrk_ticks_to_time                                ../../../src/kernel/source/nrk_time.o
                                                  ../../../src/kernel/source/nrk_stats.o
_nrk_time_to_ticks                                ../../../src/kernel/source/nrk_time.o
                                                  ../../../src/kernel/source/nrk_task.o
                                                  ../../../src/kernel/source/nrk.o
_nrk_time_to_ticks_long                           ../../../src/kernel/source/nrk_time.o
_nrk_time_trigger                                 ../../../src/kernel/hal/atmega128rfa1/nrk_cpu.o
                                                  ../../../src/kernel/hal/atmega128rfa1/nrk_timer.o
                                                  ../../../src/kernel/source/nrk_scheduler.o
                                                  ../../../src/kernel/source/nrk_idle_task.o
                                                  ../../../src/kernel/source/nrk_time.o
                                                  ../../../src/kernel/source/nrk_task.o
                                                  ../../../src/kernel/source/nrk_events.o
                                                  ../../../src/kernel/source/nrk_error.o
                                                  ../../../src/radio/rf231_soc/source/basic_rf.o
                                                  main.o
_nrk_timer_tick                                   ../../../src/kernel/source/nrk.o
                                                  ../../../src/kernel/hal/atmega128rfa1/nrk_cpu.o
_nrk_wait_for_scheduler                           ../../../src/kernel/source/nrk_task.o
app_timer0_callback                               ../../../src/kernel/hal/atmega128rfa1/nrk_cpu.o
                                                  ../../../src/kernel/hal/atmega128rfa1/nrk_timer.o
                                                  ../../../src/kernel/source/nrk_scheduler.o
                                                  ../../../src/kernel/source/nrk_idle_task.o
                                                  ../../../src/kernel/source/nrk_time.o
                                                  ../../../src/kernel/source/nrk_task.o
                                                  ../../../src/kernel/source/nrk_events.o
                                                  ../../../src/kernel/source/nrk_error.o
                                                  ../../../src/radio/rf231_soc/source/basic_rf.o
                                                  main.o
app_timer0_prescale                               ../../../src/kernel/hal/atmega128rfa1/nrk_cpu.o
                                                  ../../../src/kernel/hal/atmega128rfa1/nrk_timer.o
                                                  ../../../src/kernel/source/nrk_scheduler.o
                                                  ../../../src/kernel/source/nrk_idle_task.o
                                                  ../../../src/kernel/source/nrk_time.o
                                                  ../../../src/kernel/source/nrk_task.o
                                                  ../../../src/kernel/source/nrk_events.o
                                                  ../../../src/kernel/source/nrk_error.o
                                                  ../../../src/radio/rf231_soc/source/basic_rf.o
                                                  main.o
blink_dash                                        ../../../src/kernel/source/nrk_error.o
blink_dot                                         ../../../src/kernel/source/nrk_error.o
blink_morse_code_error                            ../../../src/kernel/source/nrk_error.o
calloc                                            /usr/lib/gcc/avr/4.5.3/../../../avr/lib/avr51/libc.a(calloc.o)
                                                  /usr/lib/gcc/avr/4.5.3/../../../avr/lib/avr51/libc.a(fdevopen.o)
cur_task_stats                                    ../../../src/kernel/source/nrk_scheduler.o
                                                  ../../../src/kernel/source/nrk_stats.o
                                                  ../../../src/kernel/source/nrk.o
curr_t                                            ../../../src/radio/rf231_soc/source/basic_rf.o
dummy_t                                           ../../../src/radio/rf231_soc/source/basic_rf.o
dump_stack_info                                   ../../../src/kernel/source/nrk_stack_check.o
error_num                                         ../../../src/kernel/hal/atmega128rfa1/nrk_cpu.o
                                                  ../../../src/kernel/hal/atmega128rfa1/nrk_watchdog.o
                                                  ../../../src/kernel/hal/atmega128rfa1/nrk_ext_int.o
                                                  ../../../src/kernel/hal/atmega128rfa1/nrk_status.o
                                                  ../../../src/kernel/hal/atmega128rfa1/nrk_timer.o
                                                  ../../../src/kernel/source/nrk_sw_wdt.o
                                                  ../../../src/kernel/source/nrk_scheduler.o
                                                  ../../../src/kernel/source/nrk_idle_task.o
                                                  ../../../src/kernel/source/nrk_time.o
                                                  ../../../src/kernel/source/nrk_task.o
                                                  ../../../src/kernel/source/nrk_events.o
                                                  ../../../src/kernel/source/nrk_stack_check.o
                                                  ../../../src/kernel/source/nrk_error.o
                                                  ../../../src/kernel/source/nrk_stats.o
                                                  ../../../src/kernel/source/nrk.o
                                                  ../../../src/platform/firefly3/source/nrk_eeprom.o
                                                  ../../../src/platform/firefly3/source/ulib.o
                                                  ../../../src/radio/rf231_soc/source/basic_rf.o
                                                  main.o
error_task                                        ../../../src/kernel/hal/atmega128rfa1/nrk_cpu.o
                                                  ../../../src/kernel/hal/atmega128rfa1/nrk_watchdog.o
                                                  ../../../src/kernel/hal/atmega128rfa1/nrk_ext_int.o
                                                  ../../../src/kernel/hal/atmega128rfa1/nrk_status.o
                                                  ../../../src/kernel/hal/atmega128rfa1/nrk_timer.o
                                                  ../../../src/kernel/source/nrk_sw_wdt.o
                                                  ../../../src/kernel/source/nrk_scheduler.o
                                                  ../../../src/kernel/source/nrk_idle_task.o
                                                  ../../../src/kernel/source/nrk_time.o
                                                  ../../../src/kernel/source/nrk_task.o
                                                  ../../../src/kernel/source/nrk_events.o
                                                  ../../../src/kernel/source/nrk_stack_check.o
                                                  ../../../src/kernel/source/nrk_error.o
                                                  ../../../src/kernel/source/nrk_stats.o
                                                  ../../../src/kernel/source/nrk.o
                                                  ../../../src/platform/firefly3/source/nrk_eeprom.o
                                                  ../../../src/platform/firefly3/source/ulib.o
                                                  ../../../src/radio/rf231_soc/source/basic_rf.o
                                                  main.o
exit                                              /usr/lib/gcc/avr/4.5.3/avr51/libgcc.a(_exit.o)
                                                  /usr/lib/gcc/avr/4.5.3/../../../avr/lib/avr51/crtm128rfa1.o
ext_int0_callback                                 ../../../src/kernel/hal/atmega128rfa1/nrk_ext_int.o
ext_int1_callback                                 ../../../src/kernel/hal/atmega128rfa1/nrk_ext_int.o
ext_int2_callback                                 ../../../src/kernel/hal/atmega128rfa1/nrk_ext_int.o
fdevopen                                          /usr/lib/gcc/avr/4.5.3/../../../avr/lib/avr51/libc.a(fdevopen.o)
                                                  ../../../src/platform/firefly3/source/ulib.o
fputc                                             /usr/lib/gcc/avr/4.5.3/../../../avr/lib/avr51/libc.a(fputc.o)
                                                  /usr/lib/gcc/avr/4.5.3/../../../avr/lib/avr51/libprintf_min.a(vfprintf_min.o)
                                                  ../../../src/kernel/source/nrk_error.o
                                                  ../../../src/platform/firefly3/source/ulib.o
free                                              /usr/lib/gcc/avr/4.5.3/../../../avr/lib/avr51/libc.a(malloc.o)
getc0                                             ../../../src/platform/firefly3/source/ulib.o
getc1                                             ../../../src/platform/firefly3/source/ulib.o
halWait                                           ../../../src/platform/firefly3/source/hal_wait.o
main                                              main.o
                                                  /usr/lib/gcc/avr/4.5.3/../../../avr/lib/avr51/crtm128rfa1.o
malloc                                            /usr/lib/gcc/avr/4.5.3/../../../avr/lib/avr51/libc.a(malloc.o)
                                                  /usr/lib/gcc/avr/4.5.3/../../../avr/lib/avr51/libc.a(calloc.o)
mdmctrl0                                          ../../../src/radio/rf231_soc/source/basic_rf.o
memcpy                                            /usr/lib/gcc/avr/4.5.3/../../../avr/lib/avr51/libc.a(memcpy.o)
                                                  ../../../src/radio/rf231_soc/source/basic_rf.o
memset                                            /usr/lib/gcc/avr/4.5.3/../../../avr/lib/avr51/libc.a(memset.o)
                                                  /usr/lib/gcc/avr/4.5.3/../../../avr/lib/avr51/libc.a(calloc.o)
my_timer_callback                                 main.o
next_next_wakeup                                  ../../../src/kernel/source/nrk_scheduler.o
                                                  ../../../src/kernel/source/nrk_idle_task.o
                                                  ../../../src/kernel/source/nrk_task.o
                                                  ../../../src/kernel/source/nrk_events.o
                                                  ../../../src/kernel/source/nrk.o
nrk_TCB_init                                      ../../../src/kernel/source/nrk.o
                                                  ../../../src/kernel/source/nrk_task.o
nrk_activate_task                                 ../../../src/kernel/source/nrk_task.o
                                                  ../../../src/kernel/source/nrk.o
                                                  main.o
nrk_add_to_readyQ                                 ../../../src/kernel/source/nrk_task.o
                                                  ../../../src/kernel/source/nrk_scheduler.o
nrk_battery_save                                  ../../../src/kernel/hal/atmega128rfa1/nrk_cpu.o
nrk_create_taskset                                main.o
nrk_cur_task_TCB                                  ../../../src/kernel/hal/atmega128rfa1/nrk_cpu.o
                                                  ../../../src/kernel/hal/atmega128rfa1/nrk_timer.o
                                                  ../../../src/kernel/source/nrk_scheduler.o
                                                  ../../../src/kernel/source/nrk_task.o
                                                  ../../../src/kernel/source/nrk_events.o
                                                  ../../../src/kernel/source/nrk_stack_check.o
                                                  ../../../src/kernel/source/nrk_error.o
                                                  ../../../src/kernel/source/nrk_stats.o
                                                  ../../../src/kernel/source/nrk.o
nrk_cur_task_prio                                 ../../../src/kernel/hal/atmega128rfa1/nrk_cpu.o
                                                  ../../../src/kernel/source/nrk_scheduler.o
                                                  ../../../src/kernel/source/nrk_events.o
                                                  ../../../src/kernel/source/nrk_stats.o
                                                  ../../../src/kernel/source/nrk.o
nrk_eeprom_read_byte                              ../../../src/platform/firefly3/source/nrk_eeprom.o
nrk_eeprom_write_byte                             ../../../src/platform/firefly3/source/nrk_eeprom.o
nrk_errno_get                                     ../../../src/kernel/source/nrk_error.o
nrk_error_add                                     ../../../src/kernel/source/nrk_error.o
                                                  ../../../src/kernel/hal/atmega128rfa1/nrk_cpu.o
                                                  ../../../src/kernel/source/nrk_idle_task.o
                                                  ../../../src/kernel/source/nrk_stack_check.o
nrk_error_get                                     ../../../src/kernel/source/nrk_error.o
nrk_error_print                                   ../../../src/kernel/source/nrk_error.o
nrk_event_signal                                  ../../../src/kernel/source/nrk_events.o
nrk_event_wait                                    ../../../src/kernel/source/nrk_events.o
nrk_ext_int_configure                             ../../../src/kernel/hal/atmega128rfa1/nrk_ext_int.o
nrk_ext_int_disable                               ../../../src/kernel/hal/atmega128rfa1/nrk_ext_int.o
nrk_ext_int_enable                                ../../../src/kernel/hal/atmega128rfa1/nrk_ext_int.o
nrk_get_button                                    ../../../src/platform/firefly3/source/ulib.o
nrk_get_high_ready_task_ID                        ../../../src/kernel/source/nrk_task.o
                                                  ../../../src/kernel/source/nrk_scheduler.o
                                                  ../../../src/kernel/source/nrk.o
nrk_get_pid                                       ../../../src/kernel/source/nrk_task.o
                                                  main.o
nrk_get_resource_index                            ../../../src/kernel/source/nrk_events.o
nrk_gpio_clr                                      ../../../src/platform/firefly3/source/ulib.o
nrk_gpio_direction                                ../../../src/platform/firefly3/source/ulib.o