Archive member included because of file (symbol)

/usr/lib/gcc/avr/4.5.3/../../../avr/lib/avr51/libprintf_flt.a(vfprintf_flt.o)
                              (vfprintf)
/usr/lib/gcc/avr/4.5.3/../../../avr/lib/avr51/libm.a(addsf3.o)
                              ./..//src/drivers/platform/micaZ/source/mda100_driver.o (__subsf3)
/usr/lib/gcc/avr/4.5.3/../../../avr/lib/avr51/libm.a(addsf3x.o)
                              /usr/lib/gcc/avr/4.5.3/../../../avr/lib/avr51/libm.a(addsf3.o) (__addsf3x)
/usr/lib/gcc/avr/4.5.3/../../../avr/lib/avr51/libm.a(divsf3.o)
                              ./..//src/drivers/platform/micaZ/source/adc_driver.o (__divsf3)
/usr/lib/gcc/avr/4.5.3/../../../avr/lib/avr51/libm.a(divsf3x.o)
                              /usr/lib/gcc/avr/4.5.3/../../../avr/lib/avr51/libm.a(divsf3.o) (__divsf3x)
/usr/lib/gcc/avr/4.5.3/../../../avr/lib/avr51/libm.a(fixunssfsi.o)
                              ./..//src/drivers/platform/micaZ/source/TUM_LKN_Sensorboard_driver.o (__fixunssfsi)
/usr/lib/gcc/avr/4.5.3/../../../avr/lib/avr51/libm.a(floatsisf.o)
                              ./..//src/drivers/platform/micaZ/source/adc_driver.o (__floatunsisf)
/usr/lib/gcc/avr/4.5.3/../../../avr/lib/avr51/libm.a(fp_inf.o)
                              /usr/lib/gcc/avr/4.5.3/../../../avr/lib/avr51/libm.a(addsf3x.o) (__fp_inf)
/usr/lib/gcc/avr/4.5.3/../../../avr/lib/avr51/libm.a(fp_nan.o)
                              /usr/lib/gcc/avr/4.5.3/../../../avr/lib/avr51/libm.a(addsf3x.o) (__fp_nan)
/usr/lib/gcc/avr/4.5.3/../../../avr/lib/avr51/libm.a(fp_pscA.o)
                              /usr/lib/gcc/avr/4.5.3/../../../avr/lib/avr51/libm.a(addsf3x.o) (__fp_pscA)
/usr/lib/gcc/avr/4.5.3/../../../avr/lib/avr51/libm.a(fp_pscB.o)
                              /usr/lib/gcc/avr/4.5.3/../../../avr/lib/avr51/libm.a(addsf3x.o) (__fp_pscB)
/usr/lib/gcc/avr/4.5.3/../../../avr/lib/avr51/libm.a(fp_round.o)
                              /usr/lib/gcc/avr/4.5.3/../../../avr/lib/avr51/libm.a(addsf3.o) (__fp_round)
/usr/lib/gcc/avr/4.5.3/../../../avr/lib/avr51/libm.a(fp_split3.o)
                              /usr/lib/gcc/avr/4.5.3/../../../avr/lib/avr51/libm.a(addsf3x.o) (__fp_split3)
/usr/lib/gcc/avr/4.5.3/../../../avr/lib/avr51/libm.a(fp_zero.o)
                              /usr/lib/gcc/avr/4.5.3/../../../avr/lib/avr51/libm.a(addsf3x.o) (__fp_zero)
/usr/lib/gcc/avr/4.5.3/../../../avr/lib/avr51/libm.a(gesf2.o)
                              ./..//src/drivers/platform/micaZ/source/TUM_LKN_Sensorboard_driver.o (__gesf2)
/usr/lib/gcc/avr/4.5.3/../../../avr/lib/avr51/libm.a(log.o)
                              ./..//src/drivers/platform/micaZ/source/mda100_driver.o (log)
/usr/lib/gcc/avr/4.5.3/../../../avr/lib/avr51/libm.a(mulsf3.o)
                              ./..//src/drivers/platform/micaZ/source/mda100_driver.o (__mulsf3)
/usr/lib/gcc/avr/4.5.3/../../../avr/lib/avr51/libm.a(mulsf3x.o)
                              /usr/lib/gcc/avr/4.5.3/../../../avr/lib/avr51/libm.a(log.o) (__mulsf3x)
/usr/lib/gcc/avr/4.5.3/../../../avr/lib/avr51/libm.a(pow.o)
                              ./..//src/drivers/platform/micaZ/source/mda100_driver.o (pow)
/usr/lib/gcc/avr/4.5.3/../../../avr/lib/avr51/libm.a(exp.o)
                              /usr/lib/gcc/avr/4.5.3/../../../avr/lib/avr51/libm.a(pow.o) (exp)
/usr/lib/gcc/avr/4.5.3/../../../avr/lib/avr51/libm.a(fp_cmp.o)
                              /usr/lib/gcc/avr/4.5.3/../../../avr/lib/avr51/libm.a(gesf2.o) (__fp_cmp)
/usr/lib/gcc/avr/4.5.3/../../../avr/lib/avr51/libm.a(fp_mpack.o)
                              /usr/lib/gcc/avr/4.5.3/../../../avr/lib/avr51/libm.a(log.o) (__fp_mpack)
/usr/lib/gcc/avr/4.5.3/../../../avr/lib/avr51/libm.a(fp_powser.o)
                              /usr/lib/gcc/avr/4.5.3/../../../avr/lib/avr51/libm.a(log.o) (__fp_powser)
/usr/lib/gcc/avr/4.5.3/../../../avr/lib/avr51/libm.a(inverse.o)
                              /usr/lib/gcc/avr/4.5.3/../../../avr/lib/avr51/libm.a(exp.o) (inverse)
/usr/lib/gcc/avr/4.5.3/../../../avr/lib/avr51/libm.a(ldexp.o)
                              /usr/lib/gcc/avr/4.5.3/../../../avr/lib/avr51/libm.a(exp.o) (ldexp)
/usr/lib/gcc/avr/4.5.3/../../../avr/lib/avr51/libm.a(modf.o)
                              /usr/lib/gcc/avr/4.5.3/../../../avr/lib/avr51/libm.a(exp.o) (modf)
/usr/lib/gcc/avr/4.5.3/avr51/libgcc.a(_mulsi3.o)
                              ./..//src/kernel/source/nrk_time.o (__mulsi3)
/usr/lib/gcc/avr/4.5.3/avr51/libgcc.a(_udivmodhi4.o)
                              ./..//src/kernel/source/nrk_scheduler.o (__udivmodhi4)
/usr/lib/gcc/avr/4.5.3/avr51/libgcc.a(_udivmodsi4.o)
                              ./..//src/kernel/source/nrk_time.o (__udivmodsi4)
/usr/lib/gcc/avr/4.5.3/avr51/libgcc.a(_exit.o)
                              /usr/lib/gcc/avr/4.5.3/../../../avr/lib/avr51/crtm128.o (exit)
/usr/lib/gcc/avr/4.5.3/avr51/libgcc.a(_copy_data.o)
                              main.o (__do_copy_data)
/usr/lib/gcc/avr/4.5.3/avr51/libgcc.a(_clear_bss.o)
[...]
Memory Configuration

Name             Origin             Length             Attributes
text             0x00000000         0x00020000         xr
data             0x00800100         0x0000ff00         rw !x
eeprom           0x00810000         0x00010000         rw !x
fuse             0x00820000         0x00000400         rw !x
lock             0x00830000         0x00000400         rw !x
signature        0x00840000         0x00000400         rw !x
*default*        0x00000000         0xffffffff

Linker script and memory map

Address of section .data set to 0x800100
LOAD /usr/lib/gcc/avr/4.5.3/../../../avr/lib/avr51/crtm128.o
LOAD main.o
LOAD ./..//src/radio/cc2420/source/hal_rf_set_channel.o
LOAD ./..//src/radio/cc2420/source/hal_rf_wait_for_crystal_oscillator.o
LOAD ./..//src/radio/cc2420/source/basic_rf.o
LOAD ./..//src/platform/micaZ/source/ulib.o
LOAD ./..//src/platform/micaZ/source/hal_wait.o
LOAD ./..//src/platform/micaZ/source/nrk_eeprom.o
LOAD ./..//src/kernel/source/nrk.o
LOAD ./..//src/kernel/source/nrk_stats.o
LOAD ./..//src/kernel/source/nrk_error.o
LOAD ./..//src/kernel/source/nrk_stack_check.o
LOAD ./..//src/kernel/source/nrk_events.o
LOAD ./..//src/kernel/source/nrk_task.o
LOAD ./..//src/kernel/source/nrk_time.o
LOAD ./..//src/kernel/source/nrk_idle_task.o
LOAD ./..//src/kernel/source/nrk_scheduler.o
LOAD ./..//src/kernel/source/nrk_driver.o
LOAD ./..//src/kernel/source/nrk_reserve.o
LOAD ./..//src/kernel/source/nrk_sw_wdt.o
LOAD ./..//src/kernel/hal/atmega128/nrk_timer.o
LOAD ./..//src/kernel/hal/atmega128/nrk_status.o
LOAD ./..//src/kernel/hal/atmega128/nrk_ext_int.o
LOAD ./..//src/kernel/hal/atmega128/nrk_watchdog.o
LOAD ./..//src/kernel/hal/atmega128/nrk_cpu.o
LOAD ./..//src/drivers/platform/micaZ/source/ad5242.o
LOAD ./..//src/drivers/platform/micaZ/source/adc_driver.o
LOAD ./..//src/drivers/platform/micaZ/source/i2c_driver.o
LOAD ./..//src/drivers/platform/micaZ/source/mda100_driver.o
LOAD ./..//src/drivers/platform/micaZ/source/mts310cb_driver.o
LOAD ./..//src/drivers/platform/micaZ/source/DS2401.o
LOAD ./..//src/drivers/platform/micaZ/source/DOGM128-6_Graphicdisplay_driver.o
LOAD ./..//src/drivers/platform/micaZ/source/eDIP240-7_TouchPanel_driver.o
LOAD ./..//src/drivers/platform/micaZ/source/TUM_LKN_Sensorboard_driver.o
LOAD ./..//src/kernel/hal/atmega128/atmel_hw_specific.o
LOAD /usr/lib/gcc/avr/4.5.3/../../../avr/lib/avr51/libprintf_flt.a
LOAD /usr/lib/gcc/avr/4.5.3/../../../avr/lib/avr51/libm.a
LOAD /usr/lib/gcc/avr/4.5.3/avr51/libgcc.a
LOAD /usr/lib/gcc/avr/4.5.3/../../../avr/lib/avr51/libc.a
LOAD /usr/lib/gcc/avr/4.5.3/avr51/libgcc.a

.hash
 *(.hash)

.dynsym
 *(.dynsym)

.dynstr
 *(.dynstr)

.gnu.version
 *(.gnu.version)

.gnu.version_d
 *(.gnu.version_d)

.gnu.version_r
 *(.gnu.version_r)

.rel.init
 *(.rel.init)

.rela.init
 *(.rela.init)

.rel.text
 *(.rel.text)
 *(.rel.text.*)
 *(.rel.gnu.linkonce.t*)

.rela.text
 *(.rela.text)
 *(.rela.text.*)
 *(.rela.gnu.linkonce.t*)

.rel.fini
 *(.rel.fini)

.rela.fini
 *(.rela.fini)

.rel.rodata
 *(.rel.rodata)
 *(.rel.rodata.*)
 *(.rel.gnu.linkonce.r*)

.rela.rodata
 *(.rela.rodata)
 *(.rela.rodata.*)
 *(.rela.gnu.linkonce.r*)

.rel.data
 *(.rel.data)
 *(.rel.data.*)
 *(.rel.gnu.linkonce.d*)

.rela.data
 *(.rela.data)
 *(.rela.data.*)
 *(.rela.gnu.linkonce.d*)

.rel.ctors
 *(.rel.ctors)

.rela.ctors
 *(.rela.ctors)

.rel.dtors
 *(.rel.dtors)

.rela.dtors
 *(.rela.dtors)

.rel.got
 *(.rel.got)

.rela.got
 *(.rela.got)

.rel.bss
 *(.rel.bss)

.rela.bss
 *(.rela.bss)

.rel.plt
 *(.rel.plt)

.rela.plt
 *(.rela.plt)

.text           0x00000000     0x8900
 *(.vectors)
 .vectors       0x00000000       0x8c /usr/lib/gcc/avr/4.5.3/../../../avr/lib/avr51/crtm128.o
                0x00000000                __vectors
 *(.vectors)
 *(.progmem.gcc*)
 .progmem.gcc_sw_table
                0x0000008c       0x2c ./..//src/kernel/source/nrk_error.o
 .progmem.gcc_fplib
                0x000000b8       0x5a /usr/lib/gcc/avr/4.5.3/../../../avr/lib/avr51/libm.a(log.o)
 .progmem.gcc_fplib
                0x00000112       0x28 /usr/lib/gcc/avr/4.5.3/../../../avr/lib/avr51/libm.a(exp.o)
 *(.progmem*)
 .progmem.data  0x0000013a      0x238 ./..//src/kernel/source/nrk_error.o
 .progmem.data  0x00000372        0xf ./..//src/kernel/source/nrk_stack_check.o
 .progmem.data  0x00000381        0xf ./..//src/kernel/source/nrk_task.o
 .progmem.data  0x00000390      0x500 ./..//src/drivers/platform/micaZ/source/DOGM128-6_Graphicdisplay_driver.o
                0x00000390                font5x7
 .progmem.data  0x00000890        0x8 /usr/lib/gcc/avr/4.5.3/../../../avr/lib/avr51/libprintf_flt.a(vfprintf_flt.o)
 .progmem.data  0x00000898       0xfa /usr/lib/gcc/avr/4.5.3/../../../avr/lib/avr51/libc.a(ftoa_engine.o)
                0x00000992                . = ALIGN (0x2)
                0x00000992                __trampolines_start = .
 *(.trampolines)
 .trampolines   0x00000992        0x0 linker stubs
 *(.trampolines*)
                0x00000992                __trampolines_end = .
 *(.jumptables)
 *(.jumptables*)
 *(.lowtext)
 *(.lowtext*)
                0x00000992                __ctors_start = .
 *(.ctors)
                0x00000992                __ctors_end = .
                0x00000992                __dtors_start = .
 *(.dtors)
                0x00000992                __dtors_end = .
 SORT(*)(.ctors)
 SORT(*)(.dtors)
 *(.init0)
 .init0         0x00000992        0x0 /usr/lib/gcc/avr/4.5.3/../../../avr/lib/avr51/crtm128.o
                0x00000992                __init
 *(.init0)
 *(.init1)
 *(.init1)
 *(.init2)
 .init2         0x00000992        0xc /usr/lib/gcc/avr/4.5.3/../../../avr/lib/avr51/crtm128.o
 *(.init2)
 *(.init3)
 *(.init3)
 *(.init4)
 .init4         0x0000099e       0x1a /usr/lib/gcc/avr/4.5.3/avr51/libgcc.a(_copy_data.o)
                0x0000099e                __do_copy_data
 .init4         0x000009b8       0x10 /usr/lib/gcc/avr/4.5.3/avr51/libgcc.a(_clear_bss.o)
                0x000009b8                __do_clear_bss
 *(.init4)
 *(.init5)
 *(.init5)
 *(.init6)
 *(.init6)
 *(.init7)
 *(.init7)
 *(.init8)
 *(.init8)
 *(.init9)
 .init9         0x000009c8        0x8 /usr/lib/gcc/avr/4.5.3/../../../avr/lib/avr51/crtm128.o
 *(.init9)
 *(.text)
 .text          0x000009d0        0x4 /usr/lib/gcc/avr/4.5.3/../../../avr/lib/avr51/crtm128.o
                0x000009d0                __vector_22
                0x000009d0                __vector_28
                0x000009d0                __vector_32
                0x000009d0                __vector_34
                0x000009d0                __vector_24
                0x000009d0                __vector_12
                0x000009d0                __bad_interrupt
                0x000009d0                __vector_6
                0x000009d0                __vector_31
                0x000009d0                __vector_3
                0x000009d0                __vector_23
                0x000009d0                __vector_30
                0x000009d0                __vector_25
                0x000009d0                __vector_11
                0x000009d0                __vector_13
                0x000009d0                __vector_17
                0x000009d0                __vector_19
                0x000009d0                __vector_7
                0x000009d0                __vector_27
                0x000009d0                __vector_5
                0x000009d0                __vector_33
                0x000009d0                __vector_4
                0x000009d0                __vector_2
                0x000009d0                __vector_21
                0x000009d0                __vector_29
                0x000009d0                __vector_8
                0x000009d0                __vector_26
                0x000009d0                __vector_14
                0x000009d0                __vector_10
                0x000009d0                __vector_18
                0x000009d0                __vector_20
 .text          0x000009d4      0x276 main.o
                0x000009d4                task_2_func
                0x00000a44                task_1_func
                0x00000ab4                main
 .text          0x00000c4a       0x36 ./..//src/radio/cc2420/source/hal_rf_set_channel.o
                0x00000c4a                halRfSetChannel
 .text          0x00000c80       0x16 ./..//src/radio/cc2420/source/hal_rf_wait_for_crystal_oscillator.o
                0x00000c80                halRfWaitForCrystalOscillator
 .text          0x00000c96     0x115a ./..//src/radio/cc2420/source/basic_rf.o
                0x00000c96                cc259x_rx
                0x00000ca8                cc259x_tx
                0x00000cba                rf_power_down
                0x00000cd8                rf_power_up
                0x00000cf2                rf_security_last_pkt_status
                0x00000cf8                rf_security_set_ctr_counter
                0x00000d6c                rf_security_set_key
                0x00000f02                rf_security_enable
                0x00000f42                rf_security_disable
                0x00000f64                rf_get_sem
                0x00000f6e                rf_tx_power
                0x00000f92                rf_set_channel
                0x00000f98                rf_addr_decode_enable
                0x00000fcc                rf_addr_decode_disable
                0x00001000                rf_auto_ack_enable
                0x0000103a                rf_auto_ack_disable
                0x00001072                rf_addr_decode_set_my_mac
                0x000010cc                rf_set_rx
                0x000010fe                rf_init
                0x0000126c                rf_rx_on
                0x00001290                rf_polling_rx_on
                0x000012b4                rf_rx_off
                0x000012ca                rf_tx_tdma_packet
                0x00001576                rf_tx_packet
                0x00001858                rf_busy
                0x00001860                rf_rx_check_fifop
                0x00001868                rf_rx_check_sfd
                0x00001870                rf_polling_rx_packet
                0x00001c1e                rf_rx_packet
                0x00001c34                rf_flush_rx_fifo
                0x00001c4e                rf_set_cca_thresh
                0x00001c74                rf_test_mode
                0x00001cbc                rf_data_mode
                0x00001d00                rf_rx_set_serial
                0x00001d2e                rf_tx_set_serial
                0x00001d50                rf_set_preamble_length
                0x00001d8e                rf_set_cca_mode
                0x00001dd4                rf_carrier_on
                0x00001de2                rf_carrier_off
 .text          0x00001df0      0x514 ./..//src/platform/micaZ/source/ulib.o
                0x00001df0                getc0
                0x00001dfa                putc0
                0x00001e04                nrk_uart_rx_signal_get
                0x00001e08                nrk_uart_data_ready
                0x00001e24                nrk_kprintf
                0x00001e4a                nrk_gpio_set
                0x00001ed6                nrk_gpio_clr
                0x00001f64                nrk_gpio_get
                0x00001fd0                nrk_gpio_pullups
                0x00001fe4                nrk_gpio_toggle
                0x00002070                nrk_gpio_direction
                0x00002196                nrk_get_button
                0x0000219a                nrk_led_toggle
                0x000021c0                nrk_led_clr
                0x000021e6                nrk_setup_ports
                0x0000222e                nrk_led_set
                0x00002254                putc1
                0x0000226c                setup_uart0
                0x00002284                nrk_setup_uart
                0x000022c2                setup_uart1
                0x000022ec                getc1
 .text          0x00002304        0xe ./..//src/platform/micaZ/source/hal_wait.o
                0x00002304                halWait
 .text          0x00002312      0x142 ./..//src/platform/micaZ/source/nrk_eeprom.o
                0x00002312                nrk_eeprom_read_byte
                0x00002318                nrk_eeprom_write_byte
                0x00002320                read_eeprom_mac_address
                0x0000238c                read_eeprom_channel
                0x000023a4                write_eeprom_load_img_pages
                0x000023b4                read_eeprom_load_img_pages
                0x000023cc                read_eeprom_aes_key
                0x000023fc                write_eeprom_aes_key
                0x0000242c                read_eeprom_current_image_checksum
                0x00002444                write_eeprom_current_image_checksum
 .text          0x00002454      0x43e ./..//src/kernel/source/nrk.o
                0x00002454                nrk_int_disable
                0x00002458                nrk_int_enable
                0x0000245c                nrk_halt
                0x00002462                nrk_init
                0x000025ee                nrk_start
                0x0000269a                nrk_TCB_init
                0x00002886                _nrk_timer_tick
                0x0000288c                nrk_version
 .text          0x00002892        0x0 ./..//src/kernel/source/nrk_stats.o
 .text          0x00002892      0x456 ./..//src/kernel/source/nrk_error.o
                0x00002892                _nrk_errno_set
                0x0000289e                nrk_errno_get
                0x000028aa                nrk_error_get
                0x000028c6                pause
                0x000028f0                blink_dot
                0x0000290a                blink_dash
                0x0000292c                blink_morse_code_error
                0x00002a90                nrk_error_print
                0x00002c4e                nrk_kernel_error_add
                0x00002cd0                nrk_error_add
 .text          0x00002ce8      0x260 ./..//src/kernel/source/nrk_stack_check.o
                0x00002ce8                dump_stack_info
                0x00002eb8                nrk_stack_check
                0x00002f00                nrk_stack_check_pid
 .text          0x00002f48      0x790 ./..//src/kernel/source/nrk_events.o
                0x00002f48                nrk_signal_create
                0x00002fb4                nrk_signal_get_registered_mask
                0x00002fc6                nrk_signal_delete
                0x000030d6                nrk_signal_unregister
                0x0000315a                nrk_signal_register
                0x000031c2                nrk_event_signal
                0x000032a8                nrk_event_wait
                0x0000331e                nrk_sem_create
                0x00003362                nrk_get_resource_index
                0x0000338c                nrk_sem_delete
                0x000033d0                nrk_sem_post
                0x0000352c                nrk_sem_pend
                0x000036a6                nrk_sem_query
 .text          0x000036d8      0x73e ./..//src/kernel/source/nrk_task.o
                0x000036d8                nrk_get_high_ready_task_ID
                0x000036e4                nrk_print_readyQ
                0x00003756                nrk_add_to_readyQ
                0x000038d4                nrk_rem_from_readyQ
                0x00003974                nrk_activate_task
                0x00003a26                nrk_set_next_wakeup
                0x00003a94                _nrk_wait_for_scheduler
                0x00003aa8                nrk_wait
                0x00003b58                nrk_wait_until_nw
                0x00003ba6                nrk_wait_until_ticks
                0x00003c00                nrk_wait_ticks
                0x00003c7e                nrk_wait_until_next_n_periods
                0x00003ce4                nrk_wait_until_next_period
                0x00003d3c                nrk_terminate_task
                0x00003d5e                nrk_wait_until
                0x00003e0a                nrk_get_pid
 .text          0x00003e16      0x596 ./..//src/kernel/source/nrk_time.o
                0x00003e16                nrk_time_get
                0x00003ed2                nrk_time_sub
                0x00003ff0                nrk_time_compact_nanos
                0x00004036                nrk_time_add
                0x000040ec                nrk_time_set
                0x0000410e                _nrk_time_to_ticks
                0x0000422c                _nrk_ticks_to_time
                0x0000429e                _nrk_time_to_ticks_long
 .text          0x000043ac       0x36 ./..//src/kernel/source/nrk_idle_task.o
                0x000043ac                nrk_idle_task
 .text          0x000043e2      0x558 ./..//src/kernel/source/nrk_scheduler.o
                0x000043e2                _nrk_scheduler
 .text          0x0000493a        0x0 ./..//src/kernel/source/nrk_driver.o
 .text          0x0000493a        0x0 ./..//src/kernel/source/nrk_reserve.o
 .text          0x0000493a        0x0 ./..//src/kernel/source/nrk_sw_wdt.o
 .text          0x0000493a      0x2f2 ./..//src/kernel/hal/atmega128/nrk_timer.o
                0x0000493a                nrk_spin_wait_us
                0x00004948                _nrk_high_speed_timer_stop
                0x0000494c                _nrk_high_speed_timer_start
                0x00004952                _nrk_high_speed_timer_reset
                0x0000495e                _nrk_high_speed_timer_get
                0x00004980                nrk_high_speed_timer_wait
                0x000049f0                _nrk_os_timer_set
                0x000049f4                _nrk_os_timer_stop
                0x00004a04                _nrk_os_timer_start
                0x00004a10                _nrk_os_timer_reset
                0x00004a22                _nrk_setup_timer
                0x00004a5a                _nrk_precision_os_timer_reset
                0x00004a5c                _nrk_get_next_wakeup
                0x00004a62                _nrk_set_next_wakeup
                0x00004a68                _nrk_os_timer_get
                0x00004a6c                __vector_default
                0x00004ac0                __vector_15
                0x00004ac0                __vector_16
                0x00004b26                nrk_timer_int_stop
                0x00004b34                nrk_timer_int_reset
                0x00004b42                nrk_timer_int_read
                0x00004b54                nrk_timer_int_start
                0x00004b66                nrk_timer_int_configure
                0x00004bc8                __vector_9
 .text          0x00004c2c       0x4a ./..//src/kernel/hal/atmega128/nrk_status.o
                0x00004c2c                _nrk_startup_error
 .text          0x00004c76       0x60 ./..//src/kernel/hal/atmega128/nrk_ext_int.o
                0x00004c76                nrk_ext_int_enable
                0x00004c7a                nrk_ext_int_disable
                0x00004c7e                nrk_ext_int_configure
                0x00004c82                __vector_1
 .text          0x00004cd6       0x48 ./..//src/kernel/hal/atmega128/nrk_watchdog.o
                0x00004cd6                nrk_watchdog_disable
                0x00004cf0                nrk_watchdog_enable
                0x00004d0c                nrk_watchdog_check
                0x00004d1a                nrk_watchdog_reset
 .text          0x00004d1e      0x104 ./..//src/kernel/hal/atmega128/nrk_cpu.o
                0x00004d1e                nrk_battery_save
                0x00004d20                nrk_task_set_entry_function
                0x00004d28                nrk_sleep
                0x00004d40                nrk_idle
                0x00004d56                nrk_task_stk_init
                0x00004dac                nrk_task_set_stk
                0x00004dea                nrk_stack_pointer_restore
                0x00004df8                nrk_stack_pointer_init
                0x00004e18                nrk_target_start
 .text          0x00004e22       0x42 ./..//src/drivers/platform/micaZ/source/ad5242.o
                0x00004e22                ad5242_init
                0x00004e28                ad5242_set
 .text          0x00004e64       0x6a ./..//src/drivers/platform/micaZ/source/adc_driver.o
                0x00004e64                adc_init
                0x00004e90                adc_Powersave
                0x00004e94                adc_GetChannel
                0x00004eac                adc_GetBatteryVoltage
 .text          0x00004ece       0xf6 ./..//src/drivers/platform/micaZ/source/i2c_driver.o
                0x00004ece                i2c_init
                0x00004ee4                i2c_waitForInterruptFlag
                0x00004eee                i2c_actionStart
                0x00004efa                i2c_start
                0x00004f1c                i2c_stop
                0x00004f34                i2c_send
                0x00004f5e                i2c_receive
                0x00004f82                i2c_controlByte_RX
                0x00004fa4                i2c_controlByte_TX
 .text          0x00004fc4      0x19c ./..//src/drivers/platform/micaZ/source/mda100_driver.o
                0x00004fc4                mda100_init
                0x00004fd0                mda100_Powersave
                0x00004fe2                mda100_LightSensor_Power
                0x00005016                mda100_TemperatureSensor_Power
                0x0000504a                mda100_LightSensor_GetCounts
                0x00005064                mda100_TemperatureSensor_GetCounts
                0x0000507e                mda100_TemperatureSensor_GetKelvin
                0x0000514e                mda100_TemperatureSensor_GetDegreeCelsius
 .text          0x00005160      0x26e ./..//src/drivers/platform/micaZ/source/mts310cb_driver.o
                0x00005160                mts310cb_init
                0x00005170                mts310cb_Powersave
                0x00005182                mts310cb_Accelerometer_Power
                0x000051ae                mts310cb_Magnetometer_Power
                0x000051da                mts310cb_TemperatureSensor_Power
                0x00005202                mts310cb_LightSensor_Power
                0x0000522a                mts310cb_Sounder_Power
                0x00005256                mts310cb_Microphone_Power
                0x00005282                mts310cb_Magnetometer_x_SetOffset
                0x000052ae                mts310cb_Magnetometer_y_SetOffset
                0x000052da                mts310cb_Microphone_SetGain
                0x00005306                mts310cb_Microphone_SetMode
                0x00005336                mts310cb_LightSensor_GetCounts
                0x00005350                mts310cb_TemperatureSensor_GetCounts
                0x0000536a                mts310cb_Microphone_GetCounts
                0x0000537e                mts310cb_Accelerometer_x_GetCounts
                0x00005392                mts310cb_Accelerometer_y_GetCounts
                0x000053a6                mts310cb_Magnetometer_x_GetCounts
                0x000053ba                mts310cb_Magnetometer_y_GetCounts
 .text          0x000053ce      0x1da ./..//src/drivers/platform/micaZ/source/DS2401.o
                0x000053ce                Maxim_1Wire_ResetPulse
                0x00005416                Maxim_1Wire_WriteBit
                0x0000544c                Maxim_1Wire_ReadBit
                0x00005480                Maxim_1Wire_WriteByte
                0x000054be                Maxim_1Wire_ReadByte
                0x000054f2                Maxim_1Wire_CommandReadRom
                0x000054fa                DS2401_init
                0x0000550c                DS2401_getSerialNumber
 .text          0x000055a8      0x21a ./..//src/drivers/platform/micaZ/source/DOGM128-6_Graphicdisplay_driver.o
                0x000055a8                DOGM128_6_usart1_sendByte
                0x00005620                DOGM128_6_clear_display
                0x00005682                DOGM128_6_display_init
                0x00005728                DOGM128_6_display_backlight
                0x00005734                DOGM128_6_LCD_print
 .text          0x000057c2      0x6bc ./..//src/drivers/platform/micaZ/source/eDIP240-7_TouchPanel_driver.o
                0x000057c2                USART0_putchar
                0x000057d2                USART0_getchar
                0x000057f6                eDIP240_7_Display_send_packet
                0x000058b6                eDIP240_7_Display_get_buffer
                0x000059b8                eDIP240_7_Display_request_buffer_info
                0x00005aba                eDIP240_7_Display_set_protocol
                0x00005b4e                eDIP240_7_Display_get_protocoll_info
                0x00005c60                eDIP240_7_Display_repeat_last_packet
                0x00005d3c                eDIP240_7_Display_select
                0x00005dc8                eDIP240_7_Display_deselect
                0x00005e54                eDIP240_7_Display_send_string
                0x00005e6c                eDIP240_7_Display_send_string_with_NULL
 .text          0x00005e7e      0x634 ./..//src/drivers/platform/micaZ/source/TUM_LKN_Sensorboard_driver.o
                0x00005e7e                setLedMode
                0x00005eae                getLedMode
                0x00005eda                S2V
                0x00005f08                V2S
                0x00005f30                setBits
                0x00005f38                prescalerSec2Hex
                0x00005f9c                pwmFrac2Hex
                0x00005ff4                TUM_LKN_Sensorboard_getCurrentStep
                0x00005ffa                TUM_LKN_Sensorboard_setControl0
                0x00006024                TUM_LKN_Sensorboard_setControl1
                0x0000604e                TUM_LKN_Sensorboard_setBrightness0
                0x0000605c                TUM_LKN_Sensorboard_setBrightness1
                0x0000606a                TWI_write
                0x000060ce                TWI_read
                0x0000614c                i2cAction
                0x00006178                setLeds
                0x000061c2                TUM_LKN_Sensorboard_greenBlink
                0x000061d4                TUM_LKN_Sensorboard_greenToggle
                0x000061ea                TUM_LKN_Sensorboard_greenOff
                0x000061f8                TUM_LKN_Sensorboard_greenOn
                0x00006206                TUM_LKN_Sensorboard_yellowBlink
                0x00006218                TUM_LKN_Sensorboard_yellowToggle
                0x0000622e                TUM_LKN_Sensorboard_yellowOff
                0x0000623c                TUM_LKN_Sensorboard_yellowOn
                0x0000624a                TUM_LKN_Sensorboard_redBlink
                0x0000625c                TUM_LKN_Sensorboard_redToggle
                0x00006272                TUM_LKN_Sensorboard_redOff
                0x00006280                TUM_LKN_Sensorboard_redOn
                0x0000628e                TUM_LKN_Sensorboard_laserBlink
                0x000062a0                TUM_LKN_Sensorboard_laserToggle
                0x000062b6                TUM_LKN_Sensorboard_laserOff
                0x000062c4                TUM_LKN_Sensorboard_laserOn
                0x000062d2                readADC
                0x0000631c                TUM_LKN_Sensorboard_readChannel
                0x00006322                TUM_LKN_Sensorboard_readChannel3
                0x0000632a                TUM_LKN_Sensorboard_readChannel2
                0x00006332                TUM_LKN_Sensorboard_readChannel1
                0x0000633a                TUM_LKN_Sensorboard_readPhotoVoltage
                0x00006342                writeDAC
                0x00006368                TUM_LKN_Sensorboard_writeValue
                0x00006372                readIOs
                0x0000638e                writeIOs
                0x000063b2                TUM_LKN_Sensorboard_halfStepCW
                0x000063da                TUM_LKN_Sensorboard_halfStepCCW
                0x00006402                TUM_LKN_Sensorboard_stepCW
                0x0000642a                TUM_LKN_Sensorboard_stepCCW
                0x00006452                TUM_LKN_Sensorboard_StepperIdle
                0x0000645e                TUM_LKN_Sensorboard_setBeeper
                0x00006476                TUM_LKN_Sensorboard_writeIO
                0x0000649e                TUM_LKN_Sensorboard_writeIOs
                0x000064a4                TUM_LKN_Sensorboard_init
 .text          0x000064b2       0x56 ./..//src/kernel/hal/atmega128/atmel_hw_specific.o
                0x000064b2                nrk_start_high_ready_task
 .text          0x00006508        0x0 /usr/lib/gcc/avr/4.5.3/../../../avr/lib/avr51/libprintf_flt.a(vfprintf_flt.o)
 .text          0x00006508        0x0 /usr/lib/gcc/avr/4.5.3/../../../avr/lib/avr51/libm.a(addsf3.o)
 .text          0x00006508        0x0 /usr/lib/gcc/avr/4.5.3/../../../avr/lib/avr51/libm.a(addsf3x.o)
 .text          0x00006508        0x0 /usr/lib/gcc/avr/4.5.3/../../../avr/lib/avr51/libm.a(divsf3.o)
 .text          0x00006508        0x0 /usr/lib/gcc/avr/4.5.3/../../../avr/lib/avr51/libm.a(divsf3x.o)
 .text          0x00006508        0x0 /usr/lib/gcc/avr/4.5.3/../../../avr/lib/avr51/libm.a(fixunssfsi.o)
 .text          0x00006508        0x0 /usr/lib/gcc/avr/4.5.3/../../../avr/lib/avr51/libm.a(floatsisf.o)
 .text          0x00006508        0x0 /usr/lib/gcc/avr/4.5.3/../../../avr/lib/avr51/libm.a(fp_inf.o)
 .text          0x00006508        0x0 /usr/lib/gcc/avr/4.5.3/../../../avr/lib/avr51/libm.a(fp_nan.o)
 .text          0x00006508        0x0 /usr/lib/gcc/avr/4.5.3/../../../avr/lib/avr51/libm.a(fp_pscA.o)
 .text          0x00006508        0x0 /usr/lib/gcc/avr/4.5.3/../../../avr/lib/avr51/libm.a(fp_pscB.o)
 .text          0x00006508        0x0 /usr/lib/gcc/avr/4.5.3/../../../avr/lib/avr51/libm.a(fp_round.o)
 .text          0x00006508        0x0 /usr/lib/gcc/avr/4.5.3/../../../avr/lib/avr51/libm.a(fp_split3.o)
 .text          0x00006508        0x0 /usr/lib/gcc/avr/4.5.3/../../../avr/lib/avr51/libm.a(fp_zero.o)
 .text          0x00006508        0x0 /usr/lib/gcc/avr/4.5.3/../../../avr/lib/avr51/libm.a(gesf2.o)
 .text          0x00006508        0x0 /usr/lib/gcc/avr/4.5.3/../../../avr/lib/avr51/libm.a(log.o)
 .text          0x00006508        0x0 /usr/lib/gcc/avr/4.5.3/../../../avr/lib/avr51/libm.a(mulsf3.o)
 .text          0x00006508        0x0 /usr/lib/gcc/avr/4.5.3/../../../avr/lib/avr51/libm.a(mulsf3x.o)
 .text          0x00006508        0x0 /usr/lib/gcc/avr/4.5.3/../../../avr/lib/avr51/libm.a(pow.o)
 .text          0x00006508        0x0 /usr/lib/gcc/avr/4.5.3/../../../avr/lib/avr51/libm.a(exp.o)
 .text          0x00006508        0x0 /usr/lib/gcc/avr/4.5.3/../../../avr/lib/avr51/libm.a(fp_cmp.o)
 .text          0x00006508        0x0 /usr/lib/gcc/avr/4.5.3/../../../avr/lib/avr51/libm.a(fp_mpack.o)
 .text          0x00006508        0x0 /usr/lib/gcc/avr/4.5.3/../../../avr/lib/avr51/libm.a(fp_powser.o)
 .text          0x00006508        0x0 /usr/lib/gcc/avr/4.5.3/../../../avr/lib/avr51/libm.a(inverse.o)
 .text          0x00006508        0x0 /usr/lib/gcc/avr/4.5.3/../../../avr/lib/avr51/libm.a(ldexp.o)
 .text          0x00006508        0x0 /usr/lib/gcc/avr/4.5.3/../../../avr/lib/avr51/libm.a(modf.o)
 .text          0x00006508        0x0 /usr/lib/gcc/avr/4.5.3/avr51/libgcc.a(_mulsi3.o)
 .text          0x00006508        0x0 /usr/lib/gcc/avr/4.5.3/avr51/libgcc.a(_udivmodhi4.o)
 .text          0x00006508        0x0 /usr/lib/gcc/avr/4.5.3/avr51/libgcc.a(_udivmodsi4.o)
 .text          0x00006508        0x0 /usr/lib/gcc/avr/4.5.3/avr51/libgcc.a(_exit.o)
 .text          0x00006508        0x0 /usr/lib/gcc/avr/4.5.3/avr51/libgcc.a(_copy_data.o)
 .text          0x00006508        0x0 /usr/lib/gcc/avr/4.5.3/avr51/libgcc.a(_clear_bss.o)
 .text          0x00006508      0xcac /usr/lib/gcc/avr/4.5.3/avr51/libgcc.a(_udivdi3.o)
                0x00006508                __udivdi3
 .text          0x000071b4        0x0 /usr/lib/gcc/avr/4.5.3/avr51/libgcc.a(_prologue.o)
 .text          0x000071b4        0x0 /usr/lib/gcc/avr/4.5.3/avr51/libgcc.a(_epilogue.o)
 .text          0x000071b4        0x0 /usr/lib/gcc/avr/4.5.3/avr51/libgcc.a(_clz.o)
 .text          0x000071b4        0x0 /usr/lib/gcc/avr/4.5.3/../../../avr/lib/avr51/libc.a(ftoa_engine.o)
 .text          0x000071b4        0x0 /usr/lib/gcc/avr/4.5.3/../../../avr/lib/avr51/libc.a(strnlen_P.o)
 .text          0x000071b4        0x0 /usr/lib/gcc/avr/4.5.3/../../../avr/lib/avr51/libc.a(strnlen.o)
 .text          0x000071b4        0x0 /usr/lib/gcc/avr/4.5.3/../../../avr/lib/avr51/libc.a(fdevopen.o)
 .text          0x000071b4        0x0 /usr/lib/gcc/avr/4.5.3/../../../avr/lib/avr51/libc.a(fgetc.o)
 .text          0x000071b4        0x0 /usr/lib/gcc/avr/4.5.3/../../../avr/lib/avr51/libc.a(fputc.o)
 .text          0x000071b4        0x0 /usr/lib/gcc/avr/4.5.3/../../../avr/lib/avr51/libc.a(iob.o)
 .text          0x000071b4        0x0 /usr/lib/gcc/avr/4.5.3/../../../avr/lib/avr51/libc.a(printf.o)
 .text          0x000071b4        0x0 /usr/lib/gcc/avr/4.5.3/../../../avr/lib/avr51/libc.a(puts.o)
 .text          0x000071b4        0x0 /usr/lib/gcc/avr/4.5.3/../../../avr/lib/avr51/libc.a(sprintf.o)
 .text          0x000071b4        0x0 /usr/lib/gcc/avr/4.5.3/../../../avr/lib/avr51/libc.a(ultoa_invert.o)
 .text          0x000071b4        0x0 /usr/lib/gcc/avr/4.5.3/../../../avr/lib/avr51/libc.a(eerd_byte_atmega128.o)
 .text          0x000071b4        0x0 /usr/lib/gcc/avr/4.5.3/../../../avr/lib/avr51/libc.a(eewr_byte_atmega128.o)
 .text          0x000071b4        0x0 /usr/lib/gcc/avr/4.5.3/../../../avr/lib/avr51/libc.a(calloc.o)
 .text          0x000071b4        0x0 /usr/lib/gcc/avr/4.5.3/../../../avr/lib/avr51/libc.a(malloc.o)
 .text          0x000071b4        0x0 /usr/lib/gcc/avr/4.5.3/../../../avr/lib/avr51/libc.a(memset.o)
                0x000071b4                . = ALIGN (0x2)
 *(.text.*)
 .text.avr-libc
                0x000071b4      0x75e /usr/lib/gcc/avr/4.5.3/../../../avr/lib/avr51/libprintf_flt.a(vfprintf_flt.o)
                0x000071b4                vfprintf
 .text.avr-libc.fplib
                0x00007912        0xa /usr/lib/gcc/avr/4.5.3/../../../avr/lib/avr51/libm.a(addsf3.o)
                0x00007912                __subsf3
                0x00007914                __addsf3
 .text.avr-libc.fplib
                0x0000791c       0xc0 /usr/lib/gcc/avr/4.5.3/../../../avr/lib/avr51/libm.a(addsf3x.o)
                0x00007936                __addsf3x
 .text.avr-libc.fplib
                0x000079dc        0x4 /usr/lib/gcc/avr/4.5.3/../../../avr/lib/avr51/libm.a(divsf3.o)
                0x000079dc                __divsf3
 .text.avr-libc.fplib
                0x000079e0       0xcc /usr/lib/gcc/avr/4.5.3/../../../avr/lib/avr51/libm.a(divsf3x.o)
                0x000079f6                __divsf3x
                0x000079fa                __divsf3_pse
 .text.avr-libc.fplib
                0x00007aac       0x58 /usr/lib/gcc/avr/4.5.3/../../../avr/lib/avr51/libm.a(fixunssfsi.o)
                0x00007aac                __fixunssfsi
 .text.avr-libc.fplib
                0x00007b04       0x7a /usr/lib/gcc/avr/4.5.3/../../../avr/lib/avr51/libm.a(floatsisf.o)
                0x00007b04                __floatunsisf
                0x00007b08                __floatsisf
 .text.avr-libc.fplib
                0x00007b7e        0xc /usr/lib/gcc/avr/4.5.3/../../../avr/lib/avr51/libm.a(fp_inf.o)
                0x00007b7e                __fp_inf
 .text.avr-libc.fplib
                0x00007b8a        0x6 /usr/lib/gcc/avr/4.5.3/../../../avr/lib/avr51/libm.a(fp_nan.o)
                0x00007b8a                __fp_nan
 .text.avr-libc.fplib
                0x00007b90        0xe /usr/lib/gcc/avr/4.5.3/../../../avr/lib/avr51/libm.a(fp_pscA.o)
                0x00007b90                __fp_pscA
 .text.avr-libc.fplib
                0x00007b9e        0xe /usr/lib/gcc/avr/4.5.3/../../../avr/lib/avr51/libm.a(fp_pscB.o)
                0x00007b9e                __fp_pscB
 .text.avr-libc.fplib
                0x00007bac       0x22 /usr/lib/gcc/avr/4.5.3/../../../avr/lib/avr51/libm.a(fp_round.o)
                0x00007bac                __fp_round
 .text.avr-libc.fplib
                0x00007bce       0x44 /usr/lib/gcc/avr/4.5.3/../../../avr/lib/avr51/libm.a(fp_split3.o)
                0x00007bce                __fp_split3
                0x00007bde                __fp_splitA
 .text.avr-libc.fplib
                0x00007c12        0xe /usr/lib/gcc/avr/4.5.3/../../../avr/lib/avr51/libm.a(fp_zero.o)
                0x00007c12                __fp_zero
                0x00007c14                __fp_szero
 .text.avr-libc.fplib
                0x00007c20        0x8 /usr/lib/gcc/avr/4.5.3/../../../avr/lib/avr51/libm.a(gesf2.o)
                0x00007c20                __gtsf2
                0x00007c20                __gesf2
 .text.avr-libc.fplib
                0x00007c28       0x8a /usr/lib/gcc/avr/4.5.3/../../../avr/lib/avr51/libm.a(log.o)
                0x00007c32                log
 .text.avr-libc.fplib
                0x00007cb2        0x4 /usr/lib/gcc/avr/4.5.3/../../../avr/lib/avr51/libm.a(mulsf3.o)
                0x00007cb2                __mulsf3
 .text.avr-libc.fplib
                0x00007cb6       0xc2 /usr/lib/gcc/avr/4.5.3/../../../avr/lib/avr51/libm.a(mulsf3x.o)
                0x00007cca                __mulsf3x
                0x00007cce                __mulsf3_pse
 .text.avr-libc.fplib
                0x00007d78       0x98 /usr/lib/gcc/avr/4.5.3/../../../avr/lib/avr51/libm.a(pow.o)
                0x00007d78                pow
 .text.avr-libc.fplib
                0x00007e10       0x62 /usr/lib/gcc/avr/4.5.3/../../../avr/lib/avr51/libm.a(exp.o)
                0x00007e1a                exp
 .text.avr-libc.fplib
                0x00007e72       0x48 /usr/lib/gcc/avr/4.5.3/../../../avr/lib/avr51/libm.a(fp_cmp.o)
                0x00007e72                __fp_cmp
 .text.avr-libc.fplib
                0x00007eba       0x1c /usr/lib/gcc/avr/4.5.3/../../../avr/lib/avr51/libm.a(fp_mpack.o)
                0x00007eba                __fp_mpack
                0x00007ebe                __fp_mpack_finite
 .text.avr-libc.fplib
                0x00007ed6       0x4a /usr/lib/gcc/avr/4.5.3/../../../avr/lib/avr51/libm.a(fp_powser.o)
                0x00007ed6                __fp_powser
 .text.avr-libc.fplib
                0x00007f20        0xe /usr/lib/gcc/avr/4.5.3/../../../avr/lib/avr51/libm.a(inverse.o)
                0x00007f20                inverse
 .text.avr-libc.fplib
                0x00007f2e       0x6c /usr/lib/gcc/avr/4.5.3/../../../avr/lib/avr51/libm.a(ldexp.o)
                0x00007f32                ldexp
 .text.avr-libc.fplib
                0x00007f9a       0x66 /usr/lib/gcc/avr/4.5.3/../../../avr/lib/avr51/libm.a(modf.o)
                0x00007f9a                modff
                0x00007f9a                modf
 .text.libgcc   0x00008000       0x3e /usr/lib/gcc/avr/4.5.3/avr51/libgcc.a(_mulsi3.o)
                0x00008000                __mulsi3
 .text.libgcc   0x0000803e       0x28 /usr/lib/gcc/avr/4.5.3/avr51/libgcc.a(_udivmodhi4.o)
                0x0000803e                __udivmodhi4
 .text.libgcc   0x00008066       0x44 /usr/lib/gcc/avr/4.5.3/avr51/libgcc.a(_udivmodsi4.o)
                0x00008066                __udivmodsi4
 .text.libgcc   0x000080aa        0x0 /usr/lib/gcc/avr/4.5.3/avr51/libgcc.a(_exit.o)
 .text.libgcc   0x000080aa        0x0 /usr/lib/gcc/avr/4.5.3/avr51/libgcc.a(_copy_data.o)
 .text.libgcc   0x000080aa        0x0 /usr/lib/gcc/avr/4.5.3/avr51/libgcc.a(_clear_bss.o)
 .text.libgcc   0x000080aa       0x38 /usr/lib/gcc/avr/4.5.3/avr51/libgcc.a(_prologue.o)
                0x000080aa                __prologue_saves__
 .text.libgcc   0x000080e2       0x36 /usr/lib/gcc/avr/4.5.3/avr51/libgcc.a(_epilogue.o)
                0x000080e2                __epilogue_restores__
 .text.avr-libc
                0x00008118      0x1b0 /usr/lib/gcc/avr/4.5.3/../../../avr/lib/avr51/libc.a(ftoa_engine.o)
                0x00008118                __ftoa_engine
 .text.avr-libc
                0x000082c8       0x16 /usr/lib/gcc/avr/4.5.3/../../../avr/lib/avr51/libc.a(strnlen_P.o)
                0x000082c8                strnlen_P
 .text.avr-libc
                0x000082de       0x16 /usr/lib/gcc/avr/4.5.3/../../../avr/lib/avr51/libc.a(strnlen.o)
                0x000082de                strnlen
 .text.avr-libc
                0x000082f4       0x96 /usr/lib/gcc/avr/4.5.3/../../../avr/lib/avr51/libc.a(fdevopen.o)
                0x000082f4                fdevopen
 .text.avr-libc
                0x0000838a       0x84 /usr/lib/gcc/avr/4.5.3/../../../avr/lib/avr51/libc.a(fgetc.o)
                0x0000838a                fgetc
 .text.avr-libc
                0x0000840e       0x58 /usr/lib/gcc/avr/4.5.3/../../../avr/lib/avr51/libc.a(fputc.o)
                0x0000840e                fputc
 .text.avr-libc
                0x00008466       0x24 /usr/lib/gcc/avr/4.5.3/../../../avr/lib/avr51/libc.a(printf.o)
                0x00008466                printf
 .text.avr-libc
                0x0000848a       0x6e /usr/lib/gcc/avr/4.5.3/../../../avr/lib/avr51/libc.a(puts.o)
                0x0000848a                puts
 .text.avr-libc
                0x000084f8       0x60 /usr/lib/gcc/avr/4.5.3/../../../avr/lib/avr51/libc.a(sprintf.o)
                0x000084f8                sprintf
 .text.avr-libc
                0x00008558       0xbc /usr/lib/gcc/avr/4.5.3/../../../avr/lib/avr51/libc.a(ultoa_invert.o)
                0x00008558                __ultoa_invert
 .text.avr-libc
                0x00008614       0x10 /usr/lib/gcc/avr/4.5.3/../../../avr/lib/avr51/libc.a(eerd_byte_atmega128.o)
                0x00008614                __eerd_byte_m128
 .text.avr-libc
                0x00008624       0x1a /usr/lib/gcc/avr/4.5.3/../../../avr/lib/avr51/libc.a(eewr_byte_atmega128.o)
                0x00008624                __eewr_byte_m128
                0x00008626                __eewr_r18_m128
 .text.avr-libc
                0x0000863e       0x4a /usr/lib/gcc/avr/4.5.3/../../../avr/lib/avr51/libc.a(calloc.o)
                0x0000863e                calloc
 .text.avr-libc
                0x00008688      0x266 /usr/lib/gcc/avr/4.5.3/../../../avr/lib/avr51/libc.a(malloc.o)
                0x00008688                malloc
                0x000087bc                free
 .text.avr-libc
                0x000088ee        0xe /usr/lib/gcc/avr/4.5.3/../../../avr/lib/avr51/libc.a(memset.o)
                0x000088ee                memset
                0x000088fc                . = ALIGN (0x2)
 *(.fini9)
 .fini9         0x000088fc        0x0 /usr/lib/gcc/avr/4.5.3/avr51/libgcc.a(_exit.o)
                0x000088fc                exit
                0x000088fc                _exit
 *(.fini9)
 *(.fini8)
 *(.fini8)
 *(.fini7)
 *(.fini7)
 *(.fini6)
 *(.fini6)
 *(.fini5)
 *(.fini5)
 *(.fini4)
 *(.fini4)
 *(.fini3)
 *(.fini3)
 *(.fini2)
 *(.fini2)
 *(.fini1)
 *(.fini1)
 *(.fini0)
 .fini0         0x000088fc        0x4 /usr/lib/gcc/avr/4.5.3/avr51/libgcc.a(_exit.o)
 *(.fini0)
                0x00008900                _etext = .

.data           0x00800100      0x276 load address 0x00008900
                0x00800100                PROVIDE (__data_start, .)
 *(.data)
 .data          0x00800100        0x0 /usr/lib/gcc/avr/4.5.3/../../../avr/lib/avr51/crtm128.o
 .data          0x00800100       0x22 main.o
                0x00800112                task_1_period
                0x00800116                task_1_execution
                0x0080011a                task_2_period
                0x0080011e                task_2_execution
 .data          0x00800122        0x0 ./..//src/radio/cc2420/source/hal_rf_set_channel.o
 .data          0x00800122        0x0 ./..//src/radio/cc2420/source/hal_rf_wait_for_crystal_oscillator.o
 .data          0x00800122        0x0 ./..//src/radio/cc2420/source/basic_rf.o
 .data          0x00800122       0x23 ./..//src/platform/micaZ/source/ulib.o
                0x00800122                NRK_LED_0
                0x00800123                NRK_LED_1
                0x00800124                NRK_LED_2
                0x00800125                NRK_VREG_EN
                0x00800126                NRK_RESET_N
                0x00800127                NRK_CSN
                0x00800128                NRK_SCK
                0x00800129                NRK_MOSI
                0x0080012a                NRK_MISO
                0x0080012b                NRK_FIFO
                0x0080012c                NRK_UART1_RXD
                0x0080012d                NRK_UART1_TXD
                0x0080012e                NRK_SFD
                0x0080012f                NRK_UART1_RTS
                0x00800130                NRK_CCA
                0x00800131                NRK_UART1_CTS
                0x00800132                NRK_UART0_RXD
                0x00800133                NRK_UART0_TXD
                0x00800134                NRK_FIFOP
                0x00800135                NRK_ADC_INPUT_0
                0x00800136                NRK_ADC_INPUT_1
                0x00800137                NRK_ADC_INPUT_2
                0x00800138                NRK_ADC_INPUT_3
                0x00800139                NRK_ADC_INPUT_6
                0x0080013a                NRK_ADC_INPUT_7
                0x0080013b                NRK_DEBUG_0
                0x0080013c                NRK_DEBUG_1
                0x0080013d                NRK_DEBUG_2
                0x0080013e                NRK_DEBUG_3
                0x0080013f                NRK_LED_3
                0x00800140                NRK_BLED
                0x00800141                NRK_SPI_SS
                0x00800142                NRK_GPIO26
                0x00800143                NRK_GPIO28
                0x00800144                NRK_GPIO34
 .data          0x00800145        0x0 ./..//src/platform/micaZ/source/hal_wait.o
 .data          0x00800145        0x0 ./..//src/platform/micaZ/source/nrk_eeprom.o
 .data          0x00800145        0x0 ./..//src/kernel/source/nrk.o
 .data          0x00800145        0x0 ./..//src/kernel/source/nrk_stats.o
 .data          0x00800145        0x3 ./..//src/kernel/source/nrk_error.o
 .data          0x00800148       0x4e ./..//src/kernel/source/nrk_stack_check.o
 .data          0x00800196       0x4e ./..//src/kernel/source/nrk_events.o
 .data          0x008001e4        0xe ./..//src/kernel/source/nrk_task.o
 .data          0x008001f2        0x0 ./..//src/kernel/source/nrk_time.o
 .data          0x008001f2        0x0 ./..//src/kernel/source/nrk_idle_task.o
 .data          0x008001f2       0x6d ./..//src/kernel/source/nrk_scheduler.o
 .data          0x0080025f        0x0 ./..//src/kernel/source/nrk_driver.o
 .data          0x0080025f        0x0 ./..//src/kernel/source/nrk_reserve.o
 .data          0x0080025f        0x0 ./..//src/kernel/source/nrk_sw_wdt.o
 .data          0x0080025f        0x0 ./..//src/kernel/hal/atmega128/nrk_timer.o
 .data          0x0080025f        0x0 ./..//src/kernel/hal/atmega128/nrk_status.o
 .data          0x0080025f        0x0 ./..//src/kernel/hal/atmega128/nrk_ext_int.o
 .data          0x0080025f        0x0 ./..//src/kernel/hal/atmega128/nrk_watchdog.o
 .data          0x0080025f        0x0 ./..//src/kernel/hal/atmega128/nrk_cpu.o
 .data          0x0080025f        0x0 ./..//src/drivers/platform/micaZ/source/ad5242.o
 .data          0x0080025f        0x0 ./..//src/drivers/platform/micaZ/source/adc_driver.o
 .data          0x0080025f        0x0 ./..//src/drivers/platform/micaZ/source/i2c_driver.o
 .data          0x0080025f        0x0 ./..//src/drivers/platform/micaZ/source/mda100_driver.o
 .data          0x0080025f        0x0 ./..//src/drivers/platform/micaZ/source/mts310cb_driver.o
 .data          0x0080025f        0x0 ./..//src/drivers/platform/micaZ/source/DS2401.o
 .data          0x0080025f        0x0 ./..//src/drivers/platform/micaZ/source/DOGM128-6_Graphicdisplay_driver.o
 .data          0x0080025f        0x0 ./..//src/drivers/platform/micaZ/source/eDIP240-7_TouchPanel_driver.o
 .data          0x0080025f       0x10 ./..//src/drivers/platform/micaZ/source/TUM_LKN_Sensorboard_driver.o
                0x0080025f                steppertimeout
                0x00800261                steps
                0x00800269                m_vbatt
                0x0080026d                m_pwm
 .data          0x0080026f        0x0 ./..//src/kernel/hal/atmega128/atmel_hw_specific.o
 .data          0x0080026f        0x0 /usr/lib/gcc/avr/4.5.3/../../../avr/lib/avr51/libprintf_flt.a(vfprintf_flt.o)
 .data          0x0080026f        0x0 /usr/lib/gcc/avr/4.5.3/../../../avr/lib/avr51/libm.a(addsf3.o)
 .data          0x0080026f        0x0 /usr/lib/gcc/avr/4.5.3/../../../avr/lib/avr51/libm.a(addsf3x.o)
 .data          0x0080026f        0x0 /usr/lib/gcc/avr/4.5.3/../../../avr/lib/avr51/libm.a(divsf3.o)
 .data          0x0080026f        0x0 /usr/lib/gcc/avr/4.5.3/../../../avr/lib/avr51/libm.a(divsf3x.o)
 .data          0x0080026f        0x0 /usr/lib/gcc/avr/4.5.3/../../../avr/lib/avr51/libm.a(fixunssfsi.o)
 .data          0x0080026f        0x0 /usr/lib/gcc/avr/4.5.3/../../../avr/lib/avr51/libm.a(floatsisf.o)
 .data          0x0080026f        0x0 /usr/lib/gcc/avr/4.5.3/../../../avr/lib/avr51/libm.a(fp_inf.o)
 .data          0x0080026f        0x0 /usr/lib/gcc/avr/4.5.3/../../../avr/lib/avr51/libm.a(fp_nan.o)
 .data          0x0080026f        0x0 /usr/lib/gcc/avr/4.5.3/../../../avr/lib/avr51/libm.a(fp_pscA.o)
 .data          0x0080026f        0x0 /usr/lib/gcc/avr/4.5.3/../../../avr/lib/avr51/libm.a(fp_pscB.o)
 .data          0x0080026f        0x0 /usr/lib/gcc/avr/4.5.3/../../../avr/lib/avr51/libm.a(fp_round.o)
 .data          0x0080026f        0x0 /usr/lib/gcc/avr/4.5.3/../../../avr/lib/avr51/libm.a(fp_split3.o)
 .data          0x0080026f        0x0 /usr/lib/gcc/avr/4.5.3/../../../avr/lib/avr51/libm.a(fp_zero.o)
 .data          0x0080026f        0x0 /usr/lib/gcc/avr/4.5.3/../../../avr/lib/avr51/libm.a(gesf2.o)
 .data          0x0080026f        0x0 /usr/lib/gcc/avr/4.5.3/../../../avr/lib/avr51/libm.a(log.o)
 .data          0x0080026f        0x0 /usr/lib/gcc/avr/4.5.3/../../../avr/lib/avr51/libm.a(mulsf3.o)
 .data          0x0080026f        0x0 /usr/lib/gcc/avr/4.5.3/../../../avr/lib/avr51/libm.a(mulsf3x.o)
 .data          0x0080026f        0x0 /usr/lib/gcc/avr/4.5.3/../../../avr/lib/avr51/libm.a(pow.o)
 .data          0x0080026f        0x0 /usr/lib/gcc/avr/4.5.3/../../../avr/lib/avr51/libm.a(exp.o)
 .data          0x0080026f        0x0 /usr/lib/gcc/avr/4.5.3/../../../avr/lib/avr51/libm.a(fp_cmp.o)
 .data          0x0080026f        0x0 /usr/lib/gcc/avr/4.5.3/../../../avr/lib/avr51/libm.a(fp_mpack.o)
 .data          0x0080026f        0x0 /usr/lib/gcc/avr/4.5.3/../../../avr/lib/avr51/libm.a(fp_powser.o)
 .data          0x0080026f        0x0 /usr/lib/gcc/avr/4.5.3/../../../avr/lib/avr51/libm.a(inverse.o)
 .data          0x0080026f        0x0 /usr/lib/gcc/avr/4.5.3/../../../avr/lib/avr51/libm.a(ldexp.o)
 .data          0x0080026f        0x0 /usr/lib/gcc/avr/4.5.3/../../../avr/lib/avr51/libm.a(modf.o)
 .data          0x0080026f        0x0 /usr/lib/gcc/avr/4.5.3/avr51/libgcc.a(_mulsi3.o)
 .data          0x0080026f        0x0 /usr/lib/gcc/avr/4.5.3/avr51/libgcc.a(_udivmodhi4.o)
 .data          0x0080026f        0x0 /usr/lib/gcc/avr/4.5.3/avr51/libgcc.a(_udivmodsi4.o)
 .data          0x0080026f        0x0 /usr/lib/gcc/avr/4.5.3/avr51/libgcc.a(_exit.o)
 .data          0x0080026f        0x0 /usr/lib/gcc/avr/4.5.3/avr51/libgcc.a(_copy_data.o)
 .data          0x0080026f        0x0 /usr/lib/gcc/avr/4.5.3/avr51/libgcc.a(_clear_bss.o)
 .data          0x0080026f        0x0 /usr/lib/gcc/avr/4.5.3/avr51/libgcc.a(_udivdi3.o)
 .data          0x0080026f        0x0 /usr/lib/gcc/avr/4.5.3/avr51/libgcc.a(_prologue.o)
 .data          0x0080026f        0x0 /usr/lib/gcc/avr/4.5.3/avr51/libgcc.a(_epilogue.o)
 .data          0x0080026f      0x100 /usr/lib/gcc/avr/4.5.3/avr51/libgcc.a(_clz.o)
                0x0080026f                __clz_tab
 .data          0x0080036f        0x0 /usr/lib/gcc/avr/4.5.3/../../../avr/lib/avr51/libc.a(ftoa_engine.o)
 .data          0x0080036f        0x0 /usr/lib/gcc/avr/4.5.3/../../../avr/lib/avr51/libc.a(strnlen_P.o)
 .data          0x0080036f        0x0 /usr/lib/gcc/avr/4.5.3/../../../avr/lib/avr51/libc.a(strnlen.o)
 .data          0x0080036f        0x0 /usr/lib/gcc/avr/4.5.3/../../../avr/lib/avr51/libc.a(fdevopen.o)
 .data          0x0080036f        0x0 /usr/lib/gcc/avr/4.5.3/../../../avr/lib/avr51/libc.a(fgetc.o)
 .data          0x0080036f        0x0 /usr/lib/gcc/avr/4.5.3/../../../avr/lib/avr51/libc.a(fputc.o)
 .data          0x0080036f        0x0 /usr/lib/gcc/avr/4.5.3/../../../avr/lib/avr51/libc.a(iob.o)
 .data          0x0080036f        0x0 /usr/lib/gcc/avr/4.5.3/../../../avr/lib/avr51/libc.a(printf.o)
 .data          0x0080036f        0x0 /usr/lib/gcc/avr/4.5.3/../../../avr/lib/avr51/libc.a(puts.o)
 .data          0x0080036f        0x0 /usr/lib/gcc/avr/4.5.3/../../../avr/lib/avr51/libc.a(sprintf.o)
 .data          0x0080036f        0x0 /usr/lib/gcc/avr/4.5.3/../../../avr/lib/avr51/libc.a(ultoa_invert.o)
 .data          0x0080036f        0x0 /usr/lib/gcc/avr/4.5.3/../../../avr/lib/avr51/libc.a(eerd_byte_atmega128.o)
 .data          0x0080036f        0x0 /usr/lib/gcc/avr/4.5.3/../../../avr/lib/avr51/libc.a(eewr_byte_atmega128.o)
 .data          0x0080036f        0x0 /usr/lib/gcc/avr/4.5.3/../../../avr/lib/avr51/libc.a(calloc.o)
 .data          0x0080036f        0x6 /usr/lib/gcc/avr/4.5.3/../../../avr/lib/avr51/libc.a(malloc.o)
                0x0080036f                __malloc_margin
                0x00800371                __malloc_heap_start
                0x00800373                __malloc_heap_end
 .data          0x00800375        0x0 /usr/lib/gcc/avr/4.5.3/../../../avr/lib/avr51/libc.a(memset.o)
 *(.data*)
 *(.rodata)
 *(.rodata*)
 *(.gnu.linkonce.d*)
                0x00800376                . = ALIGN (0x2)
 *fill*         0x00800375        0x1 00
                0x00800376                _edata = .
                0x00800376                PROVIDE (__data_end, .)

.bss            0x00800376      0x385
                0x00800376                PROVIDE (__bss_start, .)
 *(.bss)
 .bss           0x00800376        0x0 /usr/lib/gcc/avr/4.5.3/../../../avr/lib/avr51/crtm128.o
 .bss           0x00800376        0x0 main.o
 .bss           0x00800376        0x0 ./..//src/radio/cc2420/source/hal_rf_set_channel.o
 .bss           0x00800376        0x0 ./..//src/radio/cc2420/source/hal_rf_wait_for_crystal_oscillator.o
 .bss           0x00800376        0x0 ./..//src/radio/cc2420/source/basic_rf.o
 .bss           0x00800376        0x0 ./..//src/platform/micaZ/source/ulib.o
 .bss           0x00800376        0x0 ./..//src/platform/micaZ/source/hal_wait.o
 .bss           0x00800376        0x0 ./..//src/platform/micaZ/source/nrk_eeprom.o
 .bss           0x00800376        0x0 ./..//src/kernel/source/nrk.o
 .bss           0x00800376        0x0 ./..//src/kernel/source/nrk_stats.o
 .bss           0x00800376        0x0 ./..//src/kernel/source/nrk_error.o
 .bss           0x00800376        0x0 ./..//src/kernel/source/nrk_stack_check.o
 .bss           0x00800376        0x0 ./..//src/kernel/source/nrk_events.o
 .bss           0x00800376        0x0 ./..//src/kernel/source/nrk_task.o
 .bss           0x00800376        0x0 ./..//src/kernel/source/nrk_time.o
 .bss           0x00800376        0x0 ./..//src/kernel/source/nrk_idle_task.o
 .bss           0x00800376        0x0 ./..//src/kernel/source/nrk_scheduler.o
 .bss           0x00800376        0x0 ./..//src/kernel/source/nrk_driver.o
 .bss           0x00800376        0x0 ./..//src/kernel/source/nrk_reserve.o
 .bss           0x00800376        0x0 ./..//src/kernel/source/nrk_sw_wdt.o
 .bss           0x00800376        0x0 ./..//src/kernel/hal/atmega128/nrk_timer.o
 .bss           0x00800376        0x0 ./..//src/kernel/hal/atmega128/nrk_status.o
 .bss           0x00800376        0x0 ./..//src/kernel/hal/atmega128/nrk_ext_int.o
 .bss           0x00800376        0x0 ./..//src/kernel/hal/atmega128/nrk_watchdog.o
 .bss           0x00800376        0x0 ./..//src/kernel/hal/atmega128/nrk_cpu.o
 .bss           0x00800376        0x0 ./..//src/drivers/platform/micaZ/source/ad5242.o
 .bss           0x00800376        0x0 ./..//src/drivers/platform/micaZ/source/adc_driver.o
 .bss           0x00800376        0x0 ./..//src/drivers/platform/micaZ/source/i2c_driver.o
 .bss           0x00800376        0x1 ./..//src/drivers/platform/micaZ/source/mda100_driver.o
                0x00800376                mda100_initDone
 .bss           0x00800377        0x1 ./..//src/drivers/platform/micaZ/source/mts310cb_driver.o
                0x00800377                mts310cb_initDone
 .bss           0x00800378        0x0 ./..//src/drivers/platform/micaZ/source/DS2401.o
 .bss           0x00800378        0x0 ./..//src/drivers/platform/micaZ/source/DOGM128-6_Graphicdisplay_driver.o
 .bss           0x00800378        0x0 ./..//src/drivers/platform/micaZ/source/eDIP240-7_TouchPanel_driver.o
 .bss           0x00800378        0xd ./..//src/drivers/platform/micaZ/source/TUM_LKN_Sensorboard_driver.o
                0x00800378                m_currentstep
                0x00800379                i2cData
                0x00800381                m_lastxs
                0x00800382                m_ledstate
                0x00800383                m_prescaler
 .bss           0x00800385        0x0 ./..//src/kernel/hal/atmega128/atmel_hw_specific.o
 .bss           0x00800385        0x0 /usr/lib/gcc/avr/4.5.3/../../../avr/lib/avr51/libprintf_flt.a(vfprintf_flt.o)
 .bss           0x00800385        0x0 /usr/lib/gcc/avr/4.5.3/../../../avr/lib/avr51/libm.a(addsf3.o)
 .bss           0x00800385        0x0 /usr/lib/gcc/avr/4.5.3/../../../avr/lib/avr51/libm.a(addsf3x.o)
 .bss           0x00800385        0x0 /usr/lib/gcc/avr/4.5.3/../../../avr/lib/avr51/libm.a(divsf3.o)
 .bss           0x00800385        0x0 /usr/lib/gcc/avr/4.5.3/../../../avr/lib/avr51/libm.a(divsf3x.o)
 .bss           0x00800385        0x0 /usr/lib/gcc/avr/4.5.3/../../../avr/lib/avr51/libm.a(fixunssfsi.o)
 .bss           0x00800385        0x0 /usr/lib/gcc/avr/4.5.3/../../../avr/lib/avr51/libm.a(floatsisf.o)
 .bss           0x00800385        0x0 /usr/lib/gcc/avr/4.5.3/../../../avr/lib/avr51/libm.a(fp_inf.o)
 .bss           0x00800385        0x0 /usr/lib/gcc/avr/4.5.3/../../../avr/lib/avr51/libm.a(fp_nan.o)
 .bss           0x00800385        0x0 /usr/lib/gcc/avr/4.5.3/../../../avr/lib/avr51/libm.a(fp_pscA.o)
 .bss           0x00800385        0x0 /usr/lib/gcc/avr/4.5.3/../../../avr/lib/avr51/libm.a(fp_pscB.o)
 .bss           0x00800385        0x0 /usr/lib/gcc/avr/4.5.3/../../../avr/lib/avr51/libm.a(fp_round.o)
 .bss           0x00800385        0x0 /usr/lib/gcc/avr/4.5.3/../../../avr/lib/avr51/libm.a(fp_split3.o)
 .bss           0x00800385        0x0 /usr/lib/gcc/avr/4.5.3/../../../avr/lib/avr51/libm.a(fp_zero.o)
 .bss           0x00800385        0x0 /usr/lib/gcc/avr/4.5.3/../../../avr/lib/avr51/libm.a(gesf2.o)
 .bss           0x00800385        0x0 /usr/lib/gcc/avr/4.5.3/../../../avr/lib/avr51/libm.a(log.o)
 .bss           0x00800385        0x0 /usr/lib/gcc/avr/4.5.3/../../../avr/lib/avr51/libm.a(mulsf3.o)
 .bss           0x00800385        0x0 /usr/lib/gcc/avr/4.5.3/../../../avr/lib/avr51/libm.a(mulsf3x.o)
 .bss           0x00800385        0x0 /usr/lib/gcc/avr/4.5.3/../../../avr/lib/avr51/libm.a(pow.o)
 .bss           0x00800385        0x0 /usr/lib/gcc/avr/4.5.3/../../../avr/lib/avr51/libm.a(exp.o)
 .bss           0x00800385        0x0 /usr/lib/gcc/avr/4.5.3/../../../avr/lib/avr51/libm.a(fp_cmp.o)
 .bss           0x00800385        0x0 /usr/lib/gcc/avr/4.5.3/../../../avr/lib/avr51/libm.a(fp_mpack.o)
 .bss           0x00800385        0x0 /usr/lib/gcc/avr/4.5.3/../../../avr/lib/avr51/libm.a(fp_powser.o)
 .bss           0x00800385        0x0 /usr/lib/gcc/avr/4.5.3/../../../avr/lib/avr51/libm.a(inverse.o)
 .bss           0x00800385        0x0 /usr/lib/gcc/avr/4.5.3/../../../avr/lib/avr51/libm.a(ldexp.o)
 .bss           0x00800385        0x0 /usr/lib/gcc/avr/4.5.3/../../../avr/lib/avr51/libm.a(modf.o)
 .bss           0x00800385        0x0 /usr/lib/gcc/avr/4.5.3/avr51/libgcc.a(_mulsi3.o)
 .bss           0x00800385        0x0 /usr/lib/gcc/avr/4.5.3/avr51/libgcc.a(_udivmodhi4.o)
 .bss           0x00800385        0x0 /usr/lib/gcc/avr/4.5.3/avr51/libgcc.a(_udivmodsi4.o)
 .bss           0x00800385        0x0 /usr/lib/gcc/avr/4.5.3/avr51/libgcc.a(_exit.o)
 .bss           0x00800385        0x0 /usr/lib/gcc/avr/4.5.3/avr51/libgcc.a(_copy_data.o)
 .bss           0x00800385        0x0 /usr/lib/gcc/avr/4.5.3/avr51/libgcc.a(_clear_bss.o)
 .bss           0x00800385        0x0 /usr/lib/gcc/avr/4.5.3/avr51/libgcc.a(_udivdi3.o)
 .bss           0x00800385        0x0 /usr/lib/gcc/avr/4.5.3/avr51/libgcc.a(_prologue.o)
 .bss           0x00800385        0x0 /usr/lib/gcc/avr/4.5.3/avr51/libgcc.a(_epilogue.o)
 .bss           0x00800385        0x0 /usr/lib/gcc/avr/4.5.3/avr51/libgcc.a(_clz.o)
 .bss           0x00800385        0x0 /usr/lib/gcc/avr/4.5.3/../../../avr/lib/avr51/libc.a(ftoa_engine.o)
 .bss           0x00800385        0x0 /usr/lib/gcc/avr/4.5.3/../../../avr/lib/avr51/libc.a(strnlen_P.o)
 .bss           0x00800385        0x0 /usr/lib/gcc/avr/4.5.3/../../../avr/lib/avr51/libc.a(strnlen.o)
 .bss           0x00800385        0x0 /usr/lib/gcc/avr/4.5.3/../../../avr/lib/avr51/libc.a(fdevopen.o)
 .bss           0x00800385        0x0 /usr/lib/gcc/avr/4.5.3/../../../avr/lib/avr51/libc.a(fgetc.o)
 .bss           0x00800385        0x0 /usr/lib/gcc/avr/4.5.3/../../../avr/lib/avr51/libc.a(fputc.o)
 .bss           0x00800385        0x0 /usr/lib/gcc/avr/4.5.3/../../../avr/lib/avr51/libc.a(iob.o)
 .bss           0x00800385        0x0 /usr/lib/gcc/avr/4.5.3/../../../avr/lib/avr51/libc.a(printf.o)
 .bss           0x00800385        0x0 /usr/lib/gcc/avr/4.5.3/../../../avr/lib/avr51/libc.a(puts.o)
 .bss           0x00800385        0x0 /usr/lib/gcc/avr/4.5.3/../../../avr/lib/avr51/libc.a(sprintf.o)
 .bss           0x00800385        0x0 /usr/lib/gcc/avr/4.5.3/../../../avr/lib/avr51/libc.a(ultoa_invert.o)
 .bss           0x00800385        0x0 /usr/lib/gcc/avr/4.5.3/../../../avr/lib/avr51/libc.a(eerd_byte_atmega128.o)
 .bss           0x00800385        0x0 /usr/lib/gcc/avr/4.5.3/../../../avr/lib/avr51/libc.a(eewr_byte_atmega128.o)
 .bss           0x00800385        0x0 /usr/lib/gcc/avr/4.5.3/../../../avr/lib/avr51/libc.a(calloc.o)
 .bss           0x00800385        0x0 /usr/lib/gcc/avr/4.5.3/../../../avr/lib/avr51/libc.a(malloc.o)
 .bss           0x00800385        0x0 /usr/lib/gcc/avr/4.5.3/../../../avr/lib/avr51/libc.a(memset.o)
 *(.bss*)
 *(COMMON)
 COMMON         0x00800385      0x253 main.o
                0x00800385                app_timer0_callback
                0x00800387                stack_1
                0x00800407                error_task
                0x00800408                _nrk_time_trigger
                0x00800409                task_2
                0x0080042c                nrk_kernel_stk
                0x008004ac                _nrk_signal_list
                0x008004b0                stack_2
                0x00800530                nrk_kernel_stk_ptr
                0x00800532                app_timer0_prescale
                0x00800533                _nrk_prev_timer_val
                0x00800534                error_num
                0x00800535                task_1
                0x00800558                nrk_idle_task_stk
 COMMON         0x008005d8       0x1b ./..//src/radio/cc2420/source/basic_rf.o
                0x008005d8                rx_ctr
                0x008005dc                radio_sem
                0x008005de                security_enable
                0x008005df                mdmctrl0
                0x008005e1                rfSettings
                0x008005ea                tmp_blah
                0x008005ec                auto_ack_enable
                0x008005ed                last_pkt_encrypted
                0x008005ee                tx_ctr
                0x008005f2                rx_ready
 COMMON         0x008005f3       0xf0 ./..//src/kernel/source/nrk.o
                0x008005f3                _free_node
                0x008005f5                nrk_task_TCB
                0x0080069f                next_next_wakeup
                0x008006a1                nrk_sem_list
                0x008006b0                nrk_task_init_cnt
                0x008006b1                systemceiling
                0x008006b2                nrk_wakeup_signal
                0x008006b3                nrk_high_ready_TCB
                0x008006b5                nrk_cur_task_prio
                0x008006b6                _nrk_cpu_state
                0x008006b7                _head_node
                0x008006b9                nrk_system_time
                0x008006c1                _nrk_resource_cnt
                0x008006c2                nrk_cur_task_TCB
                0x008006c4                nrk_high_ready_prio
                0x008006c5                _nrk_readyQ
 COMMON         0x008006e3        0x1 ./..//src/kernel/source/nrk_scheduler.o
                0x008006e3                t
 COMMON         0x008006e4        0x8 ./..//src/kernel/hal/atmega128/nrk_ext_int.o
                0x008006e4                ext_int1_callback
                0x008006e6                ext_int0_callback
                0x008006e8                ext_int2_callback
                0x008006ea                pc_int0_callback
 COMMON         0x008006ec        0x5 ./..//src/drivers/platform/micaZ/source/TUM_LKN_Sensorboard_driver.o
                0x008006ec                i2cDataLen
                0x008006ed                i2cDataDirection
                0x008006ee                m_channel
                0x008006ef                i2cDestination
 COMMON         0x008006f1        0x6 /usr/lib/gcc/avr/4.5.3/../../../avr/lib/avr51/libc.a(iob.o)
                0x008006f1                __iob
 COMMON         0x008006f7        0x4 /usr/lib/gcc/avr/4.5.3/../../../avr/lib/avr51/libc.a(malloc.o)
                0x008006f7                __brkval
                0x008006f9                __flp
                0x008006fb                PROVIDE (__bss_end, .)
                0x00008900                __data_load_start = LOADADDR (.data)
                0x00008b76                __data_load_end = (__data_load_start + SIZEOF (.data))

.noinit         0x008006fb        0x0
                0x008006fb                PROVIDE (__noinit_start, .)
 *(.noinit*)
                0x008006fb                PROVIDE (__noinit_end, .)
                0x008006fb                _end = .
                0x008006fb                PROVIDE (__heap_start, .)

.eeprom         0x00810000        0x0
 *(.eeprom*)
                0x00810000                __eeprom_end = .

.fuse
 *(.fuse)
 *(.lfuse)
 *(.hfuse)
 *(.efuse)

.lock
 *(.lock*)

.signature
 *(.signature*)

.stab           0x00000000    0x19818
 *(.stab)
 .stab          0x00000000      0x6cc /usr/lib/gcc/avr/4.5.3/../../../avr/lib/avr51/crtm128.o
 .stab          0x000006cc      0x87c main.o
                                0x888 (size before relaxing)
 .stab          0x00000f48      0x294 ./..//src/radio/cc2420/source/hal_rf_set_channel.o
                                0x600 (size before relaxing)
 .stab          0x000011dc      0x264 ./..//src/radio/cc2420/source/hal_rf_wait_for_crystal_oscillator.o
                                0x5d0 (size before relaxing)
 .stab          0x00001440     0x375c ./..//src/radio/cc2420/source/basic_rf.o
                               0x3b7c (size before relaxing)
 .stab          0x00004b9c     0x1170 ./..//src/platform/micaZ/source/ulib.o
                               0x14f4 (size before relaxing)
 .stab          0x00005d0c      0x240 ./..//src/platform/micaZ/source/hal_wait.o
                                0x5ac (size before relaxing)
 .stab          0x00005f4c      0x684 ./..//src/platform/micaZ/source/nrk_eeprom.o
                                0x9f0 (size before relaxing)
 .stab          0x000065d0      0xa14 ./..//src/kernel/source/nrk.o
                                0xe04 (size before relaxing)
 .stab          0x00006fe4      0x2b8 ./..//src/kernel/source/nrk_stats.o
                                0x6cc (size before relaxing)
 .stab          0x0000729c      0xc54 ./..//src/kernel/source/nrk_error.o
                               0x1074 (size before relaxing)
 .stab          0x00007ef0      0x4a4 ./..//src/kernel/source/nrk_stack_check.o
                                0x8b8 (size before relaxing)
 .stab          0x00008394      0xfc0 ./..//src/kernel/source/nrk_events.o
                               0x13ec (size before relaxing)
 .stab          0x00009354     0x105c ./..//src/kernel/source/nrk_task.o
                               0x1488 (size before relaxing)
 .stab          0x0000a3b0      0x7f8 ./..//src/kernel/source/nrk_time.o
                                0xc24 (size before relaxing)
 .stab          0x0000aba8      0x318 ./..//src/kernel/source/nrk_idle_task.o
                                0x744 (size before relaxing)
 .stab          0x0000aec0      0x8c4 ./..//src/kernel/source/nrk_scheduler.o
                                0xcf0 (size before relaxing)
 .stab          0x0000b784       0xe4 ./..//src/kernel/source/nrk_driver.o
                                 0xf0 (size before relaxing)
 .stab          0x0000b868       0xe4 ./..//src/kernel/source/nrk_reserve.o
                                 0xf0 (size before relaxing)
 .stab          0x0000b94c      0x21c ./..//src/kernel/source/nrk_sw_wdt.o
                                0x630 (size before relaxing)
 .stab          0x0000bb68      0xda4 ./..//src/kernel/hal/atmega128/nrk_timer.o
                               0x11c4 (size before relaxing)
 .stab          0x0000c90c      0x2dc ./..//src/kernel/hal/atmega128/nrk_status.o
                                0x648 (size before relaxing)
 .stab          0x0000cbe8      0x36c ./..//src/kernel/hal/atmega128/nrk_ext_int.o
                                0x6f0 (size before relaxing)
 .stab          0x0000cf54      0x3e4 ./..//src/kernel/hal/atmega128/nrk_watchdog.o
                                0x7ec (size before relaxing)
 .stab          0x0000d338      0x78c ./..//src/kernel/hal/atmega128/nrk_cpu.o
                                0xbac (size before relaxing)
 .stab          0x0000dac4      0x1f8 ./..//src/drivers/platform/micaZ/source/ad5242.o
                                0x204 (size before relaxing)
 .stab          0x0000dcbc      0x318 ./..//src/drivers/platform/micaZ/source/adc_driver.o
                                0x4e0 (size before relaxing)
 .stab          0x0000dfd4      0x534 ./..//src/drivers/platform/micaZ/source/i2c_driver.o
                                0x6fc (size before relaxing)
 .stab          0x0000e508      0x594 ./..//src/drivers/platform/micaZ/source/mda100_driver.o
                                0x75c (size before relaxing)
 .stab          0x0000ea9c      0xb10 ./..//src/drivers/platform/micaZ/source/mts310cb_driver.o
                                0xcd8 (size before relaxing)
 .stab          0x0000f5ac      0x8ac ./..//src/drivers/platform/micaZ/source/DS2401.o
                                0xca8 (size before relaxing)
 .stab          0x0000fe58      0x828 ./..//src/drivers/platform/micaZ/source/DOGM128-6_Graphicdisplay_driver.o
                                0xa98 (size before relaxing)
 .stab          0x00010680      0xeb8 ./..//src/drivers/platform/micaZ/source/eDIP240-7_TouchPanel_driver.o
                               0x12b4 (size before relaxing)
 .stab          0x00011538     0x18a8 ./..//src/drivers/platform/micaZ/source/TUM_LKN_Sensorboard_driver.o
                               0x1cec (size before relaxing)
 .stab          0x00012de0      0x204 ./..//src/kernel/hal/atmega128/atmel_hw_specific.o
                                0x210 (size before relaxing)
 .stab          0x00012fe4     0x12f0 /usr/lib/gcc/avr/4.5.3/../../../avr/lib/avr51/libprintf_flt.a(vfprintf_flt.o)
                               0x1350 (size before relaxing)
 .stab          0x000142d4       0x78 /usr/lib/gcc/avr/4.5.3/../../../avr/lib/avr51/libm.a(addsf3.o)
                                 0x84 (size before relaxing)
 .stab          0x0001434c      0x4bc /usr/lib/gcc/avr/4.5.3/../../../avr/lib/avr51/libm.a(addsf3x.o)
                                0x4c8 (size before relaxing)
 .stab          0x00014808       0x48 /usr/lib/gcc/avr/4.5.3/../../../avr/lib/avr51/libm.a(divsf3.o)
                                 0x54 (size before relaxing)
 .stab          0x00014850      0x510 /usr/lib/gcc/avr/4.5.3/../../../avr/lib/avr51/libm.a(divsf3x.o)
                                0x51c (size before relaxing)
 .stab          0x00014d60      0x240 /usr/lib/gcc/avr/4.5.3/../../../avr/lib/avr51/libm.a(fixunssfsi.o)
                                0x24c (size before relaxing)
 .stab          0x00014fa0      0x318 /usr/lib/gcc/avr/4.5.3/../../../avr/lib/avr51/libm.a(floatsisf.o)
                                0x324 (size before relaxing)
 .stab          0x000152b8       0x78 /usr/lib/gcc/avr/4.5.3/../../../avr/lib/avr51/libm.a(fp_inf.o)
                                 0x84 (size before relaxing)
 .stab          0x00015330       0x54 /usr/lib/gcc/avr/4.5.3/../../../avr/lib/avr51/libm.a(fp_nan.o)
                                 0x60 (size before relaxing)
 .stab          0x00015384       0x84 /usr/lib/gcc/avr/4.5.3/../../../avr/lib/avr51/libm.a(fp_pscA.o)
                                 0x90 (size before relaxing)
 .stab          0x00015408       0x84 /usr/lib/gcc/avr/4.5.3/../../../avr/lib/avr51/libm.a(fp_pscB.o)
                                 0x90 (size before relaxing)
 .stab          0x0001548c       0xfc /usr/lib/gcc/avr/4.5.3/../../../avr/lib/avr51/libm.a(fp_round.o)
                                0x108 (size before relaxing)
 .stab          0x00015588      0x1d4 /usr/lib/gcc/avr/4.5.3/../../../avr/lib/avr51/libm.a(fp_split3.o)
                                0x1e0 (size before relaxing)
 .stab          0x0001575c       0x90 /usr/lib/gcc/avr/4.5.3/../../../avr/lib/avr51/libm.a(fp_zero.o)
                                 0x9c (size before relaxing)
 .stab          0x000157ec       0x6c /usr/lib/gcc/avr/4.5.3/../../../avr/lib/avr51/libm.a(gesf2.o)
                                 0x78 (size before relaxing)
 .stab          0x00015858      0x378 /usr/lib/gcc/avr/4.5.3/../../../avr/lib/avr51/libm.a(log.o)
                                0x384 (size before relaxing)
 .stab          0x00015bd0       0x48 /usr/lib/gcc/avr/4.5.3/../../../avr/lib/avr51/libm.a(mulsf3.o)
                                 0x54 (size before relaxing)
 .stab          0x00015c18      0x4d4 /usr/lib/gcc/avr/4.5.3/../../../avr/lib/avr51/libm.a(mulsf3x.o)
                                0x4e0 (size before relaxing)
 .stab          0x000160ec      0x3c0 /usr/lib/gcc/avr/4.5.3/../../../avr/lib/avr51/libm.a(pow.o)
                                0x3cc (size before relaxing)
 .stab          0x000164ac      0x288 /usr/lib/gcc/avr/4.5.3/../../../avr/lib/avr51/libm.a(exp.o)
                                0x294 (size before relaxing)
 .stab          0x00016734      0x1e0 /usr/lib/gcc/avr/4.5.3/../../../avr/lib/avr51/libm.a(fp_cmp.o)
                                0x1ec (size before relaxing)
 .stab          0x00016914       0xe4 /usr/lib/gcc/avr/4.5.3/../../../avr/lib/avr51/libm.a(fp_mpack.o)
                                 0xf0 (size before relaxing)
 .stab          0x000169f8      0x1ec /usr/lib/gcc/avr/4.5.3/../../../avr/lib/avr51/libm.a(fp_powser.o)
                                0x1f8 (size before relaxing)
 .stab          0x00016be4       0x84 /usr/lib/gcc/avr/4.5.3/../../../avr/lib/avr51/libm.a(inverse.o)
                                 0x90 (size before relaxing)
 .stab          0x00016c68      0x2c4 /usr/lib/gcc/avr/4.5.3/../../../avr/lib/avr51/libm.a(ldexp.o)
                                0x2d0 (size before relaxing)
 .stab          0x00016f2c      0x2a0 /usr/lib/gcc/avr/4.5.3/../../../avr/lib/avr51/libm.a(modf.o)
                                0x2ac (size before relaxing)
 .stab          0x000171cc      0xa38 /usr/lib/gcc/avr/4.5.3/../../../avr/lib/avr51/libc.a(ftoa_engine.o)
                                0xa44 (size before relaxing)
 .stab          0x00017c04       0x9c /usr/lib/gcc/avr/4.5.3/../../../avr/lib/avr51/libc.a(strnlen_P.o)
                                 0xa8 (size before relaxing)
 .stab          0x00017ca0       0x9c /usr/lib/gcc/avr/4.5.3/../../../avr/lib/avr51/libc.a(strnlen.o)
                                 0xa8 (size before relaxing)
 .stab          0x00017d3c      0x288 /usr/lib/gcc/avr/4.5.3/../../../avr/lib/avr51/libc.a(fdevopen.o)
                                0x4b0 (size before relaxing)
 .stab          0x00017fc4      0x264 /usr/lib/gcc/avr/4.5.3/../../../avr/lib/avr51/libc.a(fgetc.o)
                                0x444 (size before relaxing)
 .stab          0x00018228      0x1e0 /usr/lib/gcc/avr/4.5.3/../../../avr/lib/avr51/libc.a(fputc.o)
                                0x3c0 (size before relaxing)
 .stab          0x00018408      0x12c /usr/lib/gcc/avr/4.5.3/../../../avr/lib/avr51/libc.a(iob.o)
                                0x30c (size before relaxing)
 .stab          0x00018534      0x18c /usr/lib/gcc/avr/4.5.3/../../../avr/lib/avr51/libc.a(printf.o)
                                0x36c (size before relaxing)
 .stab          0x000186c0      0x1f8 /usr/lib/gcc/avr/4.5.3/../../../avr/lib/avr51/libc.a(puts.o)
                                0x3d8 (size before relaxing)
 .stab          0x000188b8      0x1f8 /usr/lib/gcc/avr/4.5.3/../../../avr/lib/avr51/libc.a(sprintf.o)
                                0x3d8 (size before relaxing)
 .stab          0x00018ab0      0x480 /usr/lib/gcc/avr/4.5.3/../../../avr/lib/avr51/libc.a(ultoa_invert.o)
                                0x48c (size before relaxing)
 .stab          0x00018f30       0x90 /usr/lib/gcc/avr/4.5.3/../../../avr/lib/avr51/libc.a(eerd_byte_atmega128.o)
                                 0x9c (size before relaxing)
 .stab          0x00018fc0       0xd8 /usr/lib/gcc/avr/4.5.3/../../../avr/lib/avr51/libc.a(eewr_byte_atmega128.o)
                                 0xe4 (size before relaxing)
 .stab          0x00019098      0x198 /usr/lib/gcc/avr/4.5.3/../../../avr/lib/avr51/libc.a(calloc.o)
                                0x1d4 (size before relaxing)
 .stab          0x00019230      0x57c /usr/lib/gcc/avr/4.5.3/../../../avr/lib/avr51/libc.a(malloc.o)
                                0x75c (size before relaxing)
 .stab          0x000197ac       0x6c /usr/lib/gcc/avr/4.5.3/../../../avr/lib/avr51/libc.a(memset.o)
                                 0x78 (size before relaxing)

.stabstr        0x00000000     0x6d10
 *(.stabstr)
 .stabstr       0x00000000     0x6d10 /usr/lib/gcc/avr/4.5.3/../../../avr/lib/avr51/crtm128.o

.stab.excl
 *(.stab.excl)

.stab.exclstr
 *(.stab.exclstr)

.stab.index
 *(.stab.index)

.stab.indexstr
 *(.stab.indexstr)

.comment
 *(.comment)

.debug
 *(.debug)

.line
 *(.line)

.debug_srcinfo
 *(.debug_srcinfo)

.debug_sfnames
 *(.debug_sfnames)

.debug_aranges
 *(.debug_aranges)

.debug_pubnames
 *(.debug_pubnames)

.debug_info
 *(.debug_info)
 *(.gnu.linkonce.wi.*)

.debug_abbrev
 *(.debug_abbrev)

.debug_line
 *(.debug_line)

.debug_frame
 *(.debug_frame)

.debug_str
 *(.debug_str)

.debug_loc
 *(.debug_loc)

.debug_macinfo
 *(.debug_macinfo)
OUTPUT(main.elf elf32-avr)
LOAD linker stubs

Cross Reference Table

Symbol                                            File
DOGM128_6_LCD_print                               ./..//src/drivers/platform/micaZ/source/DOGM128-6_Graphicdisplay_driver.o
DOGM128_6_clear_display                           ./..//src/drivers/platform/micaZ/source/DOGM128-6_Graphicdisplay_driver.o
DOGM128_6_display_backlight                       ./..//src/drivers/platform/micaZ/source/DOGM128-6_Graphicdisplay_driver.o
DOGM128_6_display_init                            ./..//src/drivers/platform/micaZ/source/DOGM128-6_Graphicdisplay_driver.o
DOGM128_6_usart1_sendByte                         ./..//src/drivers/platform/micaZ/source/DOGM128-6_Graphicdisplay_driver.o
DS2401_getSerialNumber                            ./..//src/drivers/platform/micaZ/source/DS2401.o
DS2401_init                                       ./..//src/drivers/platform/micaZ/source/DS2401.o
Maxim_1Wire_CommandReadRom                        ./..//src/drivers/platform/micaZ/source/DS2401.o
Maxim_1Wire_ReadBit                               ./..//src/drivers/platform/micaZ/source/DS2401.o
Maxim_1Wire_ReadByte                              ./..//src/drivers/platform/micaZ/source/DS2401.o
Maxim_1Wire_ResetPulse                            ./..//src/drivers/platform/micaZ/source/DS2401.o
Maxim_1Wire_WriteBit                              ./..//src/drivers/platform/micaZ/source/DS2401.o
Maxim_1Wire_WriteByte                             ./..//src/drivers/platform/micaZ/source/DS2401.o
NRK_ADC_INPUT_0                                   ./..//src/platform/micaZ/source/ulib.o
NRK_ADC_INPUT_1                                   ./..//src/platform/micaZ/source/ulib.o
NRK_ADC_INPUT_2                                   ./..//src/platform/micaZ/source/ulib.o
NRK_ADC_INPUT_3                                   ./..//src/platform/micaZ/source/ulib.o
NRK_ADC_INPUT_6                                   ./..//src/platform/micaZ/source/ulib.o
NRK_ADC_INPUT_7                                   ./..//src/platform/micaZ/source/ulib.o
NRK_BLED                                          ./..//src/platform/micaZ/source/ulib.o
NRK_CCA                                           ./..//src/platform/micaZ/source/ulib.o
NRK_CSN                                           ./..//src/platform/micaZ/source/ulib.o
NRK_DEBUG_0                                       ./..//src/platform/micaZ/source/ulib.o
                                                  ./..//src/radio/cc2420/source/basic_rf.o
NRK_DEBUG_1                                       ./..//src/platform/micaZ/source/ulib.o
                                                  ./..//src/radio/cc2420/source/basic_rf.o
NRK_DEBUG_2                                       ./..//src/platform/micaZ/source/ulib.o
NRK_DEBUG_3                                       ./..//src/platform/micaZ/source/ulib.o
NRK_FIFO                                          ./..//src/platform/micaZ/source/ulib.o
NRK_FIFOP                                         ./..//src/platform/micaZ/source/ulib.o
NRK_GPIO26                                        ./..//src/platform/micaZ/source/ulib.o
NRK_GPIO28                                        ./..//src/platform/micaZ/source/ulib.o
NRK_GPIO34                                        ./..//src/platform/micaZ/source/ulib.o
NRK_LED_0                                         ./..//src/platform/micaZ/source/ulib.o
NRK_LED_1                                         ./..//src/platform/micaZ/source/ulib.o
NRK_LED_2                                         ./..//src/platform/micaZ/source/ulib.o
NRK_LED_3                                         ./..//src/platform/micaZ/source/ulib.o
NRK_MISO                                          ./..//src/platform/micaZ/source/ulib.o
NRK_MOSI                                          ./..//src/platform/micaZ/source/ulib.o
NRK_RESET_N                                       ./..//src/platform/micaZ/source/ulib.o
NRK_SCK                                           ./..//src/platform/micaZ/source/ulib.o
NRK_SFD                                           ./..//src/platform/micaZ/source/ulib.o
NRK_SPI_SS                                        ./..//src/platform/micaZ/source/ulib.o
NRK_UART0_RXD                                     ./..//src/platform/micaZ/source/ulib.o
NRK_UART0_TXD                                     ./..//src/platform/micaZ/source/ulib.o
NRK_UART1_CTS                                     ./..//src/platform/micaZ/source/ulib.o
NRK_UART1_RTS                                     ./..//src/platform/micaZ/source/ulib.o
NRK_UART1_RXD                                     ./..//src/platform/micaZ/source/ulib.o
NRK_UART1_TXD                                     ./..//src/platform/micaZ/source/ulib.o
NRK_VREG_EN                                       ./..//src/platform/micaZ/source/ulib.o
S2V                                               ./..//src/drivers/platform/micaZ/source/TUM_LKN_Sensorboard_driver.o
TUM_LKN_Sensorboard_StepperIdle                   ./..//src/drivers/platform/micaZ/source/TUM_LKN_Sensorboard_driver.o
TUM_LKN_Sensorboard_getCurrentStep                ./..//src/drivers/platform/micaZ/source/TUM_LKN_Sensorboard_driver.o
TUM_LKN_Sensorboard_greenBlink                    ./..//src/drivers/platform/micaZ/source/TUM_LKN_Sensorboard_driver.o
TUM_LKN_Sensorboard_greenOff                      ./..//src/drivers/platform/micaZ/source/TUM_LKN_Sensorboard_driver.o
TUM_LKN_Sensorboard_greenOn                       ./..//src/drivers/platform/micaZ/source/TUM_LKN_Sensorboard_driver.o
TUM_LKN_Sensorboard_greenToggle                   ./..//src/drivers/platform/micaZ/source/TUM_LKN_Sensorboard_driver.o
TUM_LKN_Sensorboard_halfStepCCW                   ./..//src/drivers/platform/micaZ/source/TUM_LKN_Sensorboard_driver.o
TUM_LKN_Sensorboard_halfStepCW                    ./..//src/drivers/platform/micaZ/source/TUM_LKN_Sensorboard_driver.o
TUM_LKN_Sensorboard_init                          ./..//src/drivers/platform/micaZ/source/TUM_LKN_Sensorboard_driver.o
TUM_LKN_Sensorboard_laserBlink                    ./..//src/drivers/platform/micaZ/source/TUM_LKN_Sensorboard_driver.o
TUM_LKN_Sensorboard_laserOff                      ./..//src/drivers/platform/micaZ/source/TUM_LKN_Sensorboard_driver.o
TUM_LKN_Sensorboard_laserOn                       ./..//src/drivers/platform/micaZ/source/TUM_LKN_Sensorboard_driver.o
TUM_LKN_Sensorboard_laserToggle                   ./..//src/drivers/platform/micaZ/source/TUM_LKN_Sensorboard_driver.o
TUM_LKN_Sensorboard_readChannel                   ./..//src/drivers/platform/micaZ/source/TUM_LKN_Sensorboard_driver.o
TUM_LKN_Sensorboard_readChannel1                  ./..//src/drivers/platform/micaZ/source/TUM_LKN_Sensorboard_driver.o
TUM_LKN_Sensorboard_readChannel2                  ./..//src/drivers/platform/micaZ/source/TUM_LKN_Sensorboard_driver.o
TUM_LKN_Sensorboard_readChannel3                  ./..//src/drivers/platform/micaZ/source/TUM_LKN_Sensorboard_driver.o
TUM_LKN_Sensorboard_readPhotoVoltage              ./..//src/drivers/platform/micaZ/source/TUM_LKN_Sensorboard_driver.o
TUM_LKN_Sensorboard_redBlink                      ./..//src/drivers/platform/micaZ/source/TUM_LKN_Sensorboard_driver.o
TUM_LKN_Sensorboard_redOff                        ./..//src/drivers/platform/micaZ/source/TUM_LKN_Sensorboard_driver.o
TUM_LKN_Sensorboard_redOn                         ./..//src/drivers/platform/micaZ/source/TUM_LKN_Sensorboard_driver.o
TUM_LKN_Sensorboard_redToggle                     ./..//src/drivers/platform/micaZ/source/TUM_LKN_Sensorboard_driver.o
TUM_LKN_Sensorboard_setBeeper                     ./..//src/drivers/platform/micaZ/source/TUM_LKN_Sensorboard_driver.o
TUM_LKN_Sensorboard_setBrightness0                ./..//src/drivers/platform/micaZ/source/TUM_LKN_Sensorboard_driver.o
TUM_LKN_Sensorboard_setBrightness1                ./..//src/drivers/platform/micaZ/source/TUM_LKN_Sensorboard_driver.o
TUM_LKN_Sensorboard_setControl0                   ./..//src/drivers/platform/micaZ/source/TUM_LKN_Sensorboard_driver.o
TUM_LKN_Sensorboard_setControl1                   ./..//src/drivers/platform/micaZ/source/TUM_LKN_Sensorboard_driver.o
TUM_LKN_Sensorboard_stepCCW                       ./..//src/drivers/platform/micaZ/source/TUM_LKN_Sensorboard_driver.o
TUM_LKN_Sensorboard_stepCW                        ./..//src/drivers/platform/micaZ/source/TUM_LKN_Sensorboard_driver.o
TUM_LKN_Sensorboard_writeIO                       ./..//src/drivers/platform/micaZ/source/TUM_LKN_Sensorboard_driver.o
TUM_LKN_Sensorboard_writeIOs                      ./..//src/drivers/platform/micaZ/source/TUM_LKN_Sensorboard_driver.o
TUM_LKN_Sensorboard_writeValue                    ./..//src/drivers/platform/micaZ/source/TUM_LKN_Sensorboard_driver.o
TUM_LKN_Sensorboard_yellowBlink                   ./..//src/drivers/platform/micaZ/source/TUM_LKN_Sensorboard_driver.o
TUM_LKN_Sensorboard_yellowOff                     ./..//src/drivers/platform/micaZ/source/TUM_LKN_Sensorboard_driver.o
TUM_LKN_Sensorboard_yellowOn                      ./..//src/drivers/platform/micaZ/source/TUM_LKN_Sensorboard_driver.o
TUM_LKN_Sensorboard_yellowToggle                  ./..//src/drivers/platform/micaZ/source/TUM_LKN_Sensorboard_driver.o
TWI_read                                          ./..//src/drivers/platform/micaZ/source/TUM_LKN_Sensorboard_driver.o
TWI_write                                         ./..//src/drivers/platform/micaZ/source/TUM_LKN_Sensorboard_driver.o
USART0_getchar                                    ./..//src/drivers/platform/micaZ/source/eDIP240-7_TouchPanel_driver.o
USART0_putchar                                    ./..//src/drivers/platform/micaZ/source/eDIP240-7_TouchPanel_driver.o
V2S                                               ./..//src/drivers/platform/micaZ/source/TUM_LKN_Sensorboard_driver.o
__addsf3                                          /usr/lib/gcc/avr/4.5.3/../../../avr/lib/avr51/libm.a(addsf3.o)
                                                  /usr/lib/gcc/avr/4.5.3/../../../avr/lib/avr51/libm.a(log.o)
                                                  ./..//src/drivers/platform/micaZ/source/mda100_driver.o
__addsf3x                                         /usr/lib/gcc/avr/4.5.3/../../../avr/lib/avr51/libm.a(addsf3x.o)
                                                  /usr/lib/gcc/avr/4.5.3/../../../avr/lib/avr51/libm.a(fp_powser.o)
                                                  /usr/lib/gcc/avr/4.5.3/../../../avr/lib/avr51/libm.a(log.o)
                                                  /usr/lib/gcc/avr/4.5.3/../../../avr/lib/avr51/libm.a(addsf3.o)
__bad_interrupt                                   /usr/lib/gcc/avr/4.5.3/../../../avr/lib/avr51/crtm128.o
__brkval                                          /usr/lib/gcc/avr/4.5.3/../../../avr/lib/avr51/libc.a(malloc.o)
__bss_end                                         /usr/lib/gcc/avr/4.5.3/avr51/libgcc.a(_clear_bss.o)
__bss_start                                       /usr/lib/gcc/avr/4.5.3/avr51/libgcc.a(_clear_bss.o)
__clz_tab                                         /usr/lib/gcc/avr/4.5.3/avr51/libgcc.a(_clz.o)
                                                  /usr/lib/gcc/avr/4.5.3/avr51/libgcc.a(_udivdi3.o)
__data_end                                        /usr/lib/gcc/avr/4.5.3/avr51/libgcc.a(_copy_data.o)
__data_load_start                                 /usr/lib/gcc/avr/4.5.3/avr51/libgcc.a(_copy_data.o)
__data_start                                      /usr/lib/gcc/avr/4.5.3/avr51/libgcc.a(_copy_data.o)
__divsf3                                          /usr/lib/gcc/avr/4.5.3/../../../avr/lib/avr51/libm.a(divsf3.o)
                                                  /usr/lib/gcc/avr/4.5.3/../../../avr/lib/avr51/libm.a(inverse.o)
                                                  ./..//src/drivers/platform/micaZ/source/TUM_LKN_Sensorboard_driver.o
                                                  ./..//src/drivers/platform/micaZ/source/mda100_driver.o
                                                  ./..//src/drivers/platform/micaZ/source/adc_driver.o
__divsf3_pse                                      /usr/lib/gcc/avr/4.5.3/../../../avr/lib/avr51/libm.a(divsf3x.o)
__divsf3x                                         /usr/lib/gcc/avr/4.5.3/../../../avr/lib/avr51/libm.a(divsf3x.o)
                                                  /usr/lib/gcc/avr/4.5.3/../../../avr/lib/avr51/libm.a(divsf3.o)
__do_clear_bss                                    /usr/lib/gcc/avr/4.5.3/avr51/libgcc.a(_clear_bss.o)
                                                  /usr/lib/gcc/avr/4.5.3/../../../avr/lib/avr51/libc.a(malloc.o)
                                                  /usr/lib/gcc/avr/4.5.3/../../../avr/lib/avr51/libc.a(iob.o)
                                                  ./..//src/drivers/platform/micaZ/source/TUM_LKN_Sensorboard_driver.o
                                                  ./..//src/drivers/platform/micaZ/source/eDIP240-7_TouchPanel_driver.o
                                                  ./..//src/drivers/platform/micaZ/source/DS2401.o
                                                  ./..//src/drivers/platform/micaZ/source/mts310cb_driver.o
                                                  ./..//src/drivers/platform/micaZ/source/mda100_driver.o
                                                  ./..//src/kernel/hal/atmega128/nrk_cpu.o
                                                  ./..//src/kernel/hal/atmega128/nrk_watchdog.o
                                                  ./..//src/kernel/hal/atmega128/nrk_ext_int.o
                                                  ./..//src/kernel/hal/atmega128/nrk_status.o
                                                  ./..//src/kernel/hal/atmega128/nrk_timer.o
                                                  ./..//src/kernel/source/nrk_sw_wdt.o
                                                  ./..//src/kernel/source/nrk_scheduler.o
                                                  ./..//src/kernel/source/nrk_idle_task.o
                                                  ./..//src/kernel/source/nrk_time.o
                                                  ./..//src/kernel/source/nrk_task.o
                                                  ./..//src/kernel/source/nrk_events.o
                                                  ./..//src/kernel/source/nrk_stack_check.o
                                                  ./..//src/kernel/source/nrk_error.o