Archive member included because of file (symbol)

/usr/lib/gcc/avr/4.5.3/../../../avr/lib/avr51/libprintf_flt.a(vfprintf_flt.o)
                              (vfprintf)
/usr/lib/gcc/avr/4.5.3/../../../avr/lib/avr51/libm.a(addsf3.o)
                              ./..//src/drivers/platform/micaZ/source/mda100_driver.o (__subsf3)
/usr/lib/gcc/avr/4.5.3/../../../avr/lib/avr51/libm.a(addsf3x.o)
                              /usr/lib/gcc/avr/4.5.3/../../../avr/lib/avr51/libm.a(addsf3.o) (__addsf3x)
/usr/lib/gcc/avr/4.5.3/../../../avr/lib/avr51/libm.a(divsf3.o)
                              ./..//src/drivers/platform/micaZ/source/adc_driver.o (__divsf3)
/usr/lib/gcc/avr/4.5.3/../../../avr/lib/avr51/libm.a(divsf3x.o)
                              /usr/lib/gcc/avr/4.5.3/../../../avr/lib/avr51/libm.a(divsf3.o) (__divsf3x)
/usr/lib/gcc/avr/4.5.3/../../../avr/lib/avr51/libm.a(fixunssfsi.o)
                              ./..//src/drivers/platform/micaZ/source/TUM_LKN_Sensorboard_driver.o (__fixunssfsi)
/usr/lib/gcc/avr/4.5.3/../../../avr/lib/avr51/libm.a(floatsisf.o)
                              ./..//src/drivers/platform/micaZ/source/adc_driver.o (__floatunsisf)
/usr/lib/gcc/avr/4.5.3/../../../avr/lib/avr51/libm.a(fp_inf.o)
                              /usr/lib/gcc/avr/4.5.3/../../../avr/lib/avr51/libm.a(addsf3x.o) (__fp_inf)
/usr/lib/gcc/avr/4.5.3/../../../avr/lib/avr51/libm.a(fp_nan.o)
                              /usr/lib/gcc/avr/4.5.3/../../../avr/lib/avr51/libm.a(addsf3x.o) (__fp_nan)
/usr/lib/gcc/avr/4.5.3/../../../avr/lib/avr51/libm.a(fp_pscA.o)
                              /usr/lib/gcc/avr/4.5.3/../../../avr/lib/avr51/libm.a(addsf3x.o) (__fp_pscA)
/usr/lib/gcc/avr/4.5.3/../../../avr/lib/avr51/libm.a(fp_pscB.o)
                              /usr/lib/gcc/avr/4.5.3/../../../avr/lib/avr51/libm.a(addsf3x.o) (__fp_pscB)
/usr/lib/gcc/avr/4.5.3/../../../avr/lib/avr51/libm.a(fp_round.o)
                              /usr/lib/gcc/avr/4.5.3/../../../avr/lib/avr51/libm.a(addsf3.o) (__fp_round)
/usr/lib/gcc/avr/4.5.3/../../../avr/lib/avr51/libm.a(fp_split3.o)
                              /usr/lib/gcc/avr/4.5.3/../../../avr/lib/avr51/libm.a(addsf3x.o) (__fp_split3)
/usr/lib/gcc/avr/4.5.3/../../../avr/lib/avr51/libm.a(fp_zero.o)
                              /usr/lib/gcc/avr/4.5.3/../../../avr/lib/avr51/libm.a(addsf3x.o) (__fp_zero)
/usr/lib/gcc/avr/4.5.3/../../../avr/lib/avr51/libm.a(gesf2.o)
                              ./..//src/drivers/platform/micaZ/source/TUM_LKN_Sensorboard_driver.o (__gesf2)
/usr/lib/gcc/avr/4.5.3/../../../avr/lib/avr51/libm.a(log.o)
                              ./..//src/drivers/platform/micaZ/source/mda100_driver.o (log)
/usr/lib/gcc/avr/4.5.3/../../../avr/lib/avr51/libm.a(mulsf3.o)
                              ./..//src/drivers/platform/micaZ/source/mda100_driver.o (__mulsf3)
/usr/lib/gcc/avr/4.5.3/../../../avr/lib/avr51/libm.a(mulsf3x.o)
                              /usr/lib/gcc/avr/4.5.3/../../../avr/lib/avr51/libm.a(log.o) (__mulsf3x)
/usr/lib/gcc/avr/4.5.3/../../../avr/lib/avr51/libm.a(pow.o)
                              ./..//src/drivers/platform/micaZ/source/mda100_driver.o (pow)
/usr/lib/gcc/avr/4.5.3/../../../avr/lib/avr51/libm.a(exp.o)
                              /usr/lib/gcc/avr/4.5.3/../../../avr/lib/avr51/libm.a(pow.o) (exp)
/usr/lib/gcc/avr/4.5.3/../../../avr/lib/avr51/libm.a(fp_cmp.o)
                              /usr/lib/gcc/avr/4.5.3/../../../avr/lib/avr51/libm.a(gesf2.o) (__fp_cmp)
/usr/lib/gcc/avr/4.5.3/../../../avr/lib/avr51/libm.a(fp_mpack.o)
                              /usr/lib/gcc/avr/4.5.3/../../../avr/lib/avr51/libm.a(log.o) (__fp_mpack)
/usr/lib/gcc/avr/4.5.3/../../../avr/lib/avr51/libm.a(fp_powser.o)
                              /usr/lib/gcc/avr/4.5.3/../../../avr/lib/avr51/libm.a(log.o) (__fp_powser)
/usr/lib/gcc/avr/4.5.3/../../../avr/lib/avr51/libm.a(inverse.o)
                              /usr/lib/gcc/avr/4.5.3/../../../avr/lib/avr51/libm.a(exp.o) (inverse)
/usr/lib/gcc/avr/4.5.3/../../../avr/lib/avr51/libm.a(ldexp.o)
                              /usr/lib/gcc/avr/4.5.3/../../../avr/lib/avr51/libm.a(exp.o) (ldexp)
/usr/lib/gcc/avr/4.5.3/../../../avr/lib/avr51/libm.a(modf.o)
                              /usr/lib/gcc/avr/4.5.3/../../../avr/lib/avr51/libm.a(exp.o) (modf)
/usr/lib/gcc/avr/4.5.3/avr51/libgcc.a(_mulsi3.o)
                              ./..//src/kernel/source/nrk_time.o (__mulsi3)
/usr/lib/gcc/avr/4.5.3/avr51/libgcc.a(_udivmodhi4.o)
                              ./..//src/kernel/source/nrk_scheduler.o (__udivmodhi4)
/usr/lib/gcc/avr/4.5.3/avr51/libgcc.a(_divmodhi4.o)
                              main.o (__divmodhi4)
/usr/lib/gcc/avr/4.5.3/avr51/libgcc.a(_udivmodsi4.o)
                              ./..//src/kernel/source/nrk_time.o (__udivmodsi4)
/usr/lib/gcc/avr/4.5.3/avr51/libgcc.a(_exit.o)
                              /usr/lib/gcc/avr/4.5.3/../../../avr/lib/avr51/crtm128.o (exit)
/usr/lib/gcc/avr/4.5.3/avr51/libgcc.a(_copy_data.o)
[...]
Memory Configuration

Name             Origin             Length             Attributes
text             0x00000000         0x00020000         xr
data             0x00800100         0x0000ff00         rw !x
eeprom           0x00810000         0x00010000         rw !x
fuse             0x00820000         0x00000400         rw !x
lock             0x00830000         0x00000400         rw !x
signature        0x00840000         0x00000400         rw !x
*default*        0x00000000         0xffffffff

Linker script and memory map

Address of section .data set to 0x800100
LOAD /usr/lib/gcc/avr/4.5.3/../../../avr/lib/avr51/crtm128.o
LOAD main.o
LOAD ./..//src/radio/cc2420/source/hal_rf_set_channel.o
LOAD ./..//src/radio/cc2420/source/hal_rf_wait_for_crystal_oscillator.o
LOAD ./..//src/radio/cc2420/source/basic_rf.o
LOAD ./..//src/platform/micaZ/source/ulib.o
LOAD ./..//src/platform/micaZ/source/hal_wait.o
LOAD ./..//src/platform/micaZ/source/nrk_eeprom.o
LOAD ./..//src/kernel/source/nrk.o
LOAD ./..//src/kernel/source/nrk_stats.o
LOAD ./..//src/kernel/source/nrk_error.o
LOAD ./..//src/kernel/source/nrk_stack_check.o
LOAD ./..//src/kernel/source/nrk_events.o
LOAD ./..//src/kernel/source/nrk_task.o
LOAD ./..//src/kernel/source/nrk_time.o
LOAD ./..//src/kernel/source/nrk_idle_task.o
LOAD ./..//src/kernel/source/nrk_scheduler.o
LOAD ./..//src/kernel/source/nrk_driver.o
LOAD ./..//src/kernel/source/nrk_reserve.o
LOAD ./..//src/kernel/source/nrk_sw_wdt.o
LOAD ./..//src/kernel/hal/atmega128/nrk_timer.o
LOAD ./..//src/kernel/hal/atmega128/nrk_status.o
LOAD ./..//src/kernel/hal/atmega128/nrk_ext_int.o
LOAD ./..//src/kernel/hal/atmega128/nrk_watchdog.o
LOAD ./..//src/kernel/hal/atmega128/nrk_cpu.o
LOAD ./..//src/drivers/platform/micaZ/source/ad5242.o
LOAD ./..//src/drivers/platform/micaZ/source/adc_driver.o
LOAD ./..//src/drivers/platform/micaZ/source/i2c_driver.o
LOAD ./..//src/drivers/platform/micaZ/source/mda100_driver.o
LOAD ./..//src/drivers/platform/micaZ/source/mts310cb_driver.o
LOAD ./..//src/drivers/platform/micaZ/source/DS2401.o
LOAD ./..//src/drivers/platform/micaZ/source/DOGM128-6_Graphicdisplay_driver.o
LOAD ./..//src/drivers/platform/micaZ/source/eDIP240-7_TouchPanel_driver.o
LOAD ./..//src/drivers/platform/micaZ/source/TUM_LKN_Sensorboard_driver.o
LOAD ./..//src/kernel/hal/atmega128/atmel_hw_specific.o
LOAD /usr/lib/gcc/avr/4.5.3/../../../avr/lib/avr51/libprintf_flt.a
LOAD /usr/lib/gcc/avr/4.5.3/../../../avr/lib/avr51/libm.a
LOAD /usr/lib/gcc/avr/4.5.3/avr51/libgcc.a
LOAD /usr/lib/gcc/avr/4.5.3/../../../avr/lib/avr51/libc.a
LOAD /usr/lib/gcc/avr/4.5.3/avr51/libgcc.a

.hash
 *(.hash)

.dynsym
 *(.dynsym)

.dynstr
 *(.dynstr)

.gnu.version
 *(.gnu.version)

.gnu.version_d
 *(.gnu.version_d)

.gnu.version_r
 *(.gnu.version_r)

.rel.init
 *(.rel.init)

.rela.init
 *(.rela.init)

.rel.text
 *(.rel.text)
 *(.rel.text.*)
 *(.rel.gnu.linkonce.t*)

.rela.text
 *(.rela.text)
 *(.rela.text.*)
 *(.rela.gnu.linkonce.t*)

.rel.fini
 *(.rel.fini)

.rela.fini
 *(.rela.fini)

.rel.rodata
 *(.rel.rodata)
 *(.rel.rodata.*)
 *(.rel.gnu.linkonce.r*)

.rela.rodata
 *(.rela.rodata)
 *(.rela.rodata.*)
 *(.rela.gnu.linkonce.r*)

.rel.data
 *(.rel.data)
 *(.rel.data.*)
 *(.rel.gnu.linkonce.d*)

.rela.data
 *(.rela.data)
 *(.rela.data.*)
 *(.rela.gnu.linkonce.d*)

.rel.ctors
 *(.rel.ctors)

.rela.ctors
 *(.rela.ctors)

.rel.dtors
 *(.rel.dtors)

.rela.dtors
 *(.rela.dtors)

.rel.got
 *(.rel.got)

.rela.got
 *(.rela.got)

.rel.bss
 *(.rel.bss)

.rela.bss
 *(.rela.bss)

.rel.plt
 *(.rel.plt)

.rela.plt
 *(.rela.plt)

.text           0x00000000     0x8c0a
 *(.vectors)
 .vectors       0x00000000       0x8c /usr/lib/gcc/avr/4.5.3/../../../avr/lib/avr51/crtm128.o
                0x00000000                __vectors
 *(.vectors)
 *(.progmem.gcc*)
 .progmem.gcc_sw_table
                0x0000008c       0x2c ./..//src/kernel/source/nrk_error.o
 .progmem.gcc_fplib
                0x000000b8       0x5a /usr/lib/gcc/avr/4.5.3/../../../avr/lib/avr51/libm.a(log.o)
 .progmem.gcc_fplib
                0x00000112       0x28 /usr/lib/gcc/avr/4.5.3/../../../avr/lib/avr51/libm.a(exp.o)
 *(.progmem*)
 .progmem.data  0x0000013a      0x238 ./..//src/kernel/source/nrk_error.o
 .progmem.data  0x00000372        0xf ./..//src/kernel/source/nrk_stack_check.o
 .progmem.data  0x00000381        0xf ./..//src/kernel/source/nrk_task.o
 .progmem.data  0x00000390      0x500 ./..//src/drivers/platform/micaZ/source/DOGM128-6_Graphicdisplay_driver.o
                0x00000390                font5x7
 .progmem.data  0x00000890        0x8 /usr/lib/gcc/avr/4.5.3/../../../avr/lib/avr51/libprintf_flt.a(vfprintf_flt.o)
 .progmem.data  0x00000898       0xfa /usr/lib/gcc/avr/4.5.3/../../../avr/lib/avr51/libc.a(ftoa_engine.o)
                0x00000992                . = ALIGN (0x2)
                0x00000992                __trampolines_start = .
 *(.trampolines)
 .trampolines   0x00000992        0x0 linker stubs
 *(.trampolines*)
                0x00000992                __trampolines_end = .
 *(.jumptables)
 *(.jumptables*)
 *(.lowtext)
 *(.lowtext*)
                0x00000992                __ctors_start = .
 *(.ctors)
                0x00000992                __ctors_end = .
                0x00000992                __dtors_start = .
 *(.dtors)
                0x00000992                __dtors_end = .
 SORT(*)(.ctors)
 SORT(*)(.dtors)
 *(.init0)
 .init0         0x00000992        0x0 /usr/lib/gcc/avr/4.5.3/../../../avr/lib/avr51/crtm128.o
                0x00000992                __init
 *(.init0)
 *(.init1)
 *(.init1)
 *(.init2)
 .init2         0x00000992        0xc /usr/lib/gcc/avr/4.5.3/../../../avr/lib/avr51/crtm128.o
 *(.init2)
 *(.init3)
 *(.init3)
 *(.init4)
 .init4         0x0000099e       0x1a /usr/lib/gcc/avr/4.5.3/avr51/libgcc.a(_copy_data.o)
                0x0000099e                __do_copy_data
 .init4         0x000009b8       0x10 /usr/lib/gcc/avr/4.5.3/avr51/libgcc.a(_clear_bss.o)
                0x000009b8                __do_clear_bss
 *(.init4)
 *(.init5)
 *(.init5)
 *(.init6)
 *(.init6)
 *(.init7)
 *(.init7)
 *(.init8)
 *(.init8)
 *(.init9)
 .init9         0x000009c8        0x8 /usr/lib/gcc/avr/4.5.3/../../../avr/lib/avr51/crtm128.o
 *(.init9)
 *(.text)
 .text          0x000009d0        0x4 /usr/lib/gcc/avr/4.5.3/../../../avr/lib/avr51/crtm128.o
                0x000009d0                __vector_22
                0x000009d0                __vector_28
                0x000009d0                __vector_32
                0x000009d0                __vector_34
                0x000009d0                __vector_24
                0x000009d0                __vector_12
                0x000009d0                __bad_interrupt
                0x000009d0                __vector_6
                0x000009d0                __vector_31
                0x000009d0                __vector_3
                0x000009d0                __vector_23
                0x000009d0                __vector_30
                0x000009d0                __vector_25
                0x000009d0                __vector_11
                0x000009d0                __vector_13
                0x000009d0                __vector_17
                0x000009d0                __vector_19
                0x000009d0                __vector_7
                0x000009d0                __vector_27
                0x000009d0                __vector_5
                0x000009d0                __vector_33
                0x000009d0                __vector_4
                0x000009d0                __vector_2
                0x000009d0                __vector_21
                0x000009d0                __vector_29
                0x000009d0                __vector_8
                0x000009d0                __vector_26
                0x000009d0                __vector_14
                0x000009d0                __vector_10
                0x000009d0                __vector_18
                0x000009d0                __vector_20
 .text          0x000009d4      0x4e2 main.o
                0x000009d4                task_3_func
                0x00000a3a                task_2_func
                0x00000bda                task_1_func
                0x00000c40                main
 .text          0x00000eb6       0x36 ./..//src/radio/cc2420/source/hal_rf_set_channel.o
                0x00000eb6                halRfSetChannel
 .text          0x00000eec       0x16 ./..//src/radio/cc2420/source/hal_rf_wait_for_crystal_oscillator.o
                0x00000eec                halRfWaitForCrystalOscillator
 .text          0x00000f02     0x115a ./..//src/radio/cc2420/source/basic_rf.o
                0x00000f02                cc259x_rx
                0x00000f14                cc259x_tx
                0x00000f26                rf_power_down
                0x00000f44                rf_power_up
                0x00000f5e                rf_security_last_pkt_status
                0x00000f64                rf_security_set_ctr_counter
                0x00000fd8                rf_security_set_key
                0x0000116e                rf_security_enable
                0x000011ae                rf_security_disable
                0x000011d0                rf_get_sem
                0x000011da                rf_tx_power
                0x000011fe                rf_set_channel
                0x00001204                rf_addr_decode_enable
                0x00001238                rf_addr_decode_disable
                0x0000126c                rf_auto_ack_enable
                0x000012a6                rf_auto_ack_disable
                0x000012de                rf_addr_decode_set_my_mac
                0x00001338                rf_set_rx
                0x0000136a                rf_init
                0x000014d8                rf_rx_on
                0x000014fc                rf_polling_rx_on
                0x00001520                rf_rx_off
                0x00001536                rf_tx_tdma_packet
                0x000017e2                rf_tx_packet
                0x00001ac4                rf_busy
                0x00001acc                rf_rx_check_fifop
                0x00001ad4                rf_rx_check_sfd
                0x00001adc                rf_polling_rx_packet
                0x00001e8a                rf_rx_packet
                0x00001ea0                rf_flush_rx_fifo
                0x00001eba                rf_set_cca_thresh
                0x00001ee0                rf_test_mode
                0x00001f28                rf_data_mode
                0x00001f6c                rf_rx_set_serial
                0x00001f9a                rf_tx_set_serial
                0x00001fbc                rf_set_preamble_length
                0x00001ffa                rf_set_cca_mode
                0x00002040                rf_carrier_on
                0x0000204e                rf_carrier_off
 .text          0x0000205c      0x514 ./..//src/platform/micaZ/source/ulib.o
                0x0000205c                getc0
                0x00002066                putc0
                0x00002070                nrk_uart_rx_signal_get
                0x00002074                nrk_uart_data_ready
                0x00002090                nrk_kprintf
                0x000020b6                nrk_gpio_set
                0x00002142                nrk_gpio_clr
                0x000021d0                nrk_gpio_get
                0x0000223c                nrk_gpio_pullups
                0x00002250                nrk_gpio_toggle
                0x000022dc                nrk_gpio_direction
                0x00002402                nrk_get_button
                0x00002406                nrk_led_toggle
                0x0000242c                nrk_led_clr
                0x00002452                nrk_setup_ports
                0x0000249a                nrk_led_set
                0x000024c0                putc1
                0x000024d8                setup_uart0
                0x000024f0                nrk_setup_uart
                0x0000252e                setup_uart1
                0x00002558                getc1
 .text          0x00002570        0xe ./..//src/platform/micaZ/source/hal_wait.o
                0x00002570                halWait
 .text          0x0000257e      0x142 ./..//src/platform/micaZ/source/nrk_eeprom.o
                0x0000257e                nrk_eeprom_read_byte
                0x00002584                nrk_eeprom_write_byte
                0x0000258c                read_eeprom_mac_address
                0x000025f8                read_eeprom_channel
                0x00002610                write_eeprom_load_img_pages
                0x00002620                read_eeprom_load_img_pages
                0x00002638                read_eeprom_aes_key
                0x00002668                write_eeprom_aes_key
                0x00002698                read_eeprom_current_image_checksum
                0x000026b0                write_eeprom_current_image_checksum
 .text          0x000026c0      0x43e ./..//src/kernel/source/nrk.o
                0x000026c0                nrk_int_disable
                0x000026c4                nrk_int_enable
                0x000026c8                nrk_halt
                0x000026ce                nrk_init
                0x0000285a                nrk_start
                0x00002906                nrk_TCB_init
                0x00002af2                _nrk_timer_tick
                0x00002af8                nrk_version
 .text          0x00002afe        0x0 ./..//src/kernel/source/nrk_stats.o
 .text          0x00002afe      0x456 ./..//src/kernel/source/nrk_error.o
                0x00002afe                _nrk_errno_set
                0x00002b0a                nrk_errno_get
                0x00002b16                nrk_error_get
                0x00002b32                pause
                0x00002b5c                blink_dot
                0x00002b76                blink_dash
                0x00002b98                blink_morse_code_error
                0x00002cfc                nrk_error_print
                0x00002eba                nrk_kernel_error_add
                0x00002f3c                nrk_error_add
 .text          0x00002f54      0x260 ./..//src/kernel/source/nrk_stack_check.o
                0x00002f54                dump_stack_info
                0x00003124                nrk_stack_check
                0x0000316c                nrk_stack_check_pid
 .text          0x000031b4      0x790 ./..//src/kernel/source/nrk_events.o
                0x000031b4                nrk_signal_create
                0x00003220                nrk_signal_get_registered_mask
                0x00003232                nrk_signal_delete
                0x00003342                nrk_signal_unregister
                0x000033c6                nrk_signal_register
                0x0000342e                nrk_event_signal
                0x00003514                nrk_event_wait
                0x0000358a                nrk_sem_create
                0x000035ce                nrk_get_resource_index
                0x000035f8                nrk_sem_delete
                0x0000363c                nrk_sem_post
                0x00003798                nrk_sem_pend
                0x00003912                nrk_sem_query
 .text          0x00003944      0x70a ./..//src/kernel/source/nrk_task.o
                0x00003944                nrk_get_high_ready_task_ID
                0x00003950                nrk_print_readyQ
                0x000039c2                nrk_add_to_readyQ
                0x00003b0c                nrk_rem_from_readyQ
                0x00003bac                nrk_activate_task
                0x00003c5e                nrk_set_next_wakeup
                0x00003ccc                _nrk_wait_for_scheduler
                0x00003ce0                nrk_wait
                0x00003d90                nrk_wait_until_nw
                0x00003dde                nrk_wait_until_ticks
                0x00003e38                nrk_wait_ticks
                0x00003eb6                nrk_wait_until_next_n_periods
                0x00003f1c                nrk_wait_until_next_period
                0x00003f74                nrk_terminate_task
                0x00003f96                nrk_wait_until
                0x00004042                nrk_get_pid
 .text          0x0000404e      0x596 ./..//src/kernel/source/nrk_time.o
                0x0000404e                nrk_time_get
                0x0000410a                nrk_time_sub
                0x00004228                nrk_time_compact_nanos
                0x0000426e                nrk_time_add
                0x00004324                nrk_time_set
                0x00004346                _nrk_time_to_ticks
                0x00004464                _nrk_ticks_to_time
                0x000044d6                _nrk_time_to_ticks_long
 .text          0x000045e4       0x36 ./..//src/kernel/source/nrk_idle_task.o
                0x000045e4                nrk_idle_task
 .text          0x0000461a      0x512 ./..//src/kernel/source/nrk_scheduler.o
                0x0000461a                _nrk_scheduler
 .text          0x00004b2c        0x0 ./..//src/kernel/source/nrk_driver.o
 .text          0x00004b2c        0x0 ./..//src/kernel/source/nrk_reserve.o
 .text          0x00004b2c        0x0 ./..//src/kernel/source/nrk_sw_wdt.o
 .text          0x00004b2c      0x2f2 ./..//src/kernel/hal/atmega128/nrk_timer.o
                0x00004b2c                nrk_spin_wait_us
                0x00004b3a                _nrk_high_speed_timer_stop
                0x00004b3e                _nrk_high_speed_timer_start
                0x00004b44                _nrk_high_speed_timer_reset
                0x00004b50                _nrk_high_speed_timer_get
                0x00004b72                nrk_high_speed_timer_wait
                0x00004be2                _nrk_os_timer_set
                0x00004be6                _nrk_os_timer_stop
                0x00004bf6                _nrk_os_timer_start
                0x00004c02                _nrk_os_timer_reset
                0x00004c14                _nrk_setup_timer
                0x00004c4c                _nrk_precision_os_timer_reset
                0x00004c4e                _nrk_get_next_wakeup
                0x00004c54                _nrk_set_next_wakeup
                0x00004c5a                _nrk_os_timer_get
                0x00004c5e                __vector_default
                0x00004cb2                __vector_15
                0x00004cb2                __vector_16
                0x00004d18                nrk_timer_int_stop
                0x00004d26                nrk_timer_int_reset
                0x00004d34                nrk_timer_int_read
                0x00004d46                nrk_timer_int_start
                0x00004d58                nrk_timer_int_configure
                0x00004dba                __vector_9
 .text          0x00004e1e       0x4a ./..//src/kernel/hal/atmega128/nrk_status.o
                0x00004e1e                _nrk_startup_error
 .text          0x00004e68       0x60 ./..//src/kernel/hal/atmega128/nrk_ext_int.o
                0x00004e68                nrk_ext_int_enable
                0x00004e6c                nrk_ext_int_disable
                0x00004e70                nrk_ext_int_configure
                0x00004e74                __vector_1
 .text          0x00004ec8       0x48 ./..//src/kernel/hal/atmega128/nrk_watchdog.o
                0x00004ec8                nrk_watchdog_disable
                0x00004ee2                nrk_watchdog_enable
                0x00004efe                nrk_watchdog_check
                0x00004f0c                nrk_watchdog_reset
 .text          0x00004f10      0x104 ./..//src/kernel/hal/atmega128/nrk_cpu.o
                0x00004f10                nrk_battery_save
                0x00004f12                nrk_task_set_entry_function
                0x00004f1a                nrk_sleep
                0x00004f32                nrk_idle
                0x00004f48                nrk_task_stk_init
                0x00004f9e                nrk_task_set_stk
                0x00004fdc                nrk_stack_pointer_restore
                0x00004fea                nrk_stack_pointer_init
                0x0000500a                nrk_target_start
 .text          0x00005014       0x42 ./..//src/drivers/platform/micaZ/source/ad5242.o
                0x00005014                ad5242_init
                0x0000501a                ad5242_set
 .text          0x00005056       0x6a ./..//src/drivers/platform/micaZ/source/adc_driver.o
                0x00005056                adc_init
                0x00005082                adc_Powersave
                0x00005086                adc_GetChannel
                0x0000509e                adc_GetBatteryVoltage
 .text          0x000050c0       0xf6 ./..//src/drivers/platform/micaZ/source/i2c_driver.o
                0x000050c0                i2c_init
                0x000050d6                i2c_waitForInterruptFlag
                0x000050e0                i2c_actionStart
                0x000050ec                i2c_start
                0x0000510e                i2c_stop
                0x00005126                i2c_send
                0x00005150                i2c_receive
                0x00005174                i2c_controlByte_RX
                0x00005196                i2c_controlByte_TX
 .text          0x000051b6      0x19c ./..//src/drivers/platform/micaZ/source/mda100_driver.o
                0x000051b6                mda100_init
                0x000051c2                mda100_Powersave
                0x000051d4                mda100_LightSensor_Power
                0x00005208                mda100_TemperatureSensor_Power
                0x0000523c                mda100_LightSensor_GetCounts
                0x00005256                mda100_TemperatureSensor_GetCounts
                0x00005270                mda100_TemperatureSensor_GetKelvin
                0x00005340                mda100_TemperatureSensor_GetDegreeCelsius
 .text          0x00005352      0x26e ./..//src/drivers/platform/micaZ/source/mts310cb_driver.o
                0x00005352                mts310cb_init
                0x00005362                mts310cb_Powersave
                0x00005374                mts310cb_Accelerometer_Power
                0x000053a0                mts310cb_Magnetometer_Power
                0x000053cc                mts310cb_TemperatureSensor_Power
                0x000053f4                mts310cb_LightSensor_Power
                0x0000541c                mts310cb_Sounder_Power
                0x00005448                mts310cb_Microphone_Power
                0x00005474                mts310cb_Magnetometer_x_SetOffset
                0x000054a0                mts310cb_Magnetometer_y_SetOffset
                0x000054cc                mts310cb_Microphone_SetGain
                0x000054f8                mts310cb_Microphone_SetMode
                0x00005528                mts310cb_LightSensor_GetCounts
                0x00005542                mts310cb_TemperatureSensor_GetCounts
                0x0000555c                mts310cb_Microphone_GetCounts
                0x00005570                mts310cb_Accelerometer_x_GetCounts
                0x00005584                mts310cb_Accelerometer_y_GetCounts
                0x00005598                mts310cb_Magnetometer_x_GetCounts
                0x000055ac                mts310cb_Magnetometer_y_GetCounts
 .text          0x000055c0      0x1da ./..//src/drivers/platform/micaZ/source/DS2401.o
                0x000055c0                Maxim_1Wire_ResetPulse
                0x00005608                Maxim_1Wire_WriteBit
                0x0000563e                Maxim_1Wire_ReadBit
                0x00005672                Maxim_1Wire_WriteByte
                0x000056b0                Maxim_1Wire_ReadByte
                0x000056e4                Maxim_1Wire_CommandReadRom
                0x000056ec                DS2401_init
                0x000056fe                DS2401_getSerialNumber
 .text          0x0000579a      0x21a ./..//src/drivers/platform/micaZ/source/DOGM128-6_Graphicdisplay_driver.o
                0x0000579a                DOGM128_6_usart1_sendByte
                0x00005812                DOGM128_6_clear_display
                0x00005874                DOGM128_6_display_init
                0x0000591a                DOGM128_6_display_backlight
                0x00005926                DOGM128_6_LCD_print
 .text          0x000059b4      0x6bc ./..//src/drivers/platform/micaZ/source/eDIP240-7_TouchPanel_driver.o
                0x000059b4                USART0_putchar
                0x000059c4                USART0_getchar
                0x000059e8                eDIP240_7_Display_send_packet
                0x00005aa8                eDIP240_7_Display_get_buffer
                0x00005baa                eDIP240_7_Display_request_buffer_info
                0x00005cac                eDIP240_7_Display_set_protocol
                0x00005d40                eDIP240_7_Display_get_protocoll_info
                0x00005e52                eDIP240_7_Display_repeat_last_packet
                0x00005f2e                eDIP240_7_Display_select
                0x00005fba                eDIP240_7_Display_deselect
                0x00006046                eDIP240_7_Display_send_string
                0x0000605e                eDIP240_7_Display_send_string_with_NULL
 .text          0x00006070      0x634 ./..//src/drivers/platform/micaZ/source/TUM_LKN_Sensorboard_driver.o
                0x00006070                setLedMode
                0x000060a0                getLedMode
                0x000060cc                S2V
                0x000060fa                V2S
                0x00006122                setBits
                0x0000612a                prescalerSec2Hex
                0x0000618e                pwmFrac2Hex
                0x000061e6                TUM_LKN_Sensorboard_getCurrentStep
                0x000061ec                TUM_LKN_Sensorboard_setControl0
                0x00006216                TUM_LKN_Sensorboard_setControl1
                0x00006240                TUM_LKN_Sensorboard_setBrightness0
                0x0000624e                TUM_LKN_Sensorboard_setBrightness1
                0x0000625c                TWI_write
                0x000062c0                TWI_read
                0x0000633e                i2cAction
                0x0000636a                setLeds
                0x000063b4                TUM_LKN_Sensorboard_greenBlink
                0x000063c6                TUM_LKN_Sensorboard_greenToggle
                0x000063dc                TUM_LKN_Sensorboard_greenOff
                0x000063ea                TUM_LKN_Sensorboard_greenOn
                0x000063f8                TUM_LKN_Sensorboard_yellowBlink
                0x0000640a                TUM_LKN_Sensorboard_yellowToggle
                0x00006420                TUM_LKN_Sensorboard_yellowOff
                0x0000642e                TUM_LKN_Sensorboard_yellowOn
                0x0000643c                TUM_LKN_Sensorboard_redBlink
                0x0000644e                TUM_LKN_Sensorboard_redToggle
                0x00006464                TUM_LKN_Sensorboard_redOff
                0x00006472                TUM_LKN_Sensorboard_redOn
                0x00006480                TUM_LKN_Sensorboard_laserBlink
                0x00006492                TUM_LKN_Sensorboard_laserToggle
                0x000064a8                TUM_LKN_Sensorboard_laserOff
                0x000064b6                TUM_LKN_Sensorboard_laserOn
                0x000064c4                readADC
                0x0000650e                TUM_LKN_Sensorboard_readChannel
                0x00006514                TUM_LKN_Sensorboard_readChannel3
                0x0000651c                TUM_LKN_Sensorboard_readChannel2
                0x00006524                TUM_LKN_Sensorboard_readChannel1
                0x0000652c                TUM_LKN_Sensorboard_readPhotoVoltage
                0x00006534                writeDAC
                0x0000655a                TUM_LKN_Sensorboard_writeValue
                0x00006564                readIOs
                0x00006580                writeIOs
                0x000065a4                TUM_LKN_Sensorboard_halfStepCW
                0x000065cc                TUM_LKN_Sensorboard_halfStepCCW
                0x000065f4                TUM_LKN_Sensorboard_stepCW
                0x0000661c                TUM_LKN_Sensorboard_stepCCW
                0x00006644                TUM_LKN_Sensorboard_StepperIdle
                0x00006650                TUM_LKN_Sensorboard_setBeeper
                0x00006668                TUM_LKN_Sensorboard_writeIO
                0x00006690                TUM_LKN_Sensorboard_writeIOs
                0x00006696                TUM_LKN_Sensorboard_init
 .text          0x000066a4       0x56 ./..//src/kernel/hal/atmega128/atmel_hw_specific.o
                0x000066a4                nrk_start_high_ready_task
 .text          0x000066fa        0x0 /usr/lib/gcc/avr/4.5.3/../../../avr/lib/avr51/libprintf_flt.a(vfprintf_flt.o)
 .text          0x000066fa        0x0 /usr/lib/gcc/avr/4.5.3/../../../avr/lib/avr51/libm.a(addsf3.o)
 .text          0x000066fa        0x0 /usr/lib/gcc/avr/4.5.3/../../../avr/lib/avr51/libm.a(addsf3x.o)
 .text          0x000066fa        0x0 /usr/lib/gcc/avr/4.5.3/../../../avr/lib/avr51/libm.a(divsf3.o)
 .text          0x000066fa        0x0 /usr/lib/gcc/avr/4.5.3/../../../avr/lib/avr51/libm.a(divsf3x.o)
 .text          0x000066fa        0x0 /usr/lib/gcc/avr/4.5.3/../../../avr/lib/avr51/libm.a(fixunssfsi.o)
 .text          0x000066fa        0x0 /usr/lib/gcc/avr/4.5.3/../../../avr/lib/avr51/libm.a(floatsisf.o)
 .text          0x000066fa        0x0 /usr/lib/gcc/avr/4.5.3/../../../avr/lib/avr51/libm.a(fp_inf.o)
 .text          0x000066fa        0x0 /usr/lib/gcc/avr/4.5.3/../../../avr/lib/avr51/libm.a(fp_nan.o)
 .text          0x000066fa        0x0 /usr/lib/gcc/avr/4.5.3/../../../avr/lib/avr51/libm.a(fp_pscA.o)
 .text          0x000066fa        0x0 /usr/lib/gcc/avr/4.5.3/../../../avr/lib/avr51/libm.a(fp_pscB.o)
 .text          0x000066fa        0x0 /usr/lib/gcc/avr/4.5.3/../../../avr/lib/avr51/libm.a(fp_round.o)
 .text          0x000066fa        0x0 /usr/lib/gcc/avr/4.5.3/../../../avr/lib/avr51/libm.a(fp_split3.o)
 .text          0x000066fa        0x0 /usr/lib/gcc/avr/4.5.3/../../../avr/lib/avr51/libm.a(fp_zero.o)
 .text          0x000066fa        0x0 /usr/lib/gcc/avr/4.5.3/../../../avr/lib/avr51/libm.a(gesf2.o)
 .text          0x000066fa        0x0 /usr/lib/gcc/avr/4.5.3/../../../avr/lib/avr51/libm.a(log.o)
 .text          0x000066fa        0x0 /usr/lib/gcc/avr/4.5.3/../../../avr/lib/avr51/libm.a(mulsf3.o)
 .text          0x000066fa        0x0 /usr/lib/gcc/avr/4.5.3/../../../avr/lib/avr51/libm.a(mulsf3x.o)
 .text          0x000066fa        0x0 /usr/lib/gcc/avr/4.5.3/../../../avr/lib/avr51/libm.a(pow.o)
 .text          0x000066fa        0x0 /usr/lib/gcc/avr/4.5.3/../../../avr/lib/avr51/libm.a(exp.o)
 .text          0x000066fa        0x0 /usr/lib/gcc/avr/4.5.3/../../../avr/lib/avr51/libm.a(fp_cmp.o)
 .text          0x000066fa        0x0 /usr/lib/gcc/avr/4.5.3/../../../avr/lib/avr51/libm.a(fp_mpack.o)
 .text          0x000066fa        0x0 /usr/lib/gcc/avr/4.5.3/../../../avr/lib/avr51/libm.a(fp_powser.o)
 .text          0x000066fa        0x0 /usr/lib/gcc/avr/4.5.3/../../../avr/lib/avr51/libm.a(inverse.o)
 .text          0x000066fa        0x0 /usr/lib/gcc/avr/4.5.3/../../../avr/lib/avr51/libm.a(ldexp.o)
 .text          0x000066fa        0x0 /usr/lib/gcc/avr/4.5.3/../../../avr/lib/avr51/libm.a(modf.o)
 .text          0x000066fa        0x0 /usr/lib/gcc/avr/4.5.3/avr51/libgcc.a(_mulsi3.o)
 .text          0x000066fa        0x0 /usr/lib/gcc/avr/4.5.3/avr51/libgcc.a(_udivmodhi4.o)
 .text          0x000066fa        0x0 /usr/lib/gcc/avr/4.5.3/avr51/libgcc.a(_divmodhi4.o)
 .text          0x000066fa        0x0 /usr/lib/gcc/avr/4.5.3/avr51/libgcc.a(_udivmodsi4.o)
 .text          0x000066fa        0x0 /usr/lib/gcc/avr/4.5.3/avr51/libgcc.a(_exit.o)
 .text          0x000066fa        0x0 /usr/lib/gcc/avr/4.5.3/avr51/libgcc.a(_copy_data.o)
 .text          0x000066fa        0x0 /usr/lib/gcc/avr/4.5.3/avr51/libgcc.a(_clear_bss.o)
 .text          0x000066fa      0xcac /usr/lib/gcc/avr/4.5.3/avr51/libgcc.a(_udivdi3.o)
                0x000066fa                __udivdi3
 .text          0x000073a6        0x0 /usr/lib/gcc/avr/4.5.3/avr51/libgcc.a(_prologue.o)
 .text          0x000073a6        0x0 /usr/lib/gcc/avr/4.5.3/avr51/libgcc.a(_epilogue.o)
 .text          0x000073a6        0x0 /usr/lib/gcc/avr/4.5.3/avr51/libgcc.a(_clz.o)
 .text          0x000073a6        0x0 /usr/lib/gcc/avr/4.5.3/../../../avr/lib/avr51/libc.a(rand.o)
 .text          0x000073a6        0x0 /usr/lib/gcc/avr/4.5.3/../../../avr/lib/avr51/libc.a(ftoa_engine.o)
 .text          0x000073a6        0x0 /usr/lib/gcc/avr/4.5.3/../../../avr/lib/avr51/libc.a(strnlen_P.o)
 .text          0x000073a6        0x0 /usr/lib/gcc/avr/4.5.3/../../../avr/lib/avr51/libc.a(strnlen.o)
 .text          0x000073a6        0x0 /usr/lib/gcc/avr/4.5.3/../../../avr/lib/avr51/libc.a(fdevopen.o)
 .text          0x000073a6        0x0 /usr/lib/gcc/avr/4.5.3/../../../avr/lib/avr51/libc.a(fgetc.o)
 .text          0x000073a6        0x0 /usr/lib/gcc/avr/4.5.3/../../../avr/lib/avr51/libc.a(fputc.o)
 .text          0x000073a6        0x0 /usr/lib/gcc/avr/4.5.3/../../../avr/lib/avr51/libc.a(iob.o)
 .text          0x000073a6        0x0 /usr/lib/gcc/avr/4.5.3/../../../avr/lib/avr51/libc.a(printf.o)
 .text          0x000073a6        0x0 /usr/lib/gcc/avr/4.5.3/../../../avr/lib/avr51/libc.a(puts.o)
 .text          0x000073a6        0x0 /usr/lib/gcc/avr/4.5.3/../../../avr/lib/avr51/libc.a(sprintf.o)
 .text          0x000073a6        0x0 /usr/lib/gcc/avr/4.5.3/../../../avr/lib/avr51/libc.a(ultoa_invert.o)
 .text          0x000073a6        0x0 /usr/lib/gcc/avr/4.5.3/../../../avr/lib/avr51/libc.a(eerd_byte_atmega128.o)
 .text          0x000073a6        0x0 /usr/lib/gcc/avr/4.5.3/../../../avr/lib/avr51/libc.a(eewr_byte_atmega128.o)
 .text          0x000073a6        0x0 /usr/lib/gcc/avr/4.5.3/../../../avr/lib/avr51/libc.a(calloc.o)
 .text          0x000073a6        0x0 /usr/lib/gcc/avr/4.5.3/../../../avr/lib/avr51/libc.a(malloc.o)
 .text          0x000073a6        0x0 /usr/lib/gcc/avr/4.5.3/../../../avr/lib/avr51/libc.a(memset.o)
 .text          0x000073a6        0x0 /usr/lib/gcc/avr/4.5.3/avr51/libgcc.a(_divmodsi4.o)
                0x000073a6                . = ALIGN (0x2)
 *(.text.*)
 .text.avr-libc
                0x000073a6      0x75e /usr/lib/gcc/avr/4.5.3/../../../avr/lib/avr51/libprintf_flt.a(vfprintf_flt.o)
                0x000073a6                vfprintf
 .text.avr-libc.fplib
                0x00007b04        0xa /usr/lib/gcc/avr/4.5.3/../../../avr/lib/avr51/libm.a(addsf3.o)
                0x00007b04                __subsf3
                0x00007b06                __addsf3
 .text.avr-libc.fplib
                0x00007b0e       0xc0 /usr/lib/gcc/avr/4.5.3/../../../avr/lib/avr51/libm.a(addsf3x.o)
                0x00007b28                __addsf3x
 .text.avr-libc.fplib
                0x00007bce        0x4 /usr/lib/gcc/avr/4.5.3/../../../avr/lib/avr51/libm.a(divsf3.o)
                0x00007bce                __divsf3
 .text.avr-libc.fplib
                0x00007bd2       0xcc /usr/lib/gcc/avr/4.5.3/../../../avr/lib/avr51/libm.a(divsf3x.o)
                0x00007be8                __divsf3x
                0x00007bec                __divsf3_pse
 .text.avr-libc.fplib
                0x00007c9e       0x58 /usr/lib/gcc/avr/4.5.3/../../../avr/lib/avr51/libm.a(fixunssfsi.o)
                0x00007c9e                __fixunssfsi
 .text.avr-libc.fplib
                0x00007cf6       0x7a /usr/lib/gcc/avr/4.5.3/../../../avr/lib/avr51/libm.a(floatsisf.o)
                0x00007cf6                __floatunsisf
                0x00007cfa                __floatsisf
 .text.avr-libc.fplib
                0x00007d70        0xc /usr/lib/gcc/avr/4.5.3/../../../avr/lib/avr51/libm.a(fp_inf.o)
                0x00007d70                __fp_inf
 .text.avr-libc.fplib
                0x00007d7c        0x6 /usr/lib/gcc/avr/4.5.3/../../../avr/lib/avr51/libm.a(fp_nan.o)
                0x00007d7c                __fp_nan
 .text.avr-libc.fplib
                0x00007d82        0xe /usr/lib/gcc/avr/4.5.3/../../../avr/lib/avr51/libm.a(fp_pscA.o)
                0x00007d82                __fp_pscA
 .text.avr-libc.fplib
                0x00007d90        0xe /usr/lib/gcc/avr/4.5.3/../../../avr/lib/avr51/libm.a(fp_pscB.o)
                0x00007d90                __fp_pscB
 .text.avr-libc.fplib
                0x00007d9e       0x22 /usr/lib/gcc/avr/4.5.3/../../../avr/lib/avr51/libm.a(fp_round.o)
                0x00007d9e                __fp_round
 .text.avr-libc.fplib
                0x00007dc0       0x44 /usr/lib/gcc/avr/4.5.3/../../../avr/lib/avr51/libm.a(fp_split3.o)
                0x00007dc0                __fp_split3
                0x00007dd0                __fp_splitA
 .text.avr-libc.fplib
                0x00007e04        0xe /usr/lib/gcc/avr/4.5.3/../../../avr/lib/avr51/libm.a(fp_zero.o)
                0x00007e04                __fp_zero
                0x00007e06                __fp_szero
 .text.avr-libc.fplib
                0x00007e12        0x8 /usr/lib/gcc/avr/4.5.3/../../../avr/lib/avr51/libm.a(gesf2.o)
                0x00007e12                __gtsf2
                0x00007e12                __gesf2
 .text.avr-libc.fplib
                0x00007e1a       0x8a /usr/lib/gcc/avr/4.5.3/../../../avr/lib/avr51/libm.a(log.o)
                0x00007e24                log
 .text.avr-libc.fplib
                0x00007ea4        0x4 /usr/lib/gcc/avr/4.5.3/../../../avr/lib/avr51/libm.a(mulsf3.o)
                0x00007ea4                __mulsf3
 .text.avr-libc.fplib
                0x00007ea8       0xc2 /usr/lib/gcc/avr/4.5.3/../../../avr/lib/avr51/libm.a(mulsf3x.o)
                0x00007ebc                __mulsf3x
                0x00007ec0                __mulsf3_pse
 .text.avr-libc.fplib
                0x00007f6a       0x98 /usr/lib/gcc/avr/4.5.3/../../../avr/lib/avr51/libm.a(pow.o)
                0x00007f6a                pow
 .text.avr-libc.fplib
                0x00008002       0x62 /usr/lib/gcc/avr/4.5.3/../../../avr/lib/avr51/libm.a(exp.o)
                0x0000800c                exp
 .text.avr-libc.fplib
                0x00008064       0x48 /usr/lib/gcc/avr/4.5.3/../../../avr/lib/avr51/libm.a(fp_cmp.o)
                0x00008064                __fp_cmp
 .text.avr-libc.fplib
                0x000080ac       0x1c /usr/lib/gcc/avr/4.5.3/../../../avr/lib/avr51/libm.a(fp_mpack.o)
                0x000080ac                __fp_mpack
                0x000080b0                __fp_mpack_finite
 .text.avr-libc.fplib
                0x000080c8       0x4a /usr/lib/gcc/avr/4.5.3/../../../avr/lib/avr51/libm.a(fp_powser.o)
                0x000080c8                __fp_powser
 .text.avr-libc.fplib
                0x00008112        0xe /usr/lib/gcc/avr/4.5.3/../../../avr/lib/avr51/libm.a(inverse.o)
                0x00008112                inverse
 .text.avr-libc.fplib
                0x00008120       0x6c /usr/lib/gcc/avr/4.5.3/../../../avr/lib/avr51/libm.a(ldexp.o)
                0x00008124                ldexp
 .text.avr-libc.fplib
                0x0000818c       0x66 /usr/lib/gcc/avr/4.5.3/../../../avr/lib/avr51/libm.a(modf.o)
                0x0000818c                modff
                0x0000818c                modf
 .text.libgcc   0x000081f2       0x3e /usr/lib/gcc/avr/4.5.3/avr51/libgcc.a(_mulsi3.o)
                0x000081f2                __mulsi3
 .text.libgcc   0x00008230       0x28 /usr/lib/gcc/avr/4.5.3/avr51/libgcc.a(_udivmodhi4.o)
                0x00008230                __udivmodhi4
 .text.libgcc   0x00008258       0x26 /usr/lib/gcc/avr/4.5.3/avr51/libgcc.a(_divmodhi4.o)
                0x00008258                __divmodhi4
                0x00008258                _div
 .text.libgcc   0x0000827e       0x44 /usr/lib/gcc/avr/4.5.3/avr51/libgcc.a(_udivmodsi4.o)
                0x0000827e                __udivmodsi4
 .text.libgcc   0x000082c2        0x0 /usr/lib/gcc/avr/4.5.3/avr51/libgcc.a(_exit.o)
 .text.libgcc   0x000082c2        0x0 /usr/lib/gcc/avr/4.5.3/avr51/libgcc.a(_copy_data.o)
 .text.libgcc   0x000082c2        0x0 /usr/lib/gcc/avr/4.5.3/avr51/libgcc.a(_clear_bss.o)
 .text.libgcc   0x000082c2       0x38 /usr/lib/gcc/avr/4.5.3/avr51/libgcc.a(_prologue.o)
                0x000082c2                __prologue_saves__
 .text.libgcc   0x000082fa       0x36 /usr/lib/gcc/avr/4.5.3/avr51/libgcc.a(_epilogue.o)
                0x000082fa                __epilogue_restores__
 .text.avr-libc
                0x00008330       0xbc /usr/lib/gcc/avr/4.5.3/../../../avr/lib/avr51/libc.a(rand.o)
                0x000083c6                rand_r
                0x000083cc                rand
                0x000083d6                srand
 .text.avr-libc
                0x000083ec      0x1b0 /usr/lib/gcc/avr/4.5.3/../../../avr/lib/avr51/libc.a(ftoa_engine.o)
                0x000083ec                __ftoa_engine
 .text.avr-libc
                0x0000859c       0x16 /usr/lib/gcc/avr/4.5.3/../../../avr/lib/avr51/libc.a(strnlen_P.o)
                0x0000859c                strnlen_P
 .text.avr-libc
                0x000085b2       0x16 /usr/lib/gcc/avr/4.5.3/../../../avr/lib/avr51/libc.a(strnlen.o)
                0x000085b2                strnlen
 .text.avr-libc
                0x000085c8       0x96 /usr/lib/gcc/avr/4.5.3/../../../avr/lib/avr51/libc.a(fdevopen.o)
                0x000085c8                fdevopen
 .text.avr-libc
                0x0000865e       0x84 /usr/lib/gcc/avr/4.5.3/../../../avr/lib/avr51/libc.a(fgetc.o)
                0x0000865e                fgetc
 .text.avr-libc
                0x000086e2       0x58 /usr/lib/gcc/avr/4.5.3/../../../avr/lib/avr51/libc.a(fputc.o)
                0x000086e2                fputc
 .text.avr-libc
                0x0000873a       0x24 /usr/lib/gcc/avr/4.5.3/../../../avr/lib/avr51/libc.a(printf.o)
                0x0000873a                printf
 .text.avr-libc
                0x0000875e       0x6e /usr/lib/gcc/avr/4.5.3/../../../avr/lib/avr51/libc.a(puts.o)
                0x0000875e                puts
 .text.avr-libc
                0x000087cc       0x60 /usr/lib/gcc/avr/4.5.3/../../../avr/lib/avr51/libc.a(sprintf.o)
                0x000087cc                sprintf
 .text.avr-libc
                0x0000882c       0xbc /usr/lib/gcc/avr/4.5.3/../../../avr/lib/avr51/libc.a(ultoa_invert.o)
                0x0000882c                __ultoa_invert
 .text.avr-libc
                0x000088e8       0x10 /usr/lib/gcc/avr/4.5.3/../../../avr/lib/avr51/libc.a(eerd_byte_atmega128.o)
                0x000088e8                __eerd_byte_m128
 .text.avr-libc
                0x000088f8       0x1a /usr/lib/gcc/avr/4.5.3/../../../avr/lib/avr51/libc.a(eewr_byte_atmega128.o)
                0x000088f8                __eewr_byte_m128
                0x000088fa                __eewr_r18_m128
 .text.avr-libc
                0x00008912       0x4a /usr/lib/gcc/avr/4.5.3/../../../avr/lib/avr51/libc.a(calloc.o)
                0x00008912                calloc
 .text.avr-libc
                0x0000895c      0x266 /usr/lib/gcc/avr/4.5.3/../../../avr/lib/avr51/libc.a(malloc.o)
                0x0000895c                malloc
                0x00008a90                free
 .text.avr-libc
                0x00008bc2        0xe /usr/lib/gcc/avr/4.5.3/../../../avr/lib/avr51/libc.a(memset.o)
                0x00008bc2                memset
 .text.libgcc   0x00008bd0       0x36 /usr/lib/gcc/avr/4.5.3/avr51/libgcc.a(_divmodsi4.o)
                0x00008bd0                __divmodsi4
                0x00008c06                . = ALIGN (0x2)
 *(.fini9)
 .fini9         0x00008c06        0x0 /usr/lib/gcc/avr/4.5.3/avr51/libgcc.a(_exit.o)
                0x00008c06                exit
                0x00008c06                _exit
 *(.fini9)
 *(.fini8)
 *(.fini8)
 *(.fini7)
 *(.fini7)
 *(.fini6)
 *(.fini6)
 *(.fini5)
 *(.fini5)
 *(.fini4)
 *(.fini4)
 *(.fini3)
 *(.fini3)
 *(.fini2)
 *(.fini2)
 *(.fini1)
 *(.fini1)
 *(.fini0)
 .fini0         0x00008c06        0x4 /usr/lib/gcc/avr/4.5.3/avr51/libgcc.a(_exit.o)
 *(.fini0)
                0x00008c0a                _etext = .

.data           0x00800100      0x2d0 load address 0x00008c0a
                0x00800100                PROVIDE (__data_start, .)
 *(.data)
 .data          0x00800100        0x0 /usr/lib/gcc/avr/4.5.3/../../../avr/lib/avr51/crtm128.o
 .data          0x00800100       0xb3 main.o
                0x0080019b                task_1_period
                0x0080019f                task_1_execution
                0x008001a3                task_2_period
                0x008001a7                task_2_execution
                0x008001ab                task_3_period
                0x008001af                task_3_execution
 .data          0x008001b3        0x0 ./..//src/radio/cc2420/source/hal_rf_set_channel.o
 .data          0x008001b3        0x0 ./..//src/radio/cc2420/source/hal_rf_wait_for_crystal_oscillator.o
 .data          0x008001b3        0x0 ./..//src/radio/cc2420/source/basic_rf.o
 .data          0x008001b3       0x23 ./..//src/platform/micaZ/source/ulib.o
                0x008001b3                NRK_LED_0
                0x008001b4                NRK_LED_1
                0x008001b5                NRK_LED_2
                0x008001b6                NRK_VREG_EN
                0x008001b7                NRK_RESET_N
                0x008001b8                NRK_CSN
                0x008001b9                NRK_SCK
                0x008001ba                NRK_MOSI
                0x008001bb                NRK_MISO
                0x008001bc                NRK_FIFO
                0x008001bd                NRK_UART1_RXD
                0x008001be                NRK_UART1_TXD
                0x008001bf                NRK_SFD
                0x008001c0                NRK_UART1_RTS
                0x008001c1                NRK_CCA
                0x008001c2                NRK_UART1_CTS
                0x008001c3                NRK_UART0_RXD
                0x008001c4                NRK_UART0_TXD
                0x008001c5                NRK_FIFOP
                0x008001c6                NRK_ADC_INPUT_0
                0x008001c7                NRK_ADC_INPUT_1
                0x008001c8                NRK_ADC_INPUT_2
                0x008001c9                NRK_ADC_INPUT_3
                0x008001ca                NRK_ADC_INPUT_6
                0x008001cb                NRK_ADC_INPUT_7
                0x008001cc                NRK_DEBUG_0
                0x008001cd                NRK_DEBUG_1
                0x008001ce                NRK_DEBUG_2
                0x008001cf                NRK_DEBUG_3
                0x008001d0                NRK_LED_3
                0x008001d1                NRK_BLED
                0x008001d2                NRK_SPI_SS
                0x008001d3                NRK_GPIO26
                0x008001d4                NRK_GPIO28
                0x008001d5                NRK_GPIO34
 .data          0x008001d6        0x0 ./..//src/platform/micaZ/source/hal_wait.o
 .data          0x008001d6        0x0 ./..//src/platform/micaZ/source/nrk_eeprom.o
 .data          0x008001d6        0x0 ./..//src/kernel/source/nrk.o
 .data          0x008001d6        0x0 ./..//src/kernel/source/nrk_stats.o
 .data          0x008001d6        0x3 ./..//src/kernel/source/nrk_error.o
 .data          0x008001d9       0x4e ./..//src/kernel/source/nrk_stack_check.o
 .data          0x00800227       0x4e ./..//src/kernel/source/nrk_events.o
 .data          0x00800275        0x4 ./..//src/kernel/source/nrk_task.o
 .data          0x00800279        0x0 ./..//src/kernel/source/nrk_time.o
 .data          0x00800279        0x0 ./..//src/kernel/source/nrk_idle_task.o
 .data          0x00800279       0x3d ./..//src/kernel/source/nrk_scheduler.o
 .data          0x008002b6        0x0 ./..//src/kernel/source/nrk_driver.o
 .data          0x008002b6        0x0 ./..//src/kernel/source/nrk_reserve.o
 .data          0x008002b6        0x0 ./..//src/kernel/source/nrk_sw_wdt.o
 .data          0x008002b6        0x0 ./..//src/kernel/hal/atmega128/nrk_timer.o
 .data          0x008002b6        0x0 ./..//src/kernel/hal/atmega128/nrk_status.o
 .data          0x008002b6        0x0 ./..//src/kernel/hal/atmega128/nrk_ext_int.o
 .data          0x008002b6        0x0 ./..//src/kernel/hal/atmega128/nrk_watchdog.o
 .data          0x008002b6        0x0 ./..//src/kernel/hal/atmega128/nrk_cpu.o
 .data          0x008002b6        0x0 ./..//src/drivers/platform/micaZ/source/ad5242.o
 .data          0x008002b6        0x0 ./..//src/drivers/platform/micaZ/source/adc_driver.o
 .data          0x008002b6        0x0 ./..//src/drivers/platform/micaZ/source/i2c_driver.o
 .data          0x008002b6        0x0 ./..//src/drivers/platform/micaZ/source/mda100_driver.o
 .data          0x008002b6        0x0 ./..//src/drivers/platform/micaZ/source/mts310cb_driver.o
 .data          0x008002b6        0x0 ./..//src/drivers/platform/micaZ/source/DS2401.o
 .data          0x008002b6        0x0 ./..//src/drivers/platform/micaZ/source/DOGM128-6_Graphicdisplay_driver.o
 .data          0x008002b6        0x0 ./..//src/drivers/platform/micaZ/source/eDIP240-7_TouchPanel_driver.o
 .data          0x008002b6       0x10 ./..//src/drivers/platform/micaZ/source/TUM_LKN_Sensorboard_driver.o
                0x008002b6                steppertimeout
                0x008002b8                steps
                0x008002c0                m_vbatt
                0x008002c4                m_pwm
 .data          0x008002c6        0x0 ./..//src/kernel/hal/atmega128/atmel_hw_specific.o
 .data          0x008002c6        0x0 /usr/lib/gcc/avr/4.5.3/../../../avr/lib/avr51/libprintf_flt.a(vfprintf_flt.o)
 .data          0x008002c6        0x0 /usr/lib/gcc/avr/4.5.3/../../../avr/lib/avr51/libm.a(addsf3.o)
 .data          0x008002c6        0x0 /usr/lib/gcc/avr/4.5.3/../../../avr/lib/avr51/libm.a(addsf3x.o)
 .data          0x008002c6        0x0 /usr/lib/gcc/avr/4.5.3/../../../avr/lib/avr51/libm.a(divsf3.o)
 .data          0x008002c6        0x0 /usr/lib/gcc/avr/4.5.3/../../../avr/lib/avr51/libm.a(divsf3x.o)
 .data          0x008002c6        0x0 /usr/lib/gcc/avr/4.5.3/../../../avr/lib/avr51/libm.a(fixunssfsi.o)
 .data          0x008002c6        0x0 /usr/lib/gcc/avr/4.5.3/../../../avr/lib/avr51/libm.a(floatsisf.o)
 .data          0x008002c6        0x0 /usr/lib/gcc/avr/4.5.3/../../../avr/lib/avr51/libm.a(fp_inf.o)
 .data          0x008002c6        0x0 /usr/lib/gcc/avr/4.5.3/../../../avr/lib/avr51/libm.a(fp_nan.o)
 .data          0x008002c6        0x0 /usr/lib/gcc/avr/4.5.3/../../../avr/lib/avr51/libm.a(fp_pscA.o)
 .data          0x008002c6        0x0 /usr/lib/gcc/avr/4.5.3/../../../avr/lib/avr51/libm.a(fp_pscB.o)
 .data          0x008002c6        0x0 /usr/lib/gcc/avr/4.5.3/../../../avr/lib/avr51/libm.a(fp_round.o)
 .data          0x008002c6        0x0 /usr/lib/gcc/avr/4.5.3/../../../avr/lib/avr51/libm.a(fp_split3.o)
 .data          0x008002c6        0x0 /usr/lib/gcc/avr/4.5.3/../../../avr/lib/avr51/libm.a(fp_zero.o)
 .data          0x008002c6        0x0 /usr/lib/gcc/avr/4.5.3/../../../avr/lib/avr51/libm.a(gesf2.o)
 .data          0x008002c6        0x0 /usr/lib/gcc/avr/4.5.3/../../../avr/lib/avr51/libm.a(log.o)
 .data          0x008002c6        0x0 /usr/lib/gcc/avr/4.5.3/../../../avr/lib/avr51/libm.a(mulsf3.o)
 .data          0x008002c6        0x0 /usr/lib/gcc/avr/4.5.3/../../../avr/lib/avr51/libm.a(mulsf3x.o)
 .data          0x008002c6        0x0 /usr/lib/gcc/avr/4.5.3/../../../avr/lib/avr51/libm.a(pow.o)
 .data          0x008002c6        0x0 /usr/lib/gcc/avr/4.5.3/../../../avr/lib/avr51/libm.a(exp.o)
 .data          0x008002c6        0x0 /usr/lib/gcc/avr/4.5.3/../../../avr/lib/avr51/libm.a(fp_cmp.o)
 .data          0x008002c6        0x0 /usr/lib/gcc/avr/4.5.3/../../../avr/lib/avr51/libm.a(fp_mpack.o)
 .data          0x008002c6        0x0 /usr/lib/gcc/avr/4.5.3/../../../avr/lib/avr51/libm.a(fp_powser.o)
 .data          0x008002c6        0x0 /usr/lib/gcc/avr/4.5.3/../../../avr/lib/avr51/libm.a(inverse.o)
 .data          0x008002c6        0x0 /usr/lib/gcc/avr/4.5.3/../../../avr/lib/avr51/libm.a(ldexp.o)
 .data          0x008002c6        0x0 /usr/lib/gcc/avr/4.5.3/../../../avr/lib/avr51/libm.a(modf.o)
 .data          0x008002c6        0x0 /usr/lib/gcc/avr/4.5.3/avr51/libgcc.a(_mulsi3.o)
 .data          0x008002c6        0x0 /usr/lib/gcc/avr/4.5.3/avr51/libgcc.a(_udivmodhi4.o)
 .data          0x008002c6        0x0 /usr/lib/gcc/avr/4.5.3/avr51/libgcc.a(_divmodhi4.o)
 .data          0x008002c6        0x0 /usr/lib/gcc/avr/4.5.3/avr51/libgcc.a(_udivmodsi4.o)
 .data          0x008002c6        0x0 /usr/lib/gcc/avr/4.5.3/avr51/libgcc.a(_exit.o)
 .data          0x008002c6        0x0 /usr/lib/gcc/avr/4.5.3/avr51/libgcc.a(_copy_data.o)
 .data          0x008002c6        0x0 /usr/lib/gcc/avr/4.5.3/avr51/libgcc.a(_clear_bss.o)
 .data          0x008002c6        0x0 /usr/lib/gcc/avr/4.5.3/avr51/libgcc.a(_udivdi3.o)
 .data          0x008002c6        0x0 /usr/lib/gcc/avr/4.5.3/avr51/libgcc.a(_prologue.o)
 .data          0x008002c6        0x0 /usr/lib/gcc/avr/4.5.3/avr51/libgcc.a(_epilogue.o)
 .data          0x008002c6      0x100 /usr/lib/gcc/avr/4.5.3/avr51/libgcc.a(_clz.o)
                0x008002c6                __clz_tab
 .data          0x008003c6        0x4 /usr/lib/gcc/avr/4.5.3/../../../avr/lib/avr51/libc.a(rand.o)
 .data          0x008003ca        0x0 /usr/lib/gcc/avr/4.5.3/../../../avr/lib/avr51/libc.a(ftoa_engine.o)
 .data          0x008003ca        0x0 /usr/lib/gcc/avr/4.5.3/../../../avr/lib/avr51/libc.a(strnlen_P.o)
 .data          0x008003ca        0x0 /usr/lib/gcc/avr/4.5.3/../../../avr/lib/avr51/libc.a(strnlen.o)
 .data          0x008003ca        0x0 /usr/lib/gcc/avr/4.5.3/../../../avr/lib/avr51/libc.a(fdevopen.o)
 .data          0x008003ca        0x0 /usr/lib/gcc/avr/4.5.3/../../../avr/lib/avr51/libc.a(fgetc.o)
 .data          0x008003ca        0x0 /usr/lib/gcc/avr/4.5.3/../../../avr/lib/avr51/libc.a(fputc.o)
 .data          0x008003ca        0x0 /usr/lib/gcc/avr/4.5.3/../../../avr/lib/avr51/libc.a(iob.o)
 .data          0x008003ca        0x0 /usr/lib/gcc/avr/4.5.3/../../../avr/lib/avr51/libc.a(printf.o)
 .data          0x008003ca        0x0 /usr/lib/gcc/avr/4.5.3/../../../avr/lib/avr51/libc.a(puts.o)
 .data          0x008003ca        0x0 /usr/lib/gcc/avr/4.5.3/../../../avr/lib/avr51/libc.a(sprintf.o)
 .data          0x008003ca        0x0 /usr/lib/gcc/avr/4.5.3/../../../avr/lib/avr51/libc.a(ultoa_invert.o)
 .data          0x008003ca        0x0 /usr/lib/gcc/avr/4.5.3/../../../avr/lib/avr51/libc.a(eerd_byte_atmega128.o)
 .data          0x008003ca        0x0 /usr/lib/gcc/avr/4.5.3/../../../avr/lib/avr51/libc.a(eewr_byte_atmega128.o)
 .data          0x008003ca        0x0 /usr/lib/gcc/avr/4.5.3/../../../avr/lib/avr51/libc.a(calloc.o)
 .data          0x008003ca        0x6 /usr/lib/gcc/avr/4.5.3/../../../avr/lib/avr51/libc.a(malloc.o)
                0x008003ca                __malloc_margin
                0x008003cc                __malloc_heap_start
                0x008003ce                __malloc_heap_end
 .data          0x008003d0        0x0 /usr/lib/gcc/avr/4.5.3/../../../avr/lib/avr51/libc.a(memset.o)
 .data          0x008003d0        0x0 /usr/lib/gcc/avr/4.5.3/avr51/libgcc.a(_divmodsi4.o)
 *(.data*)
 *(.rodata)
 *(.rodata*)
 *(.gnu.linkonce.d*)
                0x008003d0                . = ALIGN (0x2)
                0x008003d0                _edata = .
                0x008003d0                PROVIDE (__data_end, .)

.bss            0x008003d0      0x42a
                0x008003d0                PROVIDE (__bss_start, .)
 *(.bss)
 .bss           0x008003d0        0x0 /usr/lib/gcc/avr/4.5.3/../../../avr/lib/avr51/crtm128.o
 .bss           0x008003d0        0x0 main.o
 .bss           0x008003d0        0x0 ./..//src/radio/cc2420/source/hal_rf_set_channel.o
 .bss           0x008003d0        0x0 ./..//src/radio/cc2420/source/hal_rf_wait_for_crystal_oscillator.o
 .bss           0x008003d0        0x0 ./..//src/radio/cc2420/source/basic_rf.o
 .bss           0x008003d0        0x0 ./..//src/platform/micaZ/source/ulib.o
 .bss           0x008003d0        0x0 ./..//src/platform/micaZ/source/hal_wait.o
 .bss           0x008003d0        0x0 ./..//src/platform/micaZ/source/nrk_eeprom.o
 .bss           0x008003d0        0x0 ./..//src/kernel/source/nrk.o
 .bss           0x008003d0        0x0 ./..//src/kernel/source/nrk_stats.o
 .bss           0x008003d0        0x0 ./..//src/kernel/source/nrk_error.o
 .bss           0x008003d0        0x0 ./..//src/kernel/source/nrk_stack_check.o
 .bss           0x008003d0        0x0 ./..//src/kernel/source/nrk_events.o
 .bss           0x008003d0        0x0 ./..//src/kernel/source/nrk_task.o
 .bss           0x008003d0        0x0 ./..//src/kernel/source/nrk_time.o
 .bss           0x008003d0        0x0 ./..//src/kernel/source/nrk_idle_task.o
 .bss           0x008003d0        0x0 ./..//src/kernel/source/nrk_scheduler.o
 .bss           0x008003d0        0x0 ./..//src/kernel/source/nrk_driver.o
 .bss           0x008003d0        0x0 ./..//src/kernel/source/nrk_reserve.o
 .bss           0x008003d0        0x0 ./..//src/kernel/source/nrk_sw_wdt.o
 .bss           0x008003d0        0x0 ./..//src/kernel/hal/atmega128/nrk_timer.o
 .bss           0x008003d0        0x0 ./..//src/kernel/hal/atmega128/nrk_status.o
 .bss           0x008003d0        0x0 ./..//src/kernel/hal/atmega128/nrk_ext_int.o
 .bss           0x008003d0        0x0 ./..//src/kernel/hal/atmega128/nrk_watchdog.o
 .bss           0x008003d0        0x0 ./..//src/kernel/hal/atmega128/nrk_cpu.o
 .bss           0x008003d0        0x0 ./..//src/drivers/platform/micaZ/source/ad5242.o
 .bss           0x008003d0        0x0 ./..//src/drivers/platform/micaZ/source/adc_driver.o
 .bss           0x008003d0        0x0 ./..//src/drivers/platform/micaZ/source/i2c_driver.o
 .bss           0x008003d0        0x1 ./..//src/drivers/platform/micaZ/source/mda100_driver.o
                0x008003d0                mda100_initDone
 .bss           0x008003d1        0x1 ./..//src/drivers/platform/micaZ/source/mts310cb_driver.o
                0x008003d1                mts310cb_initDone
 .bss           0x008003d2        0x0 ./..//src/drivers/platform/micaZ/source/DS2401.o
 .bss           0x008003d2        0x0 ./..//src/drivers/platform/micaZ/source/DOGM128-6_Graphicdisplay_driver.o
 .bss           0x008003d2        0x0 ./..//src/drivers/platform/micaZ/source/eDIP240-7_TouchPanel_driver.o
 .bss           0x008003d2        0xd ./..//src/drivers/platform/micaZ/source/TUM_LKN_Sensorboard_driver.o
                0x008003d2                m_currentstep
                0x008003d3                i2cData
                0x008003db                m_lastxs
                0x008003dc                m_ledstate
                0x008003dd                m_prescaler
 .bss           0x008003df        0x0 ./..//src/kernel/hal/atmega128/atmel_hw_specific.o
 .bss           0x008003df        0x0 /usr/lib/gcc/avr/4.5.3/../../../avr/lib/avr51/libprintf_flt.a(vfprintf_flt.o)
 .bss           0x008003df        0x0 /usr/lib/gcc/avr/4.5.3/../../../avr/lib/avr51/libm.a(addsf3.o)
 .bss           0x008003df        0x0 /usr/lib/gcc/avr/4.5.3/../../../avr/lib/avr51/libm.a(addsf3x.o)
 .bss           0x008003df        0x0 /usr/lib/gcc/avr/4.5.3/../../../avr/lib/avr51/libm.a(divsf3.o)
 .bss           0x008003df        0x0 /usr/lib/gcc/avr/4.5.3/../../../avr/lib/avr51/libm.a(divsf3x.o)
 .bss           0x008003df        0x0 /usr/lib/gcc/avr/4.5.3/../../../avr/lib/avr51/libm.a(fixunssfsi.o)
 .bss           0x008003df        0x0 /usr/lib/gcc/avr/4.5.3/../../../avr/lib/avr51/libm.a(floatsisf.o)
 .bss           0x008003df        0x0 /usr/lib/gcc/avr/4.5.3/../../../avr/lib/avr51/libm.a(fp_inf.o)
 .bss           0x008003df        0x0 /usr/lib/gcc/avr/4.5.3/../../../avr/lib/avr51/libm.a(fp_nan.o)
 .bss           0x008003df        0x0 /usr/lib/gcc/avr/4.5.3/../../../avr/lib/avr51/libm.a(fp_pscA.o)
 .bss           0x008003df        0x0 /usr/lib/gcc/avr/4.5.3/../../../avr/lib/avr51/libm.a(fp_pscB.o)
 .bss           0x008003df        0x0 /usr/lib/gcc/avr/4.5.3/../../../avr/lib/avr51/libm.a(fp_round.o)
 .bss           0x008003df        0x0 /usr/lib/gcc/avr/4.5.3/../../../avr/lib/avr51/libm.a(fp_split3.o)
 .bss           0x008003df        0x0 /usr/lib/gcc/avr/4.5.3/../../../avr/lib/avr51/libm.a(fp_zero.o)
 .bss           0x008003df        0x0 /usr/lib/gcc/avr/4.5.3/../../../avr/lib/avr51/libm.a(gesf2.o)
 .bss           0x008003df        0x0 /usr/lib/gcc/avr/4.5.3/../../../avr/lib/avr51/libm.a(log.o)
 .bss           0x008003df        0x0 /usr/lib/gcc/avr/4.5.3/../../../avr/lib/avr51/libm.a(mulsf3.o)
 .bss           0x008003df        0x0 /usr/lib/gcc/avr/4.5.3/../../../avr/lib/avr51/libm.a(mulsf3x.o)
 .bss           0x008003df        0x0 /usr/lib/gcc/avr/4.5.3/../../../avr/lib/avr51/libm.a(pow.o)
 .bss           0x008003df        0x0 /usr/lib/gcc/avr/4.5.3/../../../avr/lib/avr51/libm.a(exp.o)
 .bss           0x008003df        0x0 /usr/lib/gcc/avr/4.5.3/../../../avr/lib/avr51/libm.a(fp_cmp.o)
 .bss           0x008003df        0x0 /usr/lib/gcc/avr/4.5.3/../../../avr/lib/avr51/libm.a(fp_mpack.o)
 .bss           0x008003df        0x0 /usr/lib/gcc/avr/4.5.3/../../../avr/lib/avr51/libm.a(fp_powser.o)
 .bss           0x008003df        0x0 /usr/lib/gcc/avr/4.5.3/../../../avr/lib/avr51/libm.a(inverse.o)
 .bss           0x008003df        0x0 /usr/lib/gcc/avr/4.5.3/../../../avr/lib/avr51/libm.a(ldexp.o)
 .bss           0x008003df        0x0 /usr/lib/gcc/avr/4.5.3/../../../avr/lib/avr51/libm.a(modf.o)
 .bss           0x008003df        0x0 /usr/lib/gcc/avr/4.5.3/avr51/libgcc.a(_mulsi3.o)
 .bss           0x008003df        0x0 /usr/lib/gcc/avr/4.5.3/avr51/libgcc.a(_udivmodhi4.o)
 .bss           0x008003df        0x0 /usr/lib/gcc/avr/4.5.3/avr51/libgcc.a(_divmodhi4.o)
 .bss           0x008003df        0x0 /usr/lib/gcc/avr/4.5.3/avr51/libgcc.a(_udivmodsi4.o)
 .bss           0x008003df        0x0 /usr/lib/gcc/avr/4.5.3/avr51/libgcc.a(_exit.o)
 .bss           0x008003df        0x0 /usr/lib/gcc/avr/4.5.3/avr51/libgcc.a(_copy_data.o)
 .bss           0x008003df        0x0 /usr/lib/gcc/avr/4.5.3/avr51/libgcc.a(_clear_bss.o)
 .bss           0x008003df        0x0 /usr/lib/gcc/avr/4.5.3/avr51/libgcc.a(_udivdi3.o)
 .bss           0x008003df        0x0 /usr/lib/gcc/avr/4.5.3/avr51/libgcc.a(_prologue.o)
 .bss           0x008003df        0x0 /usr/lib/gcc/avr/4.5.3/avr51/libgcc.a(_epilogue.o)
 .bss           0x008003df        0x0 /usr/lib/gcc/avr/4.5.3/avr51/libgcc.a(_clz.o)
 .bss           0x008003df        0x0 /usr/lib/gcc/avr/4.5.3/../../../avr/lib/avr51/libc.a(rand.o)
 .bss           0x008003df        0x0 /usr/lib/gcc/avr/4.5.3/../../../avr/lib/avr51/libc.a(ftoa_engine.o)
 .bss           0x008003df        0x0 /usr/lib/gcc/avr/4.5.3/../../../avr/lib/avr51/libc.a(strnlen_P.o)
 .bss           0x008003df        0x0 /usr/lib/gcc/avr/4.5.3/../../../avr/lib/avr51/libc.a(strnlen.o)
 .bss           0x008003df        0x0 /usr/lib/gcc/avr/4.5.3/../../../avr/lib/avr51/libc.a(fdevopen.o)
 .bss           0x008003df        0x0 /usr/lib/gcc/avr/4.5.3/../../../avr/lib/avr51/libc.a(fgetc.o)
 .bss           0x008003df        0x0 /usr/lib/gcc/avr/4.5.3/../../../avr/lib/avr51/libc.a(fputc.o)
 .bss           0x008003df        0x0 /usr/lib/gcc/avr/4.5.3/../../../avr/lib/avr51/libc.a(iob.o)
 .bss           0x008003df        0x0 /usr/lib/gcc/avr/4.5.3/../../../avr/lib/avr51/libc.a(printf.o)
 .bss           0x008003df        0x0 /usr/lib/gcc/avr/4.5.3/../../../avr/lib/avr51/libc.a(puts.o)
 .bss           0x008003df        0x0 /usr/lib/gcc/avr/4.5.3/../../../avr/lib/avr51/libc.a(sprintf.o)
 .bss           0x008003df        0x0 /usr/lib/gcc/avr/4.5.3/../../../avr/lib/avr51/libc.a(ultoa_invert.o)
 .bss           0x008003df        0x0 /usr/lib/gcc/avr/4.5.3/../../../avr/lib/avr51/libc.a(eerd_byte_atmega128.o)
 .bss           0x008003df        0x0 /usr/lib/gcc/avr/4.5.3/../../../avr/lib/avr51/libc.a(eewr_byte_atmega128.o)
 .bss           0x008003df        0x0 /usr/lib/gcc/avr/4.5.3/../../../avr/lib/avr51/libc.a(calloc.o)
 .bss           0x008003df        0x0 /usr/lib/gcc/avr/4.5.3/../../../avr/lib/avr51/libc.a(malloc.o)
 .bss           0x008003df        0x0 /usr/lib/gcc/avr/4.5.3/../../../avr/lib/avr51/libc.a(memset.o)
 .bss           0x008003df        0x0 /usr/lib/gcc/avr/4.5.3/avr51/libgcc.a(_divmodsi4.o)
 *(.bss*)
 *(COMMON)
 COMMON         0x008003df      0x2f8 main.o
                0x008003df                app_timer0_callback
                0x008003e1                stack_1
                0x00800461                error_task
                0x00800462                stack_3
                0x008004e2                _nrk_time_trigger
                0x008004e3                task_2
                0x00800506                nrk_kernel_stk
                0x00800586                _nrk_signal_list
                0x0080058a                seed
                0x0080058c                stack_2
                0x0080060c                nrk_kernel_stk_ptr
                0x0080060e                task_3
                0x00800631                app_timer0_prescale
                0x00800632                _nrk_prev_timer_val
                0x00800633                error_num
                0x00800634                task_1
                0x00800657                nrk_idle_task_stk
 COMMON         0x008006d7       0x1b ./..//src/radio/cc2420/source/basic_rf.o
                0x008006d7                rx_ctr
                0x008006db                radio_sem
                0x008006dd                security_enable
                0x008006de                mdmctrl0
                0x008006e0                rfSettings
                0x008006e9                tmp_blah
                0x008006eb                auto_ack_enable
                0x008006ec                last_pkt_encrypted
                0x008006ed                tx_ctr
                0x008006f1                rx_ready
 COMMON         0x008006f2       0xf0 ./..//src/kernel/source/nrk.o
                0x008006f2                _free_node
                0x008006f4                nrk_task_TCB
                0x0080079e                next_next_wakeup
                0x008007a0                nrk_sem_list
                0x008007af                nrk_task_init_cnt
                0x008007b0                systemceiling
                0x008007b1                nrk_wakeup_signal
                0x008007b2                nrk_high_ready_TCB
                0x008007b4                nrk_cur_task_prio
                0x008007b5                _nrk_cpu_state
                0x008007b6                _head_node
                0x008007b8                nrk_system_time
                0x008007c0                _nrk_resource_cnt
                0x008007c1                nrk_cur_task_TCB
                0x008007c3                nrk_high_ready_prio
                0x008007c4                _nrk_readyQ
 COMMON         0x008007e2        0x1 ./..//src/kernel/source/nrk_scheduler.o
                0x008007e2                t
 COMMON         0x008007e3        0x8 ./..//src/kernel/hal/atmega128/nrk_ext_int.o
                0x008007e3                ext_int1_callback
                0x008007e5                ext_int0_callback
                0x008007e7                ext_int2_callback
                0x008007e9                pc_int0_callback
 COMMON         0x008007eb        0x5 ./..//src/drivers/platform/micaZ/source/TUM_LKN_Sensorboard_driver.o
                0x008007eb                i2cDataLen
                0x008007ec                i2cDataDirection
                0x008007ed                m_channel
                0x008007ee                i2cDestination
 COMMON         0x008007f0        0x6 /usr/lib/gcc/avr/4.5.3/../../../avr/lib/avr51/libc.a(iob.o)
                0x008007f0                __iob
 COMMON         0x008007f6        0x4 /usr/lib/gcc/avr/4.5.3/../../../avr/lib/avr51/libc.a(malloc.o)
                0x008007f6                __brkval
                0x008007f8                __flp
                0x008007fa                PROVIDE (__bss_end, .)
                0x00008c0a                __data_load_start = LOADADDR (.data)
                0x00008eda                __data_load_end = (__data_load_start + SIZEOF (.data))

.noinit         0x008007fa        0x0
                0x008007fa                PROVIDE (__noinit_start, .)
 *(.noinit*)
                0x008007fa                PROVIDE (__noinit_end, .)
                0x008007fa                _end = .
                0x008007fa                PROVIDE (__heap_start, .)

.eeprom         0x00810000        0x0
 *(.eeprom*)
                0x00810000                __eeprom_end = .

.fuse
 *(.fuse)
 *(.lfuse)
 *(.hfuse)
 *(.efuse)

.lock
 *(.lock*)

.signature
 *(.signature*)

.stab           0x00000000    0x19bb4
 *(.stab)
 .stab          0x00000000      0x6cc /usr/lib/gcc/avr/4.5.3/../../../avr/lib/avr51/crtm128.o
 .stab          0x000006cc      0x978 main.o
                                0x984 (size before relaxing)
 .stab          0x00001044      0x294 ./..//src/radio/cc2420/source/hal_rf_set_channel.o
                                0x600 (size before relaxing)
 .stab          0x000012d8      0x264 ./..//src/radio/cc2420/source/hal_rf_wait_for_crystal_oscillator.o
                                0x5d0 (size before relaxing)
 .stab          0x0000153c     0x375c ./..//src/radio/cc2420/source/basic_rf.o
                               0x3b7c (size before relaxing)
 .stab          0x00004c98     0x1170 ./..//src/platform/micaZ/source/ulib.o
                               0x14f4 (size before relaxing)
 .stab          0x00005e08      0x240 ./..//src/platform/micaZ/source/hal_wait.o
                                0x5ac (size before relaxing)
 .stab          0x00006048      0x684 ./..//src/platform/micaZ/source/nrk_eeprom.o
                                0x9f0 (size before relaxing)
 .stab          0x000066cc      0xa14 ./..//src/kernel/source/nrk.o
                                0xe04 (size before relaxing)
 .stab          0x000070e0      0x2b8 ./..//src/kernel/source/nrk_stats.o
                                0x6cc (size before relaxing)
 .stab          0x00007398      0xc54 ./..//src/kernel/source/nrk_error.o
                               0x1074 (size before relaxing)
 .stab          0x00007fec      0x4a4 ./..//src/kernel/source/nrk_stack_check.o
                                0x8b8 (size before relaxing)
 .stab          0x00008490      0xfc0 ./..//src/kernel/source/nrk_events.o
                               0x13ec (size before relaxing)
 .stab          0x00009450     0x102c ./..//src/kernel/source/nrk_task.o
                               0x1458 (size before relaxing)
 .stab          0x0000a47c      0x7f8 ./..//src/kernel/source/nrk_time.o
                                0xc24 (size before relaxing)
 .stab          0x0000ac74      0x318 ./..//src/kernel/source/nrk_idle_task.o
                                0x744 (size before relaxing)
 .stab          0x0000af8c      0x8c4 ./..//src/kernel/source/nrk_scheduler.o
                                0xcf0 (size before relaxing)
 .stab          0x0000b850       0xe4 ./..//src/kernel/source/nrk_driver.o
                                 0xf0 (size before relaxing)
 .stab          0x0000b934       0xe4 ./..//src/kernel/source/nrk_reserve.o
                                 0xf0 (size before relaxing)
 .stab          0x0000ba18      0x21c ./..//src/kernel/source/nrk_sw_wdt.o
                                0x630 (size before relaxing)
 .stab          0x0000bc34      0xda4 ./..//src/kernel/hal/atmega128/nrk_timer.o
                               0x11c4 (size before relaxing)
 .stab          0x0000c9d8      0x2dc ./..//src/kernel/hal/atmega128/nrk_status.o
                                0x648 (size before relaxing)
 .stab          0x0000ccb4      0x36c ./..//src/kernel/hal/atmega128/nrk_ext_int.o
                                0x6f0 (size before relaxing)
 .stab          0x0000d020      0x3e4 ./..//src/kernel/hal/atmega128/nrk_watchdog.o
                                0x7ec (size before relaxing)
 .stab          0x0000d404      0x78c ./..//src/kernel/hal/atmega128/nrk_cpu.o
                                0xbac (size before relaxing)
 .stab          0x0000db90      0x1f8 ./..//src/drivers/platform/micaZ/source/ad5242.o
                                0x204 (size before relaxing)
 .stab          0x0000dd88      0x318 ./..//src/drivers/platform/micaZ/source/adc_driver.o
                                0x4e0 (size before relaxing)
 .stab          0x0000e0a0      0x534 ./..//src/drivers/platform/micaZ/source/i2c_driver.o
                                0x6fc (size before relaxing)
 .stab          0x0000e5d4      0x594 ./..//src/drivers/platform/micaZ/source/mda100_driver.o
                                0x75c (size before relaxing)
 .stab          0x0000eb68      0xb10 ./..//src/drivers/platform/micaZ/source/mts310cb_driver.o
                                0xcd8 (size before relaxing)
 .stab          0x0000f678      0x8ac ./..//src/drivers/platform/micaZ/source/DS2401.o
                                0xca8 (size before relaxing)
 .stab          0x0000ff24      0x828 ./..//src/drivers/platform/micaZ/source/DOGM128-6_Graphicdisplay_driver.o
                                0xa98 (size before relaxing)
 .stab          0x0001074c      0xeb8 ./..//src/drivers/platform/micaZ/source/eDIP240-7_TouchPanel_driver.o
                               0x12b4 (size before relaxing)
 .stab          0x00011604     0x18a8 ./..//src/drivers/platform/micaZ/source/TUM_LKN_Sensorboard_driver.o
                               0x1cec (size before relaxing)
 .stab          0x00012eac      0x204 ./..//src/kernel/hal/atmega128/atmel_hw_specific.o
                                0x210 (size before relaxing)
 .stab          0x000130b0     0x12f0 /usr/lib/gcc/avr/4.5.3/../../../avr/lib/avr51/libprintf_flt.a(vfprintf_flt.o)
                               0x1350 (size before relaxing)
 .stab          0x000143a0       0x78 /usr/lib/gcc/avr/4.5.3/../../../avr/lib/avr51/libm.a(addsf3.o)
                                 0x84 (size before relaxing)
 .stab          0x00014418      0x4bc /usr/lib/gcc/avr/4.5.3/../../../avr/lib/avr51/libm.a(addsf3x.o)
                                0x4c8 (size before relaxing)
 .stab          0x000148d4       0x48 /usr/lib/gcc/avr/4.5.3/../../../avr/lib/avr51/libm.a(divsf3.o)
                                 0x54 (size before relaxing)
 .stab          0x0001491c      0x510 /usr/lib/gcc/avr/4.5.3/../../../avr/lib/avr51/libm.a(divsf3x.o)
                                0x51c (size before relaxing)
 .stab          0x00014e2c      0x240 /usr/lib/gcc/avr/4.5.3/../../../avr/lib/avr51/libm.a(fixunssfsi.o)
                                0x24c (size before relaxing)
 .stab          0x0001506c      0x318 /usr/lib/gcc/avr/4.5.3/../../../avr/lib/avr51/libm.a(floatsisf.o)
                                0x324 (size before relaxing)
 .stab          0x00015384       0x78 /usr/lib/gcc/avr/4.5.3/../../../avr/lib/avr51/libm.a(fp_inf.o)
                                 0x84 (size before relaxing)
 .stab          0x000153fc       0x54 /usr/lib/gcc/avr/4.5.3/../../../avr/lib/avr51/libm.a(fp_nan.o)
                                 0x60 (size before relaxing)
 .stab          0x00015450       0x84 /usr/lib/gcc/avr/4.5.3/../../../avr/lib/avr51/libm.a(fp_pscA.o)
                                 0x90 (size before relaxing)
 .stab          0x000154d4       0x84 /usr/lib/gcc/avr/4.5.3/../../../avr/lib/avr51/libm.a(fp_pscB.o)
                                 0x90 (size before relaxing)
 .stab          0x00015558       0xfc /usr/lib/gcc/avr/4.5.3/../../../avr/lib/avr51/libm.a(fp_round.o)
                                0x108 (size before relaxing)
 .stab          0x00015654      0x1d4 /usr/lib/gcc/avr/4.5.3/../../../avr/lib/avr51/libm.a(fp_split3.o)
                                0x1e0 (size before relaxing)
 .stab          0x00015828       0x90 /usr/lib/gcc/avr/4.5.3/../../../avr/lib/avr51/libm.a(fp_zero.o)
                                 0x9c (size before relaxing)
 .stab          0x000158b8       0x6c /usr/lib/gcc/avr/4.5.3/../../../avr/lib/avr51/libm.a(gesf2.o)
                                 0x78 (size before relaxing)
 .stab          0x00015924      0x378 /usr/lib/gcc/avr/4.5.3/../../../avr/lib/avr51/libm.a(log.o)
                                0x384 (size before relaxing)
 .stab          0x00015c9c       0x48 /usr/lib/gcc/avr/4.5.3/../../../avr/lib/avr51/libm.a(mulsf3.o)
                                 0x54 (size before relaxing)
 .stab          0x00015ce4      0x4d4 /usr/lib/gcc/avr/4.5.3/../../../avr/lib/avr51/libm.a(mulsf3x.o)
                                0x4e0 (size before relaxing)
 .stab          0x000161b8      0x3c0 /usr/lib/gcc/avr/4.5.3/../../../avr/lib/avr51/libm.a(pow.o)
                                0x3cc (size before relaxing)
 .stab          0x00016578      0x288 /usr/lib/gcc/avr/4.5.3/../../../avr/lib/avr51/libm.a(exp.o)
                                0x294 (size before relaxing)
 .stab          0x00016800      0x1e0 /usr/lib/gcc/avr/4.5.3/../../../avr/lib/avr51/libm.a(fp_cmp.o)
                                0x1ec (size before relaxing)
 .stab          0x000169e0       0xe4 /usr/lib/gcc/avr/4.5.3/../../../avr/lib/avr51/libm.a(fp_mpack.o)
                                 0xf0 (size before relaxing)
 .stab          0x00016ac4      0x1ec /usr/lib/gcc/avr/4.5.3/../../../avr/lib/avr51/libm.a(fp_powser.o)
                                0x1f8 (size before relaxing)
 .stab          0x00016cb0       0x84 /usr/lib/gcc/avr/4.5.3/../../../avr/lib/avr51/libm.a(inverse.o)
                                 0x90 (size before relaxing)
 .stab          0x00016d34      0x2c4 /usr/lib/gcc/avr/4.5.3/../../../avr/lib/avr51/libm.a(ldexp.o)
                                0x2d0 (size before relaxing)
 .stab          0x00016ff8      0x2a0 /usr/lib/gcc/avr/4.5.3/../../../avr/lib/avr51/libm.a(modf.o)
                                0x2ac (size before relaxing)
 .stab          0x00017298      0x2f4 /usr/lib/gcc/avr/4.5.3/../../../avr/lib/avr51/libc.a(rand.o)
                                0x330 (size before relaxing)
 .stab          0x0001758c      0xa38 /usr/lib/gcc/avr/4.5.3/../../../avr/lib/avr51/libc.a(ftoa_engine.o)
                                0xa44 (size before relaxing)
 .stab          0x00017fc4       0x9c /usr/lib/gcc/avr/4.5.3/../../../avr/lib/avr51/libc.a(strnlen_P.o)
                                 0xa8 (size before relaxing)
 .stab          0x00018060       0x9c /usr/lib/gcc/avr/4.5.3/../../../avr/lib/avr51/libc.a(strnlen.o)
                                 0xa8 (size before relaxing)
 .stab          0x000180fc      0x288 /usr/lib/gcc/avr/4.5.3/../../../avr/lib/avr51/libc.a(fdevopen.o)
                                0x4b0 (size before relaxing)
 .stab          0x00018384      0x264 /usr/lib/gcc/avr/4.5.3/../../../avr/lib/avr51/libc.a(fgetc.o)
                                0x444 (size before relaxing)
 .stab          0x000185e8      0x1e0 /usr/lib/gcc/avr/4.5.3/../../../avr/lib/avr51/libc.a(fputc.o)
                                0x3c0 (size before relaxing)
 .stab          0x000187c8      0x12c /usr/lib/gcc/avr/4.5.3/../../../avr/lib/avr51/libc.a(iob.o)
                                0x30c (size before relaxing)
 .stab          0x000188f4      0x18c /usr/lib/gcc/avr/4.5.3/../../../avr/lib/avr51/libc.a(printf.o)
                                0x36c (size before relaxing)
 .stab          0x00018a80      0x1f8 /usr/lib/gcc/avr/4.5.3/../../../avr/lib/avr51/libc.a(puts.o)
                                0x3d8 (size before relaxing)
 .stab          0x00018c78      0x1f8 /usr/lib/gcc/avr/4.5.3/../../../avr/lib/avr51/libc.a(sprintf.o)
                                0x3d8 (size before relaxing)
 .stab          0x00018e70      0x480 /usr/lib/gcc/avr/4.5.3/../../../avr/lib/avr51/libc.a(ultoa_invert.o)
                                0x48c (size before relaxing)
 .stab          0x000192f0       0x90 /usr/lib/gcc/avr/4.5.3/../../../avr/lib/avr51/libc.a(eerd_byte_atmega128.o)
                                 0x9c (size before relaxing)
 .stab          0x00019380       0xd8 /usr/lib/gcc/avr/4.5.3/../../../avr/lib/avr51/libc.a(eewr_byte_atmega128.o)
                                 0xe4 (size before relaxing)
 .stab          0x00019458      0x174 /usr/lib/gcc/avr/4.5.3/../../../avr/lib/avr51/libc.a(calloc.o)
                                0x1d4 (size before relaxing)
 .stab          0x000195cc      0x57c /usr/lib/gcc/avr/4.5.3/../../../avr/lib/avr51/libc.a(malloc.o)
                                0x75c (size before relaxing)
 .stab          0x00019b48       0x6c /usr/lib/gcc/avr/4.5.3/../../../avr/lib/avr51/libc.a(memset.o)
                                 0x78 (size before relaxing)

.stabstr        0x00000000     0x6e0d
 *(.stabstr)
 .stabstr       0x00000000     0x6e0d /usr/lib/gcc/avr/4.5.3/../../../avr/lib/avr51/crtm128.o

.stab.excl
 *(.stab.excl)

.stab.exclstr
 *(.stab.exclstr)

.stab.index
 *(.stab.index)

.stab.indexstr
 *(.stab.indexstr)

.comment
 *(.comment)

.debug
 *(.debug)

.line
 *(.line)

.debug_srcinfo
 *(.debug_srcinfo)

.debug_sfnames
 *(.debug_sfnames)

.debug_aranges
 *(.debug_aranges)

.debug_pubnames
 *(.debug_pubnames)

.debug_info
 *(.debug_info)
 *(.gnu.linkonce.wi.*)

.debug_abbrev
 *(.debug_abbrev)

.debug_line
 *(.debug_line)

.debug_frame
 *(.debug_frame)

.debug_str
 *(.debug_str)

.debug_loc
 *(.debug_loc)

.debug_macinfo
 *(.debug_macinfo)
OUTPUT(main.elf elf32-avr)
LOAD linker stubs

Cross Reference Table

Symbol                                            File
DOGM128_6_LCD_print                               ./..//src/drivers/platform/micaZ/source/DOGM128-6_Graphicdisplay_driver.o
DOGM128_6_clear_display                           ./..//src/drivers/platform/micaZ/source/DOGM128-6_Graphicdisplay_driver.o
DOGM128_6_display_backlight                       ./..//src/drivers/platform/micaZ/source/DOGM128-6_Graphicdisplay_driver.o
DOGM128_6_display_init                            ./..//src/drivers/platform/micaZ/source/DOGM128-6_Graphicdisplay_driver.o
DOGM128_6_usart1_sendByte                         ./..//src/drivers/platform/micaZ/source/DOGM128-6_Graphicdisplay_driver.o
DS2401_getSerialNumber                            ./..//src/drivers/platform/micaZ/source/DS2401.o
DS2401_init                                       ./..//src/drivers/platform/micaZ/source/DS2401.o
Maxim_1Wire_CommandReadRom                        ./..//src/drivers/platform/micaZ/source/DS2401.o
Maxim_1Wire_ReadBit                               ./..//src/drivers/platform/micaZ/source/DS2401.o
Maxim_1Wire_ReadByte                              ./..//src/drivers/platform/micaZ/source/DS2401.o
Maxim_1Wire_ResetPulse                            ./..//src/drivers/platform/micaZ/source/DS2401.o
Maxim_1Wire_WriteBit                              ./..//src/drivers/platform/micaZ/source/DS2401.o
Maxim_1Wire_WriteByte                             ./..//src/drivers/platform/micaZ/source/DS2401.o
NRK_ADC_INPUT_0                                   ./..//src/platform/micaZ/source/ulib.o
NRK_ADC_INPUT_1                                   ./..//src/platform/micaZ/source/ulib.o
NRK_ADC_INPUT_2                                   ./..//src/platform/micaZ/source/ulib.o
NRK_ADC_INPUT_3                                   ./..//src/platform/micaZ/source/ulib.o
NRK_ADC_INPUT_6                                   ./..//src/platform/micaZ/source/ulib.o
NRK_ADC_INPUT_7                                   ./..//src/platform/micaZ/source/ulib.o
NRK_BLED                                          ./..//src/platform/micaZ/source/ulib.o
NRK_CCA                                           ./..//src/platform/micaZ/source/ulib.o
NRK_CSN                                           ./..//src/platform/micaZ/source/ulib.o
NRK_DEBUG_0                                       ./..//src/platform/micaZ/source/ulib.o
                                                  ./..//src/radio/cc2420/source/basic_rf.o
NRK_DEBUG_1                                       ./..//src/platform/micaZ/source/ulib.o
                                                  ./..//src/radio/cc2420/source/basic_rf.o
NRK_DEBUG_2                                       ./..//src/platform/micaZ/source/ulib.o
NRK_DEBUG_3                                       ./..//src/platform/micaZ/source/ulib.o
NRK_FIFO                                          ./..//src/platform/micaZ/source/ulib.o
NRK_FIFOP                                         ./..//src/platform/micaZ/source/ulib.o
NRK_GPIO26                                        ./..//src/platform/micaZ/source/ulib.o
NRK_GPIO28                                        ./..//src/platform/micaZ/source/ulib.o
NRK_GPIO34                                        ./..//src/platform/micaZ/source/ulib.o
NRK_LED_0                                         ./..//src/platform/micaZ/source/ulib.o
NRK_LED_1                                         ./..//src/platform/micaZ/source/ulib.o
NRK_LED_2                                         ./..//src/platform/micaZ/source/ulib.o
NRK_LED_3                                         ./..//src/platform/micaZ/source/ulib.o
NRK_MISO                                          ./..//src/platform/micaZ/source/ulib.o
NRK_MOSI                                          ./..//src/platform/micaZ/source/ulib.o
NRK_RESET_N                                       ./..//src/platform/micaZ/source/ulib.o
NRK_SCK                                           ./..//src/platform/micaZ/source/ulib.o
NRK_SFD                                           ./..//src/platform/micaZ/source/ulib.o
NRK_SPI_SS                                        ./..//src/platform/micaZ/source/ulib.o
NRK_UART0_RXD                                     ./..//src/platform/micaZ/source/ulib.o
NRK_UART0_TXD                                     ./..//src/platform/micaZ/source/ulib.o
NRK_UART1_CTS                                     ./..//src/platform/micaZ/source/ulib.o
NRK_UART1_RTS                                     ./..//src/platform/micaZ/source/ulib.o
NRK_UART1_RXD                                     ./..//src/platform/micaZ/source/ulib.o
NRK_UART1_TXD                                     ./..//src/platform/micaZ/source/ulib.o
NRK_VREG_EN                                       ./..//src/platform/micaZ/source/ulib.o
S2V                                               ./..//src/drivers/platform/micaZ/source/TUM_LKN_Sensorboard_driver.o
TUM_LKN_Sensorboard_StepperIdle                   ./..//src/drivers/platform/micaZ/source/TUM_LKN_Sensorboard_driver.o
TUM_LKN_Sensorboard_getCurrentStep                ./..//src/drivers/platform/micaZ/source/TUM_LKN_Sensorboard_driver.o
TUM_LKN_Sensorboard_greenBlink                    ./..//src/drivers/platform/micaZ/source/TUM_LKN_Sensorboard_driver.o
TUM_LKN_Sensorboard_greenOff                      ./..//src/drivers/platform/micaZ/source/TUM_LKN_Sensorboard_driver.o
TUM_LKN_Sensorboard_greenOn                       ./..//src/drivers/platform/micaZ/source/TUM_LKN_Sensorboard_driver.o
TUM_LKN_Sensorboard_greenToggle                   ./..//src/drivers/platform/micaZ/source/TUM_LKN_Sensorboard_driver.o
TUM_LKN_Sensorboard_halfStepCCW                   ./..//src/drivers/platform/micaZ/source/TUM_LKN_Sensorboard_driver.o
TUM_LKN_Sensorboard_halfStepCW                    ./..//src/drivers/platform/micaZ/source/TUM_LKN_Sensorboard_driver.o
TUM_LKN_Sensorboard_init                          ./..//src/drivers/platform/micaZ/source/TUM_LKN_Sensorboard_driver.o
TUM_LKN_Sensorboard_laserBlink                    ./..//src/drivers/platform/micaZ/source/TUM_LKN_Sensorboard_driver.o
TUM_LKN_Sensorboard_laserOff                      ./..//src/drivers/platform/micaZ/source/TUM_LKN_Sensorboard_driver.o
TUM_LKN_Sensorboard_laserOn                       ./..//src/drivers/platform/micaZ/source/TUM_LKN_Sensorboard_driver.o
TUM_LKN_Sensorboard_laserToggle                   ./..//src/drivers/platform/micaZ/source/TUM_LKN_Sensorboard_driver.o
TUM_LKN_Sensorboard_readChannel                   ./..//src/drivers/platform/micaZ/source/TUM_LKN_Sensorboard_driver.o
TUM_LKN_Sensorboard_readChannel1                  ./..//src/drivers/platform/micaZ/source/TUM_LKN_Sensorboard_driver.o
TUM_LKN_Sensorboard_readChannel2                  ./..//src/drivers/platform/micaZ/source/TUM_LKN_Sensorboard_driver.o
TUM_LKN_Sensorboard_readChannel3                  ./..//src/drivers/platform/micaZ/source/TUM_LKN_Sensorboard_driver.o
TUM_LKN_Sensorboard_readPhotoVoltage              ./..//src/drivers/platform/micaZ/source/TUM_LKN_Sensorboard_driver.o
TUM_LKN_Sensorboard_redBlink                      ./..//src/drivers/platform/micaZ/source/TUM_LKN_Sensorboard_driver.o
TUM_LKN_Sensorboard_redOff                        ./..//src/drivers/platform/micaZ/source/TUM_LKN_Sensorboard_driver.o
TUM_LKN_Sensorboard_redOn                         ./..//src/drivers/platform/micaZ/source/TUM_LKN_Sensorboard_driver.o
TUM_LKN_Sensorboard_redToggle                     ./..//src/drivers/platform/micaZ/source/TUM_LKN_Sensorboard_driver.o
TUM_LKN_Sensorboard_setBeeper                     ./..//src/drivers/platform/micaZ/source/TUM_LKN_Sensorboard_driver.o
TUM_LKN_Sensorboard_setBrightness0                ./..//src/drivers/platform/micaZ/source/TUM_LKN_Sensorboard_driver.o
TUM_LKN_Sensorboard_setBrightness1                ./..//src/drivers/platform/micaZ/source/TUM_LKN_Sensorboard_driver.o
TUM_LKN_Sensorboard_setControl0                   ./..//src/drivers/platform/micaZ/source/TUM_LKN_Sensorboard_driver.o
TUM_LKN_Sensorboard_setControl1                   ./..//src/drivers/platform/micaZ/source/TUM_LKN_Sensorboard_driver.o
TUM_LKN_Sensorboard_stepCCW                       ./..//src/drivers/platform/micaZ/source/TUM_LKN_Sensorboard_driver.o
TUM_LKN_Sensorboard_stepCW                        ./..//src/drivers/platform/micaZ/source/TUM_LKN_Sensorboard_driver.o
TUM_LKN_Sensorboard_writeIO                       ./..//src/drivers/platform/micaZ/source/TUM_LKN_Sensorboard_driver.o
TUM_LKN_Sensorboard_writeIOs                      ./..//src/drivers/platform/micaZ/source/TUM_LKN_Sensorboard_driver.o
TUM_LKN_Sensorboard_writeValue                    ./..//src/drivers/platform/micaZ/source/TUM_LKN_Sensorboard_driver.o
TUM_LKN_Sensorboard_yellowBlink                   ./..//src/drivers/platform/micaZ/source/TUM_LKN_Sensorboard_driver.o
TUM_LKN_Sensorboard_yellowOff                     ./..//src/drivers/platform/micaZ/source/TUM_LKN_Sensorboard_driver.o
TUM_LKN_Sensorboard_yellowOn                      ./..//src/drivers/platform/micaZ/source/TUM_LKN_Sensorboard_driver.o
TUM_LKN_Sensorboard_yellowToggle                  ./..//src/drivers/platform/micaZ/source/TUM_LKN_Sensorboard_driver.o
TWI_read                                          ./..//src/drivers/platform/micaZ/source/TUM_LKN_Sensorboard_driver.o
TWI_write                                         ./..//src/drivers/platform/micaZ/source/TUM_LKN_Sensorboard_driver.o
USART0_getchar                                    ./..//src/drivers/platform/micaZ/source/eDIP240-7_TouchPanel_driver.o
USART0_putchar                                    ./..//src/drivers/platform/micaZ/source/eDIP240-7_TouchPanel_driver.o
V2S                                               ./..//src/drivers/platform/micaZ/source/TUM_LKN_Sensorboard_driver.o
__addsf3                                          /usr/lib/gcc/avr/4.5.3/../../../avr/lib/avr51/libm.a(addsf3.o)
                                                  /usr/lib/gcc/avr/4.5.3/../../../avr/lib/avr51/libm.a(log.o)
                                                  ./..//src/drivers/platform/micaZ/source/mda100_driver.o
__addsf3x                                         /usr/lib/gcc/avr/4.5.3/../../../avr/lib/avr51/libm.a(addsf3x.o)
                                                  /usr/lib/gcc/avr/4.5.3/../../../avr/lib/avr51/libm.a(fp_powser.o)
                                                  /usr/lib/gcc/avr/4.5.3/../../../avr/lib/avr51/libm.a(log.o)
                                                  /usr/lib/gcc/avr/4.5.3/../../../avr/lib/avr51/libm.a(addsf3.o)
__bad_interrupt                                   /usr/lib/gcc/avr/4.5.3/../../../avr/lib/avr51/crtm128.o
__brkval                                          /usr/lib/gcc/avr/4.5.3/../../../avr/lib/avr51/libc.a(malloc.o)
__bss_end                                         /usr/lib/gcc/avr/4.5.3/avr51/libgcc.a(_clear_bss.o)
__bss_start                                       /usr/lib/gcc/avr/4.5.3/avr51/libgcc.a(_clear_bss.o)
__clz_tab                                         /usr/lib/gcc/avr/4.5.3/avr51/libgcc.a(_clz.o)
                                                  /usr/lib/gcc/avr/4.5.3/avr51/libgcc.a(_udivdi3.o)
__data_end                                        /usr/lib/gcc/avr/4.5.3/avr51/libgcc.a(_copy_data.o)
__data_load_start                                 /usr/lib/gcc/avr/4.5.3/avr51/libgcc.a(_copy_data.o)
__data_start                                      /usr/lib/gcc/avr/4.5.3/avr51/libgcc.a(_copy_data.o)
__divmodhi4                                       /usr/lib/gcc/avr/4.5.3/avr51/libgcc.a(_divmodhi4.o)
                                                  main.o
__divmodsi4                                       /usr/lib/gcc/avr/4.5.3/avr51/libgcc.a(_divmodsi4.o)
                                                  /usr/lib/gcc/avr/4.5.3/../../../avr/lib/avr51/libc.a(rand.o)
__divsf3                                          /usr/lib/gcc/avr/4.5.3/../../../avr/lib/avr51/libm.a(divsf3.o)
                                                  /usr/lib/gcc/avr/4.5.3/../../../avr/lib/avr51/libm.a(inverse.o)
                                                  ./..//src/drivers/platform/micaZ/source/TUM_LKN_Sensorboard_driver.o
                                                  ./..//src/drivers/platform/micaZ/source/mda100_driver.o
                                                  ./..//src/drivers/platform/micaZ/source/adc_driver.o
__divsf3_pse                                      /usr/lib/gcc/avr/4.5.3/../../../avr/lib/avr51/libm.a(divsf3x.o)