Archive member included because of file (symbol)

/usr/lib/gcc/avr/4.5.3/../../../avr/lib/avr51/libprintf_flt.a(vfprintf_flt.o)
                              (vfprintf)
/usr/lib/gcc/avr/4.5.3/../../../avr/lib/avr51/libm.a(addsf3.o)
                              ../../../src/drivers/platform/micaZ/source/mda100_driver.o (__subsf3)
/usr/lib/gcc/avr/4.5.3/../../../avr/lib/avr51/libm.a(addsf3x.o)
                              /usr/lib/gcc/avr/4.5.3/../../../avr/lib/avr51/libm.a(addsf3.o) (__addsf3x)
/usr/lib/gcc/avr/4.5.3/../../../avr/lib/avr51/libm.a(divsf3.o)
                              ../../../src/drivers/platform/micaZ/source/adc_driver.o (__divsf3)
/usr/lib/gcc/avr/4.5.3/../../../avr/lib/avr51/libm.a(divsf3x.o)
                              /usr/lib/gcc/avr/4.5.3/../../../avr/lib/avr51/libm.a(divsf3.o) (__divsf3x)
/usr/lib/gcc/avr/4.5.3/../../../avr/lib/avr51/libm.a(fixunssfsi.o)
                              ../../../src/drivers/platform/micaZ/source/TUM_LKN_Sensorboard_driver.o (__fixunssfsi)
/usr/lib/gcc/avr/4.5.3/../../../avr/lib/avr51/libm.a(floatsisf.o)
                              ../../../src/drivers/platform/micaZ/source/adc_driver.o (__floatunsisf)
/usr/lib/gcc/avr/4.5.3/../../../avr/lib/avr51/libm.a(fp_inf.o)
                              /usr/lib/gcc/avr/4.5.3/../../../avr/lib/avr51/libm.a(addsf3x.o) (__fp_inf)
/usr/lib/gcc/avr/4.5.3/../../../avr/lib/avr51/libm.a(fp_nan.o)
                              /usr/lib/gcc/avr/4.5.3/../../../avr/lib/avr51/libm.a(addsf3x.o) (__fp_nan)
/usr/lib/gcc/avr/4.5.3/../../../avr/lib/avr51/libm.a(fp_pscA.o)
                              /usr/lib/gcc/avr/4.5.3/../../../avr/lib/avr51/libm.a(addsf3x.o) (__fp_pscA)
/usr/lib/gcc/avr/4.5.3/../../../avr/lib/avr51/libm.a(fp_pscB.o)
                              /usr/lib/gcc/avr/4.5.3/../../../avr/lib/avr51/libm.a(addsf3x.o) (__fp_pscB)
/usr/lib/gcc/avr/4.5.3/../../../avr/lib/avr51/libm.a(fp_round.o)
                              /usr/lib/gcc/avr/4.5.3/../../../avr/lib/avr51/libm.a(addsf3.o) (__fp_round)
/usr/lib/gcc/avr/4.5.3/../../../avr/lib/avr51/libm.a(fp_split3.o)
                              /usr/lib/gcc/avr/4.5.3/../../../avr/lib/avr51/libm.a(addsf3x.o) (__fp_split3)
/usr/lib/gcc/avr/4.5.3/../../../avr/lib/avr51/libm.a(fp_zero.o)
                              /usr/lib/gcc/avr/4.5.3/../../../avr/lib/avr51/libm.a(addsf3x.o) (__fp_zero)
/usr/lib/gcc/avr/4.5.3/../../../avr/lib/avr51/libm.a(gesf2.o)
                              ../../../src/drivers/platform/micaZ/source/TUM_LKN_Sensorboard_driver.o (__gesf2)
/usr/lib/gcc/avr/4.5.3/../../../avr/lib/avr51/libm.a(log.o)
                              ../../../src/drivers/platform/micaZ/source/mda100_driver.o (log)
/usr/lib/gcc/avr/4.5.3/../../../avr/lib/avr51/libm.a(mulsf3.o)
                              ../../../src/drivers/platform/micaZ/source/mda100_driver.o (__mulsf3)
/usr/lib/gcc/avr/4.5.3/../../../avr/lib/avr51/libm.a(mulsf3x.o)
                              /usr/lib/gcc/avr/4.5.3/../../../avr/lib/avr51/libm.a(log.o) (__mulsf3x)
/usr/lib/gcc/avr/4.5.3/../../../avr/lib/avr51/libm.a(pow.o)
                              ../../../src/drivers/platform/micaZ/source/mda100_driver.o (pow)
/usr/lib/gcc/avr/4.5.3/../../../avr/lib/avr51/libm.a(exp.o)
                              /usr/lib/gcc/avr/4.5.3/../../../avr/lib/avr51/libm.a(pow.o) (exp)
/usr/lib/gcc/avr/4.5.3/../../../avr/lib/avr51/libm.a(fp_cmp.o)
                              /usr/lib/gcc/avr/4.5.3/../../../avr/lib/avr51/libm.a(gesf2.o) (__fp_cmp)
/usr/lib/gcc/avr/4.5.3/../../../avr/lib/avr51/libm.a(fp_mpack.o)
                              /usr/lib/gcc/avr/4.5.3/../../../avr/lib/avr51/libm.a(log.o) (__fp_mpack)
/usr/lib/gcc/avr/4.5.3/../../../avr/lib/avr51/libm.a(fp_powser.o)
                              /usr/lib/gcc/avr/4.5.3/../../../avr/lib/avr51/libm.a(log.o) (__fp_powser)
/usr/lib/gcc/avr/4.5.3/../../../avr/lib/avr51/libm.a(inverse.o)
                              /usr/lib/gcc/avr/4.5.3/../../../avr/lib/avr51/libm.a(exp.o) (inverse)
/usr/lib/gcc/avr/4.5.3/../../../avr/lib/avr51/libm.a(ldexp.o)
                              /usr/lib/gcc/avr/4.5.3/../../../avr/lib/avr51/libm.a(exp.o) (ldexp)
/usr/lib/gcc/avr/4.5.3/../../../avr/lib/avr51/libm.a(modf.o)
                              /usr/lib/gcc/avr/4.5.3/../../../avr/lib/avr51/libm.a(exp.o) (modf)
/usr/lib/gcc/avr/4.5.3/avr51/libgcc.a(_mulsi3.o)
                              ../../../src/kernel/source/nrk_stats.o (__mulsi3)
/usr/lib/gcc/avr/4.5.3/avr51/libgcc.a(_udivmodhi4.o)
                              ../../../src/kernel/source/nrk_scheduler.o (__udivmodhi4)
/usr/lib/gcc/avr/4.5.3/avr51/libgcc.a(_udivmodsi4.o)
                              ../../../src/kernel/source/nrk_stats.o (__udivmodsi4)
/usr/lib/gcc/avr/4.5.3/avr51/libgcc.a(_exit.o)
                              /usr/lib/gcc/avr/4.5.3/../../../avr/lib/avr51/crtm128.o (exit)
/usr/lib/gcc/avr/4.5.3/avr51/libgcc.a(_copy_data.o)
                              main.o (__do_copy_data)
[...]
Memory Configuration

Name             Origin             Length             Attributes
text             0x00000000         0x00020000         xr
data             0x00800100         0x0000ff00         rw !x
eeprom           0x00810000         0x00010000         rw !x
fuse             0x00820000         0x00000400         rw !x
lock             0x00830000         0x00000400         rw !x
signature        0x00840000         0x00000400         rw !x
*default*        0x00000000         0xffffffff

Linker script and memory map

Address of section .data set to 0x800100
LOAD /usr/lib/gcc/avr/4.5.3/../../../avr/lib/avr51/crtm128.o
LOAD main.o
LOAD ../../../src/radio/cc2420/source/hal_rf_set_channel.o
LOAD ../../../src/radio/cc2420/source/hal_rf_wait_for_crystal_oscillator.o
LOAD ../../../src/radio/cc2420/source/basic_rf.o
LOAD ../../../src/platform/micaZ/source/ulib.o
LOAD ../../../src/platform/micaZ/source/hal_wait.o
LOAD ../../../src/platform/micaZ/source/nrk_eeprom.o
LOAD ../../../src/kernel/source/nrk.o
LOAD ../../../src/kernel/source/nrk_stats.o
LOAD ../../../src/kernel/source/nrk_error.o
LOAD ../../../src/kernel/source/nrk_stack_check.o
LOAD ../../../src/kernel/source/nrk_events.o
LOAD ../../../src/kernel/source/nrk_task.o
LOAD ../../../src/kernel/source/nrk_time.o
LOAD ../../../src/kernel/source/nrk_idle_task.o
LOAD ../../../src/kernel/source/nrk_scheduler.o
LOAD ../../../src/kernel/source/nrk_driver.o
LOAD ../../../src/kernel/source/nrk_reserve.o
LOAD ../../../src/kernel/source/nrk_sw_wdt.o
LOAD ../../../src/kernel/hal/atmega128/nrk_timer.o
LOAD ../../../src/kernel/hal/atmega128/nrk_status.o
LOAD ../../../src/kernel/hal/atmega128/nrk_ext_int.o
LOAD ../../../src/kernel/hal/atmega128/nrk_watchdog.o
LOAD ../../../src/kernel/hal/atmega128/nrk_cpu.o
LOAD ../../../src/drivers/platform/micaZ/source/ad5242.o
LOAD ../../../src/drivers/platform/micaZ/source/adc_driver.o
LOAD ../../../src/drivers/platform/micaZ/source/i2c_driver.o
LOAD ../../../src/drivers/platform/micaZ/source/mda100_driver.o
LOAD ../../../src/drivers/platform/micaZ/source/mts310cb_driver.o
LOAD ../../../src/drivers/platform/micaZ/source/DS2401.o
LOAD ../../../src/drivers/platform/micaZ/source/DOGM128-6_Graphicdisplay_driver.o
LOAD ../../../src/drivers/platform/micaZ/source/eDIP240-7_TouchPanel_driver.o
LOAD ../../../src/drivers/platform/micaZ/source/TUM_LKN_Sensorboard_driver.o
LOAD ../../../src/kernel/hal/atmega128/atmel_hw_specific.o
LOAD /usr/lib/gcc/avr/4.5.3/../../../avr/lib/avr51/libprintf_flt.a
LOAD /usr/lib/gcc/avr/4.5.3/../../../avr/lib/avr51/libm.a
LOAD /usr/lib/gcc/avr/4.5.3/avr51/libgcc.a
LOAD /usr/lib/gcc/avr/4.5.3/../../../avr/lib/avr51/libc.a
LOAD /usr/lib/gcc/avr/4.5.3/avr51/libgcc.a

.hash
 *(.hash)

.dynsym
 *(.dynsym)

.dynstr
 *(.dynstr)

.gnu.version
 *(.gnu.version)

.gnu.version_d
 *(.gnu.version_d)

.gnu.version_r
 *(.gnu.version_r)

.rel.init
 *(.rel.init)

.rela.init
 *(.rela.init)

.rel.text
 *(.rel.text)
 *(.rel.text.*)
 *(.rel.gnu.linkonce.t*)

.rela.text
 *(.rela.text)
 *(.rela.text.*)
 *(.rela.gnu.linkonce.t*)

.rel.fini
 *(.rel.fini)

.rela.fini
 *(.rela.fini)

.rel.rodata
 *(.rel.rodata)
 *(.rel.rodata.*)
 *(.rel.gnu.linkonce.r*)

.rela.rodata
 *(.rela.rodata)
 *(.rela.rodata.*)
 *(.rela.gnu.linkonce.r*)

.rel.data
 *(.rel.data)
 *(.rel.data.*)
 *(.rel.gnu.linkonce.d*)

.rela.data
 *(.rela.data)
 *(.rela.data.*)
 *(.rela.gnu.linkonce.d*)

.rel.ctors
 *(.rel.ctors)

.rela.ctors
 *(.rela.ctors)

.rel.dtors
 *(.rel.dtors)

.rela.dtors
 *(.rela.dtors)

.rel.got
 *(.rel.got)

.rela.got
 *(.rela.got)

.rel.bss
 *(.rel.bss)

.rela.bss
 *(.rela.bss)

.rel.plt
 *(.rel.plt)

.rela.plt
 *(.rela.plt)

.text           0x00000000     0x9b5a
 *(.vectors)
 .vectors       0x00000000       0x8c /usr/lib/gcc/avr/4.5.3/../../../avr/lib/avr51/crtm128.o
                0x00000000                __vectors
 *(.vectors)
 *(.progmem.gcc*)
 .progmem.gcc_sw_table
                0x0000008c       0x2c ../../../src/kernel/source/nrk_error.o
 .progmem.gcc_fplib
                0x000000b8       0x5a /usr/lib/gcc/avr/4.5.3/../../../avr/lib/avr51/libm.a(log.o)
 .progmem.gcc_fplib
                0x00000112       0x28 /usr/lib/gcc/avr/4.5.3/../../../avr/lib/avr51/libm.a(exp.o)
 *(.progmem*)
 .progmem.data  0x0000013a       0x11 main.o
 .progmem.data  0x0000014b       0xec ../../../src/kernel/source/nrk_stats.o
 .progmem.data  0x00000237      0x238 ../../../src/kernel/source/nrk_error.o
 .progmem.data  0x0000046f        0xf ../../../src/kernel/source/nrk_stack_check.o
 .progmem.data  0x0000047e      0x500 ../../../src/drivers/platform/micaZ/source/DOGM128-6_Graphicdisplay_driver.o
                0x0000047e                font5x7
 .progmem.data  0x0000097e        0x8 /usr/lib/gcc/avr/4.5.3/../../../avr/lib/avr51/libprintf_flt.a(vfprintf_flt.o)
 .progmem.data  0x00000986       0xfa /usr/lib/gcc/avr/4.5.3/../../../avr/lib/avr51/libc.a(ftoa_engine.o)
                0x00000a80                . = ALIGN (0x2)
                0x00000a80                __trampolines_start = .
 *(.trampolines)
 .trampolines   0x00000a80        0x0 linker stubs
 *(.trampolines*)
                0x00000a80                __trampolines_end = .
 *(.jumptables)
 *(.jumptables*)
 *(.lowtext)
 *(.lowtext*)
                0x00000a80                __ctors_start = .
 *(.ctors)
                0x00000a80                __ctors_end = .
                0x00000a80                __dtors_start = .
 *(.dtors)
                0x00000a80                __dtors_end = .
 SORT(*)(.ctors)
 SORT(*)(.dtors)
 *(.init0)
 .init0         0x00000a80        0x0 /usr/lib/gcc/avr/4.5.3/../../../avr/lib/avr51/crtm128.o
                0x00000a80                __init
 *(.init0)
 *(.init1)
 *(.init1)
 *(.init2)
 .init2         0x00000a80        0xc /usr/lib/gcc/avr/4.5.3/../../../avr/lib/avr51/crtm128.o
 *(.init2)
 *(.init3)
 *(.init3)
 *(.init4)
 .init4         0x00000a8c       0x1a /usr/lib/gcc/avr/4.5.3/avr51/libgcc.a(_copy_data.o)
                0x00000a8c                __do_copy_data
 .init4         0x00000aa6       0x10 /usr/lib/gcc/avr/4.5.3/avr51/libgcc.a(_clear_bss.o)
                0x00000aa6                __do_clear_bss
 *(.init4)
 *(.init5)
 *(.init5)
 *(.init6)
 *(.init6)
 *(.init7)
 *(.init7)
 *(.init8)
 *(.init8)
 *(.init9)
 .init9         0x00000ab6        0x8 /usr/lib/gcc/avr/4.5.3/../../../avr/lib/avr51/crtm128.o
 *(.init9)
 *(.text)
 .text          0x00000abe        0x4 /usr/lib/gcc/avr/4.5.3/../../../avr/lib/avr51/crtm128.o
                0x00000abe                __vector_22
                0x00000abe                __vector_28
                0x00000abe                __vector_32
                0x00000abe                __vector_34
                0x00000abe                __vector_24
                0x00000abe                __vector_12
                0x00000abe                __bad_interrupt
                0x00000abe                __vector_6
                0x00000abe                __vector_31
                0x00000abe                __vector_3
                0x00000abe                __vector_23
                0x00000abe                __vector_30
                0x00000abe                __vector_25
                0x00000abe                __vector_11
                0x00000abe                __vector_13
                0x00000abe                __vector_17
                0x00000abe                __vector_19
                0x00000abe                __vector_7
                0x00000abe                __vector_27
                0x00000abe                __vector_5
                0x00000abe                __vector_33
                0x00000abe                __vector_4
                0x00000abe                __vector_2
                0x00000abe                __vector_21
                0x00000abe                __vector_29
                0x00000abe                __vector_8
                0x00000abe                __vector_26
                0x00000abe                __vector_14
                0x00000abe                __vector_10
                0x00000abe                __vector_18
                0x00000abe                __vector_20
 .text          0x00000ac2      0x63e main.o
                0x00000ac2                Task4
                0x00000b2c                Task3
                0x00000b96                Task2
                0x00000c00                Task1
                0x00000d28                nrk_create_taskset
                0x00000fde                main
                0x0000102c                kill_stack
 .text          0x00001100       0x36 ../../../src/radio/cc2420/source/hal_rf_set_channel.o
                0x00001100                halRfSetChannel
 .text          0x00001136       0x16 ../../../src/radio/cc2420/source/hal_rf_wait_for_crystal_oscillator.o
                0x00001136                halRfWaitForCrystalOscillator
 .text          0x0000114c     0x115a ../../../src/radio/cc2420/source/basic_rf.o
                0x0000114c                cc259x_rx
                0x0000115e                cc259x_tx
                0x00001170                rf_power_down
                0x0000118e                rf_power_up
                0x000011a8                rf_security_last_pkt_status
                0x000011ae                rf_security_set_ctr_counter
                0x00001222                rf_security_set_key
                0x000013b8                rf_security_enable
                0x000013f8                rf_security_disable
                0x0000141a                rf_get_sem
                0x00001424                rf_tx_power
                0x00001448                rf_set_channel
                0x0000144e                rf_addr_decode_enable
                0x00001482                rf_addr_decode_disable
                0x000014b6                rf_auto_ack_enable
                0x000014f0                rf_auto_ack_disable
                0x00001528                rf_addr_decode_set_my_mac
                0x00001582                rf_set_rx
                0x000015b4                rf_init
                0x00001722                rf_rx_on
                0x00001746                rf_polling_rx_on
                0x0000176a                rf_rx_off
                0x00001780                rf_tx_tdma_packet
                0x00001a2c                rf_tx_packet
                0x00001d0e                rf_busy
                0x00001d16                rf_rx_check_fifop
                0x00001d1e                rf_rx_check_sfd
                0x00001d26                rf_polling_rx_packet
                0x000020d4                rf_rx_packet
                0x000020ea                rf_flush_rx_fifo
                0x00002104                rf_set_cca_thresh
                0x0000212a                rf_test_mode
                0x00002172                rf_data_mode
                0x000021b6                rf_rx_set_serial
                0x000021e4                rf_tx_set_serial
                0x00002206                rf_set_preamble_length
                0x00002244                rf_set_cca_mode
                0x0000228a                rf_carrier_on
                0x00002298                rf_carrier_off
 .text          0x000022a6      0x514 ../../../src/platform/micaZ/source/ulib.o
                0x000022a6                getc0
                0x000022b0                putc0
                0x000022ba                nrk_uart_rx_signal_get
                0x000022be                nrk_uart_data_ready
                0x000022da                nrk_kprintf
                0x00002300                nrk_gpio_set
                0x0000238c                nrk_gpio_clr
                0x0000241a                nrk_gpio_get
                0x00002486                nrk_gpio_pullups
                0x0000249a                nrk_gpio_toggle
                0x00002526                nrk_gpio_direction
                0x0000264c                nrk_get_button
                0x00002650                nrk_led_toggle
                0x00002676                nrk_led_clr
                0x0000269c                nrk_setup_ports
                0x000026e4                nrk_led_set
                0x0000270a                putc1
                0x00002722                setup_uart0
                0x0000273a                nrk_setup_uart
                0x00002778                setup_uart1
                0x000027a2                getc1
 .text          0x000027ba        0xe ../../../src/platform/micaZ/source/hal_wait.o
                0x000027ba                halWait
 .text          0x000027c8      0x142 ../../../src/platform/micaZ/source/nrk_eeprom.o
                0x000027c8                nrk_eeprom_read_byte
                0x000027ce                nrk_eeprom_write_byte
                0x000027d6                read_eeprom_mac_address
                0x00002842                read_eeprom_channel
                0x0000285a                write_eeprom_load_img_pages
                0x0000286a                read_eeprom_load_img_pages
                0x00002882                read_eeprom_aes_key
                0x000028b2                write_eeprom_aes_key
                0x000028e2                read_eeprom_current_image_checksum
                0x000028fa                write_eeprom_current_image_checksum
 .text          0x0000290a      0x3fe ../../../src/kernel/source/nrk.o
                0x0000290a                nrk_int_disable
                0x0000290e                nrk_int_enable
                0x00002912                nrk_halt
                0x00002918                nrk_init
                0x00002aaa                nrk_start
                0x00002b52                nrk_TCB_init
                0x00002cfc                _nrk_timer_tick
                0x00002d02                nrk_version
 .text          0x00002d08      0xdc0 ../../../src/kernel/source/nrk_stats.o
                0x00002d08                nrk_stats_reset
                0x00002d6c                _nrk_stats_sleep
                0x00002db2                nrk_stats_get_deep_sleep
                0x00002de6                _nrk_stats_add_violation
                0x00002e6c                _nrk_stats_task_start
                0x00002f36                _nrk_stats_task_preempted
                0x000030d0                _nrk_stats_task_suspend
                0x00003300                nrk_stats_display_pid
                0x000038fe                nrk_stats_display_all
                0x00003926                nrk_stats_get
 .text          0x00003ac8      0x484 ../../../src/kernel/source/nrk_error.o
                0x00003ac8                _nrk_errno_set
                0x00003ad4                nrk_errno_get
                0x00003ae0                _nrk_log_error
                0x00003bd8                nrk_error_get
                0x00003bf4                nrk_error_print
                0x00003d38                nrk_kernel_error_add
                0x00003d66                nrk_error_add
                0x00003d82                pause
                0x00003dac                blink_dot
                0x00003dc6                blink_dash
                0x00003de8                blink_morse_code_error
 .text          0x00003f4c      0x256 ../../../src/kernel/source/nrk_stack_check.o
                0x00003f4c                dump_stack_info
                0x00004116                nrk_stack_check
                0x0000415e                nrk_stack_check_pid
 .text          0x000041a2      0x5d0 ../../../src/kernel/source/nrk_events.o
                0x000041a2                nrk_signal_create
                0x0000420e                nrk_signal_get_registered_mask
                0x00004220                nrk_signal_delete
                0x00004330                nrk_signal_unregister
                0x000043b4                nrk_signal_register
                0x0000441c                nrk_event_signal
                0x00004502                nrk_event_wait
                0x00004578                nrk_sem_create
                0x0000457e                nrk_get_resource_index
                0x0000458e                nrk_sem_delete
                0x000045d2                nrk_sem_post
                0x0000468c                nrk_sem_pend
                0x00004740                nrk_sem_query
 .text          0x00004772      0x6be ../../../src/kernel/source/nrk_task.o
                0x00004772                nrk_get_high_ready_task_ID
                0x0000477e                nrk_print_readyQ
                0x00004794                nrk_add_to_readyQ
                0x000048f6                nrk_rem_from_readyQ
                0x00004996                nrk_activate_task
                0x00004a40                nrk_set_next_wakeup
                0x00004aae                _nrk_wait_for_scheduler
                0x00004ac2                nrk_wait
                0x00004b72                nrk_wait_until_nw
                0x00004bc0                nrk_wait_until_ticks
                0x00004c1a                nrk_wait_ticks
                0x00004c98                nrk_wait_until_next_n_periods
                0x00004cfe                nrk_wait_until_next_period
                0x00004d56                nrk_terminate_task
                0x00004d78                nrk_wait_until
                0x00004e24                nrk_get_pid
 .text          0x00004e30      0x596 ../../../src/kernel/source/nrk_time.o
                0x00004e30                nrk_time_get
                0x00004eec                nrk_time_sub
                0x0000500a                nrk_time_compact_nanos
                0x00005050                nrk_time_add
                0x00005106                nrk_time_set
                0x00005128                _nrk_time_to_ticks
                0x00005246                _nrk_ticks_to_time
                0x000052b8                _nrk_time_to_ticks_long
 .text          0x000053c6       0x4c ../../../src/kernel/source/nrk_idle_task.o
                0x000053c6                nrk_idle_task
 .text          0x00005412      0x512 ../../../src/kernel/source/nrk_scheduler.o
                0x00005412                _nrk_scheduler
 .text          0x00005924        0x0 ../../../src/kernel/source/nrk_driver.o
 .text          0x00005924        0x0 ../../../src/kernel/source/nrk_reserve.o
 .text          0x00005924      0x2e0 ../../../src/kernel/source/nrk_sw_wdt.o
                0x00005924                _nrk_sw_wdt_check
                0x00005a26                _nrk_sw_wdt_init
                0x00005a34                nrk_sw_wdt_init
                0x00005a88                nrk_sw_wdt_update
                0x00005b44                nrk_sw_wdt_start
                0x00005bde                nrk_sw_wdt_stop
 .text          0x00005c04      0x2f2 ../../../src/kernel/hal/atmega128/nrk_timer.o
                0x00005c04                nrk_spin_wait_us
                0x00005c12                _nrk_high_speed_timer_stop
                0x00005c16                _nrk_high_speed_timer_start
                0x00005c1c                _nrk_high_speed_timer_reset
                0x00005c28                _nrk_high_speed_timer_get
                0x00005c4a                nrk_high_speed_timer_wait
                0x00005cba                _nrk_os_timer_set
                0x00005cbe                _nrk_os_timer_stop
                0x00005cce                _nrk_os_timer_start
                0x00005cda                _nrk_os_timer_reset
                0x00005cec                _nrk_setup_timer
                0x00005d24                _nrk_precision_os_timer_reset
                0x00005d26                _nrk_get_next_wakeup
                0x00005d2c                _nrk_set_next_wakeup
                0x00005d32                _nrk_os_timer_get
                0x00005d36                __vector_default
                0x00005d8a                __vector_15
                0x00005d8a                __vector_16
                0x00005df0                nrk_timer_int_stop
                0x00005dfe                nrk_timer_int_reset
                0x00005e0c                nrk_timer_int_read
                0x00005e1e                nrk_timer_int_start
                0x00005e30                nrk_timer_int_configure
                0x00005e92                __vector_9
 .text          0x00005ef6       0x4a ../../../src/kernel/hal/atmega128/nrk_status.o
                0x00005ef6                _nrk_startup_error
 .text          0x00005f40       0x60 ../../../src/kernel/hal/atmega128/nrk_ext_int.o
                0x00005f40                nrk_ext_int_enable
                0x00005f44                nrk_ext_int_disable
                0x00005f48                nrk_ext_int_configure
                0x00005f4c                __vector_1
 .text          0x00005fa0       0x48 ../../../src/kernel/hal/atmega128/nrk_watchdog.o
                0x00005fa0                nrk_watchdog_disable
                0x00005fba                nrk_watchdog_enable
                0x00005fd6                nrk_watchdog_check
                0x00005fe4                nrk_watchdog_reset
 .text          0x00005fe8      0x102 ../../../src/kernel/hal/atmega128/nrk_cpu.o
                0x00005fe8                nrk_battery_save
                0x00005fea                nrk_task_set_entry_function
                0x00005ff2                nrk_sleep
                0x0000600a                nrk_idle
                0x00006020                nrk_task_stk_init
                0x00006076                nrk_task_set_stk
                0x000060b4                nrk_stack_pointer_restore
                0x000060c2                nrk_stack_pointer_init
                0x000060e0                nrk_target_start
 .text          0x000060ea       0x42 ../../../src/drivers/platform/micaZ/source/ad5242.o
                0x000060ea                ad5242_init
                0x000060f0                ad5242_set
 .text          0x0000612c       0x6a ../../../src/drivers/platform/micaZ/source/adc_driver.o
                0x0000612c                adc_init
                0x00006158                adc_Powersave
                0x0000615c                adc_GetChannel
                0x00006174                adc_GetBatteryVoltage
 .text          0x00006196       0xf6 ../../../src/drivers/platform/micaZ/source/i2c_driver.o
                0x00006196                i2c_init
                0x000061ac                i2c_waitForInterruptFlag
                0x000061b6                i2c_actionStart
                0x000061c2                i2c_start
                0x000061e4                i2c_stop
                0x000061fc                i2c_send
                0x00006226                i2c_receive
                0x0000624a                i2c_controlByte_RX
                0x0000626c                i2c_controlByte_TX
 .text          0x0000628c      0x19c ../../../src/drivers/platform/micaZ/source/mda100_driver.o
                0x0000628c                mda100_init
                0x00006298                mda100_Powersave
                0x000062aa                mda100_LightSensor_Power
                0x000062de                mda100_TemperatureSensor_Power
                0x00006312                mda100_LightSensor_GetCounts
                0x0000632c                mda100_TemperatureSensor_GetCounts
                0x00006346                mda100_TemperatureSensor_GetKelvin
                0x00006416                mda100_TemperatureSensor_GetDegreeCelsius
 .text          0x00006428      0x26e ../../../src/drivers/platform/micaZ/source/mts310cb_driver.o
                0x00006428                mts310cb_init
                0x00006438                mts310cb_Powersave
                0x0000644a                mts310cb_Accelerometer_Power
                0x00006476                mts310cb_Magnetometer_Power
                0x000064a2                mts310cb_TemperatureSensor_Power
                0x000064ca                mts310cb_LightSensor_Power
                0x000064f2                mts310cb_Sounder_Power
                0x0000651e                mts310cb_Microphone_Power
                0x0000654a                mts310cb_Magnetometer_x_SetOffset
                0x00006576                mts310cb_Magnetometer_y_SetOffset
                0x000065a2                mts310cb_Microphone_SetGain
                0x000065ce                mts310cb_Microphone_SetMode
                0x000065fe                mts310cb_LightSensor_GetCounts
                0x00006618                mts310cb_TemperatureSensor_GetCounts
                0x00006632                mts310cb_Microphone_GetCounts
                0x00006646                mts310cb_Accelerometer_x_GetCounts
                0x0000665a                mts310cb_Accelerometer_y_GetCounts
                0x0000666e                mts310cb_Magnetometer_x_GetCounts
                0x00006682                mts310cb_Magnetometer_y_GetCounts
 .text          0x00006696      0x1da ../../../src/drivers/platform/micaZ/source/DS2401.o
                0x00006696                Maxim_1Wire_ResetPulse
                0x000066de                Maxim_1Wire_WriteBit
                0x00006714                Maxim_1Wire_ReadBit
                0x00006748                Maxim_1Wire_WriteByte
                0x00006786                Maxim_1Wire_ReadByte
                0x000067ba                Maxim_1Wire_CommandReadRom
                0x000067c2                DS2401_init
                0x000067d4                DS2401_getSerialNumber
 .text          0x00006870      0x21a ../../../src/drivers/platform/micaZ/source/DOGM128-6_Graphicdisplay_driver.o
                0x00006870                DOGM128_6_usart1_sendByte
                0x000068e8                DOGM128_6_clear_display
                0x0000694a                DOGM128_6_display_init
                0x000069f0                DOGM128_6_display_backlight
                0x000069fc                DOGM128_6_LCD_print
 .text          0x00006a8a      0x6bc ../../../src/drivers/platform/micaZ/source/eDIP240-7_TouchPanel_driver.o
                0x00006a8a                USART0_putchar
                0x00006a9a                USART0_getchar
                0x00006abe                eDIP240_7_Display_send_packet
                0x00006b7e                eDIP240_7_Display_get_buffer
                0x00006c80                eDIP240_7_Display_request_buffer_info
                0x00006d82                eDIP240_7_Display_set_protocol
                0x00006e16                eDIP240_7_Display_get_protocoll_info
                0x00006f28                eDIP240_7_Display_repeat_last_packet
                0x00007004                eDIP240_7_Display_select
                0x00007090                eDIP240_7_Display_deselect
                0x0000711c                eDIP240_7_Display_send_string
                0x00007134                eDIP240_7_Display_send_string_with_NULL
 .text          0x00007146      0x634 ../../../src/drivers/platform/micaZ/source/TUM_LKN_Sensorboard_driver.o
                0x00007146                setLedMode
                0x00007176                getLedMode
                0x000071a2                S2V
                0x000071d0                V2S
                0x000071f8                setBits
                0x00007200                prescalerSec2Hex
                0x00007264                pwmFrac2Hex
                0x000072bc                TUM_LKN_Sensorboard_getCurrentStep
                0x000072c2                TUM_LKN_Sensorboard_setControl0
                0x000072ec                TUM_LKN_Sensorboard_setControl1
                0x00007316                TUM_LKN_Sensorboard_setBrightness0
                0x00007324                TUM_LKN_Sensorboard_setBrightness1
                0x00007332                TWI_write
                0x00007396                TWI_read
                0x00007414                i2cAction
                0x00007440                setLeds
                0x0000748a                TUM_LKN_Sensorboard_greenBlink
                0x0000749c                TUM_LKN_Sensorboard_greenToggle
                0x000074b2                TUM_LKN_Sensorboard_greenOff
                0x000074c0                TUM_LKN_Sensorboard_greenOn
                0x000074ce                TUM_LKN_Sensorboard_yellowBlink
                0x000074e0                TUM_LKN_Sensorboard_yellowToggle
                0x000074f6                TUM_LKN_Sensorboard_yellowOff
                0x00007504                TUM_LKN_Sensorboard_yellowOn
                0x00007512                TUM_LKN_Sensorboard_redBlink
                0x00007524                TUM_LKN_Sensorboard_redToggle
                0x0000753a                TUM_LKN_Sensorboard_redOff
                0x00007548                TUM_LKN_Sensorboard_redOn
                0x00007556                TUM_LKN_Sensorboard_laserBlink
                0x00007568                TUM_LKN_Sensorboard_laserToggle
                0x0000757e                TUM_LKN_Sensorboard_laserOff
                0x0000758c                TUM_LKN_Sensorboard_laserOn
                0x0000759a                readADC
                0x000075e4                TUM_LKN_Sensorboard_readChannel
                0x000075ea                TUM_LKN_Sensorboard_readChannel3
                0x000075f2                TUM_LKN_Sensorboard_readChannel2
                0x000075fa                TUM_LKN_Sensorboard_readChannel1
                0x00007602                TUM_LKN_Sensorboard_readPhotoVoltage
                0x0000760a                writeDAC
                0x00007630                TUM_LKN_Sensorboard_writeValue
                0x0000763a                readIOs
                0x00007656                writeIOs
                0x0000767a                TUM_LKN_Sensorboard_halfStepCW
                0x000076a2                TUM_LKN_Sensorboard_halfStepCCW
                0x000076ca                TUM_LKN_Sensorboard_stepCW
                0x000076f2                TUM_LKN_Sensorboard_stepCCW
                0x0000771a                TUM_LKN_Sensorboard_StepperIdle
                0x00007726                TUM_LKN_Sensorboard_setBeeper
                0x0000773e                TUM_LKN_Sensorboard_writeIO
                0x00007766                TUM_LKN_Sensorboard_writeIOs
                0x0000776c                TUM_LKN_Sensorboard_init
 .text          0x0000777a       0x56 ../../../src/kernel/hal/atmega128/atmel_hw_specific.o
                0x0000777a                nrk_start_high_ready_task
 .text          0x000077d0        0x0 /usr/lib/gcc/avr/4.5.3/../../../avr/lib/avr51/libprintf_flt.a(vfprintf_flt.o)
 .text          0x000077d0        0x0 /usr/lib/gcc/avr/4.5.3/../../../avr/lib/avr51/libm.a(addsf3.o)
 .text          0x000077d0        0x0 /usr/lib/gcc/avr/4.5.3/../../../avr/lib/avr51/libm.a(addsf3x.o)
 .text          0x000077d0        0x0 /usr/lib/gcc/avr/4.5.3/../../../avr/lib/avr51/libm.a(divsf3.o)
 .text          0x000077d0        0x0 /usr/lib/gcc/avr/4.5.3/../../../avr/lib/avr51/libm.a(divsf3x.o)
 .text          0x000077d0        0x0 /usr/lib/gcc/avr/4.5.3/../../../avr/lib/avr51/libm.a(fixunssfsi.o)
 .text          0x000077d0        0x0 /usr/lib/gcc/avr/4.5.3/../../../avr/lib/avr51/libm.a(floatsisf.o)
 .text          0x000077d0        0x0 /usr/lib/gcc/avr/4.5.3/../../../avr/lib/avr51/libm.a(fp_inf.o)
 .text          0x000077d0        0x0 /usr/lib/gcc/avr/4.5.3/../../../avr/lib/avr51/libm.a(fp_nan.o)
 .text          0x000077d0        0x0 /usr/lib/gcc/avr/4.5.3/../../../avr/lib/avr51/libm.a(fp_pscA.o)
 .text          0x000077d0        0x0 /usr/lib/gcc/avr/4.5.3/../../../avr/lib/avr51/libm.a(fp_pscB.o)
 .text          0x000077d0        0x0 /usr/lib/gcc/avr/4.5.3/../../../avr/lib/avr51/libm.a(fp_round.o)
 .text          0x000077d0        0x0 /usr/lib/gcc/avr/4.5.3/../../../avr/lib/avr51/libm.a(fp_split3.o)
 .text          0x000077d0        0x0 /usr/lib/gcc/avr/4.5.3/../../../avr/lib/avr51/libm.a(fp_zero.o)
 .text          0x000077d0        0x0 /usr/lib/gcc/avr/4.5.3/../../../avr/lib/avr51/libm.a(gesf2.o)
 .text          0x000077d0        0x0 /usr/lib/gcc/avr/4.5.3/../../../avr/lib/avr51/libm.a(log.o)
 .text          0x000077d0        0x0 /usr/lib/gcc/avr/4.5.3/../../../avr/lib/avr51/libm.a(mulsf3.o)
 .text          0x000077d0        0x0 /usr/lib/gcc/avr/4.5.3/../../../avr/lib/avr51/libm.a(mulsf3x.o)
 .text          0x000077d0        0x0 /usr/lib/gcc/avr/4.5.3/../../../avr/lib/avr51/libm.a(pow.o)
 .text          0x000077d0        0x0 /usr/lib/gcc/avr/4.5.3/../../../avr/lib/avr51/libm.a(exp.o)
 .text          0x000077d0        0x0 /usr/lib/gcc/avr/4.5.3/../../../avr/lib/avr51/libm.a(fp_cmp.o)
 .text          0x000077d0        0x0 /usr/lib/gcc/avr/4.5.3/../../../avr/lib/avr51/libm.a(fp_mpack.o)
 .text          0x000077d0        0x0 /usr/lib/gcc/avr/4.5.3/../../../avr/lib/avr51/libm.a(fp_powser.o)
 .text          0x000077d0        0x0 /usr/lib/gcc/avr/4.5.3/../../../avr/lib/avr51/libm.a(inverse.o)
 .text          0x000077d0        0x0 /usr/lib/gcc/avr/4.5.3/../../../avr/lib/avr51/libm.a(ldexp.o)
 .text          0x000077d0        0x0 /usr/lib/gcc/avr/4.5.3/../../../avr/lib/avr51/libm.a(modf.o)
 .text          0x000077d0        0x0 /usr/lib/gcc/avr/4.5.3/avr51/libgcc.a(_mulsi3.o)
 .text          0x000077d0        0x0 /usr/lib/gcc/avr/4.5.3/avr51/libgcc.a(_udivmodhi4.o)
 .text          0x000077d0        0x0 /usr/lib/gcc/avr/4.5.3/avr51/libgcc.a(_udivmodsi4.o)
 .text          0x000077d0        0x0 /usr/lib/gcc/avr/4.5.3/avr51/libgcc.a(_exit.o)
 .text          0x000077d0        0x0 /usr/lib/gcc/avr/4.5.3/avr51/libgcc.a(_copy_data.o)
 .text          0x000077d0        0x0 /usr/lib/gcc/avr/4.5.3/avr51/libgcc.a(_clear_bss.o)
 .text          0x000077d0      0xcac /usr/lib/gcc/avr/4.5.3/avr51/libgcc.a(_udivdi3.o)
                0x000077d0                __udivdi3
 .text          0x0000847c        0x0 /usr/lib/gcc/avr/4.5.3/avr51/libgcc.a(_prologue.o)
 .text          0x0000847c        0x0 /usr/lib/gcc/avr/4.5.3/avr51/libgcc.a(_epilogue.o)
 .text          0x0000847c        0x0 /usr/lib/gcc/avr/4.5.3/avr51/libgcc.a(_clz.o)
 .text          0x0000847c        0x0 /usr/lib/gcc/avr/4.5.3/../../../avr/lib/avr51/libc.a(ftoa_engine.o)
 .text          0x0000847c        0x0 /usr/lib/gcc/avr/4.5.3/../../../avr/lib/avr51/libc.a(strnlen_P.o)
 .text          0x0000847c        0x0 /usr/lib/gcc/avr/4.5.3/../../../avr/lib/avr51/libc.a(strnlen.o)
 .text          0x0000847c        0x0 /usr/lib/gcc/avr/4.5.3/../../../avr/lib/avr51/libc.a(fdevopen.o)
 .text          0x0000847c        0x0 /usr/lib/gcc/avr/4.5.3/../../../avr/lib/avr51/libc.a(fgetc.o)
 .text          0x0000847c        0x0 /usr/lib/gcc/avr/4.5.3/../../../avr/lib/avr51/libc.a(fputc.o)
 .text          0x0000847c        0x0 /usr/lib/gcc/avr/4.5.3/../../../avr/lib/avr51/libc.a(iob.o)
 .text          0x0000847c        0x0 /usr/lib/gcc/avr/4.5.3/../../../avr/lib/avr51/libc.a(printf.o)
 .text          0x0000847c        0x0 /usr/lib/gcc/avr/4.5.3/../../../avr/lib/avr51/libc.a(sprintf.o)
 .text          0x0000847c        0x0 /usr/lib/gcc/avr/4.5.3/../../../avr/lib/avr51/libc.a(ultoa_invert.o)
 .text          0x0000847c        0x0 /usr/lib/gcc/avr/4.5.3/../../../avr/lib/avr51/libc.a(eerd_byte_atmega128.o)
 .text          0x0000847c        0x0 /usr/lib/gcc/avr/4.5.3/../../../avr/lib/avr51/libc.a(eewr_byte_atmega128.o)
 .text          0x0000847c        0x0 /usr/lib/gcc/avr/4.5.3/../../../avr/lib/avr51/libc.a(calloc.o)
 .text          0x0000847c        0x0 /usr/lib/gcc/avr/4.5.3/../../../avr/lib/avr51/libc.a(malloc.o)
 .text          0x0000847c        0x0 /usr/lib/gcc/avr/4.5.3/../../../avr/lib/avr51/libc.a(memset.o)
                0x0000847c                . = ALIGN (0x2)
 *(.text.*)
 .text.avr-libc
                0x0000847c      0x75e /usr/lib/gcc/avr/4.5.3/../../../avr/lib/avr51/libprintf_flt.a(vfprintf_flt.o)
                0x0000847c                vfprintf
 .text.avr-libc.fplib
                0x00008bda        0xa /usr/lib/gcc/avr/4.5.3/../../../avr/lib/avr51/libm.a(addsf3.o)
                0x00008bda                __subsf3
                0x00008bdc                __addsf3
 .text.avr-libc.fplib
                0x00008be4       0xc0 /usr/lib/gcc/avr/4.5.3/../../../avr/lib/avr51/libm.a(addsf3x.o)
                0x00008bfe                __addsf3x
 .text.avr-libc.fplib
                0x00008ca4        0x4 /usr/lib/gcc/avr/4.5.3/../../../avr/lib/avr51/libm.a(divsf3.o)
                0x00008ca4                __divsf3
 .text.avr-libc.fplib
                0x00008ca8       0xcc /usr/lib/gcc/avr/4.5.3/../../../avr/lib/avr51/libm.a(divsf3x.o)
                0x00008cbe                __divsf3x
                0x00008cc2                __divsf3_pse
 .text.avr-libc.fplib
                0x00008d74       0x58 /usr/lib/gcc/avr/4.5.3/../../../avr/lib/avr51/libm.a(fixunssfsi.o)
                0x00008d74                __fixunssfsi
 .text.avr-libc.fplib
                0x00008dcc       0x7a /usr/lib/gcc/avr/4.5.3/../../../avr/lib/avr51/libm.a(floatsisf.o)
                0x00008dcc                __floatunsisf
                0x00008dd0                __floatsisf
 .text.avr-libc.fplib
                0x00008e46        0xc /usr/lib/gcc/avr/4.5.3/../../../avr/lib/avr51/libm.a(fp_inf.o)
                0x00008e46                __fp_inf
 .text.avr-libc.fplib
                0x00008e52        0x6 /usr/lib/gcc/avr/4.5.3/../../../avr/lib/avr51/libm.a(fp_nan.o)
                0x00008e52                __fp_nan
 .text.avr-libc.fplib
                0x00008e58        0xe /usr/lib/gcc/avr/4.5.3/../../../avr/lib/avr51/libm.a(fp_pscA.o)
                0x00008e58                __fp_pscA
 .text.avr-libc.fplib
                0x00008e66        0xe /usr/lib/gcc/avr/4.5.3/../../../avr/lib/avr51/libm.a(fp_pscB.o)
                0x00008e66                __fp_pscB
 .text.avr-libc.fplib
                0x00008e74       0x22 /usr/lib/gcc/avr/4.5.3/../../../avr/lib/avr51/libm.a(fp_round.o)
                0x00008e74                __fp_round
 .text.avr-libc.fplib
                0x00008e96       0x44 /usr/lib/gcc/avr/4.5.3/../../../avr/lib/avr51/libm.a(fp_split3.o)
                0x00008e96                __fp_split3
                0x00008ea6                __fp_splitA
 .text.avr-libc.fplib
                0x00008eda        0xe /usr/lib/gcc/avr/4.5.3/../../../avr/lib/avr51/libm.a(fp_zero.o)
                0x00008eda                __fp_zero
                0x00008edc                __fp_szero
 .text.avr-libc.fplib
                0x00008ee8        0x8 /usr/lib/gcc/avr/4.5.3/../../../avr/lib/avr51/libm.a(gesf2.o)
                0x00008ee8                __gtsf2
                0x00008ee8                __gesf2
 .text.avr-libc.fplib
                0x00008ef0       0x8a /usr/lib/gcc/avr/4.5.3/../../../avr/lib/avr51/libm.a(log.o)
                0x00008efa                log
 .text.avr-libc.fplib
                0x00008f7a        0x4 /usr/lib/gcc/avr/4.5.3/../../../avr/lib/avr51/libm.a(mulsf3.o)
                0x00008f7a                __mulsf3
 .text.avr-libc.fplib
                0x00008f7e       0xc2 /usr/lib/gcc/avr/4.5.3/../../../avr/lib/avr51/libm.a(mulsf3x.o)
                0x00008f92                __mulsf3x
                0x00008f96                __mulsf3_pse
 .text.avr-libc.fplib
                0x00009040       0x98 /usr/lib/gcc/avr/4.5.3/../../../avr/lib/avr51/libm.a(pow.o)
                0x00009040                pow
 .text.avr-libc.fplib
                0x000090d8       0x62 /usr/lib/gcc/avr/4.5.3/../../../avr/lib/avr51/libm.a(exp.o)
                0x000090e2                exp
 .text.avr-libc.fplib
                0x0000913a       0x48 /usr/lib/gcc/avr/4.5.3/../../../avr/lib/avr51/libm.a(fp_cmp.o)
                0x0000913a                __fp_cmp
 .text.avr-libc.fplib
                0x00009182       0x1c /usr/lib/gcc/avr/4.5.3/../../../avr/lib/avr51/libm.a(fp_mpack.o)
                0x00009182                __fp_mpack
                0x00009186                __fp_mpack_finite
 .text.avr-libc.fplib
                0x0000919e       0x4a /usr/lib/gcc/avr/4.5.3/../../../avr/lib/avr51/libm.a(fp_powser.o)
                0x0000919e                __fp_powser
 .text.avr-libc.fplib
                0x000091e8        0xe /usr/lib/gcc/avr/4.5.3/../../../avr/lib/avr51/libm.a(inverse.o)
                0x000091e8                inverse
 .text.avr-libc.fplib
                0x000091f6       0x6c /usr/lib/gcc/avr/4.5.3/../../../avr/lib/avr51/libm.a(ldexp.o)
                0x000091fa                ldexp
 .text.avr-libc.fplib
                0x00009262       0x66 /usr/lib/gcc/avr/4.5.3/../../../avr/lib/avr51/libm.a(modf.o)
                0x00009262                modff
                0x00009262                modf
 .text.libgcc   0x000092c8       0x3e /usr/lib/gcc/avr/4.5.3/avr51/libgcc.a(_mulsi3.o)
                0x000092c8                __mulsi3
 .text.libgcc   0x00009306       0x28 /usr/lib/gcc/avr/4.5.3/avr51/libgcc.a(_udivmodhi4.o)
                0x00009306                __udivmodhi4
 .text.libgcc   0x0000932e       0x44 /usr/lib/gcc/avr/4.5.3/avr51/libgcc.a(_udivmodsi4.o)
                0x0000932e                __udivmodsi4
 .text.libgcc   0x00009372        0x0 /usr/lib/gcc/avr/4.5.3/avr51/libgcc.a(_exit.o)
 .text.libgcc   0x00009372        0x0 /usr/lib/gcc/avr/4.5.3/avr51/libgcc.a(_copy_data.o)
 .text.libgcc   0x00009372        0x0 /usr/lib/gcc/avr/4.5.3/avr51/libgcc.a(_clear_bss.o)
 .text.libgcc   0x00009372       0x38 /usr/lib/gcc/avr/4.5.3/avr51/libgcc.a(_prologue.o)
                0x00009372                __prologue_saves__
 .text.libgcc   0x000093aa       0x36 /usr/lib/gcc/avr/4.5.3/avr51/libgcc.a(_epilogue.o)
                0x000093aa                __epilogue_restores__
 .text.avr-libc
                0x000093e0      0x1b0 /usr/lib/gcc/avr/4.5.3/../../../avr/lib/avr51/libc.a(ftoa_engine.o)
                0x000093e0                __ftoa_engine
 .text.avr-libc
                0x00009590       0x16 /usr/lib/gcc/avr/4.5.3/../../../avr/lib/avr51/libc.a(strnlen_P.o)
                0x00009590                strnlen_P
 .text.avr-libc
                0x000095a6       0x16 /usr/lib/gcc/avr/4.5.3/../../../avr/lib/avr51/libc.a(strnlen.o)
                0x000095a6                strnlen
 .text.avr-libc
                0x000095bc       0x96 /usr/lib/gcc/avr/4.5.3/../../../avr/lib/avr51/libc.a(fdevopen.o)
                0x000095bc                fdevopen
 .text.avr-libc
                0x00009652       0x84 /usr/lib/gcc/avr/4.5.3/../../../avr/lib/avr51/libc.a(fgetc.o)
                0x00009652                fgetc
 .text.avr-libc
                0x000096d6       0x58 /usr/lib/gcc/avr/4.5.3/../../../avr/lib/avr51/libc.a(fputc.o)
                0x000096d6                fputc
 .text.avr-libc
                0x0000972e       0x24 /usr/lib/gcc/avr/4.5.3/../../../avr/lib/avr51/libc.a(printf.o)
                0x0000972e                printf
 .text.avr-libc
                0x00009752       0x60 /usr/lib/gcc/avr/4.5.3/../../../avr/lib/avr51/libc.a(sprintf.o)
                0x00009752                sprintf
 .text.avr-libc
                0x000097b2       0xbc /usr/lib/gcc/avr/4.5.3/../../../avr/lib/avr51/libc.a(ultoa_invert.o)
                0x000097b2                __ultoa_invert
 .text.avr-libc
                0x0000986e       0x10 /usr/lib/gcc/avr/4.5.3/../../../avr/lib/avr51/libc.a(eerd_byte_atmega128.o)
                0x0000986e                __eerd_byte_m128
 .text.avr-libc
                0x0000987e       0x1a /usr/lib/gcc/avr/4.5.3/../../../avr/lib/avr51/libc.a(eewr_byte_atmega128.o)
                0x0000987e                __eewr_byte_m128
                0x00009880                __eewr_r18_m128
 .text.avr-libc
                0x00009898       0x4a /usr/lib/gcc/avr/4.5.3/../../../avr/lib/avr51/libc.a(calloc.o)
                0x00009898                calloc
 .text.avr-libc
                0x000098e2      0x266 /usr/lib/gcc/avr/4.5.3/../../../avr/lib/avr51/libc.a(malloc.o)
                0x000098e2                malloc
                0x00009a16                free
 .text.avr-libc
                0x00009b48        0xe /usr/lib/gcc/avr/4.5.3/../../../avr/lib/avr51/libc.a(memset.o)
                0x00009b48                memset
                0x00009b56                . = ALIGN (0x2)
 *(.fini9)
 .fini9         0x00009b56        0x0 /usr/lib/gcc/avr/4.5.3/avr51/libgcc.a(_exit.o)
                0x00009b56                exit
                0x00009b56                _exit
 *(.fini9)
 *(.fini8)
 *(.fini8)
 *(.fini7)
 *(.fini7)
 *(.fini6)
 *(.fini6)
 *(.fini5)
 *(.fini5)
 *(.fini4)
 *(.fini4)
 *(.fini3)
 *(.fini3)
 *(.fini2)
 *(.fini2)
 *(.fini1)
 *(.fini1)
 *(.fini0)
 .fini0         0x00009b56        0x4 /usr/lib/gcc/avr/4.5.3/avr51/libgcc.a(_exit.o)
 *(.fini0)
                0x00009b5a                _etext = .

.data           0x00800100      0x278 load address 0x00009b5a
                0x00800100                PROVIDE (__data_start, .)
 *(.data)
 .data          0x00800100        0x0 /usr/lib/gcc/avr/4.5.3/../../../avr/lib/avr51/crtm128.o
 .data          0x00800100       0xc1 main.o
 .data          0x008001c1        0x0 ../../../src/radio/cc2420/source/hal_rf_set_channel.o
 .data          0x008001c1        0x0 ../../../src/radio/cc2420/source/hal_rf_wait_for_crystal_oscillator.o
 .data          0x008001c1        0x0 ../../../src/radio/cc2420/source/basic_rf.o
 .data          0x008001c1       0x23 ../../../src/platform/micaZ/source/ulib.o
                0x008001c1                NRK_LED_0
                0x008001c2                NRK_LED_1
                0x008001c3                NRK_LED_2
                0x008001c4                NRK_VREG_EN
                0x008001c5                NRK_RESET_N
                0x008001c6                NRK_CSN
                0x008001c7                NRK_SCK
                0x008001c8                NRK_MOSI
                0x008001c9                NRK_MISO
                0x008001ca                NRK_FIFO
                0x008001cb                NRK_UART1_RXD
                0x008001cc                NRK_UART1_TXD
                0x008001cd                NRK_SFD
                0x008001ce                NRK_UART1_RTS
                0x008001cf                NRK_CCA
                0x008001d0                NRK_UART1_CTS
                0x008001d1                NRK_UART0_RXD
                0x008001d2                NRK_UART0_TXD
                0x008001d3                NRK_FIFOP
                0x008001d4                NRK_ADC_INPUT_0
                0x008001d5                NRK_ADC_INPUT_1
                0x008001d6                NRK_ADC_INPUT_2
                0x008001d7                NRK_ADC_INPUT_3
                0x008001d8                NRK_ADC_INPUT_6
                0x008001d9                NRK_ADC_INPUT_7
                0x008001da                NRK_DEBUG_0
                0x008001db                NRK_DEBUG_1
                0x008001dc                NRK_DEBUG_2
                0x008001dd                NRK_DEBUG_3
                0x008001de                NRK_LED_3
                0x008001df                NRK_BLED
                0x008001e0                NRK_SPI_SS
                0x008001e1                NRK_GPIO26
                0x008001e2                NRK_GPIO28
                0x008001e3                NRK_GPIO34
 .data          0x008001e4        0x0 ../../../src/platform/micaZ/source/hal_wait.o
 .data          0x008001e4        0x0 ../../../src/platform/micaZ/source/nrk_eeprom.o
 .data          0x008001e4        0x0 ../../../src/kernel/source/nrk.o
 .data          0x008001e4       0x2c ../../../src/kernel/source/nrk_stats.o
 .data          0x00800210        0x3 ../../../src/kernel/source/nrk_error.o
 .data          0x00800213       0x4e ../../../src/kernel/source/nrk_stack_check.o
 .data          0x00800261        0x0 ../../../src/kernel/source/nrk_events.o
 .data          0x00800261        0x0 ../../../src/kernel/source/nrk_task.o
 .data          0x00800261        0x0 ../../../src/kernel/source/nrk_time.o
 .data          0x00800261        0x0 ../../../src/kernel/source/nrk_idle_task.o
 .data          0x00800261        0x0 ../../../src/kernel/source/nrk_scheduler.o
 .data          0x00800261        0x0 ../../../src/kernel/source/nrk_driver.o
 .data          0x00800261        0x0 ../../../src/kernel/source/nrk_reserve.o
 .data          0x00800261        0x0 ../../../src/kernel/source/nrk_sw_wdt.o
 .data          0x00800261        0x0 ../../../src/kernel/hal/atmega128/nrk_timer.o
 .data          0x00800261        0x0 ../../../src/kernel/hal/atmega128/nrk_status.o
 .data          0x00800261        0x0 ../../../src/kernel/hal/atmega128/nrk_ext_int.o
 .data          0x00800261        0x0 ../../../src/kernel/hal/atmega128/nrk_watchdog.o
 .data          0x00800261        0x0 ../../../src/kernel/hal/atmega128/nrk_cpu.o
 .data          0x00800261        0x0 ../../../src/drivers/platform/micaZ/source/ad5242.o
 .data          0x00800261        0x0 ../../../src/drivers/platform/micaZ/source/adc_driver.o
 .data          0x00800261        0x0 ../../../src/drivers/platform/micaZ/source/i2c_driver.o
 .data          0x00800261        0x0 ../../../src/drivers/platform/micaZ/source/mda100_driver.o
 .data          0x00800261        0x0 ../../../src/drivers/platform/micaZ/source/mts310cb_driver.o
 .data          0x00800261        0x0 ../../../src/drivers/platform/micaZ/source/DS2401.o
 .data          0x00800261        0x0 ../../../src/drivers/platform/micaZ/source/DOGM128-6_Graphicdisplay_driver.o
 .data          0x00800261        0x0 ../../../src/drivers/platform/micaZ/source/eDIP240-7_TouchPanel_driver.o
 .data          0x00800261       0x10 ../../../src/drivers/platform/micaZ/source/TUM_LKN_Sensorboard_driver.o
                0x00800261                steppertimeout
                0x00800263                steps
                0x0080026b                m_vbatt
                0x0080026f                m_pwm
 .data          0x00800271        0x0 ../../../src/kernel/hal/atmega128/atmel_hw_specific.o
 .data          0x00800271        0x0 /usr/lib/gcc/avr/4.5.3/../../../avr/lib/avr51/libprintf_flt.a(vfprintf_flt.o)
 .data          0x00800271        0x0 /usr/lib/gcc/avr/4.5.3/../../../avr/lib/avr51/libm.a(addsf3.o)
 .data          0x00800271        0x0 /usr/lib/gcc/avr/4.5.3/../../../avr/lib/avr51/libm.a(addsf3x.o)
 .data          0x00800271        0x0 /usr/lib/gcc/avr/4.5.3/../../../avr/lib/avr51/libm.a(divsf3.o)
 .data          0x00800271        0x0 /usr/lib/gcc/avr/4.5.3/../../../avr/lib/avr51/libm.a(divsf3x.o)
 .data          0x00800271        0x0 /usr/lib/gcc/avr/4.5.3/../../../avr/lib/avr51/libm.a(fixunssfsi.o)
 .data          0x00800271        0x0 /usr/lib/gcc/avr/4.5.3/../../../avr/lib/avr51/libm.a(floatsisf.o)
 .data          0x00800271        0x0 /usr/lib/gcc/avr/4.5.3/../../../avr/lib/avr51/libm.a(fp_inf.o)
 .data          0x00800271        0x0 /usr/lib/gcc/avr/4.5.3/../../../avr/lib/avr51/libm.a(fp_nan.o)
 .data          0x00800271        0x0 /usr/lib/gcc/avr/4.5.3/../../../avr/lib/avr51/libm.a(fp_pscA.o)
 .data          0x00800271        0x0 /usr/lib/gcc/avr/4.5.3/../../../avr/lib/avr51/libm.a(fp_pscB.o)
 .data          0x00800271        0x0 /usr/lib/gcc/avr/4.5.3/../../../avr/lib/avr51/libm.a(fp_round.o)
 .data          0x00800271        0x0 /usr/lib/gcc/avr/4.5.3/../../../avr/lib/avr51/libm.a(fp_split3.o)
 .data          0x00800271        0x0 /usr/lib/gcc/avr/4.5.3/../../../avr/lib/avr51/libm.a(fp_zero.o)
 .data          0x00800271        0x0 /usr/lib/gcc/avr/4.5.3/../../../avr/lib/avr51/libm.a(gesf2.o)
 .data          0x00800271        0x0 /usr/lib/gcc/avr/4.5.3/../../../avr/lib/avr51/libm.a(log.o)
 .data          0x00800271        0x0 /usr/lib/gcc/avr/4.5.3/../../../avr/lib/avr51/libm.a(mulsf3.o)
 .data          0x00800271        0x0 /usr/lib/gcc/avr/4.5.3/../../../avr/lib/avr51/libm.a(mulsf3x.o)
 .data          0x00800271        0x0 /usr/lib/gcc/avr/4.5.3/../../../avr/lib/avr51/libm.a(pow.o)
 .data          0x00800271        0x0 /usr/lib/gcc/avr/4.5.3/../../../avr/lib/avr51/libm.a(exp.o)
 .data          0x00800271        0x0 /usr/lib/gcc/avr/4.5.3/../../../avr/lib/avr51/libm.a(fp_cmp.o)
 .data          0x00800271        0x0 /usr/lib/gcc/avr/4.5.3/../../../avr/lib/avr51/libm.a(fp_mpack.o)
 .data          0x00800271        0x0 /usr/lib/gcc/avr/4.5.3/../../../avr/lib/avr51/libm.a(fp_powser.o)
 .data          0x00800271        0x0 /usr/lib/gcc/avr/4.5.3/../../../avr/lib/avr51/libm.a(inverse.o)
 .data          0x00800271        0x0 /usr/lib/gcc/avr/4.5.3/../../../avr/lib/avr51/libm.a(ldexp.o)
 .data          0x00800271        0x0 /usr/lib/gcc/avr/4.5.3/../../../avr/lib/avr51/libm.a(modf.o)
 .data          0x00800271        0x0 /usr/lib/gcc/avr/4.5.3/avr51/libgcc.a(_mulsi3.o)
 .data          0x00800271        0x0 /usr/lib/gcc/avr/4.5.3/avr51/libgcc.a(_udivmodhi4.o)
 .data          0x00800271        0x0 /usr/lib/gcc/avr/4.5.3/avr51/libgcc.a(_udivmodsi4.o)
 .data          0x00800271        0x0 /usr/lib/gcc/avr/4.5.3/avr51/libgcc.a(_exit.o)
 .data          0x00800271        0x0 /usr/lib/gcc/avr/4.5.3/avr51/libgcc.a(_copy_data.o)
 .data          0x00800271        0x0 /usr/lib/gcc/avr/4.5.3/avr51/libgcc.a(_clear_bss.o)
 .data          0x00800271        0x0 /usr/lib/gcc/avr/4.5.3/avr51/libgcc.a(_udivdi3.o)
 .data          0x00800271        0x0 /usr/lib/gcc/avr/4.5.3/avr51/libgcc.a(_prologue.o)
 .data          0x00800271        0x0 /usr/lib/gcc/avr/4.5.3/avr51/libgcc.a(_epilogue.o)
 .data          0x00800271      0x100 /usr/lib/gcc/avr/4.5.3/avr51/libgcc.a(_clz.o)
                0x00800271                __clz_tab
 .data          0x00800371        0x0 /usr/lib/gcc/avr/4.5.3/../../../avr/lib/avr51/libc.a(ftoa_engine.o)
 .data          0x00800371        0x0 /usr/lib/gcc/avr/4.5.3/../../../avr/lib/avr51/libc.a(strnlen_P.o)
 .data          0x00800371        0x0 /usr/lib/gcc/avr/4.5.3/../../../avr/lib/avr51/libc.a(strnlen.o)
 .data          0x00800371        0x0 /usr/lib/gcc/avr/4.5.3/../../../avr/lib/avr51/libc.a(fdevopen.o)
 .data          0x00800371        0x0 /usr/lib/gcc/avr/4.5.3/../../../avr/lib/avr51/libc.a(fgetc.o)
 .data          0x00800371        0x0 /usr/lib/gcc/avr/4.5.3/../../../avr/lib/avr51/libc.a(fputc.o)
 .data          0x00800371        0x0 /usr/lib/gcc/avr/4.5.3/../../../avr/lib/avr51/libc.a(iob.o)
 .data          0x00800371        0x0 /usr/lib/gcc/avr/4.5.3/../../../avr/lib/avr51/libc.a(printf.o)
 .data          0x00800371        0x0 /usr/lib/gcc/avr/4.5.3/../../../avr/lib/avr51/libc.a(sprintf.o)
 .data          0x00800371        0x0 /usr/lib/gcc/avr/4.5.3/../../../avr/lib/avr51/libc.a(ultoa_invert.o)
 .data          0x00800371        0x0 /usr/lib/gcc/avr/4.5.3/../../../avr/lib/avr51/libc.a(eerd_byte_atmega128.o)
 .data          0x00800371        0x0 /usr/lib/gcc/avr/4.5.3/../../../avr/lib/avr51/libc.a(eewr_byte_atmega128.o)
 .data          0x00800371        0x0 /usr/lib/gcc/avr/4.5.3/../../../avr/lib/avr51/libc.a(calloc.o)
 .data          0x00800371        0x6 /usr/lib/gcc/avr/4.5.3/../../../avr/lib/avr51/libc.a(malloc.o)
                0x00800371                __malloc_margin
                0x00800373                __malloc_heap_start
                0x00800375                __malloc_heap_end
 .data          0x00800377        0x0 /usr/lib/gcc/avr/4.5.3/../../../avr/lib/avr51/libc.a(memset.o)
 *(.data*)
 *(.rodata)
 *(.rodata*)
 *(.gnu.linkonce.d*)
                0x00800378                . = ALIGN (0x2)
 *fill*         0x00800377        0x1 00
                0x00800378                _edata = .
                0x00800378                PROVIDE (__data_end, .)

.bss            0x00800378      0x511
                0x00800378                PROVIDE (__bss_start, .)
 *(.bss)
 .bss           0x00800378        0x0 /usr/lib/gcc/avr/4.5.3/../../../avr/lib/avr51/crtm128.o
 .bss           0x00800378        0x0 main.o
 .bss           0x00800378        0x0 ../../../src/radio/cc2420/source/hal_rf_set_channel.o
 .bss           0x00800378        0x0 ../../../src/radio/cc2420/source/hal_rf_wait_for_crystal_oscillator.o
 .bss           0x00800378        0x0 ../../../src/radio/cc2420/source/basic_rf.o
 .bss           0x00800378        0x0 ../../../src/platform/micaZ/source/ulib.o
 .bss           0x00800378        0x0 ../../../src/platform/micaZ/source/hal_wait.o
 .bss           0x00800378        0x0 ../../../src/platform/micaZ/source/nrk_eeprom.o
 .bss           0x00800378        0x0 ../../../src/kernel/source/nrk.o
 .bss           0x00800378        0x0 ../../../src/kernel/source/nrk_stats.o
 .bss           0x00800378        0x1 ../../../src/kernel/source/nrk_error.o
 .bss           0x00800379        0x0 ../../../src/kernel/source/nrk_stack_check.o
 .bss           0x00800379        0x0 ../../../src/kernel/source/nrk_events.o
 .bss           0x00800379        0x0 ../../../src/kernel/source/nrk_task.o
 .bss           0x00800379        0x0 ../../../src/kernel/source/nrk_time.o
 .bss           0x00800379        0x0 ../../../src/kernel/source/nrk_idle_task.o
 .bss           0x00800379        0x0 ../../../src/kernel/source/nrk_scheduler.o
 .bss           0x00800379        0x0 ../../../src/kernel/source/nrk_driver.o
 .bss           0x00800379        0x0 ../../../src/kernel/source/nrk_reserve.o
 .bss           0x00800379        0x0 ../../../src/kernel/source/nrk_sw_wdt.o
 .bss           0x00800379        0x0 ../../../src/kernel/hal/atmega128/nrk_timer.o
 .bss           0x00800379        0x0 ../../../src/kernel/hal/atmega128/nrk_status.o
 .bss           0x00800379        0x0 ../../../src/kernel/hal/atmega128/nrk_ext_int.o
 .bss           0x00800379        0x0 ../../../src/kernel/hal/atmega128/nrk_watchdog.o
 .bss           0x00800379        0x0 ../../../src/kernel/hal/atmega128/nrk_cpu.o
 .bss           0x00800379        0x0 ../../../src/drivers/platform/micaZ/source/ad5242.o
 .bss           0x00800379        0x0 ../../../src/drivers/platform/micaZ/source/adc_driver.o
 .bss           0x00800379        0x0 ../../../src/drivers/platform/micaZ/source/i2c_driver.o
 .bss           0x00800379        0x1 ../../../src/drivers/platform/micaZ/source/mda100_driver.o
                0x00800379                mda100_initDone
 .bss           0x0080037a        0x1 ../../../src/drivers/platform/micaZ/source/mts310cb_driver.o
                0x0080037a                mts310cb_initDone
 .bss           0x0080037b        0x0 ../../../src/drivers/platform/micaZ/source/DS2401.o
 .bss           0x0080037b        0x0 ../../../src/drivers/platform/micaZ/source/DOGM128-6_Graphicdisplay_driver.o
 .bss           0x0080037b        0x0 ../../../src/drivers/platform/micaZ/source/eDIP240-7_TouchPanel_driver.o
 .bss           0x0080037b        0xd ../../../src/drivers/platform/micaZ/source/TUM_LKN_Sensorboard_driver.o
                0x0080037b                m_currentstep
                0x0080037c                i2cData
                0x00800384                m_lastxs
                0x00800385                m_ledstate
                0x00800386                m_prescaler
 .bss           0x00800388        0x0 ../../../src/kernel/hal/atmega128/atmel_hw_specific.o
 .bss           0x00800388        0x0 /usr/lib/gcc/avr/4.5.3/../../../avr/lib/avr51/libprintf_flt.a(vfprintf_flt.o)
 .bss           0x00800388        0x0 /usr/lib/gcc/avr/4.5.3/../../../avr/lib/avr51/libm.a(addsf3.o)
 .bss           0x00800388        0x0 /usr/lib/gcc/avr/4.5.3/../../../avr/lib/avr51/libm.a(addsf3x.o)
 .bss           0x00800388        0x0 /usr/lib/gcc/avr/4.5.3/../../../avr/lib/avr51/libm.a(divsf3.o)
 .bss           0x00800388        0x0 /usr/lib/gcc/avr/4.5.3/../../../avr/lib/avr51/libm.a(divsf3x.o)
 .bss           0x00800388        0x0 /usr/lib/gcc/avr/4.5.3/../../../avr/lib/avr51/libm.a(fixunssfsi.o)
 .bss           0x00800388        0x0 /usr/lib/gcc/avr/4.5.3/../../../avr/lib/avr51/libm.a(floatsisf.o)
 .bss           0x00800388        0x0 /usr/lib/gcc/avr/4.5.3/../../../avr/lib/avr51/libm.a(fp_inf.o)
 .bss           0x00800388        0x0 /usr/lib/gcc/avr/4.5.3/../../../avr/lib/avr51/libm.a(fp_nan.o)
 .bss           0x00800388        0x0 /usr/lib/gcc/avr/4.5.3/../../../avr/lib/avr51/libm.a(fp_pscA.o)
 .bss           0x00800388        0x0 /usr/lib/gcc/avr/4.5.3/../../../avr/lib/avr51/libm.a(fp_pscB.o)
 .bss           0x00800388        0x0 /usr/lib/gcc/avr/4.5.3/../../../avr/lib/avr51/libm.a(fp_round.o)
 .bss           0x00800388        0x0 /usr/lib/gcc/avr/4.5.3/../../../avr/lib/avr51/libm.a(fp_split3.o)
 .bss           0x00800388        0x0 /usr/lib/gcc/avr/4.5.3/../../../avr/lib/avr51/libm.a(fp_zero.o)
 .bss           0x00800388        0x0 /usr/lib/gcc/avr/4.5.3/../../../avr/lib/avr51/libm.a(gesf2.o)
 .bss           0x00800388        0x0 /usr/lib/gcc/avr/4.5.3/../../../avr/lib/avr51/libm.a(log.o)
 .bss           0x00800388        0x0 /usr/lib/gcc/avr/4.5.3/../../../avr/lib/avr51/libm.a(mulsf3.o)
 .bss           0x00800388        0x0 /usr/lib/gcc/avr/4.5.3/../../../avr/lib/avr51/libm.a(mulsf3x.o)
 .bss           0x00800388        0x0 /usr/lib/gcc/avr/4.5.3/../../../avr/lib/avr51/libm.a(pow.o)
 .bss           0x00800388        0x0 /usr/lib/gcc/avr/4.5.3/../../../avr/lib/avr51/libm.a(exp.o)
 .bss           0x00800388        0x0 /usr/lib/gcc/avr/4.5.3/../../../avr/lib/avr51/libm.a(fp_cmp.o)
 .bss           0x00800388        0x0 /usr/lib/gcc/avr/4.5.3/../../../avr/lib/avr51/libm.a(fp_mpack.o)
 .bss           0x00800388        0x0 /usr/lib/gcc/avr/4.5.3/../../../avr/lib/avr51/libm.a(fp_powser.o)
 .bss           0x00800388        0x0 /usr/lib/gcc/avr/4.5.3/../../../avr/lib/avr51/libm.a(inverse.o)
 .bss           0x00800388        0x0 /usr/lib/gcc/avr/4.5.3/../../../avr/lib/avr51/libm.a(ldexp.o)
 .bss           0x00800388        0x0 /usr/lib/gcc/avr/4.5.3/../../../avr/lib/avr51/libm.a(modf.o)
 .bss           0x00800388        0x0 /usr/lib/gcc/avr/4.5.3/avr51/libgcc.a(_mulsi3.o)
 .bss           0x00800388        0x0 /usr/lib/gcc/avr/4.5.3/avr51/libgcc.a(_udivmodhi4.o)
 .bss           0x00800388        0x0 /usr/lib/gcc/avr/4.5.3/avr51/libgcc.a(_udivmodsi4.o)
 .bss           0x00800388        0x0 /usr/lib/gcc/avr/4.5.3/avr51/libgcc.a(_exit.o)
 .bss           0x00800388        0x0 /usr/lib/gcc/avr/4.5.3/avr51/libgcc.a(_copy_data.o)
 .bss           0x00800388        0x0 /usr/lib/gcc/avr/4.5.3/avr51/libgcc.a(_clear_bss.o)
 .bss           0x00800388        0x0 /usr/lib/gcc/avr/4.5.3/avr51/libgcc.a(_udivdi3.o)
 .bss           0x00800388        0x0 /usr/lib/gcc/avr/4.5.3/avr51/libgcc.a(_prologue.o)
 .bss           0x00800388        0x0 /usr/lib/gcc/avr/4.5.3/avr51/libgcc.a(_epilogue.o)
 .bss           0x00800388        0x0 /usr/lib/gcc/avr/4.5.3/avr51/libgcc.a(_clz.o)
 .bss           0x00800388        0x0 /usr/lib/gcc/avr/4.5.3/../../../avr/lib/avr51/libc.a(ftoa_engine.o)
 .bss           0x00800388        0x0 /usr/lib/gcc/avr/4.5.3/../../../avr/lib/avr51/libc.a(strnlen_P.o)
 .bss           0x00800388        0x0 /usr/lib/gcc/avr/4.5.3/../../../avr/lib/avr51/libc.a(strnlen.o)
 .bss           0x00800388        0x0 /usr/lib/gcc/avr/4.5.3/../../../avr/lib/avr51/libc.a(fdevopen.o)
 .bss           0x00800388        0x0 /usr/lib/gcc/avr/4.5.3/../../../avr/lib/avr51/libc.a(fgetc.o)
 .bss           0x00800388        0x0 /usr/lib/gcc/avr/4.5.3/../../../avr/lib/avr51/libc.a(fputc.o)
 .bss           0x00800388        0x0 /usr/lib/gcc/avr/4.5.3/../../../avr/lib/avr51/libc.a(iob.o)
 .bss           0x00800388        0x0 /usr/lib/gcc/avr/4.5.3/../../../avr/lib/avr51/libc.a(printf.o)
 .bss           0x00800388        0x0 /usr/lib/gcc/avr/4.5.3/../../../avr/lib/avr51/libc.a(sprintf.o)
 .bss           0x00800388        0x0 /usr/lib/gcc/avr/4.5.3/../../../avr/lib/avr51/libc.a(ultoa_invert.o)
 .bss           0x00800388        0x0 /usr/lib/gcc/avr/4.5.3/../../../avr/lib/avr51/libc.a(eerd_byte_atmega128.o)
 .bss           0x00800388        0x0 /usr/lib/gcc/avr/4.5.3/../../../avr/lib/avr51/libc.a(eewr_byte_atmega128.o)
 .bss           0x00800388        0x0 /usr/lib/gcc/avr/4.5.3/../../../avr/lib/avr51/libc.a(calloc.o)
 .bss           0x00800388        0x0 /usr/lib/gcc/avr/4.5.3/../../../avr/lib/avr51/libc.a(malloc.o)
 .bss           0x00800388        0x0 /usr/lib/gcc/avr/4.5.3/../../../avr/lib/avr51/libc.a(memset.o)
 *(.bss*)
 *(COMMON)
 COMMON         0x00800388      0x3b7 main.o
                0x00800388                TaskFour
                0x008003ab                app_timer0_callback
                0x008003ad                Stack3
                0x0080042d                error_task
                0x0080042e                _nrk_time_trigger
                0x0080042f                TaskOne
                0x00800452                _nrk_stats_sleep_time
                0x0080045a                Stack2
                0x008004da                _nrk_signal_list
                0x008004de                TaskThree
                0x00800501                Stack1
                0x00800581                nrk_kernel_stk_ptr
                0x00800583                app_timer0_prescale
                0x00800584                _nrk_prev_timer_val
                0x00800585                cur_task_stats
                0x0080061b                error_num
                0x0080061c                nrk_idle_task_stk
                0x0080069c                Stack4
                0x0080071c                TaskTwo
 COMMON         0x0080073f       0x1b ../../../src/radio/cc2420/source/basic_rf.o
                0x0080073f                rx_ctr
                0x00800743                radio_sem
                0x00800745                security_enable
                0x00800746                mdmctrl0
                0x00800748                rfSettings
                0x00800751                tmp_blah
                0x00800753                auto_ack_enable
                0x00800754                last_pkt_encrypted
                0x00800755                tx_ctr
                0x00800759                rx_ready
 COMMON         0x0080075a      0x117 ../../../src/kernel/source/nrk.o
                0x0080075a                _free_node
                0x0080075c                nrk_task_TCB
                0x00800801                next_next_wakeup
                0x00800803                nrk_sem_list
                0x00800806                nrk_task_init_cnt
                0x00800807                nrk_wakeup_signal
                0x00800808                nrk_high_ready_TCB
                0x0080080a                nrk_cur_task_prio
                0x0080080b                _nrk_cpu_state
                0x0080080c                _head_node
                0x0080080e                nrk_system_time
                0x00800816                _nrk_resource_cnt
                0x00800817                nrk_cur_task_TCB
                0x00800819                nrk_high_ready_prio
                0x0080081a                sw_wdts
                0x00800853                _nrk_readyQ
 COMMON         0x00800871        0x1 ../../../src/kernel/source/nrk_scheduler.o
                0x00800871                t
 COMMON         0x00800872        0x8 ../../../src/kernel/hal/atmega128/nrk_ext_int.o
                0x00800872                ext_int1_callback
                0x00800874                ext_int0_callback
                0x00800876                ext_int2_callback
                0x00800878                pc_int0_callback
 COMMON         0x0080087a        0x5 ../../../src/drivers/platform/micaZ/source/TUM_LKN_Sensorboard_driver.o
                0x0080087a                i2cDataLen
                0x0080087b                i2cDataDirection
                0x0080087c                m_channel
                0x0080087d                i2cDestination
 COMMON         0x0080087f        0x6 /usr/lib/gcc/avr/4.5.3/../../../avr/lib/avr51/libc.a(iob.o)
                0x0080087f                __iob
 COMMON         0x00800885        0x4 /usr/lib/gcc/avr/4.5.3/../../../avr/lib/avr51/libc.a(malloc.o)
                0x00800885                __brkval
                0x00800887                __flp
                0x00800889                PROVIDE (__bss_end, .)
                0x00009b5a                __data_load_start = LOADADDR (.data)
                0x00009dd2                __data_load_end = (__data_load_start + SIZEOF (.data))

.noinit         0x00800889        0x0
                0x00800889                PROVIDE (__noinit_start, .)
 *(.noinit*)
                0x00800889                PROVIDE (__noinit_end, .)
                0x00800889                _end = .
                0x00800889                PROVIDE (__heap_start, .)

.eeprom         0x00810000        0x0
 *(.eeprom*)
                0x00810000                __eeprom_end = .

.fuse
 *(.fuse)
 *(.lfuse)
 *(.hfuse)
 *(.efuse)

.lock
 *(.lock*)

.signature
 *(.signature*)

.stab           0x00000000    0x1a4a8
 *(.stab)
 .stab          0x00000000      0x6cc /usr/lib/gcc/avr/4.5.3/../../../avr/lib/avr51/crtm128.o
 .stab          0x000006cc      0xec4 main.o
                                0xed0 (size before relaxing)
 .stab          0x00001590      0x294 ../../../src/radio/cc2420/source/hal_rf_set_channel.o
                                0x600 (size before relaxing)
 .stab          0x00001824      0x264 ../../../src/radio/cc2420/source/hal_rf_wait_for_crystal_oscillator.o
                                0x5d0 (size before relaxing)
 .stab          0x00001a88     0x3750 ../../../src/radio/cc2420/source/basic_rf.o
                               0x3b70 (size before relaxing)
 .stab          0x000051d8     0x1170 ../../../src/platform/micaZ/source/ulib.o
                               0x14f4 (size before relaxing)
 .stab          0x00006348      0x240 ../../../src/platform/micaZ/source/hal_wait.o
                                0x5ac (size before relaxing)
 .stab          0x00006588      0x684 ../../../src/platform/micaZ/source/nrk_eeprom.o
                                0x9f0 (size before relaxing)
 .stab          0x00006c0c      0xa5c ../../../src/kernel/source/nrk.o
                                0xe70 (size before relaxing)
 .stab          0x00007668      0x9d8 ../../../src/kernel/source/nrk_stats.o
                                0xe10 (size before relaxing)
 .stab          0x00008040      0xbc4 ../../../src/kernel/source/nrk_error.o
                                0xfe4 (size before relaxing)
 .stab          0x00008c04      0x498 ../../../src/kernel/source/nrk_stack_check.o
                                0x8ac (size before relaxing)
 .stab          0x0000909c      0xe4c ../../../src/kernel/source/nrk_events.o
                               0x1278 (size before relaxing)
 .stab          0x00009ee8      0xf54 ../../../src/kernel/source/nrk_task.o
                               0x1380 (size before relaxing)
 .stab          0x0000ae3c      0x7ec ../../../src/kernel/source/nrk_time.o
                                0xc18 (size before relaxing)
 .stab          0x0000b628      0x33c ../../../src/kernel/source/nrk_idle_task.o
                                0x768 (size before relaxing)
 .stab          0x0000b964      0x8dc ../../../src/kernel/source/nrk_scheduler.o
                                0xd50 (size before relaxing)
 .stab          0x0000c240       0xe4 ../../../src/kernel/source/nrk_driver.o
                                 0xf0 (size before relaxing)
 .stab          0x0000c324       0xe4 ../../../src/kernel/source/nrk_reserve.o
                                 0xf0 (size before relaxing)
 .stab          0x0000c408      0x63c ../../../src/kernel/source/nrk_sw_wdt.o
                                0xa74 (size before relaxing)
 .stab          0x0000ca44      0xd98 ../../../src/kernel/hal/atmega128/nrk_timer.o
                               0x11b8 (size before relaxing)
 .stab          0x0000d7dc      0x2dc ../../../src/kernel/hal/atmega128/nrk_status.o
                                0x648 (size before relaxing)
 .stab          0x0000dab8      0x36c ../../../src/kernel/hal/atmega128/nrk_ext_int.o
                                0x6f0 (size before relaxing)
 .stab          0x0000de24      0x3d8 ../../../src/kernel/hal/atmega128/nrk_watchdog.o
                                0x7e0 (size before relaxing)
 .stab          0x0000e1fc      0x774 ../../../src/kernel/hal/atmega128/nrk_cpu.o
                                0xb94 (size before relaxing)
 .stab          0x0000e970      0x1f8 ../../../src/drivers/platform/micaZ/source/ad5242.o
                                0x204 (size before relaxing)
 .stab          0x0000eb68      0x318 ../../../src/drivers/platform/micaZ/source/adc_driver.o
                                0x4e0 (size before relaxing)
 .stab          0x0000ee80      0x534 ../../../src/drivers/platform/micaZ/source/i2c_driver.o
                                0x6fc (size before relaxing)
 .stab          0x0000f3b4      0x594 ../../../src/drivers/platform/micaZ/source/mda100_driver.o
                                0x75c (size before relaxing)
 .stab          0x0000f948      0xb10 ../../../src/drivers/platform/micaZ/source/mts310cb_driver.o
                                0xcd8 (size before relaxing)
 .stab          0x00010458      0x8a0 ../../../src/drivers/platform/micaZ/source/DS2401.o
                                0xc9c (size before relaxing)
 .stab          0x00010cf8      0x828 ../../../src/drivers/platform/micaZ/source/DOGM128-6_Graphicdisplay_driver.o
                                0xa98 (size before relaxing)
 .stab          0x00011520      0xeac ../../../src/drivers/platform/micaZ/source/eDIP240-7_TouchPanel_driver.o
                               0x12a8 (size before relaxing)
 .stab          0x000123cc     0x189c ../../../src/drivers/platform/micaZ/source/TUM_LKN_Sensorboard_driver.o
                               0x1ce0 (size before relaxing)
 .stab          0x00013c68      0x204 ../../../src/kernel/hal/atmega128/atmel_hw_specific.o
                                0x210 (size before relaxing)
 .stab          0x00013e6c     0x12f0 /usr/lib/gcc/avr/4.5.3/../../../avr/lib/avr51/libprintf_flt.a(vfprintf_flt.o)
                               0x1350 (size before relaxing)
 .stab          0x0001515c       0x78 /usr/lib/gcc/avr/4.5.3/../../../avr/lib/avr51/libm.a(addsf3.o)
                                 0x84 (size before relaxing)
 .stab          0x000151d4      0x4bc /usr/lib/gcc/avr/4.5.3/../../../avr/lib/avr51/libm.a(addsf3x.o)
                                0x4c8 (size before relaxing)
 .stab          0x00015690       0x48 /usr/lib/gcc/avr/4.5.3/../../../avr/lib/avr51/libm.a(divsf3.o)
                                 0x54 (size before relaxing)
 .stab          0x000156d8      0x510 /usr/lib/gcc/avr/4.5.3/../../../avr/lib/avr51/libm.a(divsf3x.o)
                                0x51c (size before relaxing)
 .stab          0x00015be8      0x240 /usr/lib/gcc/avr/4.5.3/../../../avr/lib/avr51/libm.a(fixunssfsi.o)
                                0x24c (size before relaxing)
 .stab          0x00015e28      0x318 /usr/lib/gcc/avr/4.5.3/../../../avr/lib/avr51/libm.a(floatsisf.o)
                                0x324 (size before relaxing)
 .stab          0x00016140       0x78 /usr/lib/gcc/avr/4.5.3/../../../avr/lib/avr51/libm.a(fp_inf.o)
                                 0x84 (size before relaxing)
 .stab          0x000161b8       0x54 /usr/lib/gcc/avr/4.5.3/../../../avr/lib/avr51/libm.a(fp_nan.o)
                                 0x60 (size before relaxing)
 .stab          0x0001620c       0x84 /usr/lib/gcc/avr/4.5.3/../../../avr/lib/avr51/libm.a(fp_pscA.o)
                                 0x90 (size before relaxing)
 .stab          0x00016290       0x84 /usr/lib/gcc/avr/4.5.3/../../../avr/lib/avr51/libm.a(fp_pscB.o)
                                 0x90 (size before relaxing)
 .stab          0x00016314       0xfc /usr/lib/gcc/avr/4.5.3/../../../avr/lib/avr51/libm.a(fp_round.o)
                                0x108 (size before relaxing)
 .stab          0x00016410      0x1d4 /usr/lib/gcc/avr/4.5.3/../../../avr/lib/avr51/libm.a(fp_split3.o)
                                0x1e0 (size before relaxing)
 .stab          0x000165e4       0x90 /usr/lib/gcc/avr/4.5.3/../../../avr/lib/avr51/libm.a(fp_zero.o)
                                 0x9c (size before relaxing)
 .stab          0x00016674       0x6c /usr/lib/gcc/avr/4.5.3/../../../avr/lib/avr51/libm.a(gesf2.o)
                                 0x78 (size before relaxing)
 .stab          0x000166e0      0x378 /usr/lib/gcc/avr/4.5.3/../../../avr/lib/avr51/libm.a(log.o)
                                0x384 (size before relaxing)
 .stab          0x00016a58       0x48 /usr/lib/gcc/avr/4.5.3/../../../avr/lib/avr51/libm.a(mulsf3.o)
                                 0x54 (size before relaxing)
 .stab          0x00016aa0      0x4d4 /usr/lib/gcc/avr/4.5.3/../../../avr/lib/avr51/libm.a(mulsf3x.o)
                                0x4e0 (size before relaxing)
 .stab          0x00016f74      0x3c0 /usr/lib/gcc/avr/4.5.3/../../../avr/lib/avr51/libm.a(pow.o)
                                0x3cc (size before relaxing)
 .stab          0x00017334      0x288 /usr/lib/gcc/avr/4.5.3/../../../avr/lib/avr51/libm.a(exp.o)
                                0x294 (size before relaxing)
 .stab          0x000175bc      0x1e0 /usr/lib/gcc/avr/4.5.3/../../../avr/lib/avr51/libm.a(fp_cmp.o)
                                0x1ec (size before relaxing)
 .stab          0x0001779c       0xe4 /usr/lib/gcc/avr/4.5.3/../../../avr/lib/avr51/libm.a(fp_mpack.o)
                                 0xf0 (size before relaxing)
 .stab          0x00017880      0x1ec /usr/lib/gcc/avr/4.5.3/../../../avr/lib/avr51/libm.a(fp_powser.o)
                                0x1f8 (size before relaxing)
 .stab          0x00017a6c       0x84 /usr/lib/gcc/avr/4.5.3/../../../avr/lib/avr51/libm.a(inverse.o)
                                 0x90 (size before relaxing)
 .stab          0x00017af0      0x2c4 /usr/lib/gcc/avr/4.5.3/../../../avr/lib/avr51/libm.a(ldexp.o)
                                0x2d0 (size before relaxing)
 .stab          0x00017db4      0x2a0 /usr/lib/gcc/avr/4.5.3/../../../avr/lib/avr51/libm.a(modf.o)
                                0x2ac (size before relaxing)
 .stab          0x00018054      0xa38 /usr/lib/gcc/avr/4.5.3/../../../avr/lib/avr51/libc.a(ftoa_engine.o)
                                0xa44 (size before relaxing)
 .stab          0x00018a8c       0x9c /usr/lib/gcc/avr/4.5.3/../../../avr/lib/avr51/libc.a(strnlen_P.o)
                                 0xa8 (size before relaxing)
 .stab          0x00018b28       0x9c /usr/lib/gcc/avr/4.5.3/../../../avr/lib/avr51/libc.a(strnlen.o)
                                 0xa8 (size before relaxing)
 .stab          0x00018bc4      0x288 /usr/lib/gcc/avr/4.5.3/../../../avr/lib/avr51/libc.a(fdevopen.o)
                                0x4b0 (size before relaxing)
 .stab          0x00018e4c      0x264 /usr/lib/gcc/avr/4.5.3/../../../avr/lib/avr51/libc.a(fgetc.o)
                                0x444 (size before relaxing)
 .stab          0x000190b0      0x1e0 /usr/lib/gcc/avr/4.5.3/../../../avr/lib/avr51/libc.a(fputc.o)
                                0x3c0 (size before relaxing)
 .stab          0x00019290      0x12c /usr/lib/gcc/avr/4.5.3/../../../avr/lib/avr51/libc.a(iob.o)
                                0x30c (size before relaxing)
 .stab          0x000193bc      0x18c /usr/lib/gcc/avr/4.5.3/../../../avr/lib/avr51/libc.a(printf.o)
                                0x36c (size before relaxing)
 .stab          0x00019548      0x1f8 /usr/lib/gcc/avr/4.5.3/../../../avr/lib/avr51/libc.a(sprintf.o)
                                0x3d8 (size before relaxing)
 .stab          0x00019740      0x480 /usr/lib/gcc/avr/4.5.3/../../../avr/lib/avr51/libc.a(ultoa_invert.o)
                                0x48c (size before relaxing)
 .stab          0x00019bc0       0x90 /usr/lib/gcc/avr/4.5.3/../../../avr/lib/avr51/libc.a(eerd_byte_atmega128.o)
                                 0x9c (size before relaxing)
 .stab          0x00019c50       0xd8 /usr/lib/gcc/avr/4.5.3/../../../avr/lib/avr51/libc.a(eewr_byte_atmega128.o)
                                 0xe4 (size before relaxing)
 .stab          0x00019d28      0x198 /usr/lib/gcc/avr/4.5.3/../../../avr/lib/avr51/libc.a(calloc.o)
                                0x1d4 (size before relaxing)
 .stab          0x00019ec0      0x57c /usr/lib/gcc/avr/4.5.3/../../../avr/lib/avr51/libc.a(malloc.o)
                                0x75c (size before relaxing)
 .stab          0x0001a43c       0x6c /usr/lib/gcc/avr/4.5.3/../../../avr/lib/avr51/libc.a(memset.o)
                                 0x78 (size before relaxing)

.stabstr        0x00000000     0x7386
 *(.stabstr)
 .stabstr       0x00000000     0x7386 /usr/lib/gcc/avr/4.5.3/../../../avr/lib/avr51/crtm128.o

.stab.excl
 *(.stab.excl)

.stab.exclstr
 *(.stab.exclstr)

.stab.index
 *(.stab.index)

.stab.indexstr
 *(.stab.indexstr)

.comment
 *(.comment)

.debug
 *(.debug)

.line
 *(.line)

.debug_srcinfo
 *(.debug_srcinfo)

.debug_sfnames
 *(.debug_sfnames)

.debug_aranges
 *(.debug_aranges)

.debug_pubnames
 *(.debug_pubnames)

.debug_info
 *(.debug_info)
 *(.gnu.linkonce.wi.*)

.debug_abbrev
 *(.debug_abbrev)

.debug_line
 *(.debug_line)

.debug_frame
 *(.debug_frame)

.debug_str
 *(.debug_str)

.debug_loc
 *(.debug_loc)

.debug_macinfo
 *(.debug_macinfo)
OUTPUT(main.elf elf32-avr)
LOAD linker stubs

Cross Reference Table

Symbol                                            File
DOGM128_6_LCD_print                               ../../../src/drivers/platform/micaZ/source/DOGM128-6_Graphicdisplay_driver.o
DOGM128_6_clear_display                           ../../../src/drivers/platform/micaZ/source/DOGM128-6_Graphicdisplay_driver.o
DOGM128_6_display_backlight                       ../../../src/drivers/platform/micaZ/source/DOGM128-6_Graphicdisplay_driver.o
DOGM128_6_display_init                            ../../../src/drivers/platform/micaZ/source/DOGM128-6_Graphicdisplay_driver.o
DOGM128_6_usart1_sendByte                         ../../../src/drivers/platform/micaZ/source/DOGM128-6_Graphicdisplay_driver.o
DS2401_getSerialNumber                            ../../../src/drivers/platform/micaZ/source/DS2401.o
DS2401_init                                       ../../../src/drivers/platform/micaZ/source/DS2401.o
Maxim_1Wire_CommandReadRom                        ../../../src/drivers/platform/micaZ/source/DS2401.o
Maxim_1Wire_ReadBit                               ../../../src/drivers/platform/micaZ/source/DS2401.o
Maxim_1Wire_ReadByte                              ../../../src/drivers/platform/micaZ/source/DS2401.o
Maxim_1Wire_ResetPulse                            ../../../src/drivers/platform/micaZ/source/DS2401.o
Maxim_1Wire_WriteBit                              ../../../src/drivers/platform/micaZ/source/DS2401.o
Maxim_1Wire_WriteByte                             ../../../src/drivers/platform/micaZ/source/DS2401.o
NRK_ADC_INPUT_0                                   ../../../src/platform/micaZ/source/ulib.o
NRK_ADC_INPUT_1                                   ../../../src/platform/micaZ/source/ulib.o
NRK_ADC_INPUT_2                                   ../../../src/platform/micaZ/source/ulib.o
NRK_ADC_INPUT_3                                   ../../../src/platform/micaZ/source/ulib.o
NRK_ADC_INPUT_6                                   ../../../src/platform/micaZ/source/ulib.o
NRK_ADC_INPUT_7                                   ../../../src/platform/micaZ/source/ulib.o
NRK_BLED                                          ../../../src/platform/micaZ/source/ulib.o
NRK_CCA                                           ../../../src/platform/micaZ/source/ulib.o
NRK_CSN                                           ../../../src/platform/micaZ/source/ulib.o
NRK_DEBUG_0                                       ../../../src/platform/micaZ/source/ulib.o
                                                  ../../../src/radio/cc2420/source/basic_rf.o
NRK_DEBUG_1                                       ../../../src/platform/micaZ/source/ulib.o
                                                  ../../../src/radio/cc2420/source/basic_rf.o
NRK_DEBUG_2                                       ../../../src/platform/micaZ/source/ulib.o
NRK_DEBUG_3                                       ../../../src/platform/micaZ/source/ulib.o
NRK_FIFO                                          ../../../src/platform/micaZ/source/ulib.o
NRK_FIFOP                                         ../../../src/platform/micaZ/source/ulib.o
NRK_GPIO26                                        ../../../src/platform/micaZ/source/ulib.o
NRK_GPIO28                                        ../../../src/platform/micaZ/source/ulib.o
NRK_GPIO34                                        ../../../src/platform/micaZ/source/ulib.o
NRK_LED_0                                         ../../../src/platform/micaZ/source/ulib.o
NRK_LED_1                                         ../../../src/platform/micaZ/source/ulib.o
NRK_LED_2                                         ../../../src/platform/micaZ/source/ulib.o
NRK_LED_3                                         ../../../src/platform/micaZ/source/ulib.o
NRK_MISO                                          ../../../src/platform/micaZ/source/ulib.o
NRK_MOSI                                          ../../../src/platform/micaZ/source/ulib.o
NRK_RESET_N                                       ../../../src/platform/micaZ/source/ulib.o
NRK_SCK                                           ../../../src/platform/micaZ/source/ulib.o
NRK_SFD                                           ../../../src/platform/micaZ/source/ulib.o
NRK_SPI_SS                                        ../../../src/platform/micaZ/source/ulib.o
NRK_UART0_RXD                                     ../../../src/platform/micaZ/source/ulib.o
NRK_UART0_TXD                                     ../../../src/platform/micaZ/source/ulib.o
NRK_UART1_CTS                                     ../../../src/platform/micaZ/source/ulib.o
NRK_UART1_RTS                                     ../../../src/platform/micaZ/source/ulib.o
NRK_UART1_RXD                                     ../../../src/platform/micaZ/source/ulib.o
NRK_UART1_TXD                                     ../../../src/platform/micaZ/source/ulib.o
NRK_VREG_EN                                       ../../../src/platform/micaZ/source/ulib.o
S2V                                               ../../../src/drivers/platform/micaZ/source/TUM_LKN_Sensorboard_driver.o
Stack1                                            main.o
Stack2                                            main.o
Stack3                                            main.o
Stack4                                            main.o
TUM_LKN_Sensorboard_StepperIdle                   ../../../src/drivers/platform/micaZ/source/TUM_LKN_Sensorboard_driver.o
TUM_LKN_Sensorboard_getCurrentStep                ../../../src/drivers/platform/micaZ/source/TUM_LKN_Sensorboard_driver.o
TUM_LKN_Sensorboard_greenBlink                    ../../../src/drivers/platform/micaZ/source/TUM_LKN_Sensorboard_driver.o
TUM_LKN_Sensorboard_greenOff                      ../../../src/drivers/platform/micaZ/source/TUM_LKN_Sensorboard_driver.o
TUM_LKN_Sensorboard_greenOn                       ../../../src/drivers/platform/micaZ/source/TUM_LKN_Sensorboard_driver.o
TUM_LKN_Sensorboard_greenToggle                   ../../../src/drivers/platform/micaZ/source/TUM_LKN_Sensorboard_driver.o
TUM_LKN_Sensorboard_halfStepCCW                   ../../../src/drivers/platform/micaZ/source/TUM_LKN_Sensorboard_driver.o
TUM_LKN_Sensorboard_halfStepCW                    ../../../src/drivers/platform/micaZ/source/TUM_LKN_Sensorboard_driver.o
TUM_LKN_Sensorboard_init                          ../../../src/drivers/platform/micaZ/source/TUM_LKN_Sensorboard_driver.o
TUM_LKN_Sensorboard_laserBlink                    ../../../src/drivers/platform/micaZ/source/TUM_LKN_Sensorboard_driver.o
TUM_LKN_Sensorboard_laserOff                      ../../../src/drivers/platform/micaZ/source/TUM_LKN_Sensorboard_driver.o
TUM_LKN_Sensorboard_laserOn                       ../../../src/drivers/platform/micaZ/source/TUM_LKN_Sensorboard_driver.o
TUM_LKN_Sensorboard_laserToggle                   ../../../src/drivers/platform/micaZ/source/TUM_LKN_Sensorboard_driver.o
TUM_LKN_Sensorboard_readChannel                   ../../../src/drivers/platform/micaZ/source/TUM_LKN_Sensorboard_driver.o
TUM_LKN_Sensorboard_readChannel1                  ../../../src/drivers/platform/micaZ/source/TUM_LKN_Sensorboard_driver.o
TUM_LKN_Sensorboard_readChannel2                  ../../../src/drivers/platform/micaZ/source/TUM_LKN_Sensorboard_driver.o
TUM_LKN_Sensorboard_readChannel3                  ../../../src/drivers/platform/micaZ/source/TUM_LKN_Sensorboard_driver.o
TUM_LKN_Sensorboard_readPhotoVoltage              ../../../src/drivers/platform/micaZ/source/TUM_LKN_Sensorboard_driver.o
TUM_LKN_Sensorboard_redBlink                      ../../../src/drivers/platform/micaZ/source/TUM_LKN_Sensorboard_driver.o
TUM_LKN_Sensorboard_redOff                        ../../../src/drivers/platform/micaZ/source/TUM_LKN_Sensorboard_driver.o
TUM_LKN_Sensorboard_redOn                         ../../../src/drivers/platform/micaZ/source/TUM_LKN_Sensorboard_driver.o
TUM_LKN_Sensorboard_redToggle                     ../../../src/drivers/platform/micaZ/source/TUM_LKN_Sensorboard_driver.o
TUM_LKN_Sensorboard_setBeeper                     ../../../src/drivers/platform/micaZ/source/TUM_LKN_Sensorboard_driver.o
TUM_LKN_Sensorboard_setBrightness0                ../../../src/drivers/platform/micaZ/source/TUM_LKN_Sensorboard_driver.o
TUM_LKN_Sensorboard_setBrightness1                ../../../src/drivers/platform/micaZ/source/TUM_LKN_Sensorboard_driver.o
TUM_LKN_Sensorboard_setControl0                   ../../../src/drivers/platform/micaZ/source/TUM_LKN_Sensorboard_driver.o
TUM_LKN_Sensorboard_setControl1                   ../../../src/drivers/platform/micaZ/source/TUM_LKN_Sensorboard_driver.o
TUM_LKN_Sensorboard_stepCCW                       ../../../src/drivers/platform/micaZ/source/TUM_LKN_Sensorboard_driver.o
TUM_LKN_Sensorboard_stepCW                        ../../../src/drivers/platform/micaZ/source/TUM_LKN_Sensorboard_driver.o
TUM_LKN_Sensorboard_writeIO                       ../../../src/drivers/platform/micaZ/source/TUM_LKN_Sensorboard_driver.o
TUM_LKN_Sensorboard_writeIOs                      ../../../src/drivers/platform/micaZ/source/TUM_LKN_Sensorboard_driver.o
TUM_LKN_Sensorboard_writeValue                    ../../../src/drivers/platform/micaZ/source/TUM_LKN_Sensorboard_driver.o
TUM_LKN_Sensorboard_yellowBlink                   ../../../src/drivers/platform/micaZ/source/TUM_LKN_Sensorboard_driver.o
TUM_LKN_Sensorboard_yellowOff                     ../../../src/drivers/platform/micaZ/source/TUM_LKN_Sensorboard_driver.o
TUM_LKN_Sensorboard_yellowOn                      ../../../src/drivers/platform/micaZ/source/TUM_LKN_Sensorboard_driver.o
TUM_LKN_Sensorboard_yellowToggle                  ../../../src/drivers/platform/micaZ/source/TUM_LKN_Sensorboard_driver.o
TWI_read                                          ../../../src/drivers/platform/micaZ/source/TUM_LKN_Sensorboard_driver.o
TWI_write                                         ../../../src/drivers/platform/micaZ/source/TUM_LKN_Sensorboard_driver.o
Task1                                             main.o
Task2                                             main.o
Task3                                             main.o
Task4                                             main.o
TaskFour                                          main.o
TaskOne                                           main.o
TaskThree                                         main.o
TaskTwo                                           main.o
USART0_getchar                                    ../../../src/drivers/platform/micaZ/source/eDIP240-7_TouchPanel_driver.o
USART0_putchar                                    ../../../src/drivers/platform/micaZ/source/eDIP240-7_TouchPanel_driver.o
V2S                                               ../../../src/drivers/platform/micaZ/source/TUM_LKN_Sensorboard_driver.o
__addsf3                                          /usr/lib/gcc/avr/4.5.3/../../../avr/lib/avr51/libm.a(addsf3.o)
                                                  /usr/lib/gcc/avr/4.5.3/../../../avr/lib/avr51/libm.a(log.o)
                                                  ../../../src/drivers/platform/micaZ/source/mda100_driver.o
__addsf3x                                         /usr/lib/gcc/avr/4.5.3/../../../avr/lib/avr51/libm.a(addsf3x.o)
                                                  /usr/lib/gcc/avr/4.5.3/../../../avr/lib/avr51/libm.a(fp_powser.o)
                                                  /usr/lib/gcc/avr/4.5.3/../../../avr/lib/avr51/libm.a(log.o)
                                                  /usr/lib/gcc/avr/4.5.3/../../../avr/lib/avr51/libm.a(addsf3.o)
__bad_interrupt                                   /usr/lib/gcc/avr/4.5.3/../../../avr/lib/avr51/crtm128.o
__brkval                                          /usr/lib/gcc/avr/4.5.3/../../../avr/lib/avr51/libc.a(malloc.o)
__bss_end                                         /usr/lib/gcc/avr/4.5.3/avr51/libgcc.a(_clear_bss.o)
__bss_start                                       /usr/lib/gcc/avr/4.5.3/avr51/libgcc.a(_clear_bss.o)
__clz_tab                                         /usr/lib/gcc/avr/4.5.3/avr51/libgcc.a(_clz.o)
                                                  /usr/lib/gcc/avr/4.5.3/avr51/libgcc.a(_udivdi3.o)
__data_end                                        /usr/lib/gcc/avr/4.5.3/avr51/libgcc.a(_copy_data.o)
__data_load_start                                 /usr/lib/gcc/avr/4.5.3/avr51/libgcc.a(_copy_data.o)
__data_start                                      /usr/lib/gcc/avr/4.5.3/avr51/libgcc.a(_copy_data.o)
__divsf3                                          /usr/lib/gcc/avr/4.5.3/../../../avr/lib/avr51/libm.a(divsf3.o)
                                                  /usr/lib/gcc/avr/4.5.3/../../../avr/lib/avr51/libm.a(inverse.o)
                                                  ../../../src/drivers/platform/micaZ/source/TUM_LKN_Sensorboard_driver.o
                                                  ../../../src/drivers/platform/micaZ/source/mda100_driver.o
                                                  ../../../src/drivers/platform/micaZ/source/adc_driver.o
__divsf3_pse                                      /usr/lib/gcc/avr/4.5.3/../../../avr/lib/avr51/libm.a(divsf3x.o)