Archive member included because of file (symbol)

/usr/lib/gcc/avr/4.5.3/../../../avr/lib/avr51/libprintf_flt.a(vfprintf_flt.o)
                              (vfprintf)
/usr/lib/gcc/avr/4.5.3/../../../avr/lib/avr51/libm.a(addsf3.o)
                              ..//src/drivers/platform/micaZ/source/mda100_driver.o (__subsf3)
/usr/lib/gcc/avr/4.5.3/../../../avr/lib/avr51/libm.a(addsf3x.o)
                              /usr/lib/gcc/avr/4.5.3/../../../avr/lib/avr51/libm.a(addsf3.o) (__addsf3x)
/usr/lib/gcc/avr/4.5.3/../../../avr/lib/avr51/libm.a(divsf3.o)
                              ..//src/drivers/platform/micaZ/source/adc_driver.o (__divsf3)
/usr/lib/gcc/avr/4.5.3/../../../avr/lib/avr51/libm.a(divsf3x.o)
                              /usr/lib/gcc/avr/4.5.3/../../../avr/lib/avr51/libm.a(divsf3.o) (__divsf3x)
/usr/lib/gcc/avr/4.5.3/../../../avr/lib/avr51/libm.a(fixunssfsi.o)
                              ..//src/drivers/platform/micaZ/source/TUM_LKN_Sensorboard_driver.o (__fixunssfsi)
/usr/lib/gcc/avr/4.5.3/../../../avr/lib/avr51/libm.a(floatsisf.o)
                              ..//src/drivers/platform/micaZ/source/adc_driver.o (__floatunsisf)
/usr/lib/gcc/avr/4.5.3/../../../avr/lib/avr51/libm.a(fp_inf.o)
                              /usr/lib/gcc/avr/4.5.3/../../../avr/lib/avr51/libm.a(addsf3x.o) (__fp_inf)
/usr/lib/gcc/avr/4.5.3/../../../avr/lib/avr51/libm.a(fp_nan.o)
                              /usr/lib/gcc/avr/4.5.3/../../../avr/lib/avr51/libm.a(addsf3x.o) (__fp_nan)
/usr/lib/gcc/avr/4.5.3/../../../avr/lib/avr51/libm.a(fp_pscA.o)
                              /usr/lib/gcc/avr/4.5.3/../../../avr/lib/avr51/libm.a(addsf3x.o) (__fp_pscA)
/usr/lib/gcc/avr/4.5.3/../../../avr/lib/avr51/libm.a(fp_pscB.o)
                              /usr/lib/gcc/avr/4.5.3/../../../avr/lib/avr51/libm.a(addsf3x.o) (__fp_pscB)
/usr/lib/gcc/avr/4.5.3/../../../avr/lib/avr51/libm.a(fp_round.o)
                              /usr/lib/gcc/avr/4.5.3/../../../avr/lib/avr51/libm.a(addsf3.o) (__fp_round)
/usr/lib/gcc/avr/4.5.3/../../../avr/lib/avr51/libm.a(fp_split3.o)
                              /usr/lib/gcc/avr/4.5.3/../../../avr/lib/avr51/libm.a(addsf3x.o) (__fp_split3)
/usr/lib/gcc/avr/4.5.3/../../../avr/lib/avr51/libm.a(fp_zero.o)
                              /usr/lib/gcc/avr/4.5.3/../../../avr/lib/avr51/libm.a(addsf3x.o) (__fp_zero)
/usr/lib/gcc/avr/4.5.3/../../../avr/lib/avr51/libm.a(gesf2.o)
                              ..//src/drivers/platform/micaZ/source/TUM_LKN_Sensorboard_driver.o (__gesf2)
/usr/lib/gcc/avr/4.5.3/../../../avr/lib/avr51/libm.a(log.o)
                              ..//src/drivers/platform/micaZ/source/mda100_driver.o (log)
/usr/lib/gcc/avr/4.5.3/../../../avr/lib/avr51/libm.a(mulsf3.o)
                              ..//src/drivers/platform/micaZ/source/mda100_driver.o (__mulsf3)
/usr/lib/gcc/avr/4.5.3/../../../avr/lib/avr51/libm.a(mulsf3x.o)
                              /usr/lib/gcc/avr/4.5.3/../../../avr/lib/avr51/libm.a(log.o) (__mulsf3x)
/usr/lib/gcc/avr/4.5.3/../../../avr/lib/avr51/libm.a(pow.o)
                              ..//src/drivers/platform/micaZ/source/mda100_driver.o (pow)
/usr/lib/gcc/avr/4.5.3/../../../avr/lib/avr51/libm.a(exp.o)
                              /usr/lib/gcc/avr/4.5.3/../../../avr/lib/avr51/libm.a(pow.o) (exp)
/usr/lib/gcc/avr/4.5.3/../../../avr/lib/avr51/libm.a(fp_cmp.o)
                              /usr/lib/gcc/avr/4.5.3/../../../avr/lib/avr51/libm.a(gesf2.o) (__fp_cmp)
/usr/lib/gcc/avr/4.5.3/../../../avr/lib/avr51/libm.a(fp_mpack.o)
                              /usr/lib/gcc/avr/4.5.3/../../../avr/lib/avr51/libm.a(log.o) (__fp_mpack)
/usr/lib/gcc/avr/4.5.3/../../../avr/lib/avr51/libm.a(fp_powser.o)
                              /usr/lib/gcc/avr/4.5.3/../../../avr/lib/avr51/libm.a(log.o) (__fp_powser)
/usr/lib/gcc/avr/4.5.3/../../../avr/lib/avr51/libm.a(inverse.o)
                              /usr/lib/gcc/avr/4.5.3/../../../avr/lib/avr51/libm.a(exp.o) (inverse)
/usr/lib/gcc/avr/4.5.3/../../../avr/lib/avr51/libm.a(ldexp.o)
                              /usr/lib/gcc/avr/4.5.3/../../../avr/lib/avr51/libm.a(exp.o) (ldexp)
/usr/lib/gcc/avr/4.5.3/../../../avr/lib/avr51/libm.a(modf.o)
                              /usr/lib/gcc/avr/4.5.3/../../../avr/lib/avr51/libm.a(exp.o) (modf)
/usr/lib/gcc/avr/4.5.3/avr51/libgcc.a(_mulsi3.o)
                              ..//src/kernel/source/nrk_time.o (__mulsi3)
/usr/lib/gcc/avr/4.5.3/avr51/libgcc.a(_udivmodhi4.o)
                              ..//src/kernel/source/nrk_scheduler.o (__udivmodhi4)
/usr/lib/gcc/avr/4.5.3/avr51/libgcc.a(_udivmodsi4.o)
                              ..//src/kernel/source/nrk_time.o (__udivmodsi4)
/usr/lib/gcc/avr/4.5.3/avr51/libgcc.a(_exit.o)
                              /usr/lib/gcc/avr/4.5.3/../../../avr/lib/avr51/crtm128.o (exit)
/usr/lib/gcc/avr/4.5.3/avr51/libgcc.a(_copy_data.o)
                              main.o (__do_copy_data)
/usr/lib/gcc/avr/4.5.3/avr51/libgcc.a(_clear_bss.o)
[...]
Memory Configuration

Name             Origin             Length             Attributes
text             0x00000000         0x00020000         xr
data             0x00800100         0x0000ff00         rw !x
eeprom           0x00810000         0x00010000         rw !x
fuse             0x00820000         0x00000400         rw !x
lock             0x00830000         0x00000400         rw !x
signature        0x00840000         0x00000400         rw !x
*default*        0x00000000         0xffffffff

Linker script and memory map

Address of section .data set to 0x800100
LOAD /usr/lib/gcc/avr/4.5.3/../../../avr/lib/avr51/crtm128.o
LOAD main.o
LOAD ..//src/radio/cc2420/source/hal_rf_set_channel.o
LOAD ..//src/radio/cc2420/source/hal_rf_wait_for_crystal_oscillator.o
LOAD ..//src/radio/cc2420/source/basic_rf.o
LOAD ..//src/platform/micaZ/source/ulib.o
LOAD ..//src/platform/micaZ/source/hal_wait.o
LOAD ..//src/platform/micaZ/source/nrk_eeprom.o
LOAD ..//src/kernel/source/nrk.o
LOAD ..//src/kernel/source/nrk_stats.o
LOAD ..//src/kernel/source/nrk_error.o
LOAD ..//src/kernel/source/nrk_stack_check.o
LOAD ..//src/kernel/source/nrk_events.o
LOAD ..//src/kernel/source/nrk_task.o
LOAD ..//src/kernel/source/nrk_time.o
LOAD ..//src/kernel/source/nrk_idle_task.o
LOAD ..//src/kernel/source/nrk_scheduler.o
LOAD ..//src/kernel/source/nrk_driver.o
LOAD ..//src/kernel/source/nrk_reserve.o
LOAD ..//src/kernel/source/nrk_sw_wdt.o
LOAD ..//src/kernel/hal/atmega128/nrk_timer.o
LOAD ..//src/kernel/hal/atmega128/nrk_status.o
LOAD ..//src/kernel/hal/atmega128/nrk_ext_int.o
LOAD ..//src/kernel/hal/atmega128/nrk_watchdog.o
LOAD ..//src/kernel/hal/atmega128/nrk_cpu.o
LOAD ..//src/drivers/platform/micaZ/source/ad5242.o
LOAD ..//src/drivers/platform/micaZ/source/adc_driver.o
LOAD ..//src/drivers/platform/micaZ/source/i2c_driver.o
LOAD ..//src/drivers/platform/micaZ/source/mda100_driver.o
LOAD ..//src/drivers/platform/micaZ/source/mts310cb_driver.o
LOAD ..//src/drivers/platform/micaZ/source/DS2401.o
LOAD ..//src/drivers/platform/micaZ/source/DOGM128-6_Graphicdisplay_driver.o
LOAD ..//src/drivers/platform/micaZ/source/eDIP240-7_TouchPanel_driver.o
LOAD ..//src/drivers/platform/micaZ/source/TUM_LKN_Sensorboard_driver.o
LOAD ..//src/kernel/hal/atmega128/atmel_hw_specific.o
LOAD /usr/lib/gcc/avr/4.5.3/../../../avr/lib/avr51/libprintf_flt.a
LOAD /usr/lib/gcc/avr/4.5.3/../../../avr/lib/avr51/libm.a
LOAD /usr/lib/gcc/avr/4.5.3/avr51/libgcc.a
LOAD /usr/lib/gcc/avr/4.5.3/../../../avr/lib/avr51/libc.a
LOAD /usr/lib/gcc/avr/4.5.3/avr51/libgcc.a

.hash
 *(.hash)

.dynsym
 *(.dynsym)

.dynstr
 *(.dynstr)

.gnu.version
 *(.gnu.version)

.gnu.version_d
 *(.gnu.version_d)

.gnu.version_r
 *(.gnu.version_r)

.rel.init
 *(.rel.init)

.rela.init
 *(.rela.init)

.rel.text
 *(.rel.text)
 *(.rel.text.*)
 *(.rel.gnu.linkonce.t*)

.rela.text
 *(.rela.text)
 *(.rela.text.*)
 *(.rela.gnu.linkonce.t*)

.rel.fini
 *(.rel.fini)

.rela.fini
 *(.rela.fini)

.rel.rodata
 *(.rel.rodata)
 *(.rel.rodata.*)
 *(.rel.gnu.linkonce.r*)

.rela.rodata
 *(.rela.rodata)
 *(.rela.rodata.*)
 *(.rela.gnu.linkonce.r*)

.rel.data
 *(.rel.data)
 *(.rel.data.*)
 *(.rel.gnu.linkonce.d*)

.rela.data
 *(.rela.data)
 *(.rela.data.*)
 *(.rela.gnu.linkonce.d*)

.rel.ctors
 *(.rel.ctors)

.rela.ctors
 *(.rela.ctors)

.rel.dtors
 *(.rel.dtors)

.rela.dtors
 *(.rela.dtors)

.rel.got
 *(.rel.got)

.rela.got
 *(.rela.got)

.rel.bss
 *(.rel.bss)

.rela.bss
 *(.rela.bss)

.rel.plt
 *(.rel.plt)

.rela.plt
 *(.rela.plt)

.text           0x00000000     0x84b4
 *(.vectors)
 .vectors       0x00000000       0x8c /usr/lib/gcc/avr/4.5.3/../../../avr/lib/avr51/crtm128.o
                0x00000000                __vectors
 *(.vectors)
 *(.progmem.gcc*)
 .progmem.gcc_sw_table
                0x0000008c       0x2c ..//src/kernel/source/nrk_error.o
 .progmem.gcc_fplib
                0x000000b8       0x5a /usr/lib/gcc/avr/4.5.3/../../../avr/lib/avr51/libm.a(log.o)
 .progmem.gcc_fplib
                0x00000112       0x28 /usr/lib/gcc/avr/4.5.3/../../../avr/lib/avr51/libm.a(exp.o)
 *(.progmem*)
 .progmem.data  0x0000013a      0x238 ..//src/kernel/source/nrk_error.o
 .progmem.data  0x00000372        0xf ..//src/kernel/source/nrk_stack_check.o
 .progmem.data  0x00000381      0x500 ..//src/drivers/platform/micaZ/source/DOGM128-6_Graphicdisplay_driver.o
                0x00000381                font5x7
 .progmem.data  0x00000881        0x8 /usr/lib/gcc/avr/4.5.3/../../../avr/lib/avr51/libprintf_flt.a(vfprintf_flt.o)
 .progmem.data  0x00000889       0xfa /usr/lib/gcc/avr/4.5.3/../../../avr/lib/avr51/libc.a(ftoa_engine.o)
                0x00000984                . = ALIGN (0x2)
 *fill*         0x00000983        0x1 00
                0x00000984                __trampolines_start = .
 *(.trampolines)
 .trampolines   0x00000984        0x0 linker stubs
 *(.trampolines*)
                0x00000984                __trampolines_end = .
 *(.jumptables)
 *(.jumptables*)
 *(.lowtext)
 *(.lowtext*)
                0x00000984                __ctors_start = .
 *(.ctors)
                0x00000984                __ctors_end = .
                0x00000984                __dtors_start = .
 *(.dtors)
                0x00000984                __dtors_end = .
 SORT(*)(.ctors)
 SORT(*)(.dtors)
 *(.init0)
 .init0         0x00000984        0x0 /usr/lib/gcc/avr/4.5.3/../../../avr/lib/avr51/crtm128.o
                0x00000984                __init
 *(.init0)
 *(.init1)
 *(.init1)
 *(.init2)
 .init2         0x00000984        0xc /usr/lib/gcc/avr/4.5.3/../../../avr/lib/avr51/crtm128.o
 *(.init2)
 *(.init3)
 *(.init3)
 *(.init4)
 .init4         0x00000990       0x1a /usr/lib/gcc/avr/4.5.3/avr51/libgcc.a(_copy_data.o)
                0x00000990                __do_copy_data
 .init4         0x000009aa       0x10 /usr/lib/gcc/avr/4.5.3/avr51/libgcc.a(_clear_bss.o)
                0x000009aa                __do_clear_bss
 *(.init4)
 *(.init5)
 *(.init5)
 *(.init6)
 *(.init6)
 *(.init7)
 *(.init7)
 *(.init8)
 *(.init8)
 *(.init9)
 .init9         0x000009ba        0x8 /usr/lib/gcc/avr/4.5.3/../../../avr/lib/avr51/crtm128.o
 *(.init9)
 *(.text)
 .text          0x000009c2        0x4 /usr/lib/gcc/avr/4.5.3/../../../avr/lib/avr51/crtm128.o
                0x000009c2                __vector_22
                0x000009c2                __vector_28
                0x000009c2                __vector_32
                0x000009c2                __vector_34
                0x000009c2                __vector_24
                0x000009c2                __vector_12
                0x000009c2                __bad_interrupt
                0x000009c2                __vector_6
                0x000009c2                __vector_31
                0x000009c2                __vector_3
                0x000009c2                __vector_23
                0x000009c2                __vector_30
                0x000009c2                __vector_25
                0x000009c2                __vector_11
                0x000009c2                __vector_13
                0x000009c2                __vector_17
                0x000009c2                __vector_19
                0x000009c2                __vector_7
                0x000009c2                __vector_27
                0x000009c2                __vector_5
                0x000009c2                __vector_33
                0x000009c2                __vector_4
                0x000009c2                __vector_2
                0x000009c2                __vector_21
                0x000009c2                __vector_29
                0x000009c2                __vector_8
                0x000009c2                __vector_26
                0x000009c2                __vector_14
                0x000009c2                __vector_10
                0x000009c2                __vector_18
                0x000009c2                __vector_20
 .text          0x000009c6      0x1b4 main.o
                0x000009c6                Task2
                0x000009d4                Task1
                0x000009e2                nrk_create_taskset
                0x00000b44                main
 .text          0x00000b7a       0x36 ..//src/radio/cc2420/source/hal_rf_set_channel.o
                0x00000b7a                halRfSetChannel
 .text          0x00000bb0       0x16 ..//src/radio/cc2420/source/hal_rf_wait_for_crystal_oscillator.o
                0x00000bb0                halRfWaitForCrystalOscillator
 .text          0x00000bc6     0x115a ..//src/radio/cc2420/source/basic_rf.o
                0x00000bc6                cc259x_rx
                0x00000bd8                cc259x_tx
                0x00000bea                rf_power_down
                0x00000c08                rf_power_up
                0x00000c22                rf_security_last_pkt_status
                0x00000c28                rf_security_set_ctr_counter
                0x00000c9c                rf_security_set_key
                0x00000e32                rf_security_enable
                0x00000e72                rf_security_disable
                0x00000e94                rf_get_sem
                0x00000e9e                rf_tx_power
                0x00000ec2                rf_set_channel
                0x00000ec8                rf_addr_decode_enable
                0x00000efc                rf_addr_decode_disable
                0x00000f30                rf_auto_ack_enable
                0x00000f6a                rf_auto_ack_disable
                0x00000fa2                rf_addr_decode_set_my_mac
                0x00000ffc                rf_set_rx
                0x0000102e                rf_init
                0x0000119c                rf_rx_on
                0x000011c0                rf_polling_rx_on
                0x000011e4                rf_rx_off
                0x000011fa                rf_tx_tdma_packet
                0x000014a6                rf_tx_packet
                0x00001788                rf_busy
                0x00001790                rf_rx_check_fifop
                0x00001798                rf_rx_check_sfd
                0x000017a0                rf_polling_rx_packet
                0x00001b4e                rf_rx_packet
                0x00001b64                rf_flush_rx_fifo
                0x00001b7e                rf_set_cca_thresh
                0x00001ba4                rf_test_mode
                0x00001bec                rf_data_mode
                0x00001c30                rf_rx_set_serial
                0x00001c5e                rf_tx_set_serial
                0x00001c80                rf_set_preamble_length
                0x00001cbe                rf_set_cca_mode
                0x00001d04                rf_carrier_on
                0x00001d12                rf_carrier_off
 .text          0x00001d20      0x514 ..//src/platform/micaZ/source/ulib.o
                0x00001d20                getc0
                0x00001d2a                putc0
                0x00001d34                nrk_uart_rx_signal_get
                0x00001d38                nrk_uart_data_ready
                0x00001d54                nrk_kprintf
                0x00001d7a                nrk_gpio_set
                0x00001e06                nrk_gpio_clr
                0x00001e94                nrk_gpio_get
                0x00001f00                nrk_gpio_pullups
                0x00001f14                nrk_gpio_toggle
                0x00001fa0                nrk_gpio_direction
                0x000020c6                nrk_get_button
                0x000020ca                nrk_led_toggle
                0x000020f0                nrk_led_clr
                0x00002116                nrk_setup_ports
                0x0000215e                nrk_led_set
                0x00002184                putc1
                0x0000219c                setup_uart0
                0x000021b4                nrk_setup_uart
                0x000021f2                setup_uart1
                0x0000221c                getc1
 .text          0x00002234        0xe ..//src/platform/micaZ/source/hal_wait.o
                0x00002234                halWait
 .text          0x00002242      0x142 ..//src/platform/micaZ/source/nrk_eeprom.o
                0x00002242                nrk_eeprom_read_byte
                0x00002248                nrk_eeprom_write_byte
                0x00002250                read_eeprom_mac_address
                0x000022bc                read_eeprom_channel
                0x000022d4                write_eeprom_load_img_pages
                0x000022e4                read_eeprom_load_img_pages
                0x000022fc                read_eeprom_aes_key
                0x0000232c                write_eeprom_aes_key
                0x0000235c                read_eeprom_current_image_checksum
                0x00002374                write_eeprom_current_image_checksum
 .text          0x00002384      0x3ee ..//src/kernel/source/nrk.o
                0x00002384                nrk_int_disable
                0x00002388                nrk_int_enable
                0x0000238c                nrk_halt
                0x00002392                nrk_init
                0x00002514                nrk_start
                0x000025bc                nrk_TCB_init
                0x00002766                _nrk_timer_tick
                0x0000276c                nrk_version
 .text          0x00002772        0x0 ..//src/kernel/source/nrk_stats.o
 .text          0x00002772      0x454 ..//src/kernel/source/nrk_error.o
                0x00002772                _nrk_errno_set
                0x0000277e                nrk_errno_get
                0x0000278a                nrk_error_get
                0x000027a6                pause
                0x000027d0                blink_dot
                0x000027ea                blink_dash
                0x0000280c                blink_morse_code_error
                0x00002970                nrk_error_print
                0x00002b2c                nrk_kernel_error_add
                0x00002bae                nrk_error_add
 .text          0x00002bc6      0x256 ..//src/kernel/source/nrk_stack_check.o
                0x00002bc6                dump_stack_info
                0x00002d90                nrk_stack_check
                0x00002dd8                nrk_stack_check_pid
 .text          0x00002e1c      0x5d0 ..//src/kernel/source/nrk_events.o
                0x00002e1c                nrk_signal_create
                0x00002e88                nrk_signal_get_registered_mask
                0x00002e9a                nrk_signal_delete
                0x00002faa                nrk_signal_unregister
                0x0000302e                nrk_signal_register
                0x00003096                nrk_event_signal
                0x0000317c                nrk_event_wait
                0x000031f2                nrk_sem_create
                0x000031f8                nrk_get_resource_index
                0x00003208                nrk_sem_delete
                0x0000324c                nrk_sem_post
                0x00003306                nrk_sem_pend
                0x000033ba                nrk_sem_query
 .text          0x000033ec      0x6be ..//src/kernel/source/nrk_task.o
                0x000033ec                nrk_get_high_ready_task_ID
                0x000033f8                nrk_print_readyQ
                0x0000340e                nrk_add_to_readyQ
                0x00003570                nrk_rem_from_readyQ
                0x00003610                nrk_activate_task
                0x000036ba                nrk_set_next_wakeup
                0x00003728                _nrk_wait_for_scheduler
                0x0000373c                nrk_wait
                0x000037ec                nrk_wait_until_nw
                0x0000383a                nrk_wait_until_ticks
                0x00003894                nrk_wait_ticks
                0x00003912                nrk_wait_until_next_n_periods
                0x00003978                nrk_wait_until_next_period
                0x000039d0                nrk_terminate_task
                0x000039f2                nrk_wait_until
                0x00003a9e                nrk_get_pid
 .text          0x00003aaa      0x596 ..//src/kernel/source/nrk_time.o
                0x00003aaa                nrk_time_get
                0x00003b66                nrk_time_sub
                0x00003c84                nrk_time_compact_nanos
                0x00003cca                nrk_time_add
                0x00003d80                nrk_time_set
                0x00003da2                _nrk_time_to_ticks
                0x00003ec0                _nrk_ticks_to_time
                0x00003f32                _nrk_time_to_ticks_long
 .text          0x00004040       0x36 ..//src/kernel/source/nrk_idle_task.o
                0x00004040                nrk_idle_task
 .text          0x00004076      0x47a ..//src/kernel/source/nrk_scheduler.o
                0x00004076                _nrk_scheduler
 .text          0x000044f0        0x0 ..//src/kernel/source/nrk_driver.o
 .text          0x000044f0        0x0 ..//src/kernel/source/nrk_reserve.o
 .text          0x000044f0        0x0 ..//src/kernel/source/nrk_sw_wdt.o
 .text          0x000044f0      0x2f2 ..//src/kernel/hal/atmega128/nrk_timer.o
                0x000044f0                nrk_spin_wait_us
                0x000044fe                _nrk_high_speed_timer_stop
                0x00004502                _nrk_high_speed_timer_start
                0x00004508                _nrk_high_speed_timer_reset
                0x00004514                _nrk_high_speed_timer_get
                0x00004536                nrk_high_speed_timer_wait
                0x000045a6                _nrk_os_timer_set
                0x000045aa                _nrk_os_timer_stop
                0x000045ba                _nrk_os_timer_start
                0x000045c6                _nrk_os_timer_reset
                0x000045d8                _nrk_setup_timer
                0x00004610                _nrk_precision_os_timer_reset
                0x00004612                _nrk_get_next_wakeup
                0x00004618                _nrk_set_next_wakeup
                0x0000461e                _nrk_os_timer_get
                0x00004622                __vector_default
                0x00004676                __vector_15
                0x00004676                __vector_16
                0x000046dc                nrk_timer_int_stop
                0x000046ea                nrk_timer_int_reset
                0x000046f8                nrk_timer_int_read
                0x0000470a                nrk_timer_int_start
                0x0000471c                nrk_timer_int_configure
                0x0000477e                __vector_9
 .text          0x000047e2       0x4a ..//src/kernel/hal/atmega128/nrk_status.o
                0x000047e2                _nrk_startup_error
 .text          0x0000482c       0x60 ..//src/kernel/hal/atmega128/nrk_ext_int.o
                0x0000482c                nrk_ext_int_enable
                0x00004830                nrk_ext_int_disable
                0x00004834                nrk_ext_int_configure
                0x00004838                __vector_1
 .text          0x0000488c       0x48 ..//src/kernel/hal/atmega128/nrk_watchdog.o
                0x0000488c                nrk_watchdog_disable
                0x000048a6                nrk_watchdog_enable
                0x000048c2                nrk_watchdog_check
                0x000048d0                nrk_watchdog_reset
 .text          0x000048d4      0x102 ..//src/kernel/hal/atmega128/nrk_cpu.o
                0x000048d4                nrk_battery_save
                0x000048d6                nrk_task_set_entry_function
                0x000048de                nrk_sleep
                0x000048f6                nrk_idle
                0x0000490c                nrk_task_stk_init
                0x00004962                nrk_task_set_stk
                0x000049a0                nrk_stack_pointer_restore
                0x000049ae                nrk_stack_pointer_init
                0x000049cc                nrk_target_start
 .text          0x000049d6       0x42 ..//src/drivers/platform/micaZ/source/ad5242.o
                0x000049d6                ad5242_init
                0x000049dc                ad5242_set
 .text          0x00004a18       0x6a ..//src/drivers/platform/micaZ/source/adc_driver.o
                0x00004a18                adc_init
                0x00004a44                adc_Powersave
                0x00004a48                adc_GetChannel
                0x00004a60                adc_GetBatteryVoltage
 .text          0x00004a82       0xf6 ..//src/drivers/platform/micaZ/source/i2c_driver.o
                0x00004a82                i2c_init
                0x00004a98                i2c_waitForInterruptFlag
                0x00004aa2                i2c_actionStart
                0x00004aae                i2c_start
                0x00004ad0                i2c_stop
                0x00004ae8                i2c_send
                0x00004b12                i2c_receive
                0x00004b36                i2c_controlByte_RX
                0x00004b58                i2c_controlByte_TX
 .text          0x00004b78      0x19c ..//src/drivers/platform/micaZ/source/mda100_driver.o
                0x00004b78                mda100_init
                0x00004b84                mda100_Powersave
                0x00004b96                mda100_LightSensor_Power
                0x00004bca                mda100_TemperatureSensor_Power
                0x00004bfe                mda100_LightSensor_GetCounts
                0x00004c18                mda100_TemperatureSensor_GetCounts
                0x00004c32                mda100_TemperatureSensor_GetKelvin
                0x00004d02                mda100_TemperatureSensor_GetDegreeCelsius
 .text          0x00004d14      0x26e ..//src/drivers/platform/micaZ/source/mts310cb_driver.o
                0x00004d14                mts310cb_init
                0x00004d24                mts310cb_Powersave
                0x00004d36                mts310cb_Accelerometer_Power
                0x00004d62                mts310cb_Magnetometer_Power
                0x00004d8e                mts310cb_TemperatureSensor_Power
                0x00004db6                mts310cb_LightSensor_Power
                0x00004dde                mts310cb_Sounder_Power
                0x00004e0a                mts310cb_Microphone_Power
                0x00004e36                mts310cb_Magnetometer_x_SetOffset
                0x00004e62                mts310cb_Magnetometer_y_SetOffset
                0x00004e8e                mts310cb_Microphone_SetGain
                0x00004eba                mts310cb_Microphone_SetMode
                0x00004eea                mts310cb_LightSensor_GetCounts
                0x00004f04                mts310cb_TemperatureSensor_GetCounts
                0x00004f1e                mts310cb_Microphone_GetCounts
                0x00004f32                mts310cb_Accelerometer_x_GetCounts
                0x00004f46                mts310cb_Accelerometer_y_GetCounts
                0x00004f5a                mts310cb_Magnetometer_x_GetCounts
                0x00004f6e                mts310cb_Magnetometer_y_GetCounts
 .text          0x00004f82      0x1da ..//src/drivers/platform/micaZ/source/DS2401.o
                0x00004f82                Maxim_1Wire_ResetPulse
                0x00004fca                Maxim_1Wire_WriteBit
                0x00005000                Maxim_1Wire_ReadBit
                0x00005034                Maxim_1Wire_WriteByte
                0x00005072                Maxim_1Wire_ReadByte
                0x000050a6                Maxim_1Wire_CommandReadRom
                0x000050ae                DS2401_init
                0x000050c0                DS2401_getSerialNumber
 .text          0x0000515c      0x21a ..//src/drivers/platform/micaZ/source/DOGM128-6_Graphicdisplay_driver.o
                0x0000515c                DOGM128_6_usart1_sendByte
                0x000051d4                DOGM128_6_clear_display
                0x00005236                DOGM128_6_display_init
                0x000052dc                DOGM128_6_display_backlight
                0x000052e8                DOGM128_6_LCD_print
 .text          0x00005376      0x6bc ..//src/drivers/platform/micaZ/source/eDIP240-7_TouchPanel_driver.o
                0x00005376                USART0_putchar
                0x00005386                USART0_getchar
                0x000053aa                eDIP240_7_Display_send_packet
                0x0000546a                eDIP240_7_Display_get_buffer
                0x0000556c                eDIP240_7_Display_request_buffer_info
                0x0000566e                eDIP240_7_Display_set_protocol
                0x00005702                eDIP240_7_Display_get_protocoll_info
                0x00005814                eDIP240_7_Display_repeat_last_packet
                0x000058f0                eDIP240_7_Display_select
                0x0000597c                eDIP240_7_Display_deselect
                0x00005a08                eDIP240_7_Display_send_string
                0x00005a20                eDIP240_7_Display_send_string_with_NULL
 .text          0x00005a32      0x634 ..//src/drivers/platform/micaZ/source/TUM_LKN_Sensorboard_driver.o
                0x00005a32                setLedMode
                0x00005a62                getLedMode
                0x00005a8e                S2V
                0x00005abc                V2S
                0x00005ae4                setBits
                0x00005aec                prescalerSec2Hex
                0x00005b50                pwmFrac2Hex
                0x00005ba8                TUM_LKN_Sensorboard_getCurrentStep
                0x00005bae                TUM_LKN_Sensorboard_setControl0
                0x00005bd8                TUM_LKN_Sensorboard_setControl1
                0x00005c02                TUM_LKN_Sensorboard_setBrightness0
                0x00005c10                TUM_LKN_Sensorboard_setBrightness1
                0x00005c1e                TWI_write
                0x00005c82                TWI_read
                0x00005d00                i2cAction
                0x00005d2c                setLeds
                0x00005d76                TUM_LKN_Sensorboard_greenBlink
                0x00005d88                TUM_LKN_Sensorboard_greenToggle
                0x00005d9e                TUM_LKN_Sensorboard_greenOff
                0x00005dac                TUM_LKN_Sensorboard_greenOn
                0x00005dba                TUM_LKN_Sensorboard_yellowBlink
                0x00005dcc                TUM_LKN_Sensorboard_yellowToggle
                0x00005de2                TUM_LKN_Sensorboard_yellowOff
                0x00005df0                TUM_LKN_Sensorboard_yellowOn
                0x00005dfe                TUM_LKN_Sensorboard_redBlink
                0x00005e10                TUM_LKN_Sensorboard_redToggle
                0x00005e26                TUM_LKN_Sensorboard_redOff
                0x00005e34                TUM_LKN_Sensorboard_redOn
                0x00005e42                TUM_LKN_Sensorboard_laserBlink
                0x00005e54                TUM_LKN_Sensorboard_laserToggle
                0x00005e6a                TUM_LKN_Sensorboard_laserOff
                0x00005e78                TUM_LKN_Sensorboard_laserOn
                0x00005e86                readADC
                0x00005ed0                TUM_LKN_Sensorboard_readChannel
                0x00005ed6                TUM_LKN_Sensorboard_readChannel3
                0x00005ede                TUM_LKN_Sensorboard_readChannel2
                0x00005ee6                TUM_LKN_Sensorboard_readChannel1
                0x00005eee                TUM_LKN_Sensorboard_readPhotoVoltage
                0x00005ef6                writeDAC
                0x00005f1c                TUM_LKN_Sensorboard_writeValue
                0x00005f26                readIOs
                0x00005f42                writeIOs
                0x00005f66                TUM_LKN_Sensorboard_halfStepCW
                0x00005f8e                TUM_LKN_Sensorboard_halfStepCCW
                0x00005fb6                TUM_LKN_Sensorboard_stepCW
                0x00005fde                TUM_LKN_Sensorboard_stepCCW
                0x00006006                TUM_LKN_Sensorboard_StepperIdle
                0x00006012                TUM_LKN_Sensorboard_setBeeper
                0x0000602a                TUM_LKN_Sensorboard_writeIO
                0x00006052                TUM_LKN_Sensorboard_writeIOs
                0x00006058                TUM_LKN_Sensorboard_init
 .text          0x00006066       0x56 ..//src/kernel/hal/atmega128/atmel_hw_specific.o
                0x00006066                nrk_start_high_ready_task
 .text          0x000060bc        0x0 /usr/lib/gcc/avr/4.5.3/../../../avr/lib/avr51/libprintf_flt.a(vfprintf_flt.o)
 .text          0x000060bc        0x0 /usr/lib/gcc/avr/4.5.3/../../../avr/lib/avr51/libm.a(addsf3.o)
 .text          0x000060bc        0x0 /usr/lib/gcc/avr/4.5.3/../../../avr/lib/avr51/libm.a(addsf3x.o)
 .text          0x000060bc        0x0 /usr/lib/gcc/avr/4.5.3/../../../avr/lib/avr51/libm.a(divsf3.o)
 .text          0x000060bc        0x0 /usr/lib/gcc/avr/4.5.3/../../../avr/lib/avr51/libm.a(divsf3x.o)
 .text          0x000060bc        0x0 /usr/lib/gcc/avr/4.5.3/../../../avr/lib/avr51/libm.a(fixunssfsi.o)
 .text          0x000060bc        0x0 /usr/lib/gcc/avr/4.5.3/../../../avr/lib/avr51/libm.a(floatsisf.o)
 .text          0x000060bc        0x0 /usr/lib/gcc/avr/4.5.3/../../../avr/lib/avr51/libm.a(fp_inf.o)
 .text          0x000060bc        0x0 /usr/lib/gcc/avr/4.5.3/../../../avr/lib/avr51/libm.a(fp_nan.o)
 .text          0x000060bc        0x0 /usr/lib/gcc/avr/4.5.3/../../../avr/lib/avr51/libm.a(fp_pscA.o)
 .text          0x000060bc        0x0 /usr/lib/gcc/avr/4.5.3/../../../avr/lib/avr51/libm.a(fp_pscB.o)
 .text          0x000060bc        0x0 /usr/lib/gcc/avr/4.5.3/../../../avr/lib/avr51/libm.a(fp_round.o)
 .text          0x000060bc        0x0 /usr/lib/gcc/avr/4.5.3/../../../avr/lib/avr51/libm.a(fp_split3.o)
 .text          0x000060bc        0x0 /usr/lib/gcc/avr/4.5.3/../../../avr/lib/avr51/libm.a(fp_zero.o)
 .text          0x000060bc        0x0 /usr/lib/gcc/avr/4.5.3/../../../avr/lib/avr51/libm.a(gesf2.o)
 .text          0x000060bc        0x0 /usr/lib/gcc/avr/4.5.3/../../../avr/lib/avr51/libm.a(log.o)
 .text          0x000060bc        0x0 /usr/lib/gcc/avr/4.5.3/../../../avr/lib/avr51/libm.a(mulsf3.o)
 .text          0x000060bc        0x0 /usr/lib/gcc/avr/4.5.3/../../../avr/lib/avr51/libm.a(mulsf3x.o)
 .text          0x000060bc        0x0 /usr/lib/gcc/avr/4.5.3/../../../avr/lib/avr51/libm.a(pow.o)
 .text          0x000060bc        0x0 /usr/lib/gcc/avr/4.5.3/../../../avr/lib/avr51/libm.a(exp.o)
 .text          0x000060bc        0x0 /usr/lib/gcc/avr/4.5.3/../../../avr/lib/avr51/libm.a(fp_cmp.o)
 .text          0x000060bc        0x0 /usr/lib/gcc/avr/4.5.3/../../../avr/lib/avr51/libm.a(fp_mpack.o)
 .text          0x000060bc        0x0 /usr/lib/gcc/avr/4.5.3/../../../avr/lib/avr51/libm.a(fp_powser.o)
 .text          0x000060bc        0x0 /usr/lib/gcc/avr/4.5.3/../../../avr/lib/avr51/libm.a(inverse.o)
 .text          0x000060bc        0x0 /usr/lib/gcc/avr/4.5.3/../../../avr/lib/avr51/libm.a(ldexp.o)
 .text          0x000060bc        0x0 /usr/lib/gcc/avr/4.5.3/../../../avr/lib/avr51/libm.a(modf.o)
 .text          0x000060bc        0x0 /usr/lib/gcc/avr/4.5.3/avr51/libgcc.a(_mulsi3.o)
 .text          0x000060bc        0x0 /usr/lib/gcc/avr/4.5.3/avr51/libgcc.a(_udivmodhi4.o)
 .text          0x000060bc        0x0 /usr/lib/gcc/avr/4.5.3/avr51/libgcc.a(_udivmodsi4.o)
 .text          0x000060bc        0x0 /usr/lib/gcc/avr/4.5.3/avr51/libgcc.a(_exit.o)
 .text          0x000060bc        0x0 /usr/lib/gcc/avr/4.5.3/avr51/libgcc.a(_copy_data.o)
 .text          0x000060bc        0x0 /usr/lib/gcc/avr/4.5.3/avr51/libgcc.a(_clear_bss.o)
 .text          0x000060bc      0xcac /usr/lib/gcc/avr/4.5.3/avr51/libgcc.a(_udivdi3.o)
                0x000060bc                __udivdi3
 .text          0x00006d68        0x0 /usr/lib/gcc/avr/4.5.3/avr51/libgcc.a(_prologue.o)
 .text          0x00006d68        0x0 /usr/lib/gcc/avr/4.5.3/avr51/libgcc.a(_epilogue.o)
 .text          0x00006d68        0x0 /usr/lib/gcc/avr/4.5.3/avr51/libgcc.a(_clz.o)
 .text          0x00006d68        0x0 /usr/lib/gcc/avr/4.5.3/../../../avr/lib/avr51/libc.a(ftoa_engine.o)
 .text          0x00006d68        0x0 /usr/lib/gcc/avr/4.5.3/../../../avr/lib/avr51/libc.a(strnlen_P.o)
 .text          0x00006d68        0x0 /usr/lib/gcc/avr/4.5.3/../../../avr/lib/avr51/libc.a(strnlen.o)
 .text          0x00006d68        0x0 /usr/lib/gcc/avr/4.5.3/../../../avr/lib/avr51/libc.a(fdevopen.o)
 .text          0x00006d68        0x0 /usr/lib/gcc/avr/4.5.3/../../../avr/lib/avr51/libc.a(fgetc.o)
 .text          0x00006d68        0x0 /usr/lib/gcc/avr/4.5.3/../../../avr/lib/avr51/libc.a(fputc.o)
 .text          0x00006d68        0x0 /usr/lib/gcc/avr/4.5.3/../../../avr/lib/avr51/libc.a(iob.o)
 .text          0x00006d68        0x0 /usr/lib/gcc/avr/4.5.3/../../../avr/lib/avr51/libc.a(printf.o)
 .text          0x00006d68        0x0 /usr/lib/gcc/avr/4.5.3/../../../avr/lib/avr51/libc.a(puts.o)
 .text          0x00006d68        0x0 /usr/lib/gcc/avr/4.5.3/../../../avr/lib/avr51/libc.a(sprintf.o)
 .text          0x00006d68        0x0 /usr/lib/gcc/avr/4.5.3/../../../avr/lib/avr51/libc.a(ultoa_invert.o)
 .text          0x00006d68        0x0 /usr/lib/gcc/avr/4.5.3/../../../avr/lib/avr51/libc.a(eerd_byte_atmega128.o)
 .text          0x00006d68        0x0 /usr/lib/gcc/avr/4.5.3/../../../avr/lib/avr51/libc.a(eewr_byte_atmega128.o)
 .text          0x00006d68        0x0 /usr/lib/gcc/avr/4.5.3/../../../avr/lib/avr51/libc.a(calloc.o)
 .text          0x00006d68        0x0 /usr/lib/gcc/avr/4.5.3/../../../avr/lib/avr51/libc.a(malloc.o)
 .text          0x00006d68        0x0 /usr/lib/gcc/avr/4.5.3/../../../avr/lib/avr51/libc.a(memset.o)
                0x00006d68                . = ALIGN (0x2)
 *(.text.*)
 .text.avr-libc
                0x00006d68      0x75e /usr/lib/gcc/avr/4.5.3/../../../avr/lib/avr51/libprintf_flt.a(vfprintf_flt.o)
                0x00006d68                vfprintf
 .text.avr-libc.fplib
                0x000074c6        0xa /usr/lib/gcc/avr/4.5.3/../../../avr/lib/avr51/libm.a(addsf3.o)
                0x000074c6                __subsf3
                0x000074c8                __addsf3
 .text.avr-libc.fplib
                0x000074d0       0xc0 /usr/lib/gcc/avr/4.5.3/../../../avr/lib/avr51/libm.a(addsf3x.o)
                0x000074ea                __addsf3x
 .text.avr-libc.fplib
                0x00007590        0x4 /usr/lib/gcc/avr/4.5.3/../../../avr/lib/avr51/libm.a(divsf3.o)
                0x00007590                __divsf3
 .text.avr-libc.fplib
                0x00007594       0xcc /usr/lib/gcc/avr/4.5.3/../../../avr/lib/avr51/libm.a(divsf3x.o)
                0x000075aa                __divsf3x
                0x000075ae                __divsf3_pse
 .text.avr-libc.fplib
                0x00007660       0x58 /usr/lib/gcc/avr/4.5.3/../../../avr/lib/avr51/libm.a(fixunssfsi.o)
                0x00007660                __fixunssfsi
 .text.avr-libc.fplib
                0x000076b8       0x7a /usr/lib/gcc/avr/4.5.3/../../../avr/lib/avr51/libm.a(floatsisf.o)
                0x000076b8                __floatunsisf
                0x000076bc                __floatsisf
 .text.avr-libc.fplib
                0x00007732        0xc /usr/lib/gcc/avr/4.5.3/../../../avr/lib/avr51/libm.a(fp_inf.o)
                0x00007732                __fp_inf
 .text.avr-libc.fplib
                0x0000773e        0x6 /usr/lib/gcc/avr/4.5.3/../../../avr/lib/avr51/libm.a(fp_nan.o)
                0x0000773e                __fp_nan
 .text.avr-libc.fplib
                0x00007744        0xe /usr/lib/gcc/avr/4.5.3/../../../avr/lib/avr51/libm.a(fp_pscA.o)
                0x00007744                __fp_pscA
 .text.avr-libc.fplib
                0x00007752        0xe /usr/lib/gcc/avr/4.5.3/../../../avr/lib/avr51/libm.a(fp_pscB.o)
                0x00007752                __fp_pscB
 .text.avr-libc.fplib
                0x00007760       0x22 /usr/lib/gcc/avr/4.5.3/../../../avr/lib/avr51/libm.a(fp_round.o)
                0x00007760                __fp_round
 .text.avr-libc.fplib
                0x00007782       0x44 /usr/lib/gcc/avr/4.5.3/../../../avr/lib/avr51/libm.a(fp_split3.o)
                0x00007782                __fp_split3
                0x00007792                __fp_splitA
 .text.avr-libc.fplib
                0x000077c6        0xe /usr/lib/gcc/avr/4.5.3/../../../avr/lib/avr51/libm.a(fp_zero.o)
                0x000077c6                __fp_zero
                0x000077c8                __fp_szero
 .text.avr-libc.fplib
                0x000077d4        0x8 /usr/lib/gcc/avr/4.5.3/../../../avr/lib/avr51/libm.a(gesf2.o)
                0x000077d4                __gtsf2
                0x000077d4                __gesf2
 .text.avr-libc.fplib
                0x000077dc       0x8a /usr/lib/gcc/avr/4.5.3/../../../avr/lib/avr51/libm.a(log.o)
                0x000077e6                log
 .text.avr-libc.fplib
                0x00007866        0x4 /usr/lib/gcc/avr/4.5.3/../../../avr/lib/avr51/libm.a(mulsf3.o)
                0x00007866                __mulsf3
 .text.avr-libc.fplib
                0x0000786a       0xc2 /usr/lib/gcc/avr/4.5.3/../../../avr/lib/avr51/libm.a(mulsf3x.o)
                0x0000787e                __mulsf3x
                0x00007882                __mulsf3_pse
 .text.avr-libc.fplib
                0x0000792c       0x98 /usr/lib/gcc/avr/4.5.3/../../../avr/lib/avr51/libm.a(pow.o)
                0x0000792c                pow
 .text.avr-libc.fplib
                0x000079c4       0x62 /usr/lib/gcc/avr/4.5.3/../../../avr/lib/avr51/libm.a(exp.o)
                0x000079ce                exp
 .text.avr-libc.fplib
                0x00007a26       0x48 /usr/lib/gcc/avr/4.5.3/../../../avr/lib/avr51/libm.a(fp_cmp.o)
                0x00007a26                __fp_cmp
 .text.avr-libc.fplib
                0x00007a6e       0x1c /usr/lib/gcc/avr/4.5.3/../../../avr/lib/avr51/libm.a(fp_mpack.o)
                0x00007a6e                __fp_mpack
                0x00007a72                __fp_mpack_finite
 .text.avr-libc.fplib
                0x00007a8a       0x4a /usr/lib/gcc/avr/4.5.3/../../../avr/lib/avr51/libm.a(fp_powser.o)
                0x00007a8a                __fp_powser
 .text.avr-libc.fplib
                0x00007ad4        0xe /usr/lib/gcc/avr/4.5.3/../../../avr/lib/avr51/libm.a(inverse.o)
                0x00007ad4                inverse
 .text.avr-libc.fplib
                0x00007ae2       0x6c /usr/lib/gcc/avr/4.5.3/../../../avr/lib/avr51/libm.a(ldexp.o)
                0x00007ae6                ldexp
 .text.avr-libc.fplib
                0x00007b4e       0x66 /usr/lib/gcc/avr/4.5.3/../../../avr/lib/avr51/libm.a(modf.o)
                0x00007b4e                modff
                0x00007b4e                modf
 .text.libgcc   0x00007bb4       0x3e /usr/lib/gcc/avr/4.5.3/avr51/libgcc.a(_mulsi3.o)
                0x00007bb4                __mulsi3
 .text.libgcc   0x00007bf2       0x28 /usr/lib/gcc/avr/4.5.3/avr51/libgcc.a(_udivmodhi4.o)
                0x00007bf2                __udivmodhi4
 .text.libgcc   0x00007c1a       0x44 /usr/lib/gcc/avr/4.5.3/avr51/libgcc.a(_udivmodsi4.o)
                0x00007c1a                __udivmodsi4
 .text.libgcc   0x00007c5e        0x0 /usr/lib/gcc/avr/4.5.3/avr51/libgcc.a(_exit.o)
 .text.libgcc   0x00007c5e        0x0 /usr/lib/gcc/avr/4.5.3/avr51/libgcc.a(_copy_data.o)
 .text.libgcc   0x00007c5e        0x0 /usr/lib/gcc/avr/4.5.3/avr51/libgcc.a(_clear_bss.o)
 .text.libgcc   0x00007c5e       0x38 /usr/lib/gcc/avr/4.5.3/avr51/libgcc.a(_prologue.o)
                0x00007c5e                __prologue_saves__
 .text.libgcc   0x00007c96       0x36 /usr/lib/gcc/avr/4.5.3/avr51/libgcc.a(_epilogue.o)
                0x00007c96                __epilogue_restores__
 .text.avr-libc
                0x00007ccc      0x1b0 /usr/lib/gcc/avr/4.5.3/../../../avr/lib/avr51/libc.a(ftoa_engine.o)
                0x00007ccc                __ftoa_engine
 .text.avr-libc
                0x00007e7c       0x16 /usr/lib/gcc/avr/4.5.3/../../../avr/lib/avr51/libc.a(strnlen_P.o)
                0x00007e7c                strnlen_P
 .text.avr-libc
                0x00007e92       0x16 /usr/lib/gcc/avr/4.5.3/../../../avr/lib/avr51/libc.a(strnlen.o)
                0x00007e92                strnlen
 .text.avr-libc
                0x00007ea8       0x96 /usr/lib/gcc/avr/4.5.3/../../../avr/lib/avr51/libc.a(fdevopen.o)
                0x00007ea8                fdevopen
 .text.avr-libc
                0x00007f3e       0x84 /usr/lib/gcc/avr/4.5.3/../../../avr/lib/avr51/libc.a(fgetc.o)
                0x00007f3e                fgetc
 .text.avr-libc
                0x00007fc2       0x58 /usr/lib/gcc/avr/4.5.3/../../../avr/lib/avr51/libc.a(fputc.o)
                0x00007fc2                fputc
 .text.avr-libc
                0x0000801a       0x24 /usr/lib/gcc/avr/4.5.3/../../../avr/lib/avr51/libc.a(printf.o)
                0x0000801a                printf
 .text.avr-libc
                0x0000803e       0x6e /usr/lib/gcc/avr/4.5.3/../../../avr/lib/avr51/libc.a(puts.o)
                0x0000803e                puts
 .text.avr-libc
                0x000080ac       0x60 /usr/lib/gcc/avr/4.5.3/../../../avr/lib/avr51/libc.a(sprintf.o)
                0x000080ac                sprintf
 .text.avr-libc
                0x0000810c       0xbc /usr/lib/gcc/avr/4.5.3/../../../avr/lib/avr51/libc.a(ultoa_invert.o)
                0x0000810c                __ultoa_invert
 .text.avr-libc
                0x000081c8       0x10 /usr/lib/gcc/avr/4.5.3/../../../avr/lib/avr51/libc.a(eerd_byte_atmega128.o)
                0x000081c8                __eerd_byte_m128
 .text.avr-libc
                0x000081d8       0x1a /usr/lib/gcc/avr/4.5.3/../../../avr/lib/avr51/libc.a(eewr_byte_atmega128.o)
                0x000081d8                __eewr_byte_m128
                0x000081da                __eewr_r18_m128
 .text.avr-libc
                0x000081f2       0x4a /usr/lib/gcc/avr/4.5.3/../../../avr/lib/avr51/libc.a(calloc.o)
                0x000081f2                calloc
 .text.avr-libc
                0x0000823c      0x266 /usr/lib/gcc/avr/4.5.3/../../../avr/lib/avr51/libc.a(malloc.o)
                0x0000823c                malloc
                0x00008370                free
 .text.avr-libc
                0x000084a2        0xe /usr/lib/gcc/avr/4.5.3/../../../avr/lib/avr51/libc.a(memset.o)
                0x000084a2                memset
                0x000084b0                . = ALIGN (0x2)
 *(.fini9)
 .fini9         0x000084b0        0x0 /usr/lib/gcc/avr/4.5.3/avr51/libgcc.a(_exit.o)
                0x000084b0                exit
                0x000084b0                _exit
 *(.fini9)
 *(.fini8)
 *(.fini8)
 *(.fini7)
 *(.fini7)
 *(.fini6)
 *(.fini6)
 *(.fini5)
 *(.fini5)
 *(.fini4)
 *(.fini4)
 *(.fini3)
 *(.fini3)
 *(.fini2)
 *(.fini2)
 *(.fini1)
 *(.fini1)
 *(.fini0)
 .fini0         0x000084b0        0x4 /usr/lib/gcc/avr/4.5.3/avr51/libgcc.a(_exit.o)
 *(.fini0)
                0x000084b4                _etext = .

.data           0x00800100      0x1a8 load address 0x000084b4
                0x00800100                PROVIDE (__data_start, .)
 *(.data)
 .data          0x00800100        0x0 /usr/lib/gcc/avr/4.5.3/../../../avr/lib/avr51/crtm128.o
 .data          0x00800100       0x1d main.o
 .data          0x0080011d        0x0 ..//src/radio/cc2420/source/hal_rf_set_channel.o
 .data          0x0080011d        0x0 ..//src/radio/cc2420/source/hal_rf_wait_for_crystal_oscillator.o
 .data          0x0080011d        0x0 ..//src/radio/cc2420/source/basic_rf.o
 .data          0x0080011d       0x23 ..//src/platform/micaZ/source/ulib.o
                0x0080011d                NRK_LED_0
                0x0080011e                NRK_LED_1
                0x0080011f                NRK_LED_2
                0x00800120                NRK_VREG_EN
                0x00800121                NRK_RESET_N
                0x00800122                NRK_CSN
                0x00800123                NRK_SCK
                0x00800124                NRK_MOSI
                0x00800125                NRK_MISO
                0x00800126                NRK_FIFO
                0x00800127                NRK_UART1_RXD
                0x00800128                NRK_UART1_TXD
                0x00800129                NRK_SFD
                0x0080012a                NRK_UART1_RTS
                0x0080012b                NRK_CCA
                0x0080012c                NRK_UART1_CTS
                0x0080012d                NRK_UART0_RXD
                0x0080012e                NRK_UART0_TXD
                0x0080012f                NRK_FIFOP
                0x00800130                NRK_ADC_INPUT_0
                0x00800131                NRK_ADC_INPUT_1
                0x00800132                NRK_ADC_INPUT_2
                0x00800133                NRK_ADC_INPUT_3
                0x00800134                NRK_ADC_INPUT_6
                0x00800135                NRK_ADC_INPUT_7
                0x00800136                NRK_DEBUG_0
                0x00800137                NRK_DEBUG_1
                0x00800138                NRK_DEBUG_2
                0x00800139                NRK_DEBUG_3
                0x0080013a                NRK_LED_3
                0x0080013b                NRK_BLED
                0x0080013c                NRK_SPI_SS
                0x0080013d                NRK_GPIO26
                0x0080013e                NRK_GPIO28
                0x0080013f                NRK_GPIO34
 .data          0x00800140        0x0 ..//src/platform/micaZ/source/hal_wait.o
 .data          0x00800140        0x0 ..//src/platform/micaZ/source/nrk_eeprom.o
 .data          0x00800140        0x0 ..//src/kernel/source/nrk.o
 .data          0x00800140        0x0 ..//src/kernel/source/nrk_stats.o
 .data          0x00800140        0x3 ..//src/kernel/source/nrk_error.o
 .data          0x00800143       0x4e ..//src/kernel/source/nrk_stack_check.o
 .data          0x00800191        0x0 ..//src/kernel/source/nrk_events.o
 .data          0x00800191        0x0 ..//src/kernel/source/nrk_task.o
 .data          0x00800191        0x0 ..//src/kernel/source/nrk_time.o
 .data          0x00800191        0x0 ..//src/kernel/source/nrk_idle_task.o
 .data          0x00800191        0x0 ..//src/kernel/source/nrk_scheduler.o
 .data          0x00800191        0x0 ..//src/kernel/source/nrk_driver.o
 .data          0x00800191        0x0 ..//src/kernel/source/nrk_reserve.o
 .data          0x00800191        0x0 ..//src/kernel/source/nrk_sw_wdt.o
 .data          0x00800191        0x0 ..//src/kernel/hal/atmega128/nrk_timer.o
 .data          0x00800191        0x0 ..//src/kernel/hal/atmega128/nrk_status.o
 .data          0x00800191        0x0 ..//src/kernel/hal/atmega128/nrk_ext_int.o
 .data          0x00800191        0x0 ..//src/kernel/hal/atmega128/nrk_watchdog.o
 .data          0x00800191        0x0 ..//src/kernel/hal/atmega128/nrk_cpu.o
 .data          0x00800191        0x0 ..//src/drivers/platform/micaZ/source/ad5242.o
 .data          0x00800191        0x0 ..//src/drivers/platform/micaZ/source/adc_driver.o
 .data          0x00800191        0x0 ..//src/drivers/platform/micaZ/source/i2c_driver.o
 .data          0x00800191        0x0 ..//src/drivers/platform/micaZ/source/mda100_driver.o
 .data          0x00800191        0x0 ..//src/drivers/platform/micaZ/source/mts310cb_driver.o
 .data          0x00800191        0x0 ..//src/drivers/platform/micaZ/source/DS2401.o
 .data          0x00800191        0x0 ..//src/drivers/platform/micaZ/source/DOGM128-6_Graphicdisplay_driver.o
 .data          0x00800191        0x0 ..//src/drivers/platform/micaZ/source/eDIP240-7_TouchPanel_driver.o
 .data          0x00800191       0x10 ..//src/drivers/platform/micaZ/source/TUM_LKN_Sensorboard_driver.o
                0x00800191                steppertimeout
                0x00800193                steps
                0x0080019b                m_vbatt
                0x0080019f                m_pwm
 .data          0x008001a1        0x0 ..//src/kernel/hal/atmega128/atmel_hw_specific.o
 .data          0x008001a1        0x0 /usr/lib/gcc/avr/4.5.3/../../../avr/lib/avr51/libprintf_flt.a(vfprintf_flt.o)
 .data          0x008001a1        0x0 /usr/lib/gcc/avr/4.5.3/../../../avr/lib/avr51/libm.a(addsf3.o)
 .data          0x008001a1        0x0 /usr/lib/gcc/avr/4.5.3/../../../avr/lib/avr51/libm.a(addsf3x.o)
 .data          0x008001a1        0x0 /usr/lib/gcc/avr/4.5.3/../../../avr/lib/avr51/libm.a(divsf3.o)
 .data          0x008001a1        0x0 /usr/lib/gcc/avr/4.5.3/../../../avr/lib/avr51/libm.a(divsf3x.o)
 .data          0x008001a1        0x0 /usr/lib/gcc/avr/4.5.3/../../../avr/lib/avr51/libm.a(fixunssfsi.o)
 .data          0x008001a1        0x0 /usr/lib/gcc/avr/4.5.3/../../../avr/lib/avr51/libm.a(floatsisf.o)
 .data          0x008001a1        0x0 /usr/lib/gcc/avr/4.5.3/../../../avr/lib/avr51/libm.a(fp_inf.o)
 .data          0x008001a1        0x0 /usr/lib/gcc/avr/4.5.3/../../../avr/lib/avr51/libm.a(fp_nan.o)
 .data          0x008001a1        0x0 /usr/lib/gcc/avr/4.5.3/../../../avr/lib/avr51/libm.a(fp_pscA.o)
 .data          0x008001a1        0x0 /usr/lib/gcc/avr/4.5.3/../../../avr/lib/avr51/libm.a(fp_pscB.o)
 .data          0x008001a1        0x0 /usr/lib/gcc/avr/4.5.3/../../../avr/lib/avr51/libm.a(fp_round.o)
 .data          0x008001a1        0x0 /usr/lib/gcc/avr/4.5.3/../../../avr/lib/avr51/libm.a(fp_split3.o)
 .data          0x008001a1        0x0 /usr/lib/gcc/avr/4.5.3/../../../avr/lib/avr51/libm.a(fp_zero.o)
 .data          0x008001a1        0x0 /usr/lib/gcc/avr/4.5.3/../../../avr/lib/avr51/libm.a(gesf2.o)
 .data          0x008001a1        0x0 /usr/lib/gcc/avr/4.5.3/../../../avr/lib/avr51/libm.a(log.o)
 .data          0x008001a1        0x0 /usr/lib/gcc/avr/4.5.3/../../../avr/lib/avr51/libm.a(mulsf3.o)
 .data          0x008001a1        0x0 /usr/lib/gcc/avr/4.5.3/../../../avr/lib/avr51/libm.a(mulsf3x.o)
 .data          0x008001a1        0x0 /usr/lib/gcc/avr/4.5.3/../../../avr/lib/avr51/libm.a(pow.o)
 .data          0x008001a1        0x0 /usr/lib/gcc/avr/4.5.3/../../../avr/lib/avr51/libm.a(exp.o)
 .data          0x008001a1        0x0 /usr/lib/gcc/avr/4.5.3/../../../avr/lib/avr51/libm.a(fp_cmp.o)
 .data          0x008001a1        0x0 /usr/lib/gcc/avr/4.5.3/../../../avr/lib/avr51/libm.a(fp_mpack.o)
 .data          0x008001a1        0x0 /usr/lib/gcc/avr/4.5.3/../../../avr/lib/avr51/libm.a(fp_powser.o)
 .data          0x008001a1        0x0 /usr/lib/gcc/avr/4.5.3/../../../avr/lib/avr51/libm.a(inverse.o)
 .data          0x008001a1        0x0 /usr/lib/gcc/avr/4.5.3/../../../avr/lib/avr51/libm.a(ldexp.o)
 .data          0x008001a1        0x0 /usr/lib/gcc/avr/4.5.3/../../../avr/lib/avr51/libm.a(modf.o)
 .data          0x008001a1        0x0 /usr/lib/gcc/avr/4.5.3/avr51/libgcc.a(_mulsi3.o)
 .data          0x008001a1        0x0 /usr/lib/gcc/avr/4.5.3/avr51/libgcc.a(_udivmodhi4.o)
 .data          0x008001a1        0x0 /usr/lib/gcc/avr/4.5.3/avr51/libgcc.a(_udivmodsi4.o)
 .data          0x008001a1        0x0 /usr/lib/gcc/avr/4.5.3/avr51/libgcc.a(_exit.o)
 .data          0x008001a1        0x0 /usr/lib/gcc/avr/4.5.3/avr51/libgcc.a(_copy_data.o)
 .data          0x008001a1        0x0 /usr/lib/gcc/avr/4.5.3/avr51/libgcc.a(_clear_bss.o)
 .data          0x008001a1        0x0 /usr/lib/gcc/avr/4.5.3/avr51/libgcc.a(_udivdi3.o)
 .data          0x008001a1        0x0 /usr/lib/gcc/avr/4.5.3/avr51/libgcc.a(_prologue.o)
 .data          0x008001a1        0x0 /usr/lib/gcc/avr/4.5.3/avr51/libgcc.a(_epilogue.o)
 .data          0x008001a1      0x100 /usr/lib/gcc/avr/4.5.3/avr51/libgcc.a(_clz.o)
                0x008001a1                __clz_tab
 .data          0x008002a1        0x0 /usr/lib/gcc/avr/4.5.3/../../../avr/lib/avr51/libc.a(ftoa_engine.o)
 .data          0x008002a1        0x0 /usr/lib/gcc/avr/4.5.3/../../../avr/lib/avr51/libc.a(strnlen_P.o)
 .data          0x008002a1        0x0 /usr/lib/gcc/avr/4.5.3/../../../avr/lib/avr51/libc.a(strnlen.o)
 .data          0x008002a1        0x0 /usr/lib/gcc/avr/4.5.3/../../../avr/lib/avr51/libc.a(fdevopen.o)
 .data          0x008002a1        0x0 /usr/lib/gcc/avr/4.5.3/../../../avr/lib/avr51/libc.a(fgetc.o)
 .data          0x008002a1        0x0 /usr/lib/gcc/avr/4.5.3/../../../avr/lib/avr51/libc.a(fputc.o)
 .data          0x008002a1        0x0 /usr/lib/gcc/avr/4.5.3/../../../avr/lib/avr51/libc.a(iob.o)
 .data          0x008002a1        0x0 /usr/lib/gcc/avr/4.5.3/../../../avr/lib/avr51/libc.a(printf.o)
 .data          0x008002a1        0x0 /usr/lib/gcc/avr/4.5.3/../../../avr/lib/avr51/libc.a(puts.o)
 .data          0x008002a1        0x0 /usr/lib/gcc/avr/4.5.3/../../../avr/lib/avr51/libc.a(sprintf.o)
 .data          0x008002a1        0x0 /usr/lib/gcc/avr/4.5.3/../../../avr/lib/avr51/libc.a(ultoa_invert.o)
 .data          0x008002a1        0x0 /usr/lib/gcc/avr/4.5.3/../../../avr/lib/avr51/libc.a(eerd_byte_atmega128.o)
 .data          0x008002a1        0x0 /usr/lib/gcc/avr/4.5.3/../../../avr/lib/avr51/libc.a(eewr_byte_atmega128.o)
 .data          0x008002a1        0x0 /usr/lib/gcc/avr/4.5.3/../../../avr/lib/avr51/libc.a(calloc.o)
 .data          0x008002a1        0x6 /usr/lib/gcc/avr/4.5.3/../../../avr/lib/avr51/libc.a(malloc.o)
                0x008002a1                __malloc_margin
                0x008002a3                __malloc_heap_start
                0x008002a5                __malloc_heap_end
 .data          0x008002a7        0x0 /usr/lib/gcc/avr/4.5.3/../../../avr/lib/avr51/libc.a(memset.o)
 *(.data*)
 *(.rodata)
 *(.rodata*)
 *(.gnu.linkonce.d*)
                0x008002a8                . = ALIGN (0x2)
 *fill*         0x008002a7        0x1 00
                0x008002a8                _edata = .
                0x008002a8                PROVIDE (__data_end, .)

.bss            0x008002a8      0x2f3
                0x008002a8                PROVIDE (__bss_start, .)
 *(.bss)
 .bss           0x008002a8        0x0 /usr/lib/gcc/avr/4.5.3/../../../avr/lib/avr51/crtm128.o
 .bss           0x008002a8        0x0 main.o
 .bss           0x008002a8        0x0 ..//src/radio/cc2420/source/hal_rf_set_channel.o
 .bss           0x008002a8        0x0 ..//src/radio/cc2420/source/hal_rf_wait_for_crystal_oscillator.o
 .bss           0x008002a8        0x0 ..//src/radio/cc2420/source/basic_rf.o
 .bss           0x008002a8        0x0 ..//src/platform/micaZ/source/ulib.o
 .bss           0x008002a8        0x0 ..//src/platform/micaZ/source/hal_wait.o
 .bss           0x008002a8        0x0 ..//src/platform/micaZ/source/nrk_eeprom.o
 .bss           0x008002a8        0x0 ..//src/kernel/source/nrk.o
 .bss           0x008002a8        0x0 ..//src/kernel/source/nrk_stats.o
 .bss           0x008002a8        0x0 ..//src/kernel/source/nrk_error.o
 .bss           0x008002a8        0x0 ..//src/kernel/source/nrk_stack_check.o
 .bss           0x008002a8        0x0 ..//src/kernel/source/nrk_events.o
 .bss           0x008002a8        0x0 ..//src/kernel/source/nrk_task.o
 .bss           0x008002a8        0x0 ..//src/kernel/source/nrk_time.o
 .bss           0x008002a8        0x0 ..//src/kernel/source/nrk_idle_task.o
 .bss           0x008002a8        0x0 ..//src/kernel/source/nrk_scheduler.o
 .bss           0x008002a8        0x0 ..//src/kernel/source/nrk_driver.o
 .bss           0x008002a8        0x0 ..//src/kernel/source/nrk_reserve.o
 .bss           0x008002a8        0x0 ..//src/kernel/source/nrk_sw_wdt.o
 .bss           0x008002a8        0x0 ..//src/kernel/hal/atmega128/nrk_timer.o
 .bss           0x008002a8        0x0 ..//src/kernel/hal/atmega128/nrk_status.o
 .bss           0x008002a8        0x0 ..//src/kernel/hal/atmega128/nrk_ext_int.o
 .bss           0x008002a8        0x0 ..//src/kernel/hal/atmega128/nrk_watchdog.o
 .bss           0x008002a8        0x0 ..//src/kernel/hal/atmega128/nrk_cpu.o
 .bss           0x008002a8        0x0 ..//src/drivers/platform/micaZ/source/ad5242.o
 .bss           0x008002a8        0x0 ..//src/drivers/platform/micaZ/source/adc_driver.o
 .bss           0x008002a8        0x0 ..//src/drivers/platform/micaZ/source/i2c_driver.o
 .bss           0x008002a8        0x1 ..//src/drivers/platform/micaZ/source/mda100_driver.o
                0x008002a8                mda100_initDone
 .bss           0x008002a9        0x1 ..//src/drivers/platform/micaZ/source/mts310cb_driver.o
                0x008002a9                mts310cb_initDone
 .bss           0x008002aa        0x0 ..//src/drivers/platform/micaZ/source/DS2401.o
 .bss           0x008002aa        0x0 ..//src/drivers/platform/micaZ/source/DOGM128-6_Graphicdisplay_driver.o
 .bss           0x008002aa        0x0 ..//src/drivers/platform/micaZ/source/eDIP240-7_TouchPanel_driver.o
 .bss           0x008002aa        0xd ..//src/drivers/platform/micaZ/source/TUM_LKN_Sensorboard_driver.o
                0x008002aa                m_currentstep
                0x008002ab                i2cData
                0x008002b3                m_lastxs
                0x008002b4                m_ledstate
                0x008002b5                m_prescaler
 .bss           0x008002b7        0x0 ..//src/kernel/hal/atmega128/atmel_hw_specific.o
 .bss           0x008002b7        0x0 /usr/lib/gcc/avr/4.5.3/../../../avr/lib/avr51/libprintf_flt.a(vfprintf_flt.o)
 .bss           0x008002b7        0x0 /usr/lib/gcc/avr/4.5.3/../../../avr/lib/avr51/libm.a(addsf3.o)
 .bss           0x008002b7        0x0 /usr/lib/gcc/avr/4.5.3/../../../avr/lib/avr51/libm.a(addsf3x.o)
 .bss           0x008002b7        0x0 /usr/lib/gcc/avr/4.5.3/../../../avr/lib/avr51/libm.a(divsf3.o)
 .bss           0x008002b7        0x0 /usr/lib/gcc/avr/4.5.3/../../../avr/lib/avr51/libm.a(divsf3x.o)
 .bss           0x008002b7        0x0 /usr/lib/gcc/avr/4.5.3/../../../avr/lib/avr51/libm.a(fixunssfsi.o)
 .bss           0x008002b7        0x0 /usr/lib/gcc/avr/4.5.3/../../../avr/lib/avr51/libm.a(floatsisf.o)
 .bss           0x008002b7        0x0 /usr/lib/gcc/avr/4.5.3/../../../avr/lib/avr51/libm.a(fp_inf.o)
 .bss           0x008002b7        0x0 /usr/lib/gcc/avr/4.5.3/../../../avr/lib/avr51/libm.a(fp_nan.o)
 .bss           0x008002b7        0x0 /usr/lib/gcc/avr/4.5.3/../../../avr/lib/avr51/libm.a(fp_pscA.o)
 .bss           0x008002b7        0x0 /usr/lib/gcc/avr/4.5.3/../../../avr/lib/avr51/libm.a(fp_pscB.o)
 .bss           0x008002b7        0x0 /usr/lib/gcc/avr/4.5.3/../../../avr/lib/avr51/libm.a(fp_round.o)
 .bss           0x008002b7        0x0 /usr/lib/gcc/avr/4.5.3/../../../avr/lib/avr51/libm.a(fp_split3.o)
 .bss           0x008002b7        0x0 /usr/lib/gcc/avr/4.5.3/../../../avr/lib/avr51/libm.a(fp_zero.o)
 .bss           0x008002b7        0x0 /usr/lib/gcc/avr/4.5.3/../../../avr/lib/avr51/libm.a(gesf2.o)
 .bss           0x008002b7        0x0 /usr/lib/gcc/avr/4.5.3/../../../avr/lib/avr51/libm.a(log.o)
 .bss           0x008002b7        0x0 /usr/lib/gcc/avr/4.5.3/../../../avr/lib/avr51/libm.a(mulsf3.o)
 .bss           0x008002b7        0x0 /usr/lib/gcc/avr/4.5.3/../../../avr/lib/avr51/libm.a(mulsf3x.o)
 .bss           0x008002b7        0x0 /usr/lib/gcc/avr/4.5.3/../../../avr/lib/avr51/libm.a(pow.o)
 .bss           0x008002b7        0x0 /usr/lib/gcc/avr/4.5.3/../../../avr/lib/avr51/libm.a(exp.o)
 .bss           0x008002b7        0x0 /usr/lib/gcc/avr/4.5.3/../../../avr/lib/avr51/libm.a(fp_cmp.o)
 .bss           0x008002b7        0x0 /usr/lib/gcc/avr/4.5.3/../../../avr/lib/avr51/libm.a(fp_mpack.o)
 .bss           0x008002b7        0x0 /usr/lib/gcc/avr/4.5.3/../../../avr/lib/avr51/libm.a(fp_powser.o)
 .bss           0x008002b7        0x0 /usr/lib/gcc/avr/4.5.3/../../../avr/lib/avr51/libm.a(inverse.o)
 .bss           0x008002b7        0x0 /usr/lib/gcc/avr/4.5.3/../../../avr/lib/avr51/libm.a(ldexp.o)
 .bss           0x008002b7        0x0 /usr/lib/gcc/avr/4.5.3/../../../avr/lib/avr51/libm.a(modf.o)
 .bss           0x008002b7        0x0 /usr/lib/gcc/avr/4.5.3/avr51/libgcc.a(_mulsi3.o)
 .bss           0x008002b7        0x0 /usr/lib/gcc/avr/4.5.3/avr51/libgcc.a(_udivmodhi4.o)
 .bss           0x008002b7        0x0 /usr/lib/gcc/avr/4.5.3/avr51/libgcc.a(_udivmodsi4.o)
 .bss           0x008002b7        0x0 /usr/lib/gcc/avr/4.5.3/avr51/libgcc.a(_exit.o)
 .bss           0x008002b7        0x0 /usr/lib/gcc/avr/4.5.3/avr51/libgcc.a(_copy_data.o)
 .bss           0x008002b7        0x0 /usr/lib/gcc/avr/4.5.3/avr51/libgcc.a(_clear_bss.o)
 .bss           0x008002b7        0x0 /usr/lib/gcc/avr/4.5.3/avr51/libgcc.a(_udivdi3.o)
 .bss           0x008002b7        0x0 /usr/lib/gcc/avr/4.5.3/avr51/libgcc.a(_prologue.o)
 .bss           0x008002b7        0x0 /usr/lib/gcc/avr/4.5.3/avr51/libgcc.a(_epilogue.o)
 .bss           0x008002b7        0x0 /usr/lib/gcc/avr/4.5.3/avr51/libgcc.a(_clz.o)
 .bss           0x008002b7        0x0 /usr/lib/gcc/avr/4.5.3/../../../avr/lib/avr51/libc.a(ftoa_engine.o)
 .bss           0x008002b7        0x0 /usr/lib/gcc/avr/4.5.3/../../../avr/lib/avr51/libc.a(strnlen_P.o)
 .bss           0x008002b7        0x0 /usr/lib/gcc/avr/4.5.3/../../../avr/lib/avr51/libc.a(strnlen.o)
 .bss           0x008002b7        0x0 /usr/lib/gcc/avr/4.5.3/../../../avr/lib/avr51/libc.a(fdevopen.o)
 .bss           0x008002b7        0x0 /usr/lib/gcc/avr/4.5.3/../../../avr/lib/avr51/libc.a(fgetc.o)
 .bss           0x008002b7        0x0 /usr/lib/gcc/avr/4.5.3/../../../avr/lib/avr51/libc.a(fputc.o)
 .bss           0x008002b7        0x0 /usr/lib/gcc/avr/4.5.3/../../../avr/lib/avr51/libc.a(iob.o)
 .bss           0x008002b7        0x0 /usr/lib/gcc/avr/4.5.3/../../../avr/lib/avr51/libc.a(printf.o)
 .bss           0x008002b7        0x0 /usr/lib/gcc/avr/4.5.3/../../../avr/lib/avr51/libc.a(puts.o)
 .bss           0x008002b7        0x0 /usr/lib/gcc/avr/4.5.3/../../../avr/lib/avr51/libc.a(sprintf.o)
 .bss           0x008002b7        0x0 /usr/lib/gcc/avr/4.5.3/../../../avr/lib/avr51/libc.a(ultoa_invert.o)
 .bss           0x008002b7        0x0 /usr/lib/gcc/avr/4.5.3/../../../avr/lib/avr51/libc.a(eerd_byte_atmega128.o)
 .bss           0x008002b7        0x0 /usr/lib/gcc/avr/4.5.3/../../../avr/lib/avr51/libc.a(eewr_byte_atmega128.o)
 .bss           0x008002b7        0x0 /usr/lib/gcc/avr/4.5.3/../../../avr/lib/avr51/libc.a(calloc.o)
 .bss           0x008002b7        0x0 /usr/lib/gcc/avr/4.5.3/../../../avr/lib/avr51/libc.a(malloc.o)
 .bss           0x008002b7        0x0 /usr/lib/gcc/avr/4.5.3/../../../avr/lib/avr51/libc.a(memset.o)
 *(.bss*)
 *(COMMON)
 COMMON         0x008002b7      0x1d3 main.o
                0x008002b7                app_timer0_callback
                0x008002b9                error_task
                0x008002ba                _nrk_time_trigger
                0x008002bb                TaskOne
                0x008002de                Stack2
                0x0080035e                _nrk_signal_list
                0x00800362                Stack1
                0x008003e2                nrk_kernel_stk_ptr
                0x008003e4                app_timer0_prescale
                0x008003e5                _nrk_prev_timer_val
                0x008003e6                error_num
                0x008003e7                nrk_idle_task_stk
                0x00800467                TaskTwo
 COMMON         0x0080048a       0x1b ..//src/radio/cc2420/source/basic_rf.o
                0x0080048a                rx_ctr
                0x0080048e                radio_sem
                0x00800490                security_enable
                0x00800491                mdmctrl0
                0x00800493                rfSettings
                0x0080049c                tmp_blah
                0x0080049e                auto_ack_enable
                0x0080049f                last_pkt_encrypted
                0x008004a0                tx_ctr
                0x008004a4                rx_ready
 COMMON         0x008004a5       0xde ..//src/kernel/source/nrk.o
                0x008004a5                _free_node
                0x008004a7                nrk_task_TCB
                0x0080054c                next_next_wakeup
                0x0080054e                nrk_sem_list
                0x00800551                nrk_task_init_cnt
                0x00800552                nrk_wakeup_signal
                0x00800553                nrk_high_ready_TCB
                0x00800555                nrk_cur_task_prio
                0x00800556                _nrk_cpu_state
                0x00800557                _head_node
                0x00800559                nrk_system_time
                0x00800561                _nrk_resource_cnt
                0x00800562                nrk_cur_task_TCB
                0x00800564                nrk_high_ready_prio
                0x00800565                _nrk_readyQ
 COMMON         0x00800583        0x1 ..//src/kernel/source/nrk_scheduler.o
                0x00800583                t
 COMMON         0x00800584        0x8 ..//src/kernel/hal/atmega128/nrk_ext_int.o
                0x00800584                ext_int1_callback
                0x00800586                ext_int0_callback
                0x00800588                ext_int2_callback
                0x0080058a                pc_int0_callback
 COMMON         0x0080058c        0x5 ..//src/drivers/platform/micaZ/source/TUM_LKN_Sensorboard_driver.o
                0x0080058c                i2cDataLen
                0x0080058d                i2cDataDirection
                0x0080058e                m_channel
                0x0080058f                i2cDestination
 COMMON         0x00800591        0x6 /usr/lib/gcc/avr/4.5.3/../../../avr/lib/avr51/libc.a(iob.o)
                0x00800591                __iob
 COMMON         0x00800597        0x4 /usr/lib/gcc/avr/4.5.3/../../../avr/lib/avr51/libc.a(malloc.o)
                0x00800597                __brkval
                0x00800599                __flp
                0x0080059b                PROVIDE (__bss_end, .)
                0x000084b4                __data_load_start = LOADADDR (.data)
                0x0000865c                __data_load_end = (__data_load_start + SIZEOF (.data))

.noinit         0x0080059b        0x0
                0x0080059b                PROVIDE (__noinit_start, .)
 *(.noinit*)
                0x0080059b                PROVIDE (__noinit_end, .)
                0x0080059b                _end = .
                0x0080059b                PROVIDE (__heap_start, .)

.eeprom         0x00810000        0x0
 *(.eeprom*)
                0x00810000                __eeprom_end = .

.fuse
 *(.fuse)
 *(.lfuse)
 *(.hfuse)
 *(.efuse)

.lock
 *(.lock*)

.signature
 *(.signature*)

.stab           0x00000000    0x1953c
 *(.stab)
 .stab          0x00000000      0x6cc /usr/lib/gcc/avr/4.5.3/../../../avr/lib/avr51/crtm128.o
 .stab          0x000006cc      0x978 main.o
                                0x984 (size before relaxing)
 .stab          0x00001044      0x294 ..//src/radio/cc2420/source/hal_rf_set_channel.o
                                0x600 (size before relaxing)
 .stab          0x000012d8      0x264 ..//src/radio/cc2420/source/hal_rf_wait_for_crystal_oscillator.o
                                0x5d0 (size before relaxing)
 .stab          0x0000153c     0x3750 ..//src/radio/cc2420/source/basic_rf.o
                               0x3b70 (size before relaxing)
 .stab          0x00004c8c     0x1170 ..//src/platform/micaZ/source/ulib.o
                               0x14f4 (size before relaxing)
 .stab          0x00005dfc      0x240 ..//src/platform/micaZ/source/hal_wait.o
                                0x5ac (size before relaxing)
 .stab          0x0000603c      0x684 ..//src/platform/micaZ/source/nrk_eeprom.o
                                0x9f0 (size before relaxing)
 .stab          0x000066c0      0x9d8 ..//src/kernel/source/nrk.o
                                0xdc8 (size before relaxing)
 .stab          0x00007098      0x2a0 ..//src/kernel/source/nrk_stats.o
                                0x6b4 (size before relaxing)
 .stab          0x00007338      0xc6c ..//src/kernel/source/nrk_error.o
                               0x108c (size before relaxing)
 .stab          0x00007fa4      0x498 ..//src/kernel/source/nrk_stack_check.o
                                0x8ac (size before relaxing)
 .stab          0x0000843c      0xe4c ..//src/kernel/source/nrk_events.o
                               0x1278 (size before relaxing)
 .stab          0x00009288      0xf54 ..//src/kernel/source/nrk_task.o
                               0x1380 (size before relaxing)
 .stab          0x0000a1dc      0x7ec ..//src/kernel/source/nrk_time.o
                                0xc18 (size before relaxing)
 .stab          0x0000a9c8      0x30c ..//src/kernel/source/nrk_idle_task.o
                                0x738 (size before relaxing)
 .stab          0x0000acd4      0x834 ..//src/kernel/source/nrk_scheduler.o
                                0xc60 (size before relaxing)
 .stab          0x0000b508       0xe4 ..//src/kernel/source/nrk_driver.o
                                 0xf0 (size before relaxing)
 .stab          0x0000b5ec       0xe4 ..//src/kernel/source/nrk_reserve.o
                                 0xf0 (size before relaxing)
 .stab          0x0000b6d0      0x210 ..//src/kernel/source/nrk_sw_wdt.o
                                0x624 (size before relaxing)
 .stab          0x0000b8e0      0xd98 ..//src/kernel/hal/atmega128/nrk_timer.o
                               0x11b8 (size before relaxing)
 .stab          0x0000c678      0x2dc ..//src/kernel/hal/atmega128/nrk_status.o
                                0x648 (size before relaxing)
 .stab          0x0000c954      0x36c ..//src/kernel/hal/atmega128/nrk_ext_int.o
                                0x6f0 (size before relaxing)
 .stab          0x0000ccc0      0x3d8 ..//src/kernel/hal/atmega128/nrk_watchdog.o
                                0x7e0 (size before relaxing)
 .stab          0x0000d098      0x774 ..//src/kernel/hal/atmega128/nrk_cpu.o
                                0xb94 (size before relaxing)
 .stab          0x0000d80c      0x1f8 ..//src/drivers/platform/micaZ/source/ad5242.o
                                0x204 (size before relaxing)
 .stab          0x0000da04      0x318 ..//src/drivers/platform/micaZ/source/adc_driver.o
                                0x4e0 (size before relaxing)
 .stab          0x0000dd1c      0x534 ..//src/drivers/platform/micaZ/source/i2c_driver.o
                                0x6fc (size before relaxing)
 .stab          0x0000e250      0x594 ..//src/drivers/platform/micaZ/source/mda100_driver.o
                                0x75c (size before relaxing)
 .stab          0x0000e7e4      0xb10 ..//src/drivers/platform/micaZ/source/mts310cb_driver.o
                                0xcd8 (size before relaxing)
 .stab          0x0000f2f4      0x8a0 ..//src/drivers/platform/micaZ/source/DS2401.o
                                0xc9c (size before relaxing)
 .stab          0x0000fb94      0x828 ..//src/drivers/platform/micaZ/source/DOGM128-6_Graphicdisplay_driver.o
                                0xa98 (size before relaxing)
 .stab          0x000103bc      0xeac ..//src/drivers/platform/micaZ/source/eDIP240-7_TouchPanel_driver.o
                               0x12a8 (size before relaxing)
 .stab          0x00011268     0x189c ..//src/drivers/platform/micaZ/source/TUM_LKN_Sensorboard_driver.o
                               0x1ce0 (size before relaxing)
 .stab          0x00012b04      0x204 ..//src/kernel/hal/atmega128/atmel_hw_specific.o
                                0x210 (size before relaxing)
 .stab          0x00012d08     0x12f0 /usr/lib/gcc/avr/4.5.3/../../../avr/lib/avr51/libprintf_flt.a(vfprintf_flt.o)
                               0x1350 (size before relaxing)
 .stab          0x00013ff8       0x78 /usr/lib/gcc/avr/4.5.3/../../../avr/lib/avr51/libm.a(addsf3.o)
                                 0x84 (size before relaxing)
 .stab          0x00014070      0x4bc /usr/lib/gcc/avr/4.5.3/../../../avr/lib/avr51/libm.a(addsf3x.o)
                                0x4c8 (size before relaxing)
 .stab          0x0001452c       0x48 /usr/lib/gcc/avr/4.5.3/../../../avr/lib/avr51/libm.a(divsf3.o)
                                 0x54 (size before relaxing)
 .stab          0x00014574      0x510 /usr/lib/gcc/avr/4.5.3/../../../avr/lib/avr51/libm.a(divsf3x.o)
                                0x51c (size before relaxing)
 .stab          0x00014a84      0x240 /usr/lib/gcc/avr/4.5.3/../../../avr/lib/avr51/libm.a(fixunssfsi.o)
                                0x24c (size before relaxing)
 .stab          0x00014cc4      0x318 /usr/lib/gcc/avr/4.5.3/../../../avr/lib/avr51/libm.a(floatsisf.o)
                                0x324 (size before relaxing)
 .stab          0x00014fdc       0x78 /usr/lib/gcc/avr/4.5.3/../../../avr/lib/avr51/libm.a(fp_inf.o)
                                 0x84 (size before relaxing)
 .stab          0x00015054       0x54 /usr/lib/gcc/avr/4.5.3/../../../avr/lib/avr51/libm.a(fp_nan.o)
                                 0x60 (size before relaxing)
 .stab          0x000150a8       0x84 /usr/lib/gcc/avr/4.5.3/../../../avr/lib/avr51/libm.a(fp_pscA.o)
                                 0x90 (size before relaxing)
 .stab          0x0001512c       0x84 /usr/lib/gcc/avr/4.5.3/../../../avr/lib/avr51/libm.a(fp_pscB.o)
                                 0x90 (size before relaxing)
 .stab          0x000151b0       0xfc /usr/lib/gcc/avr/4.5.3/../../../avr/lib/avr51/libm.a(fp_round.o)
                                0x108 (size before relaxing)
 .stab          0x000152ac      0x1d4 /usr/lib/gcc/avr/4.5.3/../../../avr/lib/avr51/libm.a(fp_split3.o)
                                0x1e0 (size before relaxing)
 .stab          0x00015480       0x90 /usr/lib/gcc/avr/4.5.3/../../../avr/lib/avr51/libm.a(fp_zero.o)
                                 0x9c (size before relaxing)
 .stab          0x00015510       0x6c /usr/lib/gcc/avr/4.5.3/../../../avr/lib/avr51/libm.a(gesf2.o)
                                 0x78 (size before relaxing)
 .stab          0x0001557c      0x378 /usr/lib/gcc/avr/4.5.3/../../../avr/lib/avr51/libm.a(log.o)
                                0x384 (size before relaxing)
 .stab          0x000158f4       0x48 /usr/lib/gcc/avr/4.5.3/../../../avr/lib/avr51/libm.a(mulsf3.o)
                                 0x54 (size before relaxing)
 .stab          0x0001593c      0x4d4 /usr/lib/gcc/avr/4.5.3/../../../avr/lib/avr51/libm.a(mulsf3x.o)
                                0x4e0 (size before relaxing)
 .stab          0x00015e10      0x3c0 /usr/lib/gcc/avr/4.5.3/../../../avr/lib/avr51/libm.a(pow.o)
                                0x3cc (size before relaxing)
 .stab          0x000161d0      0x288 /usr/lib/gcc/avr/4.5.3/../../../avr/lib/avr51/libm.a(exp.o)
                                0x294 (size before relaxing)
 .stab          0x00016458      0x1e0 /usr/lib/gcc/avr/4.5.3/../../../avr/lib/avr51/libm.a(fp_cmp.o)
                                0x1ec (size before relaxing)
 .stab          0x00016638       0xe4 /usr/lib/gcc/avr/4.5.3/../../../avr/lib/avr51/libm.a(fp_mpack.o)
                                 0xf0 (size before relaxing)
 .stab          0x0001671c      0x1ec /usr/lib/gcc/avr/4.5.3/../../../avr/lib/avr51/libm.a(fp_powser.o)
                                0x1f8 (size before relaxing)
 .stab          0x00016908       0x84 /usr/lib/gcc/avr/4.5.3/../../../avr/lib/avr51/libm.a(inverse.o)
                                 0x90 (size before relaxing)
 .stab          0x0001698c      0x2c4 /usr/lib/gcc/avr/4.5.3/../../../avr/lib/avr51/libm.a(ldexp.o)
                                0x2d0 (size before relaxing)
 .stab          0x00016c50      0x2a0 /usr/lib/gcc/avr/4.5.3/../../../avr/lib/avr51/libm.a(modf.o)
                                0x2ac (size before relaxing)
 .stab          0x00016ef0      0xa38 /usr/lib/gcc/avr/4.5.3/../../../avr/lib/avr51/libc.a(ftoa_engine.o)
                                0xa44 (size before relaxing)
 .stab          0x00017928       0x9c /usr/lib/gcc/avr/4.5.3/../../../avr/lib/avr51/libc.a(strnlen_P.o)
                                 0xa8 (size before relaxing)
 .stab          0x000179c4       0x9c /usr/lib/gcc/avr/4.5.3/../../../avr/lib/avr51/libc.a(strnlen.o)
                                 0xa8 (size before relaxing)
 .stab          0x00017a60      0x288 /usr/lib/gcc/avr/4.5.3/../../../avr/lib/avr51/libc.a(fdevopen.o)
                                0x4b0 (size before relaxing)
 .stab          0x00017ce8      0x264 /usr/lib/gcc/avr/4.5.3/../../../avr/lib/avr51/libc.a(fgetc.o)
                                0x444 (size before relaxing)
 .stab          0x00017f4c      0x1e0 /usr/lib/gcc/avr/4.5.3/../../../avr/lib/avr51/libc.a(fputc.o)
                                0x3c0 (size before relaxing)
 .stab          0x0001812c      0x12c /usr/lib/gcc/avr/4.5.3/../../../avr/lib/avr51/libc.a(iob.o)
                                0x30c (size before relaxing)
 .stab          0x00018258      0x18c /usr/lib/gcc/avr/4.5.3/../../../avr/lib/avr51/libc.a(printf.o)
                                0x36c (size before relaxing)
 .stab          0x000183e4      0x1f8 /usr/lib/gcc/avr/4.5.3/../../../avr/lib/avr51/libc.a(puts.o)
                                0x3d8 (size before relaxing)
 .stab          0x000185dc      0x1f8 /usr/lib/gcc/avr/4.5.3/../../../avr/lib/avr51/libc.a(sprintf.o)
                                0x3d8 (size before relaxing)
 .stab          0x000187d4      0x480 /usr/lib/gcc/avr/4.5.3/../../../avr/lib/avr51/libc.a(ultoa_invert.o)
                                0x48c (size before relaxing)
 .stab          0x00018c54       0x90 /usr/lib/gcc/avr/4.5.3/../../../avr/lib/avr51/libc.a(eerd_byte_atmega128.o)
                                 0x9c (size before relaxing)
 .stab          0x00018ce4       0xd8 /usr/lib/gcc/avr/4.5.3/../../../avr/lib/avr51/libc.a(eewr_byte_atmega128.o)
                                 0xe4 (size before relaxing)
 .stab          0x00018dbc      0x198 /usr/lib/gcc/avr/4.5.3/../../../avr/lib/avr51/libc.a(calloc.o)
                                0x1d4 (size before relaxing)
 .stab          0x00018f54      0x57c /usr/lib/gcc/avr/4.5.3/../../../avr/lib/avr51/libc.a(malloc.o)
                                0x75c (size before relaxing)
 .stab          0x000194d0       0x6c /usr/lib/gcc/avr/4.5.3/../../../avr/lib/avr51/libc.a(memset.o)
                                 0x78 (size before relaxing)

.stabstr        0x00000000     0x6b3e
 *(.stabstr)
 .stabstr       0x00000000     0x6b3e /usr/lib/gcc/avr/4.5.3/../../../avr/lib/avr51/crtm128.o

.stab.excl
 *(.stab.excl)

.stab.exclstr
 *(.stab.exclstr)

.stab.index
 *(.stab.index)

.stab.indexstr
 *(.stab.indexstr)

.comment
 *(.comment)

.debug
 *(.debug)

.line
 *(.line)

.debug_srcinfo
 *(.debug_srcinfo)

.debug_sfnames
 *(.debug_sfnames)

.debug_aranges
 *(.debug_aranges)

.debug_pubnames
 *(.debug_pubnames)

.debug_info
 *(.debug_info)
 *(.gnu.linkonce.wi.*)

.debug_abbrev
 *(.debug_abbrev)

.debug_line
 *(.debug_line)

.debug_frame
 *(.debug_frame)

.debug_str
 *(.debug_str)

.debug_loc
 *(.debug_loc)

.debug_macinfo
 *(.debug_macinfo)
OUTPUT(main.elf elf32-avr)
LOAD linker stubs

Cross Reference Table

Symbol                                            File
DOGM128_6_LCD_print                               ..//src/drivers/platform/micaZ/source/DOGM128-6_Graphicdisplay_driver.o
DOGM128_6_clear_display                           ..//src/drivers/platform/micaZ/source/DOGM128-6_Graphicdisplay_driver.o
DOGM128_6_display_backlight                       ..//src/drivers/platform/micaZ/source/DOGM128-6_Graphicdisplay_driver.o
DOGM128_6_display_init                            ..//src/drivers/platform/micaZ/source/DOGM128-6_Graphicdisplay_driver.o
DOGM128_6_usart1_sendByte                         ..//src/drivers/platform/micaZ/source/DOGM128-6_Graphicdisplay_driver.o
DS2401_getSerialNumber                            ..//src/drivers/platform/micaZ/source/DS2401.o
DS2401_init                                       ..//src/drivers/platform/micaZ/source/DS2401.o
Maxim_1Wire_CommandReadRom                        ..//src/drivers/platform/micaZ/source/DS2401.o
Maxim_1Wire_ReadBit                               ..//src/drivers/platform/micaZ/source/DS2401.o
Maxim_1Wire_ReadByte                              ..//src/drivers/platform/micaZ/source/DS2401.o
Maxim_1Wire_ResetPulse                            ..//src/drivers/platform/micaZ/source/DS2401.o
Maxim_1Wire_WriteBit                              ..//src/drivers/platform/micaZ/source/DS2401.o
Maxim_1Wire_WriteByte                             ..//src/drivers/platform/micaZ/source/DS2401.o
NRK_ADC_INPUT_0                                   ..//src/platform/micaZ/source/ulib.o
NRK_ADC_INPUT_1                                   ..//src/platform/micaZ/source/ulib.o
NRK_ADC_INPUT_2                                   ..//src/platform/micaZ/source/ulib.o
NRK_ADC_INPUT_3                                   ..//src/platform/micaZ/source/ulib.o
NRK_ADC_INPUT_6                                   ..//src/platform/micaZ/source/ulib.o
NRK_ADC_INPUT_7                                   ..//src/platform/micaZ/source/ulib.o
NRK_BLED                                          ..//src/platform/micaZ/source/ulib.o
NRK_CCA                                           ..//src/platform/micaZ/source/ulib.o
NRK_CSN                                           ..//src/platform/micaZ/source/ulib.o
NRK_DEBUG_0                                       ..//src/platform/micaZ/source/ulib.o
                                                  ..//src/radio/cc2420/source/basic_rf.o
NRK_DEBUG_1                                       ..//src/platform/micaZ/source/ulib.o
                                                  ..//src/radio/cc2420/source/basic_rf.o
NRK_DEBUG_2                                       ..//src/platform/micaZ/source/ulib.o
NRK_DEBUG_3                                       ..//src/platform/micaZ/source/ulib.o
NRK_FIFO                                          ..//src/platform/micaZ/source/ulib.o
NRK_FIFOP                                         ..//src/platform/micaZ/source/ulib.o
NRK_GPIO26                                        ..//src/platform/micaZ/source/ulib.o
NRK_GPIO28                                        ..//src/platform/micaZ/source/ulib.o
NRK_GPIO34                                        ..//src/platform/micaZ/source/ulib.o
NRK_LED_0                                         ..//src/platform/micaZ/source/ulib.o
NRK_LED_1                                         ..//src/platform/micaZ/source/ulib.o
NRK_LED_2                                         ..//src/platform/micaZ/source/ulib.o
NRK_LED_3                                         ..//src/platform/micaZ/source/ulib.o
NRK_MISO                                          ..//src/platform/micaZ/source/ulib.o
NRK_MOSI                                          ..//src/platform/micaZ/source/ulib.o
NRK_RESET_N                                       ..//src/platform/micaZ/source/ulib.o
NRK_SCK                                           ..//src/platform/micaZ/source/ulib.o
NRK_SFD                                           ..//src/platform/micaZ/source/ulib.o
NRK_SPI_SS                                        ..//src/platform/micaZ/source/ulib.o
NRK_UART0_RXD                                     ..//src/platform/micaZ/source/ulib.o
NRK_UART0_TXD                                     ..//src/platform/micaZ/source/ulib.o
NRK_UART1_CTS                                     ..//src/platform/micaZ/source/ulib.o
NRK_UART1_RTS                                     ..//src/platform/micaZ/source/ulib.o
NRK_UART1_RXD                                     ..//src/platform/micaZ/source/ulib.o
NRK_UART1_TXD                                     ..//src/platform/micaZ/source/ulib.o
NRK_VREG_EN                                       ..//src/platform/micaZ/source/ulib.o
S2V                                               ..//src/drivers/platform/micaZ/source/TUM_LKN_Sensorboard_driver.o
Stack1                                            main.o
Stack2                                            main.o
TUM_LKN_Sensorboard_StepperIdle                   ..//src/drivers/platform/micaZ/source/TUM_LKN_Sensorboard_driver.o
TUM_LKN_Sensorboard_getCurrentStep                ..//src/drivers/platform/micaZ/source/TUM_LKN_Sensorboard_driver.o
TUM_LKN_Sensorboard_greenBlink                    ..//src/drivers/platform/micaZ/source/TUM_LKN_Sensorboard_driver.o
TUM_LKN_Sensorboard_greenOff                      ..//src/drivers/platform/micaZ/source/TUM_LKN_Sensorboard_driver.o
TUM_LKN_Sensorboard_greenOn                       ..//src/drivers/platform/micaZ/source/TUM_LKN_Sensorboard_driver.o
TUM_LKN_Sensorboard_greenToggle                   ..//src/drivers/platform/micaZ/source/TUM_LKN_Sensorboard_driver.o
TUM_LKN_Sensorboard_halfStepCCW                   ..//src/drivers/platform/micaZ/source/TUM_LKN_Sensorboard_driver.o
TUM_LKN_Sensorboard_halfStepCW                    ..//src/drivers/platform/micaZ/source/TUM_LKN_Sensorboard_driver.o
TUM_LKN_Sensorboard_init                          ..//src/drivers/platform/micaZ/source/TUM_LKN_Sensorboard_driver.o
TUM_LKN_Sensorboard_laserBlink                    ..//src/drivers/platform/micaZ/source/TUM_LKN_Sensorboard_driver.o
TUM_LKN_Sensorboard_laserOff                      ..//src/drivers/platform/micaZ/source/TUM_LKN_Sensorboard_driver.o
TUM_LKN_Sensorboard_laserOn                       ..//src/drivers/platform/micaZ/source/TUM_LKN_Sensorboard_driver.o
TUM_LKN_Sensorboard_laserToggle                   ..//src/drivers/platform/micaZ/source/TUM_LKN_Sensorboard_driver.o
TUM_LKN_Sensorboard_readChannel                   ..//src/drivers/platform/micaZ/source/TUM_LKN_Sensorboard_driver.o
TUM_LKN_Sensorboard_readChannel1                  ..//src/drivers/platform/micaZ/source/TUM_LKN_Sensorboard_driver.o
TUM_LKN_Sensorboard_readChannel2                  ..//src/drivers/platform/micaZ/source/TUM_LKN_Sensorboard_driver.o
TUM_LKN_Sensorboard_readChannel3                  ..//src/drivers/platform/micaZ/source/TUM_LKN_Sensorboard_driver.o
TUM_LKN_Sensorboard_readPhotoVoltage              ..//src/drivers/platform/micaZ/source/TUM_LKN_Sensorboard_driver.o
TUM_LKN_Sensorboard_redBlink                      ..//src/drivers/platform/micaZ/source/TUM_LKN_Sensorboard_driver.o
TUM_LKN_Sensorboard_redOff                        ..//src/drivers/platform/micaZ/source/TUM_LKN_Sensorboard_driver.o
TUM_LKN_Sensorboard_redOn                         ..//src/drivers/platform/micaZ/source/TUM_LKN_Sensorboard_driver.o
TUM_LKN_Sensorboard_redToggle                     ..//src/drivers/platform/micaZ/source/TUM_LKN_Sensorboard_driver.o
TUM_LKN_Sensorboard_setBeeper                     ..//src/drivers/platform/micaZ/source/TUM_LKN_Sensorboard_driver.o
TUM_LKN_Sensorboard_setBrightness0                ..//src/drivers/platform/micaZ/source/TUM_LKN_Sensorboard_driver.o
TUM_LKN_Sensorboard_setBrightness1                ..//src/drivers/platform/micaZ/source/TUM_LKN_Sensorboard_driver.o
TUM_LKN_Sensorboard_setControl0                   ..//src/drivers/platform/micaZ/source/TUM_LKN_Sensorboard_driver.o
TUM_LKN_Sensorboard_setControl1                   ..//src/drivers/platform/micaZ/source/TUM_LKN_Sensorboard_driver.o
TUM_LKN_Sensorboard_stepCCW                       ..//src/drivers/platform/micaZ/source/TUM_LKN_Sensorboard_driver.o
TUM_LKN_Sensorboard_stepCW                        ..//src/drivers/platform/micaZ/source/TUM_LKN_Sensorboard_driver.o
TUM_LKN_Sensorboard_writeIO                       ..//src/drivers/platform/micaZ/source/TUM_LKN_Sensorboard_driver.o
TUM_LKN_Sensorboard_writeIOs                      ..//src/drivers/platform/micaZ/source/TUM_LKN_Sensorboard_driver.o
TUM_LKN_Sensorboard_writeValue                    ..//src/drivers/platform/micaZ/source/TUM_LKN_Sensorboard_driver.o
TUM_LKN_Sensorboard_yellowBlink                   ..//src/drivers/platform/micaZ/source/TUM_LKN_Sensorboard_driver.o
TUM_LKN_Sensorboard_yellowOff                     ..//src/drivers/platform/micaZ/source/TUM_LKN_Sensorboard_driver.o
TUM_LKN_Sensorboard_yellowOn                      ..//src/drivers/platform/micaZ/source/TUM_LKN_Sensorboard_driver.o
TUM_LKN_Sensorboard_yellowToggle                  ..//src/drivers/platform/micaZ/source/TUM_LKN_Sensorboard_driver.o
TWI_read                                          ..//src/drivers/platform/micaZ/source/TUM_LKN_Sensorboard_driver.o
TWI_write                                         ..//src/drivers/platform/micaZ/source/TUM_LKN_Sensorboard_driver.o
Task1                                             main.o
Task2                                             main.o
TaskOne                                           main.o
TaskTwo                                           main.o
USART0_getchar                                    ..//src/drivers/platform/micaZ/source/eDIP240-7_TouchPanel_driver.o
USART0_putchar                                    ..//src/drivers/platform/micaZ/source/eDIP240-7_TouchPanel_driver.o
V2S                                               ..//src/drivers/platform/micaZ/source/TUM_LKN_Sensorboard_driver.o
__addsf3                                          /usr/lib/gcc/avr/4.5.3/../../../avr/lib/avr51/libm.a(addsf3.o)
                                                  /usr/lib/gcc/avr/4.5.3/../../../avr/lib/avr51/libm.a(log.o)
                                                  ..//src/drivers/platform/micaZ/source/mda100_driver.o
__addsf3x                                         /usr/lib/gcc/avr/4.5.3/../../../avr/lib/avr51/libm.a(addsf3x.o)
                                                  /usr/lib/gcc/avr/4.5.3/../../../avr/lib/avr51/libm.a(fp_powser.o)
                                                  /usr/lib/gcc/avr/4.5.3/../../../avr/lib/avr51/libm.a(log.o)
                                                  /usr/lib/gcc/avr/4.5.3/../../../avr/lib/avr51/libm.a(addsf3.o)
__bad_interrupt                                   /usr/lib/gcc/avr/4.5.3/../../../avr/lib/avr51/crtm128.o
__brkval                                          /usr/lib/gcc/avr/4.5.3/../../../avr/lib/avr51/libc.a(malloc.o)
__bss_end                                         /usr/lib/gcc/avr/4.5.3/avr51/libgcc.a(_clear_bss.o)
__bss_start                                       /usr/lib/gcc/avr/4.5.3/avr51/libgcc.a(_clear_bss.o)
__clz_tab                                         /usr/lib/gcc/avr/4.5.3/avr51/libgcc.a(_clz.o)
                                                  /usr/lib/gcc/avr/4.5.3/avr51/libgcc.a(_udivdi3.o)
__data_end                                        /usr/lib/gcc/avr/4.5.3/avr51/libgcc.a(_copy_data.o)
__data_load_start                                 /usr/lib/gcc/avr/4.5.3/avr51/libgcc.a(_copy_data.o)
__data_start                                      /usr/lib/gcc/avr/4.5.3/avr51/libgcc.a(_copy_data.o)
__divsf3                                          /usr/lib/gcc/avr/4.5.3/../../../avr/lib/avr51/libm.a(divsf3.o)
                                                  /usr/lib/gcc/avr/4.5.3/../../../avr/lib/avr51/libm.a(inverse.o)
                                                  ..//src/drivers/platform/micaZ/source/TUM_LKN_Sensorboard_driver.o
                                                  ..//src/drivers/platform/micaZ/source/mda100_driver.o
                                                  ..//src/drivers/platform/micaZ/source/adc_driver.o
__divsf3_pse                                      /usr/lib/gcc/avr/4.5.3/../../../avr/lib/avr51/libm.a(divsf3x.o)
__divsf3x                                         /usr/lib/gcc/avr/4.5.3/../../../avr/lib/avr51/libm.a(divsf3x.o)
                                                  /usr/lib/gcc/avr/4.5.3/../../../avr/lib/avr51/libm.a(divsf3.o)
__do_clear_bss                                    /usr/lib/gcc/avr/4.5.3/avr51/libgcc.a(_clear_bss.o)
                                                  /usr/lib/gcc/avr/4.5.3/../../../avr/lib/avr51/libc.a(malloc.o)
                                                  /usr/lib/gcc/avr/4.5.3/../../../avr/lib/avr51/libc.a(iob.o)
                                                  ..//src/drivers/platform/micaZ/source/TUM_LKN_Sensorboard_driver.o
                                                  ..//src/drivers/platform/micaZ/source/eDIP240-7_TouchPanel_driver.o
                                                  ..//src/drivers/platform/micaZ/source/DS2401.o
                                                  ..//src/drivers/platform/micaZ/source/mts310cb_driver.o
                                                  ..//src/drivers/platform/micaZ/source/mda100_driver.o
                                                  ..//src/kernel/hal/atmega128/nrk_cpu.o
                                                  ..//src/kernel/hal/atmega128/nrk_watchdog.o
                                                  ..//src/kernel/hal/atmega128/nrk_ext_int.o
                                                  ..//src/kernel/hal/atmega128/nrk_status.o
                                                  ..//src/kernel/hal/atmega128/nrk_timer.o
                                                  ..//src/kernel/source/nrk_sw_wdt.o
                                                  ..//src/kernel/source/nrk_scheduler.o
                                                  ..//src/kernel/source/nrk_idle_task.o
                                                  ..//src/kernel/source/nrk_time.o
                                                  ..//src/kernel/source/nrk_task.o
                                                  ..//src/kernel/source/nrk_events.o
                                                  ..//src/kernel/source/nrk_stack_check.o
                                                  ..//src/kernel/source/nrk_error.o
                                                  ..//src/kernel/source/nrk_stats.o
                                                  ..//src/kernel/source/nrk.o
                                                  ..//src/platform/micaZ/source/nrk_eeprom.o
                                                  ..//src/platform/micaZ/source/hal_wait.o
                                                  ..//src/platform/micaZ/source/ulib.o
                                                  ..//src/radio/cc2420/source/basic_rf.o