Archive member included because of file (symbol)

/usr/lib/gcc/avr/4.5.3/../../../avr/lib/avr51/libprintf_min.a(vfprintf_min.o)
                              (vfprintf)
/usr/lib/gcc/avr/4.5.3/avr51/libgcc.a(_mulsi3.o)
                              ../../../src/kernel/source/nrk_time.o (__mulsi3)
/usr/lib/gcc/avr/4.5.3/avr51/libgcc.a(_udivmodhi4.o)
                              ../../../src/kernel/source/nrk_scheduler.o (__udivmodhi4)
/usr/lib/gcc/avr/4.5.3/avr51/libgcc.a(_udivmodsi4.o)
                              ../../../src/kernel/source/nrk_time.o (__udivmodsi4)
/usr/lib/gcc/avr/4.5.3/avr51/libgcc.a(_exit.o)
                              /usr/lib/gcc/avr/4.5.3/../../../avr/lib/avr51/crtm1281.o (exit)
/usr/lib/gcc/avr/4.5.3/avr51/libgcc.a(_copy_data.o)
                              main.o (__do_copy_data)
/usr/lib/gcc/avr/4.5.3/avr51/libgcc.a(_clear_bss.o)
                              main.o (__do_clear_bss)
/usr/lib/gcc/avr/4.5.3/avr51/libgcc.a(_udivdi3.o)
                              ../../../src/kernel/source/nrk_time.o (__udivdi3)
/usr/lib/gcc/avr/4.5.3/avr51/libgcc.a(_prologue.o)
                              /usr/lib/gcc/avr/4.5.3/avr51/libgcc.a(_udivdi3.o) (__prologue_saves__)
/usr/lib/gcc/avr/4.5.3/avr51/libgcc.a(_epilogue.o)
                              /usr/lib/gcc/avr/4.5.3/avr51/libgcc.a(_udivdi3.o) (__epilogue_restores__)
/usr/lib/gcc/avr/4.5.3/avr51/libgcc.a(_clz.o)
                              /usr/lib/gcc/avr/4.5.3/avr51/libgcc.a(_udivdi3.o) (__clz_tab)
/usr/lib/gcc/avr/4.5.3/../../../avr/lib/avr51/libc.a(strchr_P.o)
                              /usr/lib/gcc/avr/4.5.3/../../../avr/lib/avr51/libprintf_min.a(vfprintf_min.o) (strchr_P)
/usr/lib/gcc/avr/4.5.3/../../../avr/lib/avr51/libc.a(fdevopen.o)
                              ../../../src/platform/firefly2_2/source/ulib.o (fdevopen)
/usr/lib/gcc/avr/4.5.3/../../../avr/lib/avr51/libc.a(fputc.o)
                              ../../../src/platform/firefly2_2/source/ulib.o (fputc)
/usr/lib/gcc/avr/4.5.3/../../../avr/lib/avr51/libc.a(iob.o)
                              ../../../src/platform/firefly2_2/source/ulib.o (__iob)
/usr/lib/gcc/avr/4.5.3/../../../avr/lib/avr51/libc.a(printf.o)
                              main.o (printf)
/usr/lib/gcc/avr/4.5.3/../../../avr/lib/avr51/libc.a(puts.o)
                              main.o (puts)
/usr/lib/gcc/avr/4.5.3/../../../avr/lib/avr51/libc.a(sprintf.o)
                              ../../../src/kernel/source/nrk_error.o (sprintf)
/usr/lib/gcc/avr/4.5.3/../../../avr/lib/avr51/libc.a(ultoa_invert.o)
                              /usr/lib/gcc/avr/4.5.3/../../../avr/lib/avr51/libprintf_min.a(vfprintf_min.o) (__ultoa_invert)
/usr/lib/gcc/avr/4.5.3/../../../avr/lib/avr51/libc.a(eerd_byte_atmega1281.o)
                              ../../../src/platform/firefly2_2/source/nrk_eeprom.o (__eerd_byte_m1281)
/usr/lib/gcc/avr/4.5.3/../../../avr/lib/avr51/libc.a(eewr_byte_atmega1281.o)
                              ../../../src/platform/firefly2_2/source/nrk_eeprom.o (__eewr_byte_m1281)
/usr/lib/gcc/avr/4.5.3/../../../avr/lib/avr51/libc.a(calloc.o)
                              /usr/lib/gcc/avr/4.5.3/../../../avr/lib/avr51/libc.a(fdevopen.o) (calloc)
/usr/lib/gcc/avr/4.5.3/../../../avr/lib/avr51/libc.a(malloc.o)
                              /usr/lib/gcc/avr/4.5.3/../../../avr/lib/avr51/libc.a(calloc.o) (malloc)
/usr/lib/gcc/avr/4.5.3/../../../avr/lib/avr51/libc.a(memset.o)
                              /usr/lib/gcc/avr/4.5.3/../../../avr/lib/avr51/libc.a(calloc.o) (memset)

Allocating common symbols
Common symbol       size              file

rx_ctr              0x4               ../../../src/radio/cc2420/source/basic_rf.o
t                   0x1               ../../../src/kernel/source/nrk_scheduler.o
_free_node          0x2               ../../../src/kernel/source/nrk.o
TaskFour            0x23              main.o
app_timer0_callback
                    0x2               main.o
nrk_task_TCB        0xa5              ../../../src/kernel/source/nrk.o
next_next_wakeup    0x2               ../../../src/kernel/source/nrk.o
ext_int1_callback   0x2               ../../../src/kernel/hal/atmega1281/nrk_ext_int.o
radio_sem           0x2               ../../../src/radio/cc2420/source/basic_rf.o
Stack3              0x100             main.o
ext_int0_callback   0x2               ../../../src/kernel/hal/atmega1281/nrk_ext_int.o
nrk_sem_list        0x3               ../../../src/kernel/source/nrk.o
security_enable     0x1               ../../../src/radio/cc2420/source/basic_rf.o
nrk_task_init_cnt   0x1               ../../../src/kernel/source/nrk.o
error_task          0x1               main.o
mdmctrl0            0x2               ../../../src/radio/cc2420/source/basic_rf.o
rfSettings          0x9               ../../../src/radio/cc2420/source/basic_rf.o
_nrk_time_trigger   0x1               main.o
ext_int2_callback   0x2               ../../../src/kernel/hal/atmega1281/nrk_ext_int.o
[...]
Memory Configuration

Name             Origin             Length             Attributes
text             0x00000000         0x00020000         xr
data             0x00800100         0x0000ff00         rw !x
eeprom           0x00810000         0x00010000         rw !x
fuse             0x00820000         0x00000400         rw !x
lock             0x00830000         0x00000400         rw !x
signature        0x00840000         0x00000400         rw !x
*default*        0x00000000         0xffffffff

Linker script and memory map

Address of section .data set to 0x800200
LOAD /usr/lib/gcc/avr/4.5.3/../../../avr/lib/avr51/crtm1281.o
LOAD main.o
LOAD mmc.o
LOAD ../../../src/radio/cc2420/source/hal_rf_set_channel.o
LOAD ../../../src/radio/cc2420/source/hal_rf_wait_for_crystal_oscillator.o
LOAD ../../../src/radio/cc2420/source/basic_rf.o
LOAD ../../../src/platform/firefly2_2/source/ulib.o
LOAD ../../../src/platform/firefly2_2/source/hal_wait.o
LOAD ../../../src/platform/firefly2_2/source/nrk_eeprom.o
LOAD ../../../src/kernel/source/nrk.o
LOAD ../../../src/kernel/source/nrk_stats.o
LOAD ../../../src/kernel/source/nrk_error.o
LOAD ../../../src/kernel/source/nrk_stack_check.o
LOAD ../../../src/kernel/source/nrk_events.o
LOAD ../../../src/kernel/source/nrk_task.o
LOAD ../../../src/kernel/source/nrk_time.o
LOAD ../../../src/kernel/source/nrk_idle_task.o
LOAD ../../../src/kernel/source/nrk_scheduler.o
LOAD ../../../src/kernel/source/nrk_driver.o
LOAD ../../../src/kernel/source/nrk_reserve.o
LOAD ../../../src/kernel/source/nrk_sw_wdt.o
LOAD ../../../src/kernel/hal/atmega1281/nrk_timer.o
LOAD ../../../src/kernel/hal/atmega1281/nrk_status.o
LOAD ../../../src/kernel/hal/atmega1281/nrk_ext_int.o
LOAD ../../../src/kernel/hal/atmega1281/nrk_watchdog.o
LOAD ../../../src/kernel/hal/atmega1281/nrk_cpu.o
LOAD ../../../src/kernel/hal/atmega1281/atmel_hw_specific.o
LOAD /usr/lib/gcc/avr/4.5.3/../../../avr/lib/avr51/libprintf_min.a
LOAD /usr/lib/gcc/avr/4.5.3/../../../avr/lib/avr51/libm.a
LOAD /usr/lib/gcc/avr/4.5.3/avr51/libgcc.a
LOAD /usr/lib/gcc/avr/4.5.3/../../../avr/lib/avr51/libc.a
LOAD /usr/lib/gcc/avr/4.5.3/avr51/libgcc.a

.hash
 *(.hash)

.dynsym
 *(.dynsym)

.dynstr
 *(.dynstr)

.gnu.version
 *(.gnu.version)

.gnu.version_d
 *(.gnu.version_d)

.gnu.version_r
 *(.gnu.version_r)

.rel.init
 *(.rel.init)

.rela.init
 *(.rela.init)

.rel.text
 *(.rel.text)
 *(.rel.text.*)
 *(.rel.gnu.linkonce.t*)

.rela.text
 *(.rela.text)
 *(.rela.text.*)
 *(.rela.gnu.linkonce.t*)

.rel.fini
 *(.rel.fini)

.rela.fini
 *(.rela.fini)

.rel.rodata
 *(.rel.rodata)
 *(.rel.rodata.*)
 *(.rel.gnu.linkonce.r*)

.rela.rodata
 *(.rela.rodata)
 *(.rela.rodata.*)
 *(.rela.gnu.linkonce.r*)

.rel.data
 *(.rel.data)
 *(.rel.data.*)
 *(.rel.gnu.linkonce.d*)

.rela.data
 *(.rela.data)
 *(.rela.data.*)
 *(.rela.gnu.linkonce.d*)

.rel.ctors
 *(.rel.ctors)

.rela.ctors
 *(.rela.ctors)

.rel.dtors
 *(.rel.dtors)

.rela.dtors
 *(.rela.dtors)

.rel.got
 *(.rel.got)

.rela.got
 *(.rela.got)

.rel.bss
 *(.rel.bss)

.rela.bss
 *(.rela.bss)

.rel.plt
 *(.rel.plt)

.rela.plt
 *(.rela.plt)

.text           0x00000000     0x6b08
 *(.vectors)
 .vectors       0x00000000       0xcc /usr/lib/gcc/avr/4.5.3/../../../avr/lib/avr51/crtm1281.o
                0x00000000                __vectors
 *(.vectors)
 *(.progmem.gcc*)
 .progmem.gcc_sw_table
                0x000000cc       0x2c ../../../src/kernel/source/nrk_error.o
 *(.progmem*)
 .progmem.data  0x000000f8      0x238 ../../../src/kernel/source/nrk_error.o
 .progmem.data  0x00000330        0xf ../../../src/kernel/source/nrk_stack_check.o
 .progmem.data  0x0000033f       0x17 /usr/lib/gcc/avr/4.5.3/../../../avr/lib/avr51/libprintf_min.a(vfprintf_min.o)
                0x00000356                . = ALIGN (0x2)
                0x00000356                __trampolines_start = .
 *(.trampolines)
 .trampolines   0x00000356        0x0 linker stubs
 *(.trampolines*)
                0x00000356                __trampolines_end = .
 *(.jumptables)
 *(.jumptables*)
 *(.lowtext)
 *(.lowtext*)
                0x00000356                __ctors_start = .
 *(.ctors)
                0x00000356                __ctors_end = .
                0x00000356                __dtors_start = .
 *(.dtors)
                0x00000356                __dtors_end = .
 SORT(*)(.ctors)
 SORT(*)(.dtors)
 *(.init0)
 .init0         0x00000356        0x0 /usr/lib/gcc/avr/4.5.3/../../../avr/lib/avr51/crtm1281.o
                0x00000356                __init
 *(.init0)
 *(.init1)
 *(.init1)
 *(.init2)
 .init2         0x00000356        0xc /usr/lib/gcc/avr/4.5.3/../../../avr/lib/avr51/crtm1281.o
 *(.init2)
 *(.init3)
 *(.init3)
 *(.init4)
 .init4         0x00000362       0x1a /usr/lib/gcc/avr/4.5.3/avr51/libgcc.a(_copy_data.o)
                0x00000362                __do_copy_data
 .init4         0x0000037c       0x10 /usr/lib/gcc/avr/4.5.3/avr51/libgcc.a(_clear_bss.o)
                0x0000037c                __do_clear_bss
 *(.init4)
 *(.init5)
 *(.init5)
 *(.init6)
 *(.init6)
 *(.init7)
 *(.init7)
 *(.init8)
 *(.init8)
 *(.init9)
 .init9         0x0000038c        0x8 /usr/lib/gcc/avr/4.5.3/../../../avr/lib/avr51/crtm1281.o
 *(.init9)
 *(.text)
 .text          0x00000394        0x4 /usr/lib/gcc/avr/4.5.3/../../../avr/lib/avr51/crtm1281.o
                0x00000394                __vector_38
                0x00000394                __vector_22
                0x00000394                __vector_28
                0x00000394                __vector_34
                0x00000394                __vector_24
                0x00000394                __vector_12
                0x00000394                __vector_46
                0x00000394                __bad_interrupt
                0x00000394                __vector_6
                0x00000394                __vector_31
                0x00000394                __vector_35
                0x00000394                __vector_39
                0x00000394                __vector_3
                0x00000394                __vector_23
                0x00000394                __vector_30
                0x00000394                __vector_45
                0x00000394                __vector_25
                0x00000394                __vector_11
                0x00000394                __vector_19
                0x00000394                __vector_7
                0x00000394                __vector_49
                0x00000394                __vector_41
                0x00000394                __vector_43
                0x00000394                __vector_27
                0x00000394                __vector_5
                0x00000394                __vector_33
                0x00000394                __vector_47
                0x00000394                __vector_37
                0x00000394                __vector_4
                0x00000394                __vector_44
                0x00000394                __vector_2
                0x00000394                __vector_21
                0x00000394                __vector_36
                0x00000394                __vector_29
                0x00000394                __vector_40
                0x00000394                __vector_8
                0x00000394                __vector_26
                0x00000394                __vector_48
                0x00000394                __vector_14
                0x00000394                __vector_10
                0x00000394                __vector_50
                0x00000394                __vector_16
                0x00000394                __vector_18
                0x00000394                __vector_20
                0x00000394                __vector_42
 .text          0x00000398      0x7b2 main.o
                0x00000398                Task4
                0x0000043a                Task3
                0x000004dc                Task2
                0x00000558                Task1
                0x00000784                nrk_create_taskset
                0x00000a20                main
                0x00000a76                kill_stack
 .text          0x00000b4a      0x2fe mmc.o
                0x00000b4a                spi_byte
                0x00000b56                mmc_send_command
                0x00000bba                mmc_get
                0x00000bda                mmc_datatoken
                0x00000bfa                mmc_clock_and_release
                0x00000c0e                mmc_readsector
                0x00000c86                _mmc_writesector
                0x00000d76                mmc_writesector_pending
                0x00000d7e                mmc_writesector
                0x00000d86                mmc_card_detect
                0x00000d8e                mmc_init
 .text          0x00000e48       0x3c ../../../src/radio/cc2420/source/hal_rf_set_channel.o
                0x00000e48                halRfSetChannel
 .text          0x00000e84       0x18 ../../../src/radio/cc2420/source/hal_rf_wait_for_crystal_oscillator.o
                0x00000e84                halRfWaitForCrystalOscillator
 .text          0x00000e9c     0x1316 ../../../src/radio/cc2420/source/basic_rf.o
                0x00000e9c                cc259x_rx
                0x00000eae                cc259x_tx
                0x00000ec0                rf_power_down
                0x00000ee2                rf_power_up
                0x00000efe                rf_security_last_pkt_status
                0x00000f04                rf_security_set_ctr_counter
                0x00000f84                rf_security_set_key
                0x00001138                rf_security_enable
                0x00001184                rf_security_disable
                0x000011ac                rf_get_sem
                0x000011b6                rf_tx_power
                0x000011e0                rf_set_channel
                0x000011e6                rf_addr_decode_enable
                0x00001220                rf_addr_decode_disable
                0x0000125a                rf_auto_ack_enable
                0x0000129a                rf_auto_ack_disable
                0x000012d8                rf_addr_decode_set_my_mac
                0x00001338                rf_set_rx
                0x0000136e                rf_init
                0x00001502                rf_rx_on
                0x0000152a                rf_polling_rx_on
                0x00001552                rf_rx_off
                0x0000156a                rf_tx_tdma_packet
                0x00001852                rf_tx_packet
                0x00001b76                rf_busy
                0x00001b7e                rf_rx_check_fifop
                0x00001b88                rf_rx_check_sfd
                0x00001b90                rf_polling_rx_packet
                0x00001f9c                rf_rx_packet
                0x00001fb2                rf_flush_rx_fifo
                0x00001fd0                rf_set_cca_thresh
                0x00001ffc                rf_test_mode
                0x00002052                rf_data_mode
                0x000020a4                rf_rx_set_serial
                0x000020da                rf_tx_set_serial
                0x00002102                rf_set_preamble_length
                0x00002146                rf_set_cca_mode
                0x00002192                rf_carrier_on
                0x000021a2                rf_carrier_off
 .text          0x000021b2      0x886 ../../../src/platform/firefly2_2/source/ulib.o
                0x000021b2                getc1
                0x000021ca                putc1
                0x000021d8                nrk_uart_rx_signal_get
                0x000021dc                nrk_uart_data_ready
                0x000021fa                nrk_kprintf
                0x00002220                PORT_INIT
                0x00002246                nrk_setup_ports
                0x00002254                nrk_gpio_set
                0x00002344                nrk_gpio_clr
                0x00002440                nrk_gpio_get
                0x000024ac                nrk_gpio_toggle
                0x000026ae                nrk_gpio_direction
                0x000028be                nrk_get_button
                0x000028d2                nrk_led_toggle
                0x00002902                nrk_led_clr
                0x00002932                nrk_led_set
                0x00002962                nrk_gpio_pullups
                0x00002976                putc0
                0x0000298e                setup_uart0
                0x000029b8                setup_uart1
                0x000029e2                nrk_setup_uart
                0x00002a20                getc0
 .text          0x00002a38        0xe ../../../src/platform/firefly2_2/source/hal_wait.o
                0x00002a38                halWait
 .text          0x00002a46      0x140 ../../../src/platform/firefly2_2/source/nrk_eeprom.o
                0x00002a46                nrk_eeprom_read_byte
                0x00002a4c                nrk_eeprom_write_byte
                0x00002a52                read_eeprom_mac_address
                0x00002abe                read_eeprom_channel
                0x00002ad6                write_eeprom_load_img_pages
                0x00002ae6                read_eeprom_load_img_pages
                0x00002afe                read_eeprom_aes_key
                0x00002b2e                write_eeprom_aes_key
                0x00002b5e                read_eeprom_current_image_checksum
                0x00002b76                write_eeprom_current_image_checksum
 .text          0x00002b86      0x3e2 ../../../src/kernel/source/nrk.o
                0x00002b86                nrk_int_disable
                0x00002b8a                nrk_int_enable
                0x00002b8e                nrk_halt
                0x00002b94                nrk_init
                0x00002d0a                nrk_start
                0x00002db2                nrk_TCB_init
                0x00002f5c                _nrk_timer_tick
                0x00002f62                nrk_version
 .text          0x00002f68        0x0 ../../../src/kernel/source/nrk_stats.o
 .text          0x00002f68      0x450 ../../../src/kernel/source/nrk_error.o
                0x00002f68                _nrk_errno_set
                0x00002f74                nrk_errno_get
                0x00002f80                nrk_error_get
                0x00002f9c                pause
                0x00002fc6                blink_dot
                0x00002fe0                blink_dash
                0x00003002                blink_morse_code_error
                0x00003166                nrk_error_print
                0x0000331e                nrk_kernel_error_add
                0x000033a0                nrk_error_add
 .text          0x000033b8      0x256 ../../../src/kernel/source/nrk_stack_check.o
                0x000033b8                dump_stack_info
                0x00003582                nrk_stack_check
                0x000035ca                nrk_stack_check_pid
 .text          0x0000360e      0x5d0 ../../../src/kernel/source/nrk_events.o
                0x0000360e                nrk_signal_create
                0x0000367a                nrk_signal_get_registered_mask
                0x0000368c                nrk_signal_delete
                0x0000379c                nrk_signal_unregister
                0x00003820                nrk_signal_register
                0x00003888                nrk_event_signal
                0x0000396e                nrk_event_wait
                0x000039e4                nrk_sem_create
                0x000039ea                nrk_get_resource_index
                0x000039fa                nrk_sem_delete
                0x00003a3e                nrk_sem_post
                0x00003af8                nrk_sem_pend
                0x00003bac                nrk_sem_query
 .text          0x00003bde      0x6be ../../../src/kernel/source/nrk_task.o
                0x00003bde                nrk_get_high_ready_task_ID
                0x00003bea                nrk_print_readyQ
                0x00003c00                nrk_add_to_readyQ
                0x00003d62                nrk_rem_from_readyQ
                0x00003e02                nrk_activate_task
                0x00003eac                nrk_set_next_wakeup
                0x00003f1a                _nrk_wait_for_scheduler
                0x00003f2e                nrk_wait
                0x00003fde                nrk_wait_until_nw
                0x0000402c                nrk_wait_until_ticks
                0x00004086                nrk_wait_ticks
                0x00004104                nrk_wait_until_next_n_periods
                0x0000416a                nrk_wait_until_next_period
                0x000041c2                nrk_terminate_task
                0x000041e4                nrk_wait_until
                0x00004290                nrk_get_pid
 .text          0x0000429c      0x596 ../../../src/kernel/source/nrk_time.o
                0x0000429c                nrk_time_get
                0x00004358                nrk_time_sub
                0x00004476                nrk_time_compact_nanos
                0x000044bc                nrk_time_add
                0x00004572                nrk_time_set
                0x00004594                _nrk_time_to_ticks
                0x000046b2                _nrk_ticks_to_time
                0x00004724                _nrk_time_to_ticks_long
 .text          0x00004832       0x36 ../../../src/kernel/source/nrk_idle_task.o
                0x00004832                nrk_idle_task
 .text          0x00004868      0x476 ../../../src/kernel/source/nrk_scheduler.o
                0x00004868                _nrk_scheduler
 .text          0x00004cde        0x0 ../../../src/kernel/source/nrk_driver.o
 .text          0x00004cde        0x0 ../../../src/kernel/source/nrk_reserve.o
 .text          0x00004cde        0x0 ../../../src/kernel/source/nrk_sw_wdt.o
 .text          0x00004cde      0x344 ../../../src/kernel/hal/atmega1281/nrk_timer.o
                0x00004cde                nrk_spin_wait_us
                0x00004cec                _nrk_high_speed_timer_stop
                0x00004cf2                _nrk_high_speed_timer_start
                0x00004cfa                _nrk_high_speed_timer_reset
                0x00004d0a                _nrk_high_speed_timer_get
                0x00004d30                nrk_high_speed_timer_wait
                0x00004da0                _nrk_os_timer_stop
                0x00004db6                _nrk_os_timer_set
                0x00004dbc                _nrk_os_timer_start
                0x00004dce                _nrk_os_timer_reset
                0x00004de2                _nrk_setup_timer
                0x00004e3c                _nrk_get_next_wakeup
                0x00004e44                _nrk_set_next_wakeup
                0x00004e4c                nrk_timer_int_stop
                0x00004e58                nrk_timer_int_reset
                0x00004e6c                nrk_timer_int_read
                0x00004e82                nrk_timer_int_start
                0x00004e94                nrk_timer_int_configure
                0x00004f0e                _nrk_os_timer_get
                0x00004f14                __vector_default
                0x00004f44                __vector_13
                0x00004f44                __vector_15
                0x00004faa                __vector_32
                0x0000500e                __vector_17
 .text          0x00005022       0x4c ../../../src/kernel/hal/atmega1281/nrk_status.o
                0x00005022                _nrk_startup_error
 .text          0x0000506e      0x2e2 ../../../src/kernel/hal/atmega1281/nrk_ext_int.o
                0x0000506e                nrk_ext_int_enable
                0x000050f0                nrk_ext_int_disable
                0x00005172                nrk_ext_int_configure
                0x00005288                __vector_9
                0x000052ec                __vector_1
 .text          0x00005350       0x50 ../../../src/kernel/hal/atmega1281/nrk_watchdog.o
                0x00005350                nrk_watchdog_disable
                0x0000536e                nrk_watchdog_enable
                0x0000538e                nrk_watchdog_check
                0x0000539c                nrk_watchdog_reset
 .text          0x000053a0      0x102 ../../../src/kernel/hal/atmega1281/nrk_cpu.o
                0x000053a0                nrk_battery_save
                0x000053a2                nrk_sleep
                0x000053ba                nrk_idle
                0x000053d0                nrk_task_set_entry_function
                0x000053d8                nrk_task_set_stk
                0x00005416                nrk_task_stk_init
                0x0000546c                nrk_stack_pointer_init
                0x0000548a                nrk_stack_pointer_restore
                0x00005498                nrk_target_start
 .text          0x000054a2       0x56 ../../../src/kernel/hal/atmega1281/atmel_hw_specific.o
                0x000054a2                nrk_start_high_ready_task
 .text          0x000054f8        0x0 /usr/lib/gcc/avr/4.5.3/../../../avr/lib/avr51/libprintf_min.a(vfprintf_min.o)
 .text          0x000054f8        0x0 /usr/lib/gcc/avr/4.5.3/avr51/libgcc.a(_mulsi3.o)
 .text          0x000054f8        0x0 /usr/lib/gcc/avr/4.5.3/avr51/libgcc.a(_udivmodhi4.o)
 .text          0x000054f8        0x0 /usr/lib/gcc/avr/4.5.3/avr51/libgcc.a(_udivmodsi4.o)
 .text          0x000054f8        0x0 /usr/lib/gcc/avr/4.5.3/avr51/libgcc.a(_exit.o)
 .text          0x000054f8        0x0 /usr/lib/gcc/avr/4.5.3/avr51/libgcc.a(_copy_data.o)
 .text          0x000054f8        0x0 /usr/lib/gcc/avr/4.5.3/avr51/libgcc.a(_clear_bss.o)
 .text          0x000054f8      0xcac /usr/lib/gcc/avr/4.5.3/avr51/libgcc.a(_udivdi3.o)
                0x000054f8                __udivdi3
 .text          0x000061a4        0x0 /usr/lib/gcc/avr/4.5.3/avr51/libgcc.a(_prologue.o)
 .text          0x000061a4        0x0 /usr/lib/gcc/avr/4.5.3/avr51/libgcc.a(_epilogue.o)
 .text          0x000061a4        0x0 /usr/lib/gcc/avr/4.5.3/avr51/libgcc.a(_clz.o)
 .text          0x000061a4        0x0 /usr/lib/gcc/avr/4.5.3/../../../avr/lib/avr51/libc.a(strchr_P.o)
 .text          0x000061a4        0x0 /usr/lib/gcc/avr/4.5.3/../../../avr/lib/avr51/libc.a(fdevopen.o)
 .text          0x000061a4        0x0 /usr/lib/gcc/avr/4.5.3/../../../avr/lib/avr51/libc.a(fputc.o)
 .text          0x000061a4        0x0 /usr/lib/gcc/avr/4.5.3/../../../avr/lib/avr51/libc.a(iob.o)
 .text          0x000061a4        0x0 /usr/lib/gcc/avr/4.5.3/../../../avr/lib/avr51/libc.a(printf.o)
 .text          0x000061a4        0x0 /usr/lib/gcc/avr/4.5.3/../../../avr/lib/avr51/libc.a(puts.o)
 .text          0x000061a4        0x0 /usr/lib/gcc/avr/4.5.3/../../../avr/lib/avr51/libc.a(sprintf.o)
 .text          0x000061a4        0x0 /usr/lib/gcc/avr/4.5.3/../../../avr/lib/avr51/libc.a(ultoa_invert.o)
 .text          0x000061a4        0x0 /usr/lib/gcc/avr/4.5.3/../../../avr/lib/avr51/libc.a(eerd_byte_atmega1281.o)
 .text          0x000061a4        0x0 /usr/lib/gcc/avr/4.5.3/../../../avr/lib/avr51/libc.a(eewr_byte_atmega1281.o)
 .text          0x000061a4        0x0 /usr/lib/gcc/avr/4.5.3/../../../avr/lib/avr51/libc.a(calloc.o)
 .text          0x000061a4        0x0 /usr/lib/gcc/avr/4.5.3/../../../avr/lib/avr51/libc.a(malloc.o)
 .text          0x000061a4        0x0 /usr/lib/gcc/avr/4.5.3/../../../avr/lib/avr51/libc.a(memset.o)
                0x000061a4                . = ALIGN (0x2)
 *(.text.*)
 .text.avr-libc
                0x000061a4      0x2ac /usr/lib/gcc/avr/4.5.3/../../../avr/lib/avr51/libprintf_min.a(vfprintf_min.o)
                0x000061a4                vfprintf
 .text.libgcc   0x00006450       0x3e /usr/lib/gcc/avr/4.5.3/avr51/libgcc.a(_mulsi3.o)
                0x00006450                __mulsi3
 .text.libgcc   0x0000648e       0x28 /usr/lib/gcc/avr/4.5.3/avr51/libgcc.a(_udivmodhi4.o)
                0x0000648e                __udivmodhi4
 .text.libgcc   0x000064b6       0x44 /usr/lib/gcc/avr/4.5.3/avr51/libgcc.a(_udivmodsi4.o)
                0x000064b6                __udivmodsi4
 .text.libgcc   0x000064fa        0x0 /usr/lib/gcc/avr/4.5.3/avr51/libgcc.a(_exit.o)
 .text.libgcc   0x000064fa        0x0 /usr/lib/gcc/avr/4.5.3/avr51/libgcc.a(_copy_data.o)
 .text.libgcc   0x000064fa        0x0 /usr/lib/gcc/avr/4.5.3/avr51/libgcc.a(_clear_bss.o)
 .text.libgcc   0x000064fa       0x38 /usr/lib/gcc/avr/4.5.3/avr51/libgcc.a(_prologue.o)
                0x000064fa                __prologue_saves__
 .text.libgcc   0x00006532       0x36 /usr/lib/gcc/avr/4.5.3/avr51/libgcc.a(_epilogue.o)
                0x00006532                __epilogue_restores__
 .text.avr-libc
                0x00006568       0x16 /usr/lib/gcc/avr/4.5.3/../../../avr/lib/avr51/libc.a(strchr_P.o)
                0x00006568                strchr_P
 .text.avr-libc
                0x0000657e       0x96 /usr/lib/gcc/avr/4.5.3/../../../avr/lib/avr51/libc.a(fdevopen.o)
                0x0000657e                fdevopen
 .text.avr-libc
                0x00006614       0x58 /usr/lib/gcc/avr/4.5.3/../../../avr/lib/avr51/libc.a(fputc.o)
                0x00006614                fputc
 .text.avr-libc
                0x0000666c       0x24 /usr/lib/gcc/avr/4.5.3/../../../avr/lib/avr51/libc.a(printf.o)
                0x0000666c                printf
 .text.avr-libc
                0x00006690       0x6e /usr/lib/gcc/avr/4.5.3/../../../avr/lib/avr51/libc.a(puts.o)
                0x00006690                puts
 .text.avr-libc
                0x000066fe       0x60 /usr/lib/gcc/avr/4.5.3/../../../avr/lib/avr51/libc.a(sprintf.o)
                0x000066fe                sprintf
 .text.avr-libc
                0x0000675e       0xbc /usr/lib/gcc/avr/4.5.3/../../../avr/lib/avr51/libc.a(ultoa_invert.o)
                0x0000675e                __ultoa_invert
 .text.avr-libc
                0x0000681a       0x10 /usr/lib/gcc/avr/4.5.3/../../../avr/lib/avr51/libc.a(eerd_byte_atmega1281.o)
                0x0000681a                __eerd_byte_m1281
 .text.avr-libc
                0x0000682a       0x1c /usr/lib/gcc/avr/4.5.3/../../../avr/lib/avr51/libc.a(eewr_byte_atmega1281.o)
                0x0000682a                __eewr_byte_m1281
                0x0000682c                __eewr_r18_m1281
 .text.avr-libc
                0x00006846       0x4a /usr/lib/gcc/avr/4.5.3/../../../avr/lib/avr51/libc.a(calloc.o)
                0x00006846                calloc
 .text.avr-libc
                0x00006890      0x266 /usr/lib/gcc/avr/4.5.3/../../../avr/lib/avr51/libc.a(malloc.o)
                0x00006890                malloc
                0x000069c4                free
 .text.avr-libc
                0x00006af6        0xe /usr/lib/gcc/avr/4.5.3/../../../avr/lib/avr51/libc.a(memset.o)
                0x00006af6                memset
                0x00006b04                . = ALIGN (0x2)
 *(.fini9)
 .fini9         0x00006b04        0x0 /usr/lib/gcc/avr/4.5.3/avr51/libgcc.a(_exit.o)
                0x00006b04                exit
                0x00006b04                _exit
 *(.fini9)
 *(.fini8)
 *(.fini8)
 *(.fini7)
 *(.fini7)
 *(.fini6)
 *(.fini6)
 *(.fini5)
 *(.fini5)
 *(.fini4)
 *(.fini4)
 *(.fini3)
 *(.fini3)
 *(.fini2)
 *(.fini2)
 *(.fini1)
 *(.fini1)
 *(.fini0)
 .fini0         0x00006b04        0x4 /usr/lib/gcc/avr/4.5.3/avr51/libgcc.a(_exit.o)
 *(.fini0)
                0x00006b08                _etext = .

.data           0x00800200      0x286 load address 0x00006b08
                0x00800200                PROVIDE (__data_start, .)
 *(.data)
 .data          0x00800200        0x0 /usr/lib/gcc/avr/4.5.3/../../../avr/lib/avr51/crtm1281.o
 .data          0x00800200      0x10e main.o
 .data          0x0080030e        0x0 mmc.o
 .data          0x0080030e        0x0 ../../../src/radio/cc2420/source/hal_rf_set_channel.o
 .data          0x0080030e        0x0 ../../../src/radio/cc2420/source/hal_rf_wait_for_crystal_oscillator.o
 .data          0x0080030e        0x0 ../../../src/radio/cc2420/source/basic_rf.o
 .data          0x0080030e       0x21 ../../../src/platform/firefly2_2/source/ulib.o
                0x0080030e                NRK_DEBUG_0
                0x0080030f                NRK_DEBUG_1
                0x00800310                NRK_BUTTON
                0x00800311                NRK_SPI_SS
                0x00800312                NRK_SCK
                0x00800313                NRK_MOSI
                0x00800314                NRK_MISO
                0x00800315                NRK_GPIO26
                0x00800316                NRK_MMC_11
                0x00800317                NRK_MMC_10
                0x00800318                NRK_MMC_9
                0x00800319                NRK_DEBUG_2
                0x0080031a                NRK_DEBUG_3
                0x0080031b                NRK_UART1_RXD
                0x0080031c                NRK_UART1_TXD
                0x0080031d                NRK_CCA
                0x0080031e                NRK_SFD
                0x0080031f                NRK_UART0_RXD
                0x00800320                NRK_UART0_TXD
                0x00800321                NRK_LED_0
                0x00800322                NRK_LED_1
                0x00800323                NRK_LED_2
                0x00800324                NRK_LED_3
                0x00800325                NRK_GPIO34
                0x00800326                NRK_FIFOP
                0x00800327                NRK_ADC_INPUT_0
                0x00800328                NRK_ADC_INPUT_1
                0x00800329                NRK_ADC_INPUT_2
                0x0080032a                NRK_ADC_INPUT_3
                0x0080032b                NRK_ADC_INPUT_4
                0x0080032c                NRK_ADC_INPUT_5
                0x0080032d                NRK_ADC_INPUT_6
                0x0080032e                NRK_ADC_INPUT_7
 .data          0x0080032f        0x0 ../../../src/platform/firefly2_2/source/hal_wait.o
 .data          0x0080032f        0x0 ../../../src/platform/firefly2_2/source/nrk_eeprom.o
 .data          0x0080032f        0x0 ../../../src/kernel/source/nrk.o
 .data          0x0080032f        0x0 ../../../src/kernel/source/nrk_stats.o
 .data          0x0080032f        0x3 ../../../src/kernel/source/nrk_error.o
 .data          0x00800332       0x4e ../../../src/kernel/source/nrk_stack_check.o
 .data          0x00800380        0x0 ../../../src/kernel/source/nrk_events.o
 .data          0x00800380        0x0 ../../../src/kernel/source/nrk_task.o
 .data          0x00800380        0x0 ../../../src/kernel/source/nrk_time.o
 .data          0x00800380        0x0 ../../../src/kernel/source/nrk_idle_task.o
 .data          0x00800380        0x0 ../../../src/kernel/source/nrk_scheduler.o
 .data          0x00800380        0x0 ../../../src/kernel/source/nrk_driver.o
 .data          0x00800380        0x0 ../../../src/kernel/source/nrk_reserve.o
 .data          0x00800380        0x0 ../../../src/kernel/source/nrk_sw_wdt.o
 .data          0x00800380        0x0 ../../../src/kernel/hal/atmega1281/nrk_timer.o
 .data          0x00800380        0x0 ../../../src/kernel/hal/atmega1281/nrk_status.o
 .data          0x00800380        0x0 ../../../src/kernel/hal/atmega1281/nrk_ext_int.o
 .data          0x00800380        0x0 ../../../src/kernel/hal/atmega1281/nrk_watchdog.o
 .data          0x00800380        0x0 ../../../src/kernel/hal/atmega1281/nrk_cpu.o
 .data          0x00800380        0x0 ../../../src/kernel/hal/atmega1281/atmel_hw_specific.o
 .data          0x00800380        0x0 /usr/lib/gcc/avr/4.5.3/../../../avr/lib/avr51/libprintf_min.a(vfprintf_min.o)
 .data          0x00800380        0x0 /usr/lib/gcc/avr/4.5.3/avr51/libgcc.a(_mulsi3.o)
 .data          0x00800380        0x0 /usr/lib/gcc/avr/4.5.3/avr51/libgcc.a(_udivmodhi4.o)
 .data          0x00800380        0x0 /usr/lib/gcc/avr/4.5.3/avr51/libgcc.a(_udivmodsi4.o)
 .data          0x00800380        0x0 /usr/lib/gcc/avr/4.5.3/avr51/libgcc.a(_exit.o)
 .data          0x00800380        0x0 /usr/lib/gcc/avr/4.5.3/avr51/libgcc.a(_copy_data.o)
 .data          0x00800380        0x0 /usr/lib/gcc/avr/4.5.3/avr51/libgcc.a(_clear_bss.o)
 .data          0x00800380        0x0 /usr/lib/gcc/avr/4.5.3/avr51/libgcc.a(_udivdi3.o)
 .data          0x00800380        0x0 /usr/lib/gcc/avr/4.5.3/avr51/libgcc.a(_prologue.o)
 .data          0x00800380        0x0 /usr/lib/gcc/avr/4.5.3/avr51/libgcc.a(_epilogue.o)
 .data          0x00800380      0x100 /usr/lib/gcc/avr/4.5.3/avr51/libgcc.a(_clz.o)
                0x00800380                __clz_tab
 .data          0x00800480        0x0 /usr/lib/gcc/avr/4.5.3/../../../avr/lib/avr51/libc.a(strchr_P.o)
 .data          0x00800480        0x0 /usr/lib/gcc/avr/4.5.3/../../../avr/lib/avr51/libc.a(fdevopen.o)
 .data          0x00800480        0x0 /usr/lib/gcc/avr/4.5.3/../../../avr/lib/avr51/libc.a(fputc.o)
 .data          0x00800480        0x0 /usr/lib/gcc/avr/4.5.3/../../../avr/lib/avr51/libc.a(iob.o)
 .data          0x00800480        0x0 /usr/lib/gcc/avr/4.5.3/../../../avr/lib/avr51/libc.a(printf.o)
 .data          0x00800480        0x0 /usr/lib/gcc/avr/4.5.3/../../../avr/lib/avr51/libc.a(puts.o)
 .data          0x00800480        0x0 /usr/lib/gcc/avr/4.5.3/../../../avr/lib/avr51/libc.a(sprintf.o)
 .data          0x00800480        0x0 /usr/lib/gcc/avr/4.5.3/../../../avr/lib/avr51/libc.a(ultoa_invert.o)
 .data          0x00800480        0x0 /usr/lib/gcc/avr/4.5.3/../../../avr/lib/avr51/libc.a(eerd_byte_atmega1281.o)
 .data          0x00800480        0x0 /usr/lib/gcc/avr/4.5.3/../../../avr/lib/avr51/libc.a(eewr_byte_atmega1281.o)
 .data          0x00800480        0x0 /usr/lib/gcc/avr/4.5.3/../../../avr/lib/avr51/libc.a(calloc.o)
 .data          0x00800480        0x6 /usr/lib/gcc/avr/4.5.3/../../../avr/lib/avr51/libc.a(malloc.o)
                0x00800480                __malloc_margin
                0x00800482                __malloc_heap_start
                0x00800484                __malloc_heap_end
 .data          0x00800486        0x0 /usr/lib/gcc/avr/4.5.3/../../../avr/lib/avr51/libc.a(memset.o)
 *(.data*)
 *(.rodata)
 *(.rodata*)
 *(.gnu.linkonce.d*)
                0x00800486                . = ALIGN (0x2)
                0x00800486                _edata = .
                0x00800486                PROVIDE (__data_end, .)

.bss            0x00800486      0x826
                0x00800486                PROVIDE (__bss_start, .)
 *(.bss)
 .bss           0x00800486        0x0 /usr/lib/gcc/avr/4.5.3/../../../avr/lib/avr51/crtm1281.o
 .bss           0x00800486        0x0 main.o
 .bss           0x00800486        0x1 mmc.o
                0x00800486                busy_flag
 .bss           0x00800487        0x0 ../../../src/radio/cc2420/source/hal_rf_set_channel.o
 .bss           0x00800487        0x0 ../../../src/radio/cc2420/source/hal_rf_wait_for_crystal_oscillator.o
 .bss           0x00800487        0x0 ../../../src/radio/cc2420/source/basic_rf.o
 .bss           0x00800487        0x0 ../../../src/platform/firefly2_2/source/ulib.o
 .bss           0x00800487        0x0 ../../../src/platform/firefly2_2/source/hal_wait.o
 .bss           0x00800487        0x0 ../../../src/platform/firefly2_2/source/nrk_eeprom.o
 .bss           0x00800487        0x0 ../../../src/kernel/source/nrk.o
 .bss           0x00800487        0x0 ../../../src/kernel/source/nrk_stats.o
 .bss           0x00800487        0x0 ../../../src/kernel/source/nrk_error.o
 .bss           0x00800487        0x0 ../../../src/kernel/source/nrk_stack_check.o
 .bss           0x00800487        0x0 ../../../src/kernel/source/nrk_events.o
 .bss           0x00800487        0x0 ../../../src/kernel/source/nrk_task.o
 .bss           0x00800487        0x0 ../../../src/kernel/source/nrk_time.o
 .bss           0x00800487        0x0 ../../../src/kernel/source/nrk_idle_task.o
 .bss           0x00800487        0x0 ../../../src/kernel/source/nrk_scheduler.o
 .bss           0x00800487        0x0 ../../../src/kernel/source/nrk_driver.o
 .bss           0x00800487        0x0 ../../../src/kernel/source/nrk_reserve.o
 .bss           0x00800487        0x0 ../../../src/kernel/source/nrk_sw_wdt.o
 .bss           0x00800487        0x0 ../../../src/kernel/hal/atmega1281/nrk_timer.o
 .bss           0x00800487        0x0 ../../../src/kernel/hal/atmega1281/nrk_status.o
 .bss           0x00800487        0x0 ../../../src/kernel/hal/atmega1281/nrk_ext_int.o
 .bss           0x00800487        0x0 ../../../src/kernel/hal/atmega1281/nrk_watchdog.o
 .bss           0x00800487        0x0 ../../../src/kernel/hal/atmega1281/nrk_cpu.o
 .bss           0x00800487        0x0 ../../../src/kernel/hal/atmega1281/atmel_hw_specific.o
 .bss           0x00800487        0x0 /usr/lib/gcc/avr/4.5.3/../../../avr/lib/avr51/libprintf_min.a(vfprintf_min.o)
 .bss           0x00800487        0x0 /usr/lib/gcc/avr/4.5.3/avr51/libgcc.a(_mulsi3.o)
 .bss           0x00800487        0x0 /usr/lib/gcc/avr/4.5.3/avr51/libgcc.a(_udivmodhi4.o)
 .bss           0x00800487        0x0 /usr/lib/gcc/avr/4.5.3/avr51/libgcc.a(_udivmodsi4.o)
 .bss           0x00800487        0x0 /usr/lib/gcc/avr/4.5.3/avr51/libgcc.a(_exit.o)
 .bss           0x00800487        0x0 /usr/lib/gcc/avr/4.5.3/avr51/libgcc.a(_copy_data.o)
 .bss           0x00800487        0x0 /usr/lib/gcc/avr/4.5.3/avr51/libgcc.a(_clear_bss.o)
 .bss           0x00800487        0x0 /usr/lib/gcc/avr/4.5.3/avr51/libgcc.a(_udivdi3.o)
 .bss           0x00800487        0x0 /usr/lib/gcc/avr/4.5.3/avr51/libgcc.a(_prologue.o)
 .bss           0x00800487        0x0 /usr/lib/gcc/avr/4.5.3/avr51/libgcc.a(_epilogue.o)
 .bss           0x00800487        0x0 /usr/lib/gcc/avr/4.5.3/avr51/libgcc.a(_clz.o)
 .bss           0x00800487        0x0 /usr/lib/gcc/avr/4.5.3/../../../avr/lib/avr51/libc.a(strchr_P.o)
 .bss           0x00800487        0x0 /usr/lib/gcc/avr/4.5.3/../../../avr/lib/avr51/libc.a(fdevopen.o)
 .bss           0x00800487        0x0 /usr/lib/gcc/avr/4.5.3/../../../avr/lib/avr51/libc.a(fputc.o)
 .bss           0x00800487        0x0 /usr/lib/gcc/avr/4.5.3/../../../avr/lib/avr51/libc.a(iob.o)
 .bss           0x00800487        0x0 /usr/lib/gcc/avr/4.5.3/../../../avr/lib/avr51/libc.a(printf.o)
 .bss           0x00800487        0x0 /usr/lib/gcc/avr/4.5.3/../../../avr/lib/avr51/libc.a(puts.o)
 .bss           0x00800487        0x0 /usr/lib/gcc/avr/4.5.3/../../../avr/lib/avr51/libc.a(sprintf.o)
 .bss           0x00800487        0x0 /usr/lib/gcc/avr/4.5.3/../../../avr/lib/avr51/libc.a(ultoa_invert.o)
 .bss           0x00800487        0x0 /usr/lib/gcc/avr/4.5.3/../../../avr/lib/avr51/libc.a(eerd_byte_atmega1281.o)
 .bss           0x00800487        0x0 /usr/lib/gcc/avr/4.5.3/../../../avr/lib/avr51/libc.a(eewr_byte_atmega1281.o)
 .bss           0x00800487        0x0 /usr/lib/gcc/avr/4.5.3/../../../avr/lib/avr51/libc.a(calloc.o)
 .bss           0x00800487        0x0 /usr/lib/gcc/avr/4.5.3/../../../avr/lib/avr51/libc.a(malloc.o)
 .bss           0x00800487        0x0 /usr/lib/gcc/avr/4.5.3/../../../avr/lib/avr51/libc.a(memset.o)
 *(.bss*)
 *(COMMON)
 COMMON         0x00800487      0x719 main.o
                0x00800487                TaskFour
                0x008004aa                app_timer0_callback
                0x008004ac                Stack3
                0x008005ac                error_task
                0x008005ad                _nrk_time_trigger
                0x008005ae                TaskOne
                0x008005d1                sectorbuffer
                0x008007d1                Stack2
                0x008008d1                _nrk_signal_list
                0x008008d5                TaskThree
                0x008008f8                Stack1
                0x008009f8                nrk_kernel_stk_ptr
                0x008009fa                app_timer0_prescale
                0x008009fb                _nrk_prev_timer_val
                0x008009fc                error_num
                0x008009fd                nrk_idle_task_stk
                0x00800a7d                Stack4
                0x00800b7d                TaskTwo
 COMMON         0x00800ba0       0x1b ../../../src/radio/cc2420/source/basic_rf.o
                0x00800ba0                rx_ctr
                0x00800ba4                radio_sem
                0x00800ba6                security_enable
                0x00800ba7                mdmctrl0
                0x00800ba9                rfSettings
                0x00800bb2                tmp_blah
                0x00800bb4                auto_ack_enable
                0x00800bb5                last_pkt_encrypted
                0x00800bb6                tx_ctr
                0x00800bba                rx_ready
 COMMON         0x00800bbb       0xde ../../../src/kernel/source/nrk.o
                0x00800bbb                _free_node
                0x00800bbd                nrk_task_TCB
                0x00800c62                next_next_wakeup
                0x00800c64                nrk_sem_list
                0x00800c67                nrk_task_init_cnt
                0x00800c68                nrk_wakeup_signal
                0x00800c69                nrk_high_ready_TCB
                0x00800c6b                nrk_cur_task_prio
                0x00800c6c                _nrk_cpu_state
                0x00800c6d                _head_node
                0x00800c6f                nrk_system_time
                0x00800c77                _nrk_resource_cnt
                0x00800c78                nrk_cur_task_TCB
                0x00800c7a                nrk_high_ready_prio
                0x00800c7b                _nrk_readyQ
 COMMON         0x00800c99        0x1 ../../../src/kernel/source/nrk_scheduler.o
                0x00800c99                t
 COMMON         0x00800c9a        0x8 ../../../src/kernel/hal/atmega1281/nrk_ext_int.o
                0x00800c9a                ext_int1_callback
                0x00800c9c                ext_int0_callback
                0x00800c9e                ext_int2_callback
                0x00800ca0                pc_int0_callback
 COMMON         0x00800ca2        0x6 /usr/lib/gcc/avr/4.5.3/../../../avr/lib/avr51/libc.a(iob.o)
                0x00800ca2                __iob
 COMMON         0x00800ca8        0x4 /usr/lib/gcc/avr/4.5.3/../../../avr/lib/avr51/libc.a(malloc.o)
                0x00800ca8                __brkval
                0x00800caa                __flp
                0x00800cac                PROVIDE (__bss_end, .)
                0x00006b08                __data_load_start = LOADADDR (.data)
                0x00006d8e                __data_load_end = (__data_load_start + SIZEOF (.data))

.noinit         0x00800cac        0x0
                0x00800cac                PROVIDE (__noinit_start, .)
 *(.noinit*)
                0x00800cac                PROVIDE (__noinit_end, .)
                0x00800cac                _end = .
                0x00800cac                PROVIDE (__heap_start, .)

.eeprom         0x00810000        0x0
 *(.eeprom*)
                0x00810000                __eeprom_end = .

.fuse
 *(.fuse)
 *(.lfuse)
 *(.hfuse)
 *(.efuse)

.lock
 *(.lock*)

.signature
 *(.signature*)

.stab           0x00000000    0x111c0
 *(.stab)
 .stab          0x00000000      0x6cc /usr/lib/gcc/avr/4.5.3/../../../avr/lib/avr51/crtm1281.o
 .stab          0x000006cc      0xff0 main.o
                                0xffc (size before relaxing)
 .stab          0x000016bc      0xac8 mmc.o
                                0xf0c (size before relaxing)
 .stab          0x00002184      0x294 ../../../src/radio/cc2420/source/hal_rf_set_channel.o
                                0x600 (size before relaxing)
 .stab          0x00002418      0x264 ../../../src/radio/cc2420/source/hal_rf_wait_for_crystal_oscillator.o
                                0x5d0 (size before relaxing)
 .stab          0x0000267c     0x3750 ../../../src/radio/cc2420/source/basic_rf.o
                               0x3b70 (size before relaxing)
 .stab          0x00005dcc     0x11dc ../../../src/platform/firefly2_2/source/ulib.o
                               0x1560 (size before relaxing)
 .stab          0x00006fa8      0x240 ../../../src/platform/firefly2_2/source/hal_wait.o
                                0x5ac (size before relaxing)
 .stab          0x000071e8      0x684 ../../../src/platform/firefly2_2/source/nrk_eeprom.o
                                0x9f0 (size before relaxing)
 .stab          0x0000786c      0x9c0 ../../../src/kernel/source/nrk.o
                                0xdb0 (size before relaxing)
 .stab          0x0000822c      0x2a0 ../../../src/kernel/source/nrk_stats.o
                                0x6b4 (size before relaxing)
 .stab          0x000084cc      0xc60 ../../../src/kernel/source/nrk_error.o
                               0x1080 (size before relaxing)
 .stab          0x0000912c      0x498 ../../../src/kernel/source/nrk_stack_check.o
                                0x8ac (size before relaxing)
 .stab          0x000095c4      0xe4c ../../../src/kernel/source/nrk_events.o
                               0x1278 (size before relaxing)
 .stab          0x0000a410      0xf54 ../../../src/kernel/source/nrk_task.o
                               0x1380 (size before relaxing)
 .stab          0x0000b364      0x7ec ../../../src/kernel/source/nrk_time.o
                                0xc18 (size before relaxing)
 .stab          0x0000bb50      0x30c ../../../src/kernel/source/nrk_idle_task.o
                                0x738 (size before relaxing)
 .stab          0x0000be5c      0x828 ../../../src/kernel/source/nrk_scheduler.o
                                0xc54 (size before relaxing)
 .stab          0x0000c684       0xe4 ../../../src/kernel/source/nrk_driver.o
                                 0xf0 (size before relaxing)
 .stab          0x0000c768       0xe4 ../../../src/kernel/source/nrk_reserve.o
                                 0xf0 (size before relaxing)
 .stab          0x0000c84c      0x210 ../../../src/kernel/source/nrk_sw_wdt.o
                                0x624 (size before relaxing)
 .stab          0x0000ca5c      0xde0 ../../../src/kernel/hal/atmega1281/nrk_timer.o
                               0x1200 (size before relaxing)
 .stab          0x0000d83c      0x300 ../../../src/kernel/hal/atmega1281/nrk_status.o
                                0x684 (size before relaxing)
 .stab          0x0000db3c      0x7bc ../../../src/kernel/hal/atmega1281/nrk_ext_int.o
                                0xb40 (size before relaxing)
 .stab          0x0000e2f8      0x3d8 ../../../src/kernel/hal/atmega1281/nrk_watchdog.o
                                0x7e0 (size before relaxing)
 .stab          0x0000e6d0      0x774 ../../../src/kernel/hal/atmega1281/nrk_cpu.o
                                0xb94 (size before relaxing)
 .stab          0x0000ee44      0x204 ../../../src/kernel/hal/atmega1281/atmel_hw_specific.o
                                0x210 (size before relaxing)
 .stab          0x0000f048      0x858 /usr/lib/gcc/avr/4.5.3/../../../avr/lib/avr51/libprintf_min.a(vfprintf_min.o)
                                0x8a0 (size before relaxing)
 .stab          0x0000f8a0       0x9c /usr/lib/gcc/avr/4.5.3/../../../avr/lib/avr51/libc.a(strchr_P.o)
                                 0xa8 (size before relaxing)
 .stab          0x0000f93c      0x288 /usr/lib/gcc/avr/4.5.3/../../../avr/lib/avr51/libc.a(fdevopen.o)
                                0x4b0 (size before relaxing)
 .stab          0x0000fbc4      0x1e0 /usr/lib/gcc/avr/4.5.3/../../../avr/lib/avr51/libc.a(fputc.o)
                                0x3c0 (size before relaxing)
 .stab          0x0000fda4      0x12c /usr/lib/gcc/avr/4.5.3/../../../avr/lib/avr51/libc.a(iob.o)
                                0x30c (size before relaxing)
 .stab          0x0000fed0      0x18c /usr/lib/gcc/avr/4.5.3/../../../avr/lib/avr51/libc.a(printf.o)
                                0x36c (size before relaxing)
 .stab          0x0001005c      0x1f8 /usr/lib/gcc/avr/4.5.3/../../../avr/lib/avr51/libc.a(puts.o)
                                0x3d8 (size before relaxing)
 .stab          0x00010254      0x1f8 /usr/lib/gcc/avr/4.5.3/../../../avr/lib/avr51/libc.a(sprintf.o)
                                0x3d8 (size before relaxing)
 .stab          0x0001044c      0x480 /usr/lib/gcc/avr/4.5.3/../../../avr/lib/avr51/libc.a(ultoa_invert.o)
                                0x48c (size before relaxing)
 .stab          0x000108cc       0x90 /usr/lib/gcc/avr/4.5.3/../../../avr/lib/avr51/libc.a(eerd_byte_atmega1281.o)
                                 0x9c (size before relaxing)
 .stab          0x0001095c       0xe4 /usr/lib/gcc/avr/4.5.3/../../../avr/lib/avr51/libc.a(eewr_byte_atmega1281.o)
                                 0xf0 (size before relaxing)
 .stab          0x00010a40      0x198 /usr/lib/gcc/avr/4.5.3/../../../avr/lib/avr51/libc.a(calloc.o)
                                0x1d4 (size before relaxing)
 .stab          0x00010bd8      0x57c /usr/lib/gcc/avr/4.5.3/../../../avr/lib/avr51/libc.a(malloc.o)
                                0x75c (size before relaxing)
 .stab          0x00011154       0x6c /usr/lib/gcc/avr/4.5.3/../../../avr/lib/avr51/libc.a(memset.o)
                                 0x78 (size before relaxing)

.stabstr        0x00000000     0x4fbc
 *(.stabstr)
 .stabstr       0x00000000     0x4fbc /usr/lib/gcc/avr/4.5.3/../../../avr/lib/avr51/crtm1281.o

.stab.excl
 *(.stab.excl)

.stab.exclstr
 *(.stab.exclstr)

.stab.index
 *(.stab.index)

.stab.indexstr
 *(.stab.indexstr)

.comment
 *(.comment)

.debug
 *(.debug)

.line
 *(.line)

.debug_srcinfo
 *(.debug_srcinfo)

.debug_sfnames
 *(.debug_sfnames)

.debug_aranges
 *(.debug_aranges)

.debug_pubnames
 *(.debug_pubnames)

.debug_info
 *(.debug_info)
 *(.gnu.linkonce.wi.*)

.debug_abbrev
 *(.debug_abbrev)

.debug_line
 *(.debug_line)

.debug_frame
 *(.debug_frame)

.debug_str
 *(.debug_str)

.debug_loc
 *(.debug_loc)

.debug_macinfo
 *(.debug_macinfo)
OUTPUT(main.elf elf32-avr)
LOAD linker stubs

Cross Reference Table

Symbol                                            File
NRK_ADC_INPUT_0                                   ../../../src/platform/firefly2_2/source/ulib.o
NRK_ADC_INPUT_1                                   ../../../src/platform/firefly2_2/source/ulib.o
NRK_ADC_INPUT_2                                   ../../../src/platform/firefly2_2/source/ulib.o
NRK_ADC_INPUT_3                                   ../../../src/platform/firefly2_2/source/ulib.o
NRK_ADC_INPUT_4                                   ../../../src/platform/firefly2_2/source/ulib.o
NRK_ADC_INPUT_5                                   ../../../src/platform/firefly2_2/source/ulib.o
NRK_ADC_INPUT_6                                   ../../../src/platform/firefly2_2/source/ulib.o
NRK_ADC_INPUT_7                                   ../../../src/platform/firefly2_2/source/ulib.o
NRK_BUTTON                                        ../../../src/platform/firefly2_2/source/ulib.o
NRK_CCA                                           ../../../src/platform/firefly2_2/source/ulib.o
NRK_DEBUG_0                                       ../../../src/platform/firefly2_2/source/ulib.o
                                                  ../../../src/radio/cc2420/source/basic_rf.o
NRK_DEBUG_1                                       ../../../src/platform/firefly2_2/source/ulib.o
                                                  ../../../src/radio/cc2420/source/basic_rf.o
NRK_DEBUG_2                                       ../../../src/platform/firefly2_2/source/ulib.o
NRK_DEBUG_3                                       ../../../src/platform/firefly2_2/source/ulib.o
NRK_FIFOP                                         ../../../src/platform/firefly2_2/source/ulib.o
NRK_GPIO26                                        ../../../src/platform/firefly2_2/source/ulib.o
NRK_GPIO34                                        ../../../src/platform/firefly2_2/source/ulib.o
NRK_LED_0                                         ../../../src/platform/firefly2_2/source/ulib.o
NRK_LED_1                                         ../../../src/platform/firefly2_2/source/ulib.o
NRK_LED_2                                         ../../../src/platform/firefly2_2/source/ulib.o
NRK_LED_3                                         ../../../src/platform/firefly2_2/source/ulib.o
NRK_MISO                                          ../../../src/platform/firefly2_2/source/ulib.o
NRK_MMC_10                                        ../../../src/platform/firefly2_2/source/ulib.o
NRK_MMC_11                                        ../../../src/platform/firefly2_2/source/ulib.o
NRK_MMC_9                                         ../../../src/platform/firefly2_2/source/ulib.o
NRK_MOSI                                          ../../../src/platform/firefly2_2/source/ulib.o
NRK_SCK                                           ../../../src/platform/firefly2_2/source/ulib.o
NRK_SFD                                           ../../../src/platform/firefly2_2/source/ulib.o
NRK_SPI_SS                                        ../../../src/platform/firefly2_2/source/ulib.o
NRK_UART0_RXD                                     ../../../src/platform/firefly2_2/source/ulib.o
NRK_UART0_TXD                                     ../../../src/platform/firefly2_2/source/ulib.o
NRK_UART1_RXD                                     ../../../src/platform/firefly2_2/source/ulib.o
NRK_UART1_TXD                                     ../../../src/platform/firefly2_2/source/ulib.o
PORT_INIT                                         ../../../src/platform/firefly2_2/source/ulib.o
Stack1                                            main.o
Stack2                                            main.o
Stack3                                            main.o
Stack4                                            main.o
Task1                                             main.o
Task2                                             main.o
Task3                                             main.o
Task4                                             main.o
TaskFour                                          main.o
TaskOne                                           main.o
TaskThree                                         main.o
TaskTwo                                           main.o
__bad_interrupt                                   /usr/lib/gcc/avr/4.5.3/../../../avr/lib/avr51/crtm1281.o
__brkval                                          /usr/lib/gcc/avr/4.5.3/../../../avr/lib/avr51/libc.a(malloc.o)
__bss_end                                         /usr/lib/gcc/avr/4.5.3/avr51/libgcc.a(_clear_bss.o)
__bss_start                                       /usr/lib/gcc/avr/4.5.3/avr51/libgcc.a(_clear_bss.o)
__clz_tab                                         /usr/lib/gcc/avr/4.5.3/avr51/libgcc.a(_clz.o)
                                                  /usr/lib/gcc/avr/4.5.3/avr51/libgcc.a(_udivdi3.o)
__data_end                                        /usr/lib/gcc/avr/4.5.3/avr51/libgcc.a(_copy_data.o)
__data_load_start                                 /usr/lib/gcc/avr/4.5.3/avr51/libgcc.a(_copy_data.o)
__data_start                                      /usr/lib/gcc/avr/4.5.3/avr51/libgcc.a(_copy_data.o)
__do_clear_bss                                    /usr/lib/gcc/avr/4.5.3/avr51/libgcc.a(_clear_bss.o)
                                                  /usr/lib/gcc/avr/4.5.3/../../../avr/lib/avr51/libc.a(malloc.o)
                                                  /usr/lib/gcc/avr/4.5.3/../../../avr/lib/avr51/libc.a(iob.o)
                                                  ../../../src/kernel/hal/atmega1281/nrk_cpu.o
                                                  ../../../src/kernel/hal/atmega1281/nrk_watchdog.o
                                                  ../../../src/kernel/hal/atmega1281/nrk_ext_int.o
                                                  ../../../src/kernel/hal/atmega1281/nrk_status.o
                                                  ../../../src/kernel/hal/atmega1281/nrk_timer.o
                                                  ../../../src/kernel/source/nrk_sw_wdt.o
                                                  ../../../src/kernel/source/nrk_scheduler.o
                                                  ../../../src/kernel/source/nrk_idle_task.o
                                                  ../../../src/kernel/source/nrk_time.o
                                                  ../../../src/kernel/source/nrk_task.o
                                                  ../../../src/kernel/source/nrk_events.o
                                                  ../../../src/kernel/source/nrk_stack_check.o
                                                  ../../../src/kernel/source/nrk_error.o
                                                  ../../../src/kernel/source/nrk_stats.o
                                                  ../../../src/kernel/source/nrk.o
                                                  ../../../src/platform/firefly2_2/source/nrk_eeprom.o
                                                  ../../../src/platform/firefly2_2/source/hal_wait.o
                                                  ../../../src/platform/firefly2_2/source/ulib.o
                                                  ../../../src/radio/cc2420/source/basic_rf.o
                                                  ../../../src/radio/cc2420/source/hal_rf_wait_for_crystal_oscillator.o
                                                  ../../../src/radio/cc2420/source/hal_rf_set_channel.o
                                                  mmc.o
                                                  main.o
__do_copy_data                                    /usr/lib/gcc/avr/4.5.3/avr51/libgcc.a(_copy_data.o)
                                                  /usr/lib/gcc/avr/4.5.3/../../../avr/lib/avr51/libc.a(malloc.o)
                                                  /usr/lib/gcc/avr/4.5.3/avr51/libgcc.a(_clz.o)
                                                  ../../../src/kernel/source/nrk_stack_check.o
                                                  ../../../src/kernel/source/nrk_error.o
                                                  ../../../src/platform/firefly2_2/source/ulib.o
                                                  main.o
__eerd_byte_m1281                                 /usr/lib/gcc/avr/4.5.3/../../../avr/lib/avr51/libc.a(eerd_byte_atmega1281.o)
                                                  ../../../src/platform/firefly2_2/source/nrk_eeprom.o
__eewr_byte_m1281                                 /usr/lib/gcc/avr/4.5.3/../../../avr/lib/avr51/libc.a(eewr_byte_atmega1281.o)
                                                  ../../../src/platform/firefly2_2/source/nrk_eeprom.o
__eewr_r18_m1281                                  /usr/lib/gcc/avr/4.5.3/../../../avr/lib/avr51/libc.a(eewr_byte_atmega1281.o)
__epilogue_restores__                             /usr/lib/gcc/avr/4.5.3/avr51/libgcc.a(_epilogue.o)
                                                  /usr/lib/gcc/avr/4.5.3/avr51/libgcc.a(_udivdi3.o)
__flp                                             /usr/lib/gcc/avr/4.5.3/../../../avr/lib/avr51/libc.a(malloc.o)
__heap_end                                        /usr/lib/gcc/avr/4.5.3/../../../avr/lib/avr51/crtm1281.o
                                                  /usr/lib/gcc/avr/4.5.3/../../../avr/lib/avr51/libc.a(malloc.o)
__heap_start                                      /usr/lib/gcc/avr/4.5.3/../../../avr/lib/avr51/libc.a(malloc.o)
__init                                            /usr/lib/gcc/avr/4.5.3/../../../avr/lib/avr51/crtm1281.o
__iob                                             /usr/lib/gcc/avr/4.5.3/../../../avr/lib/avr51/libc.a(puts.o)
                                                  /usr/lib/gcc/avr/4.5.3/../../../avr/lib/avr51/libc.a(printf.o)
                                                  /usr/lib/gcc/avr/4.5.3/../../../avr/lib/avr51/libc.a(iob.o)
                                                  /usr/lib/gcc/avr/4.5.3/../../../avr/lib/avr51/libc.a(fdevopen.o)
                                                  ../../../src/kernel/source/nrk_error.o
                                                  ../../../src/platform/firefly2_2/source/ulib.o
__malloc_heap_end                                 /usr/lib/gcc/avr/4.5.3/../../../avr/lib/avr51/libc.a(malloc.o)
__malloc_heap_start                               /usr/lib/gcc/avr/4.5.3/../../../avr/lib/avr51/libc.a(malloc.o)
__malloc_margin                                   /usr/lib/gcc/avr/4.5.3/../../../avr/lib/avr51/libc.a(malloc.o)
__mulsi3                                          /usr/lib/gcc/avr/4.5.3/avr51/libgcc.a(_mulsi3.o)
                                                  /usr/lib/gcc/avr/4.5.3/avr51/libgcc.a(_udivdi3.o)
                                                  ../../../src/kernel/source/nrk_scheduler.o
                                                  ../../../src/kernel/source/nrk_time.o
__prologue_saves__                                /usr/lib/gcc/avr/4.5.3/avr51/libgcc.a(_prologue.o)
                                                  /usr/lib/gcc/avr/4.5.3/avr51/libgcc.a(_udivdi3.o)
__stack                                           /usr/lib/gcc/avr/4.5.3/../../../avr/lib/avr51/crtm1281.o
__udivdi3                                         /usr/lib/gcc/avr/4.5.3/avr51/libgcc.a(_udivdi3.o)
                                                  ../../../src/kernel/source/nrk_time.o
__udivmodhi4                                      /usr/lib/gcc/avr/4.5.3/avr51/libgcc.a(_udivmodhi4.o)
                                                  ../../../src/kernel/source/nrk_scheduler.o
__udivmodsi4                                      /usr/lib/gcc/avr/4.5.3/avr51/libgcc.a(_udivmodsi4.o)
                                                  /usr/lib/gcc/avr/4.5.3/avr51/libgcc.a(_udivdi3.o)
                                                  ../../../src/kernel/source/nrk_scheduler.o
                                                  ../../../src/kernel/source/nrk_time.o
__ultoa_invert                                    /usr/lib/gcc/avr/4.5.3/../../../avr/lib/avr51/libc.a(ultoa_invert.o)
                                                  /usr/lib/gcc/avr/4.5.3/../../../avr/lib/avr51/libprintf_min.a(vfprintf_min.o)
__vector_1                                        ../../../src/kernel/hal/atmega1281/nrk_ext_int.o
                                                  /usr/lib/gcc/avr/4.5.3/../../../avr/lib/avr51/crtm1281.o
__vector_10                                       /usr/lib/gcc/avr/4.5.3/../../../avr/lib/avr51/crtm1281.o
__vector_11                                       /usr/lib/gcc/avr/4.5.3/../../../avr/lib/avr51/crtm1281.o
__vector_12                                       /usr/lib/gcc/avr/4.5.3/../../../avr/lib/avr51/crtm1281.o
__vector_13                                       ../../../src/kernel/hal/atmega1281/nrk_timer.o
                                                  /usr/lib/gcc/avr/4.5.3/../../../avr/lib/avr51/crtm1281.o
__vector_14                                       /usr/lib/gcc/avr/4.5.3/../../../avr/lib/avr51/crtm1281.o
__vector_15                                       ../../../src/kernel/hal/atmega1281/nrk_timer.o
                                                  /usr/lib/gcc/avr/4.5.3/../../../avr/lib/avr51/crtm1281.o
__vector_16                                       /usr/lib/gcc/avr/4.5.3/../../../avr/lib/avr51/crtm1281.o
__vector_17                                       ../../../src/kernel/hal/atmega1281/nrk_timer.o
                                                  /usr/lib/gcc/avr/4.5.3/../../../avr/lib/avr51/crtm1281.o
__vector_18                                       /usr/lib/gcc/avr/4.5.3/../../../avr/lib/avr51/crtm1281.o
__vector_19                                       /usr/lib/gcc/avr/4.5.3/../../../avr/lib/avr51/crtm1281.o
__vector_2                                        /usr/lib/gcc/avr/4.5.3/../../../avr/lib/avr51/crtm1281.o
__vector_20                                       /usr/lib/gcc/avr/4.5.3/../../../avr/lib/avr51/crtm1281.o
__vector_21                                       /usr/lib/gcc/avr/4.5.3/../../../avr/lib/avr51/crtm1281.o
__vector_22                                       /usr/lib/gcc/avr/4.5.3/../../../avr/lib/avr51/crtm1281.o
__vector_23                                       /usr/lib/gcc/avr/4.5.3/../../../avr/lib/avr51/crtm1281.o
__vector_24                                       /usr/lib/gcc/avr/4.5.3/../../../avr/lib/avr51/crtm1281.o
__vector_25                                       /usr/lib/gcc/avr/4.5.3/../../../avr/lib/avr51/crtm1281.o
__vector_26                                       /usr/lib/gcc/avr/4.5.3/../../../avr/lib/avr51/crtm1281.o
__vector_27                                       /usr/lib/gcc/avr/4.5.3/../../../avr/lib/avr51/crtm1281.o
__vector_28                                       /usr/lib/gcc/avr/4.5.3/../../../avr/lib/avr51/crtm1281.o
__vector_29                                       /usr/lib/gcc/avr/4.5.3/../../../avr/lib/avr51/crtm1281.o
__vector_3                                        /usr/lib/gcc/avr/4.5.3/../../../avr/lib/avr51/crtm1281.o
__vector_30                                       /usr/lib/gcc/avr/4.5.3/../../../avr/lib/avr51/crtm1281.o
__vector_31                                       /usr/lib/gcc/avr/4.5.3/../../../avr/lib/avr51/crtm1281.o
__vector_32                                       ../../../src/kernel/hal/atmega1281/nrk_timer.o
                                                  /usr/lib/gcc/avr/4.5.3/../../../avr/lib/avr51/crtm1281.o
__vector_33                                       /usr/lib/gcc/avr/4.5.3/../../../avr/lib/avr51/crtm1281.o
__vector_34                                       /usr/lib/gcc/avr/4.5.3/../../../avr/lib/avr51/crtm1281.o
__vector_35                                       /usr/lib/gcc/avr/4.5.3/../../../avr/lib/avr51/crtm1281.o
__vector_36                                       /usr/lib/gcc/avr/4.5.3/../../../avr/lib/avr51/crtm1281.o
__vector_37                                       /usr/lib/gcc/avr/4.5.3/../../../avr/lib/avr51/crtm1281.o
__vector_38                                       /usr/lib/gcc/avr/4.5.3/../../../avr/lib/avr51/crtm1281.o
__vector_39                                       /usr/lib/gcc/avr/4.5.3/../../../avr/lib/avr51/crtm1281.o
__vector_4                                        /usr/lib/gcc/avr/4.5.3/../../../avr/lib/avr51/crtm1281.o
__vector_40                                       /usr/lib/gcc/avr/4.5.3/../../../avr/lib/avr51/crtm1281.o
__vector_41                                       /usr/lib/gcc/avr/4.5.3/../../../avr/lib/avr51/crtm1281.o
__vector_42                                       /usr/lib/gcc/avr/4.5.3/../../../avr/lib/avr51/crtm1281.o
__vector_43                                       /usr/lib/gcc/avr/4.5.3/../../../avr/lib/avr51/crtm1281.o
__vector_44                                       /usr/lib/gcc/avr/4.5.3/../../../avr/lib/avr51/crtm1281.o
__vector_45                                       /usr/lib/gcc/avr/4.5.3/../../../avr/lib/avr51/crtm1281.o
__vector_46                                       /usr/lib/gcc/avr/4.5.3/../../../avr/lib/avr51/crtm1281.o
__vector_47                                       /usr/lib/gcc/avr/4.5.3/../../../avr/lib/avr51/crtm1281.o
__vector_48                                       /usr/lib/gcc/avr/4.5.3/../../../avr/lib/avr51/crtm1281.o
__vector_49                                       /usr/lib/gcc/avr/4.5.3/../../../avr/lib/avr51/crtm1281.o
__vector_5                                        /usr/lib/gcc/avr/4.5.3/../../../avr/lib/avr51/crtm1281.o
__vector_50                                       /usr/lib/gcc/avr/4.5.3/../../../avr/lib/avr51/crtm1281.o
__vector_6                                        /usr/lib/gcc/avr/4.5.3/../../../avr/lib/avr51/crtm1281.o
__vector_7                                        /usr/lib/gcc/avr/4.5.3/../../../avr/lib/avr51/crtm1281.o
__vector_8                                        /usr/lib/gcc/avr/4.5.3/../../../avr/lib/avr51/crtm1281.o
__vector_9                                        ../../../src/kernel/hal/atmega1281/nrk_ext_int.o
                                                  /usr/lib/gcc/avr/4.5.3/../../../avr/lib/avr51/crtm1281.o
__vector_default                                  ../../../src/kernel/hal/atmega1281/nrk_timer.o
                                                  /usr/lib/gcc/avr/4.5.3/../../../avr/lib/avr51/crtm1281.o
__vectors                                         /usr/lib/gcc/avr/4.5.3/../../../avr/lib/avr51/crtm1281.o
_exit                                             /usr/lib/gcc/avr/4.5.3/avr51/libgcc.a(_exit.o)
_free_node                                        ../../../src/kernel/hal/atmega1281/nrk_cpu.o
                                                  ../../../src/kernel/source/nrk_scheduler.o
                                                  ../../../src/kernel/source/nrk_task.o
                                                  ../../../src/kernel/source/nrk_events.o
                                                  ../../../src/kernel/source/nrk_stats.o
                                                  ../../../src/kernel/source/nrk.o
_head_node                                        ../../../src/kernel/hal/atmega1281/nrk_cpu.o
                                                  ../../../src/kernel/source/nrk_scheduler.o
                                                  ../../../src/kernel/source/nrk_task.o
                                                  ../../../src/kernel/source/nrk_events.o
                                                  ../../../src/kernel/source/nrk_stats.o
                                                  ../../../src/kernel/source/nrk.o
_mmc_writesector                                  mmc.o
_nrk_cpu_state                                    ../../../src/kernel/source/nrk_scheduler.o
                                                  ../../../src/kernel/source/nrk_idle_task.o
                                                  ../../../src/kernel/source/nrk_task.o
                                                  ../../../src/kernel/source/nrk_events.o
                                                  ../../../src/kernel/source/nrk.o
_nrk_errno_set                                    ../../../src/kernel/source/nrk_error.o
                                                  ../../../src/kernel/source/nrk_events.o
_nrk_get_next_wakeup                              ../../../src/kernel/hal/atmega1281/nrk_timer.o
                                                  ../../../src/kernel/source/nrk_idle_task.o
                                                  ../../../src/kernel/source/nrk_task.o
_nrk_high_speed_timer_get                         ../../../src/kernel/hal/atmega1281/nrk_timer.o
                                                  ../../../src/kernel/source/nrk_scheduler.o
_nrk_high_speed_timer_reset                       ../../../src/kernel/hal/atmega1281/nrk_timer.o
                                                  ../../../src/kernel/source/nrk_scheduler.o
_nrk_high_speed_timer_start                       ../../../src/kernel/hal/atmega1281/nrk_timer.o
_nrk_high_speed_timer_stop                        ../../../src/kernel/hal/atmega1281/nrk_timer.o
_nrk_os_timer_get                                 ../../../src/kernel/hal/atmega1281/nrk_timer.o
                                                  ../../../src/kernel/source/nrk_scheduler.o
                                                  ../../../src/kernel/source/nrk_time.o
                                                  ../../../src/kernel/source/nrk_task.o
                                                  ../../../src/radio/cc2420/source/basic_rf.o
_nrk_os_timer_reset                               ../../../src/kernel/hal/atmega1281/nrk_timer.o
_nrk_os_timer_set                                 ../../../src/kernel/hal/atmega1281/nrk_timer.o
_nrk_os_timer_start                               ../../../src/kernel/hal/atmega1281/nrk_timer.o
_nrk_os_timer_stop                                ../../../src/kernel/hal/atmega1281/nrk_timer.o
_nrk_precision_os_timer_reset                     ../../../src/kernel/source/nrk_scheduler.o
_nrk_prev_timer_val                               ../../../src/kernel/hal/atmega1281/nrk_cpu.o
                                                  ../../../src/kernel/hal/atmega1281/nrk_timer.o
                                                  ../../../src/kernel/source/nrk_scheduler.o
                                                  ../../../src/kernel/source/nrk_idle_task.o
                                                  ../../../src/kernel/source/nrk_time.o
                                                  ../../../src/kernel/source/nrk_task.o
                                                  ../../../src/kernel/source/nrk_events.o
                                                  ../../../src/kernel/source/nrk_error.o
                                                  ../../../src/radio/cc2420/source/basic_rf.o
                                                  main.o
_nrk_readyQ                                       ../../../src/kernel/hal/atmega1281/nrk_cpu.o
                                                  ../../../src/kernel/source/nrk_scheduler.o
                                                  ../../../src/kernel/source/nrk_events.o
                                                  ../../../src/kernel/source/nrk_stats.o
                                                  ../../../src/kernel/source/nrk.o
_nrk_resource_cnt                                 ../../../src/kernel/hal/atmega1281/nrk_cpu.o
                                                  ../../../src/kernel/source/nrk_scheduler.o
                                                  ../../../src/kernel/source/nrk_events.o
                                                  ../../../src/kernel/source/nrk_stats.o
                                                  ../../../src/kernel/source/nrk.o
_nrk_scheduler                                    ../../../src/kernel/source/nrk_scheduler.o
                                                  ../../../src/kernel/source/nrk.o
_nrk_set_next_wakeup                              ../../../src/kernel/hal/atmega1281/nrk_timer.o
                                                  ../../../src/kernel/source/nrk_scheduler.o
                                                  ../../../src/kernel/source/nrk_task.o
_nrk_setup_timer                                  ../../../src/kernel/hal/atmega1281/nrk_timer.o
                                                  ../../../src/kernel/hal/atmega1281/nrk_cpu.o
_nrk_signal_list                                  ../../../src/kernel/hal/atmega1281/nrk_cpu.o
                                                  ../../../src/kernel/hal/atmega1281/nrk_watchdog.o
                                                  ../../../src/kernel/hal/atmega1281/nrk_ext_int.o
                                                  ../../../src/kernel/hal/atmega1281/nrk_status.o
                                                  ../../../src/kernel/hal/atmega1281/nrk_timer.o
                                                  ../../../src/kernel/source/nrk_sw_wdt.o
                                                  ../../../src/kernel/source/nrk_scheduler.o
                                                  ../../../src/kernel/source/nrk_idle_task.o
                                                  ../../../src/kernel/source/nrk_time.o
                                                  ../../../src/kernel/source/nrk_task.o
                                                  ../../../src/kernel/source/nrk_events.o
                                                  ../../../src/kernel/source/nrk_stack_check.o
                                                  ../../../src/kernel/source/nrk_error.o
                                                  ../../../src/kernel/source/nrk_stats.o
                                                  ../../../src/kernel/source/nrk.o
                                                  ../../../src/platform/firefly2_2/source/nrk_eeprom.o
                                                  ../../../src/platform/firefly2_2/source/hal_wait.o
                                                  ../../../src/platform/firefly2_2/source/ulib.o
                                                  ../../../src/radio/cc2420/source/basic_rf.o
                                                  ../../../src/radio/cc2420/source/hal_rf_wait_for_crystal_oscillator.o
                                                  ../../../src/radio/cc2420/source/hal_rf_set_channel.o
                                                  mmc.o
                                                  main.o
_nrk_startup_error                                ../../../src/kernel/hal/atmega1281/nrk_status.o
                                                  ../../../src/kernel/source/nrk.o
_nrk_ticks_to_time                                ../../../src/kernel/source/nrk_time.o
_nrk_time_to_ticks                                ../../../src/kernel/source/nrk_time.o
                                                  ../../../src/kernel/source/nrk_task.o
                                                  ../../../src/kernel/source/nrk.o
_nrk_time_to_ticks_long                           ../../../src/kernel/source/nrk_time.o
_nrk_time_trigger                                 ../../../src/kernel/hal/atmega1281/nrk_cpu.o
                                                  ../../../src/kernel/hal/atmega1281/nrk_timer.o
                                                  ../../../src/kernel/source/nrk_scheduler.o
                                                  ../../../src/kernel/source/nrk_idle_task.o
                                                  ../../../src/kernel/source/nrk_time.o
                                                  ../../../src/kernel/source/nrk_task.o
                                                  ../../../src/kernel/source/nrk_events.o
                                                  ../../../src/kernel/source/nrk_error.o
                                                  ../../../src/radio/cc2420/source/basic_rf.o
                                                  main.o
_nrk_timer_tick                                   ../../../src/kernel/source/nrk.o
                                                  ../../../src/kernel/hal/atmega1281/nrk_cpu.o
_nrk_wait_for_scheduler                           ../../../src/kernel/source/nrk_task.o
app_timer0_callback                               ../../../src/kernel/hal/atmega1281/nrk_cpu.o
                                                  ../../../src/kernel/hal/atmega1281/nrk_timer.o
                                                  ../../../src/kernel/source/nrk_scheduler.o
                                                  ../../../src/kernel/source/nrk_idle_task.o
                                                  ../../../src/kernel/source/nrk_time.o
                                                  ../../../src/kernel/source/nrk_task.o
                                                  ../../../src/kernel/source/nrk_events.o
                                                  ../../../src/kernel/source/nrk_error.o
                                                  ../../../src/radio/cc2420/source/basic_rf.o
                                                  main.o
app_timer0_prescale                               ../../../src/kernel/hal/atmega1281/nrk_cpu.o
                                                  ../../../src/kernel/hal/atmega1281/nrk_timer.o
                                                  ../../../src/kernel/source/nrk_scheduler.o
                                                  ../../../src/kernel/source/nrk_idle_task.o
                                                  ../../../src/kernel/source/nrk_time.o
                                                  ../../../src/kernel/source/nrk_task.o
                                                  ../../../src/kernel/source/nrk_events.o
                                                  ../../../src/kernel/source/nrk_error.o
                                                  ../../../src/radio/cc2420/source/basic_rf.o
                                                  main.o
auto_ack_enable                                   ../../../src/radio/cc2420/source/basic_rf.o
blink_dash                                        ../../../src/kernel/source/nrk_error.o
blink_dot                                         ../../../src/kernel/source/nrk_error.o
blink_morse_code_error                            ../../../src/kernel/source/nrk_error.o
busy_flag                                         mmc.o
calloc                                            /usr/lib/gcc/avr/4.5.3/../../../avr/lib/avr51/libc.a(calloc.o)
                                                  /usr/lib/gcc/avr/4.5.3/../../../avr/lib/avr51/libc.a(fdevopen.o)
cc259x_rx                                         ../../../src/radio/cc2420/source/basic_rf.o
cc259x_tx                                         ../../../src/radio/cc2420/source/basic_rf.o
dump_stack_info                                   ../../../src/kernel/source/nrk_stack_check.o
error_num                                         ../../../src/kernel/hal/atmega1281/nrk_cpu.o
                                                  ../../../src/kernel/hal/atmega1281/nrk_watchdog.o
                                                  ../../../src/kernel/hal/atmega1281/nrk_ext_int.o
                                                  ../../../src/kernel/hal/atmega1281/nrk_status.o
                                                  ../../../src/kernel/hal/atmega1281/nrk_timer.o
                                                  ../../../src/kernel/source/nrk_sw_wdt.o
                                                  ../../../src/kernel/source/nrk_scheduler.o
                                                  ../../../src/kernel/source/nrk_idle_task.o
                                                  ../../../src/kernel/source/nrk_time.o
                                                  ../../../src/kernel/source/nrk_task.o
                                                  ../../../src/kernel/source/nrk_events.o
                                                  ../../../src/kernel/source/nrk_stack_check.o
                                                  ../../../src/kernel/source/nrk_error.o
                                                  ../../../src/kernel/source/nrk_stats.o
                                                  ../../../src/kernel/source/nrk.o
                                                  ../../../src/platform/firefly2_2/source/nrk_eeprom.o
                                                  ../../../src/platform/firefly2_2/source/ulib.o
                                                  ../../../src/radio/cc2420/source/basic_rf.o
                                                  main.o
error_task                                        ../../../src/kernel/hal/atmega1281/nrk_cpu.o
                                                  ../../../src/kernel/hal/atmega1281/nrk_watchdog.o
                                                  ../../../src/kernel/hal/atmega1281/nrk_ext_int.o
                                                  ../../../src/kernel/hal/atmega1281/nrk_status.o
                                                  ../../../src/kernel/hal/atmega1281/nrk_timer.o
                                                  ../../../src/kernel/source/nrk_sw_wdt.o
                                                  ../../../src/kernel/source/nrk_scheduler.o
                                                  ../../../src/kernel/source/nrk_idle_task.o
                                                  ../../../src/kernel/source/nrk_time.o
                                                  ../../../src/kernel/source/nrk_task.o
                                                  ../../../src/kernel/source/nrk_events.o
                                                  ../../../src/kernel/source/nrk_stack_check.o
                                                  ../../../src/kernel/source/nrk_error.o
                                                  ../../../src/kernel/source/nrk_stats.o
                                                  ../../../src/kernel/source/nrk.o
                                                  ../../../src/platform/firefly2_2/source/nrk_eeprom.o
                                                  ../../../src/platform/firefly2_2/source/ulib.o
                                                  ../../../src/radio/cc2420/source/basic_rf.o
                                                  main.o
exit                                              /usr/lib/gcc/avr/4.5.3/avr51/libgcc.a(_exit.o)
                                                  /usr/lib/gcc/avr/4.5.3/../../../avr/lib/avr51/crtm1281.o
ext_int0_callback                                 ../../../src/kernel/hal/atmega1281/nrk_ext_int.o
ext_int1_callback                                 ../../../src/kernel/hal/atmega1281/nrk_ext_int.o
ext_int2_callback                                 ../../../src/kernel/hal/atmega1281/nrk_ext_int.o
fdevopen                                          /usr/lib/gcc/avr/4.5.3/../../../avr/lib/avr51/libc.a(fdevopen.o)
                                                  ../../../src/platform/firefly2_2/source/ulib.o
fputc                                             /usr/lib/gcc/avr/4.5.3/../../../avr/lib/avr51/libc.a(fputc.o)
                                                  /usr/lib/gcc/avr/4.5.3/../../../avr/lib/avr51/libprintf_min.a(vfprintf_min.o)
                                                  ../../../src/kernel/source/nrk_error.o
                                                  ../../../src/platform/firefly2_2/source/ulib.o
free                                              /usr/lib/gcc/avr/4.5.3/../../../avr/lib/avr51/libc.a(malloc.o)
getc0                                             ../../../src/platform/firefly2_2/source/ulib.o
getc1                                             ../../../src/platform/firefly2_2/source/ulib.o
halRfSetChannel                                   ../../../src/radio/cc2420/source/hal_rf_set_channel.o
                                                  ../../../src/radio/cc2420/source/basic_rf.o
halRfWaitForCrystalOscillator                     ../../../src/radio/cc2420/source/hal_rf_wait_for_crystal_oscillator.o
                                                  ../../../src/radio/cc2420/source/basic_rf.o
halWait                                           ../../../src/platform/firefly2_2/source/hal_wait.o
                                                  ../../../src/radio/cc2420/source/basic_rf.o
kill_stack                                        main.o
last_pkt_encrypted                                ../../../src/radio/cc2420/source/basic_rf.o
main                                              main.o
                                                  /usr/lib/gcc/avr/4.5.3/../../../avr/lib/avr51/crtm1281.o
malloc                                            /usr/lib/gcc/avr/4.5.3/../../../avr/lib/avr51/libc.a(malloc.o)
                                                  /usr/lib/gcc/avr/4.5.3/../../../avr/lib/avr51/libc.a(calloc.o)
mdmctrl0                                          ../../../src/radio/cc2420/source/basic_rf.o
memset                                            /usr/lib/gcc/avr/4.5.3/../../../avr/lib/avr51/libc.a(memset.o)
                                                  /usr/lib/gcc/avr/4.5.3/../../../avr/lib/avr51/libc.a(calloc.o)
mmc_card_detect                                   mmc.o
mmc_clock_and_release                             mmc.o
mmc_datatoken                                     mmc.o
mmc_get                                           mmc.o
mmc_init                                          mmc.o
                                                  main.o
mmc_readsector                                    mmc.o
                                                  main.o
mmc_send_command                                  mmc.o
mmc_writesector                                   mmc.o
                                                  main.o
mmc_writesector_pending                           mmc.o
next_next_wakeup                                  ../../../src/kernel/source/nrk_scheduler.o
                                                  ../../../src/kernel/source/nrk_idle_task.o
                                                  ../../../src/kernel/source/nrk_task.o
                                                  ../../../src/kernel/source/nrk_events.o
                                                  ../../../src/kernel/source/nrk.o
nrk_TCB_init                                      ../../../src/kernel/source/nrk.o
                                                  ../../../src/kernel/source/nrk_task.o
nrk_activate_task                                 ../../../src/kernel/source/nrk_task.o
                                                  ../../../src/kernel/source/nrk.o
                                                  main.o
nrk_add_to_readyQ                                 ../../../src/kernel/source/nrk_task.o
                                                  ../../../src/kernel/source/nrk_scheduler.o
nrk_battery_save                                  ../../../src/kernel/hal/atmega1281/nrk_cpu.o
nrk_create_taskset                                main.o
nrk_cur_task_TCB                                  ../../../src/kernel/hal/atmega1281/nrk_cpu.o
                                                  ../../../src/kernel/hal/atmega1281/nrk_timer.o
                                                  ../../../src/kernel/source/nrk_scheduler.o
                                                  ../../../src/kernel/source/nrk_task.o
                                                  ../../../src/kernel/source/nrk_events.o
                                                  ../../../src/kernel/source/nrk_stack_check.o
                                                  ../../../src/kernel/source/nrk_error.o
                                                  ../../../src/kernel/source/nrk_stats.o
                                                  ../../../src/kernel/source/nrk.o
nrk_cur_task_prio                                 ../../../src/kernel/hal/atmega1281/nrk_cpu.o
                                                  ../../../src/kernel/source/nrk_scheduler.o
                                                  ../../../src/kernel/source/nrk_events.o
                                                  ../../../src/kernel/source/nrk_stats.o
                                                  ../../../src/kernel/source/nrk.o
nrk_eeprom_read_byte                              ../../../src/platform/firefly2_2/source/nrk_eeprom.o
nrk_eeprom_write_byte                             ../../../src/platform/firefly2_2/source/nrk_eeprom.o
nrk_errno_get                                     ../../../src/kernel/source/nrk_error.o
nrk_error_add                                     ../../../src/kernel/source/nrk_error.o
                                                  ../../../src/kernel/hal/atmega1281/nrk_cpu.o
                                                  ../../../src/kernel/source/nrk_idle_task.o
                                                  ../../../src/kernel/source/nrk_stack_check.o
nrk_error_get                                     ../../../src/kernel/source/nrk_error.o
nrk_error_print                                   ../../../src/kernel/source/nrk_error.o
nrk_event_signal                                  ../../../src/kernel/source/nrk_events.o
nrk_event_wait                                    ../../../src/kernel/source/nrk_events.o
nrk_ext_int_configure                             ../../../src/kernel/hal/atmega1281/nrk_ext_int.o
nrk_ext_int_disable                               ../../../src/kernel/hal/atmega1281/nrk_ext_int.o
nrk_ext_int_enable                                ../../../src/kernel/hal/atmega1281/nrk_ext_int.o
nrk_get_button                                    ../../../src/platform/firefly2_2/source/ulib.o
nrk_get_high_ready_task_ID                        ../../../src/kernel/source/nrk_task.o
                                                  ../../../src/kernel/source/nrk_scheduler.o
                                                  ../../../src/kernel/source/nrk.o
nrk_get_pid                                       ../../../src/kernel/source/nrk_task.o
                                                  main.o
nrk_get_resource_index                            ../../../src/kernel/source/nrk_events.o
nrk_gpio_clr                                      ../../../src/platform/firefly2_2/source/ulib.o
                                                  ../../../src/radio/cc2420/source/basic_rf.o
nrk_gpio_direction                                ../../../src/platform/firefly2_2/source/ulib.o
nrk_gpio_get                                      ../../../src/platform/firefly2_2/source/ulib.o
nrk_gpio_pullups                                  ../../../src/platform/firefly2_2/source/ulib.o
nrk_gpio_set                                      ../../../src/platform/firefly2_2/source/ulib.o
                                                  ../../../src/radio/cc2420/source/basic_rf.o
nrk_gpio_toggle                                   ../../../src/platform/firefly2_2/source/ulib.o
nrk_halt                                          ../../../src/kernel/source/nrk.o
nrk_high_ready_TCB                                ../../../src/kernel/hal/atmega1281/atmel_hw_specific.o
                                                  ../../../src/kernel/hal/atmega1281/nrk_cpu.o
                                                  ../../../src/kernel/source/nrk_scheduler.o
                                                  ../../../src/kernel/source/nrk_events.o
                                                  ../../../src/kernel/source/nrk_stats.o
                                                  ../../../src/kernel/source/nrk.o
nrk_high_ready_prio                               ../../../src/kernel/hal/atmega1281/nrk_cpu.o
                                                  ../../../src/kernel/source/nrk_scheduler.o
                                                  ../../../src/kernel/source/nrk_events.o
                                                  ../../../src/kernel/source/nrk_stats.o
                                                  ../../../src/kernel/source/nrk.o
nrk_high_speed_timer_wait                         ../../../src/kernel/hal/atmega1281/nrk_timer.o