Archive member included because of file (symbol)

/usr/lib/gcc/avr/4.5.3/../../../avr/lib/avr51/libprintf_flt.a(vfprintf_flt.o)
                              (vfprintf)
/usr/lib/gcc/avr/4.5.3/../../../avr/lib/avr51/libm.a(addsf3.o)
                              ./..//src/drivers/platform/micaZ/source/mda100_driver.o (__subsf3)
/usr/lib/gcc/avr/4.5.3/../../../avr/lib/avr51/libm.a(addsf3x.o)
                              /usr/lib/gcc/avr/4.5.3/../../../avr/lib/avr51/libm.a(addsf3.o) (__addsf3x)
/usr/lib/gcc/avr/4.5.3/../../../avr/lib/avr51/libm.a(divsf3.o)
                              ./..//src/drivers/platform/micaZ/source/adc_driver.o (__divsf3)
/usr/lib/gcc/avr/4.5.3/../../../avr/lib/avr51/libm.a(divsf3x.o)
                              /usr/lib/gcc/avr/4.5.3/../../../avr/lib/avr51/libm.a(divsf3.o) (__divsf3x)
/usr/lib/gcc/avr/4.5.3/../../../avr/lib/avr51/libm.a(fixunssfsi.o)
                              ./..//src/drivers/platform/micaZ/source/TUM_LKN_Sensorboard_driver.o (__fixunssfsi)
/usr/lib/gcc/avr/4.5.3/../../../avr/lib/avr51/libm.a(floatsisf.o)
                              ./..//src/drivers/platform/micaZ/source/adc_driver.o (__floatunsisf)
/usr/lib/gcc/avr/4.5.3/../../../avr/lib/avr51/libm.a(fp_inf.o)
                              /usr/lib/gcc/avr/4.5.3/../../../avr/lib/avr51/libm.a(addsf3x.o) (__fp_inf)
/usr/lib/gcc/avr/4.5.3/../../../avr/lib/avr51/libm.a(fp_nan.o)
                              /usr/lib/gcc/avr/4.5.3/../../../avr/lib/avr51/libm.a(addsf3x.o) (__fp_nan)
/usr/lib/gcc/avr/4.5.3/../../../avr/lib/avr51/libm.a(fp_pscA.o)
                              /usr/lib/gcc/avr/4.5.3/../../../avr/lib/avr51/libm.a(addsf3x.o) (__fp_pscA)
/usr/lib/gcc/avr/4.5.3/../../../avr/lib/avr51/libm.a(fp_pscB.o)
                              /usr/lib/gcc/avr/4.5.3/../../../avr/lib/avr51/libm.a(addsf3x.o) (__fp_pscB)
/usr/lib/gcc/avr/4.5.3/../../../avr/lib/avr51/libm.a(fp_round.o)
                              /usr/lib/gcc/avr/4.5.3/../../../avr/lib/avr51/libm.a(addsf3.o) (__fp_round)
/usr/lib/gcc/avr/4.5.3/../../../avr/lib/avr51/libm.a(fp_split3.o)
                              /usr/lib/gcc/avr/4.5.3/../../../avr/lib/avr51/libm.a(addsf3x.o) (__fp_split3)
/usr/lib/gcc/avr/4.5.3/../../../avr/lib/avr51/libm.a(fp_zero.o)
                              /usr/lib/gcc/avr/4.5.3/../../../avr/lib/avr51/libm.a(addsf3x.o) (__fp_zero)
/usr/lib/gcc/avr/4.5.3/../../../avr/lib/avr51/libm.a(gesf2.o)
                              ./..//src/drivers/platform/micaZ/source/TUM_LKN_Sensorboard_driver.o (__gesf2)
/usr/lib/gcc/avr/4.5.3/../../../avr/lib/avr51/libm.a(log.o)
                              ./..//src/drivers/platform/micaZ/source/mda100_driver.o (log)
/usr/lib/gcc/avr/4.5.3/../../../avr/lib/avr51/libm.a(mulsf3.o)
                              ./..//src/drivers/platform/micaZ/source/mda100_driver.o (__mulsf3)
/usr/lib/gcc/avr/4.5.3/../../../avr/lib/avr51/libm.a(mulsf3x.o)
                              /usr/lib/gcc/avr/4.5.3/../../../avr/lib/avr51/libm.a(log.o) (__mulsf3x)
/usr/lib/gcc/avr/4.5.3/../../../avr/lib/avr51/libm.a(pow.o)
                              ./..//src/drivers/platform/micaZ/source/mda100_driver.o (pow)
/usr/lib/gcc/avr/4.5.3/../../../avr/lib/avr51/libm.a(exp.o)
                              /usr/lib/gcc/avr/4.5.3/../../../avr/lib/avr51/libm.a(pow.o) (exp)
/usr/lib/gcc/avr/4.5.3/../../../avr/lib/avr51/libm.a(fp_cmp.o)
                              /usr/lib/gcc/avr/4.5.3/../../../avr/lib/avr51/libm.a(gesf2.o) (__fp_cmp)
/usr/lib/gcc/avr/4.5.3/../../../avr/lib/avr51/libm.a(fp_mpack.o)
                              /usr/lib/gcc/avr/4.5.3/../../../avr/lib/avr51/libm.a(log.o) (__fp_mpack)
/usr/lib/gcc/avr/4.5.3/../../../avr/lib/avr51/libm.a(fp_powser.o)
                              /usr/lib/gcc/avr/4.5.3/../../../avr/lib/avr51/libm.a(log.o) (__fp_powser)
/usr/lib/gcc/avr/4.5.3/../../../avr/lib/avr51/libm.a(inverse.o)
                              /usr/lib/gcc/avr/4.5.3/../../../avr/lib/avr51/libm.a(exp.o) (inverse)
/usr/lib/gcc/avr/4.5.3/../../../avr/lib/avr51/libm.a(ldexp.o)
                              /usr/lib/gcc/avr/4.5.3/../../../avr/lib/avr51/libm.a(exp.o) (ldexp)
/usr/lib/gcc/avr/4.5.3/../../../avr/lib/avr51/libm.a(modf.o)
                              /usr/lib/gcc/avr/4.5.3/../../../avr/lib/avr51/libm.a(exp.o) (modf)
/usr/lib/gcc/avr/4.5.3/avr51/libgcc.a(_mulsi3.o)
                              ./..//src/kernel/source/nrk_time.o (__mulsi3)
/usr/lib/gcc/avr/4.5.3/avr51/libgcc.a(_udivmodhi4.o)
                              ./..//src/kernel/source/nrk_scheduler.o (__udivmodhi4)
/usr/lib/gcc/avr/4.5.3/avr51/libgcc.a(_divmodhi4.o)
                              main.o (__divmodhi4)
/usr/lib/gcc/avr/4.5.3/avr51/libgcc.a(_udivmodsi4.o)
                              ./..//src/kernel/source/nrk_time.o (__udivmodsi4)
/usr/lib/gcc/avr/4.5.3/avr51/libgcc.a(_exit.o)
                              /usr/lib/gcc/avr/4.5.3/../../../avr/lib/avr51/crtm128.o (exit)
/usr/lib/gcc/avr/4.5.3/avr51/libgcc.a(_copy_data.o)
[...]
Memory Configuration

Name             Origin             Length             Attributes
text             0x00000000         0x00020000         xr
data             0x00800100         0x0000ff00         rw !x
eeprom           0x00810000         0x00010000         rw !x
fuse             0x00820000         0x00000400         rw !x
lock             0x00830000         0x00000400         rw !x
signature        0x00840000         0x00000400         rw !x
*default*        0x00000000         0xffffffff

Linker script and memory map

Address of section .data set to 0x800100
LOAD /usr/lib/gcc/avr/4.5.3/../../../avr/lib/avr51/crtm128.o
LOAD main.o
LOAD ./..//src/radio/cc2420/source/hal_rf_set_channel.o
LOAD ./..//src/radio/cc2420/source/hal_rf_wait_for_crystal_oscillator.o
LOAD ./..//src/radio/cc2420/source/basic_rf.o
LOAD ./..//src/platform/micaZ/source/ulib.o
LOAD ./..//src/platform/micaZ/source/hal_wait.o
LOAD ./..//src/platform/micaZ/source/nrk_eeprom.o
LOAD ./..//src/kernel/source/nrk.o
LOAD ./..//src/kernel/source/nrk_stats.o
LOAD ./..//src/kernel/source/nrk_error.o
LOAD ./..//src/kernel/source/nrk_stack_check.o
LOAD ./..//src/kernel/source/nrk_events.o
LOAD ./..//src/kernel/source/nrk_task.o
LOAD ./..//src/kernel/source/nrk_time.o
LOAD ./..//src/kernel/source/nrk_idle_task.o
LOAD ./..//src/kernel/source/nrk_scheduler.o
LOAD ./..//src/kernel/source/nrk_driver.o
LOAD ./..//src/kernel/source/nrk_reserve.o
LOAD ./..//src/kernel/source/nrk_sw_wdt.o
LOAD ./..//src/kernel/hal/atmega128/nrk_timer.o
LOAD ./..//src/kernel/hal/atmega128/nrk_status.o
LOAD ./..//src/kernel/hal/atmega128/nrk_ext_int.o
LOAD ./..//src/kernel/hal/atmega128/nrk_watchdog.o
LOAD ./..//src/kernel/hal/atmega128/nrk_cpu.o
LOAD ./..//src/drivers/platform/micaZ/source/ad5242.o
LOAD ./..//src/drivers/platform/micaZ/source/adc_driver.o
LOAD ./..//src/drivers/platform/micaZ/source/i2c_driver.o
LOAD ./..//src/drivers/platform/micaZ/source/mda100_driver.o
LOAD ./..//src/drivers/platform/micaZ/source/mts310cb_driver.o
LOAD ./..//src/drivers/platform/micaZ/source/DS2401.o
LOAD ./..//src/drivers/platform/micaZ/source/DOGM128-6_Graphicdisplay_driver.o
LOAD ./..//src/drivers/platform/micaZ/source/eDIP240-7_TouchPanel_driver.o
LOAD ./..//src/drivers/platform/micaZ/source/TUM_LKN_Sensorboard_driver.o
LOAD ./..//src/kernel/hal/atmega128/atmel_hw_specific.o
LOAD /usr/lib/gcc/avr/4.5.3/../../../avr/lib/avr51/libprintf_flt.a
LOAD /usr/lib/gcc/avr/4.5.3/../../../avr/lib/avr51/libm.a
LOAD /usr/lib/gcc/avr/4.5.3/avr51/libgcc.a
LOAD /usr/lib/gcc/avr/4.5.3/../../../avr/lib/avr51/libc.a
LOAD /usr/lib/gcc/avr/4.5.3/avr51/libgcc.a

.hash
 *(.hash)

.dynsym
 *(.dynsym)

.dynstr
 *(.dynstr)

.gnu.version
 *(.gnu.version)

.gnu.version_d
 *(.gnu.version_d)

.gnu.version_r
 *(.gnu.version_r)

.rel.init
 *(.rel.init)

.rela.init
 *(.rela.init)

.rel.text
 *(.rel.text)
 *(.rel.text.*)
 *(.rel.gnu.linkonce.t*)

.rela.text
 *(.rela.text)
 *(.rela.text.*)
 *(.rela.gnu.linkonce.t*)

.rel.fini
 *(.rel.fini)

.rela.fini
 *(.rela.fini)

.rel.rodata
 *(.rel.rodata)
 *(.rel.rodata.*)
 *(.rel.gnu.linkonce.r*)

.rela.rodata
 *(.rela.rodata)
 *(.rela.rodata.*)
 *(.rela.gnu.linkonce.r*)

.rel.data
 *(.rel.data)
 *(.rel.data.*)
 *(.rel.gnu.linkonce.d*)

.rela.data
 *(.rela.data)
 *(.rela.data.*)
 *(.rela.gnu.linkonce.d*)

.rel.ctors
 *(.rel.ctors)

.rela.ctors
 *(.rela.ctors)

.rel.dtors
 *(.rel.dtors)

.rela.dtors
 *(.rela.dtors)

.rel.got
 *(.rel.got)

.rela.got
 *(.rela.got)

.rel.bss
 *(.rel.bss)

.rela.bss
 *(.rela.bss)

.rel.plt
 *(.rel.plt)

.rela.plt
 *(.rela.plt)

.text           0x00000000     0x8efe
 *(.vectors)
 .vectors       0x00000000       0x8c /usr/lib/gcc/avr/4.5.3/../../../avr/lib/avr51/crtm128.o
                0x00000000                __vectors
 *(.vectors)
 *(.progmem.gcc*)
 .progmem.gcc_sw_table
                0x0000008c       0x2c ./..//src/kernel/source/nrk_error.o
 .progmem.gcc_fplib
                0x000000b8       0x5a /usr/lib/gcc/avr/4.5.3/../../../avr/lib/avr51/libm.a(log.o)
 .progmem.gcc_fplib
                0x00000112       0x28 /usr/lib/gcc/avr/4.5.3/../../../avr/lib/avr51/libm.a(exp.o)
 *(.progmem*)
 .progmem.data  0x0000013a      0x238 ./..//src/kernel/source/nrk_error.o
 .progmem.data  0x00000372        0xf ./..//src/kernel/source/nrk_stack_check.o
 .progmem.data  0x00000381        0xf ./..//src/kernel/source/nrk_task.o
 .progmem.data  0x00000390      0x500 ./..//src/drivers/platform/micaZ/source/DOGM128-6_Graphicdisplay_driver.o
                0x00000390                font5x7
 .progmem.data  0x00000890        0x8 /usr/lib/gcc/avr/4.5.3/../../../avr/lib/avr51/libprintf_flt.a(vfprintf_flt.o)
 .progmem.data  0x00000898       0xfa /usr/lib/gcc/avr/4.5.3/../../../avr/lib/avr51/libc.a(ftoa_engine.o)
                0x00000992                . = ALIGN (0x2)
                0x00000992                __trampolines_start = .
 *(.trampolines)
 .trampolines   0x00000992        0x0 linker stubs
 *(.trampolines*)
                0x00000992                __trampolines_end = .
 *(.jumptables)
 *(.jumptables*)
 *(.lowtext)
 *(.lowtext*)
                0x00000992                __ctors_start = .
 *(.ctors)
                0x00000992                __ctors_end = .
                0x00000992                __dtors_start = .
 *(.dtors)
                0x00000992                __dtors_end = .
 SORT(*)(.ctors)
 SORT(*)(.dtors)
 *(.init0)
 .init0         0x00000992        0x0 /usr/lib/gcc/avr/4.5.3/../../../avr/lib/avr51/crtm128.o
                0x00000992                __init
 *(.init0)
 *(.init1)
 *(.init1)
 *(.init2)
 .init2         0x00000992        0xc /usr/lib/gcc/avr/4.5.3/../../../avr/lib/avr51/crtm128.o
 *(.init2)
 *(.init3)
 *(.init3)
 *(.init4)
 .init4         0x0000099e       0x1a /usr/lib/gcc/avr/4.5.3/avr51/libgcc.a(_copy_data.o)
                0x0000099e                __do_copy_data
 .init4         0x000009b8       0x10 /usr/lib/gcc/avr/4.5.3/avr51/libgcc.a(_clear_bss.o)
                0x000009b8                __do_clear_bss
 *(.init4)
 *(.init5)
 *(.init5)
 *(.init6)
 *(.init6)
 *(.init7)
 *(.init7)
 *(.init8)
 *(.init8)
 *(.init9)
 .init9         0x000009c8        0x8 /usr/lib/gcc/avr/4.5.3/../../../avr/lib/avr51/crtm128.o
 *(.init9)
 *(.text)
 .text          0x000009d0        0x4 /usr/lib/gcc/avr/4.5.3/../../../avr/lib/avr51/crtm128.o
                0x000009d0                __vector_22
                0x000009d0                __vector_28
                0x000009d0                __vector_32
                0x000009d0                __vector_34
                0x000009d0                __vector_24
                0x000009d0                __vector_12
                0x000009d0                __bad_interrupt
                0x000009d0                __vector_6
                0x000009d0                __vector_31
                0x000009d0                __vector_3
                0x000009d0                __vector_23
                0x000009d0                __vector_30
                0x000009d0                __vector_25
                0x000009d0                __vector_11
                0x000009d0                __vector_13
                0x000009d0                __vector_17
                0x000009d0                __vector_19
                0x000009d0                __vector_7
                0x000009d0                __vector_27
                0x000009d0                __vector_5
                0x000009d0                __vector_33
                0x000009d0                __vector_4
                0x000009d0                __vector_2
                0x000009d0                __vector_21
                0x000009d0                __vector_29
                0x000009d0                __vector_8
                0x000009d0                __vector_26
                0x000009d0                __vector_14
                0x000009d0                __vector_10
                0x000009d0                __vector_18
                0x000009d0                __vector_20
 .text          0x000009d4      0x5a8 main.o
                0x000009d4                task_3_func
                0x00000b3c                task_1_func
                0x00000ca4                task_2_func
                0x00000d06                main
 .text          0x00000f7c       0x36 ./..//src/radio/cc2420/source/hal_rf_set_channel.o
                0x00000f7c                halRfSetChannel
 .text          0x00000fb2       0x16 ./..//src/radio/cc2420/source/hal_rf_wait_for_crystal_oscillator.o
                0x00000fb2                halRfWaitForCrystalOscillator
 .text          0x00000fc8     0x115a ./..//src/radio/cc2420/source/basic_rf.o
                0x00000fc8                cc259x_rx
                0x00000fda                cc259x_tx
                0x00000fec                rf_power_down
                0x0000100a                rf_power_up
                0x00001024                rf_security_last_pkt_status
                0x0000102a                rf_security_set_ctr_counter
                0x0000109e                rf_security_set_key
                0x00001234                rf_security_enable
                0x00001274                rf_security_disable
                0x00001296                rf_get_sem
                0x000012a0                rf_tx_power
                0x000012c4                rf_set_channel
                0x000012ca                rf_addr_decode_enable
                0x000012fe                rf_addr_decode_disable
                0x00001332                rf_auto_ack_enable
                0x0000136c                rf_auto_ack_disable
                0x000013a4                rf_addr_decode_set_my_mac
                0x000013fe                rf_set_rx
                0x00001430                rf_init
                0x0000159e                rf_rx_on
                0x000015c2                rf_polling_rx_on
                0x000015e6                rf_rx_off
                0x000015fc                rf_tx_tdma_packet
                0x000018a8                rf_tx_packet
                0x00001b8a                rf_busy
                0x00001b92                rf_rx_check_fifop
                0x00001b9a                rf_rx_check_sfd
                0x00001ba2                rf_polling_rx_packet
                0x00001f50                rf_rx_packet
                0x00001f66                rf_flush_rx_fifo
                0x00001f80                rf_set_cca_thresh
                0x00001fa6                rf_test_mode
                0x00001fee                rf_data_mode
                0x00002032                rf_rx_set_serial
                0x00002060                rf_tx_set_serial
                0x00002082                rf_set_preamble_length
                0x000020c0                rf_set_cca_mode
                0x00002106                rf_carrier_on
                0x00002114                rf_carrier_off
 .text          0x00002122      0x514 ./..//src/platform/micaZ/source/ulib.o
                0x00002122                getc0
                0x0000212c                putc0
                0x00002136                nrk_uart_rx_signal_get
                0x0000213a                nrk_uart_data_ready
                0x00002156                nrk_kprintf
                0x0000217c                nrk_gpio_set
                0x00002208                nrk_gpio_clr
                0x00002296                nrk_gpio_get
                0x00002302                nrk_gpio_pullups
                0x00002316                nrk_gpio_toggle
                0x000023a2                nrk_gpio_direction
                0x000024c8                nrk_get_button
                0x000024cc                nrk_led_toggle
                0x000024f2                nrk_led_clr
                0x00002518                nrk_setup_ports
                0x00002560                nrk_led_set
                0x00002586                putc1
                0x0000259e                setup_uart0
                0x000025b6                nrk_setup_uart
                0x000025f4                setup_uart1
                0x0000261e                getc1
 .text          0x00002636        0xe ./..//src/platform/micaZ/source/hal_wait.o
                0x00002636                halWait
 .text          0x00002644      0x142 ./..//src/platform/micaZ/source/nrk_eeprom.o
                0x00002644                nrk_eeprom_read_byte
                0x0000264a                nrk_eeprom_write_byte
                0x00002652                read_eeprom_mac_address
                0x000026be                read_eeprom_channel
                0x000026d6                write_eeprom_load_img_pages
                0x000026e6                read_eeprom_load_img_pages
                0x000026fe                read_eeprom_aes_key
                0x0000272e                write_eeprom_aes_key
                0x0000275e                read_eeprom_current_image_checksum
                0x00002776                write_eeprom_current_image_checksum
 .text          0x00002786      0x416 ./..//src/kernel/source/nrk.o
                0x00002786                nrk_int_disable
                0x0000278a                nrk_int_enable
                0x0000278e                nrk_halt
                0x00002794                nrk_init
                0x00002920                nrk_start
                0x000029ca                nrk_TCB_init
                0x00002b90                _nrk_timer_tick
                0x00002b96                nrk_version
 .text          0x00002b9c        0x0 ./..//src/kernel/source/nrk_stats.o
 .text          0x00002b9c      0x456 ./..//src/kernel/source/nrk_error.o
                0x00002b9c                _nrk_errno_set
                0x00002ba8                nrk_errno_get
                0x00002bb4                nrk_error_get
                0x00002bd0                pause
                0x00002bfa                blink_dot
                0x00002c14                blink_dash
                0x00002c36                blink_morse_code_error
                0x00002d9a                nrk_error_print
                0x00002f58                nrk_kernel_error_add
                0x00002fda                nrk_error_add
 .text          0x00002ff2      0x264 ./..//src/kernel/source/nrk_stack_check.o
                0x00002ff2                dump_stack_info
                0x000031c8                nrk_stack_check
                0x00003210                nrk_stack_check_pid
 .text          0x00003256      0x790 ./..//src/kernel/source/nrk_events.o
                0x00003256                nrk_signal_create
                0x000032c2                nrk_signal_get_registered_mask
                0x000032d4                nrk_signal_delete
                0x000033e4                nrk_signal_unregister
                0x00003468                nrk_signal_register
                0x000034d0                nrk_event_signal
                0x000035b6                nrk_event_wait
                0x0000362c                nrk_sem_create
                0x00003670                nrk_get_resource_index
                0x0000369a                nrk_sem_delete
                0x000036de                nrk_sem_post
                0x0000383a                nrk_sem_pend
                0x000039b4                nrk_sem_query
 .text          0x000039e6      0x70a ./..//src/kernel/source/nrk_task.o
                0x000039e6                nrk_get_high_ready_task_ID
                0x000039f2                nrk_print_readyQ
                0x00003a6e                nrk_add_to_readyQ
                0x00003bb2                nrk_rem_from_readyQ
                0x00003c52                nrk_activate_task
                0x00003d00                nrk_set_next_wakeup
                0x00003d6e                _nrk_wait_for_scheduler
                0x00003d82                nrk_wait
                0x00003e32                nrk_wait_until_nw
                0x00003e80                nrk_wait_until_ticks
                0x00003eda                nrk_wait_ticks
                0x00003f58                nrk_wait_until_next_n_periods
                0x00003fbe                nrk_wait_until_next_period
                0x00004016                nrk_terminate_task
                0x00004038                nrk_wait_until
                0x000040e4                nrk_get_pid
 .text          0x000040f0      0x596 ./..//src/kernel/source/nrk_time.o
                0x000040f0                nrk_time_get
                0x000041ac                nrk_time_sub
                0x000042ca                nrk_time_compact_nanos
                0x00004310                nrk_time_add
                0x000043c6                nrk_time_set
                0x000043e8                _nrk_time_to_ticks
                0x00004506                _nrk_ticks_to_time
                0x00004578                _nrk_time_to_ticks_long
 .text          0x00004686       0x36 ./..//src/kernel/source/nrk_idle_task.o
                0x00004686                nrk_idle_task
 .text          0x000046bc      0x764 ./..//src/kernel/source/nrk_scheduler.o
                0x000046bc                _nrk_scheduler
 .text          0x00004e20        0x0 ./..//src/kernel/source/nrk_driver.o
 .text          0x00004e20        0x0 ./..//src/kernel/source/nrk_reserve.o
 .text          0x00004e20        0x0 ./..//src/kernel/source/nrk_sw_wdt.o
 .text          0x00004e20      0x2f2 ./..//src/kernel/hal/atmega128/nrk_timer.o
                0x00004e20                nrk_spin_wait_us
                0x00004e2e                _nrk_high_speed_timer_stop
                0x00004e32                _nrk_high_speed_timer_start
                0x00004e38                _nrk_high_speed_timer_reset
                0x00004e44                _nrk_high_speed_timer_get
                0x00004e66                nrk_high_speed_timer_wait
                0x00004ed6                _nrk_os_timer_set
                0x00004eda                _nrk_os_timer_stop
                0x00004eea                _nrk_os_timer_start
                0x00004ef6                _nrk_os_timer_reset
                0x00004f08                _nrk_setup_timer
                0x00004f40                _nrk_precision_os_timer_reset
                0x00004f42                _nrk_get_next_wakeup
                0x00004f48                _nrk_set_next_wakeup
                0x00004f4e                _nrk_os_timer_get
                0x00004f52                __vector_default
                0x00004fa6                __vector_15
                0x00004fa6                __vector_16
                0x0000500c                nrk_timer_int_stop
                0x0000501a                nrk_timer_int_reset
                0x00005028                nrk_timer_int_read
                0x0000503a                nrk_timer_int_start
                0x0000504c                nrk_timer_int_configure
                0x000050ae                __vector_9
 .text          0x00005112       0x4a ./..//src/kernel/hal/atmega128/nrk_status.o
                0x00005112                _nrk_startup_error
 .text          0x0000515c       0x60 ./..//src/kernel/hal/atmega128/nrk_ext_int.o
                0x0000515c                nrk_ext_int_enable
                0x00005160                nrk_ext_int_disable
                0x00005164                nrk_ext_int_configure
                0x00005168                __vector_1
 .text          0x000051bc       0x48 ./..//src/kernel/hal/atmega128/nrk_watchdog.o
                0x000051bc                nrk_watchdog_disable
                0x000051d6                nrk_watchdog_enable
                0x000051f2                nrk_watchdog_check
                0x00005200                nrk_watchdog_reset
 .text          0x00005204      0x104 ./..//src/kernel/hal/atmega128/nrk_cpu.o
                0x00005204                nrk_battery_save
                0x00005206                nrk_task_set_entry_function
                0x0000520e                nrk_sleep
                0x00005226                nrk_idle
                0x0000523c                nrk_task_stk_init
                0x00005292                nrk_task_set_stk
                0x000052d0                nrk_stack_pointer_restore
                0x000052de                nrk_stack_pointer_init
                0x000052fe                nrk_target_start
 .text          0x00005308       0x42 ./..//src/drivers/platform/micaZ/source/ad5242.o
                0x00005308                ad5242_init
                0x0000530e                ad5242_set
 .text          0x0000534a       0x6a ./..//src/drivers/platform/micaZ/source/adc_driver.o
                0x0000534a                adc_init
                0x00005376                adc_Powersave
                0x0000537a                adc_GetChannel
                0x00005392                adc_GetBatteryVoltage
 .text          0x000053b4       0xf6 ./..//src/drivers/platform/micaZ/source/i2c_driver.o
                0x000053b4                i2c_init
                0x000053ca                i2c_waitForInterruptFlag
                0x000053d4                i2c_actionStart
                0x000053e0                i2c_start
                0x00005402                i2c_stop
                0x0000541a                i2c_send
                0x00005444                i2c_receive
                0x00005468                i2c_controlByte_RX
                0x0000548a                i2c_controlByte_TX
 .text          0x000054aa      0x19c ./..//src/drivers/platform/micaZ/source/mda100_driver.o
                0x000054aa                mda100_init
                0x000054b6                mda100_Powersave
                0x000054c8                mda100_LightSensor_Power
                0x000054fc                mda100_TemperatureSensor_Power
                0x00005530                mda100_LightSensor_GetCounts
                0x0000554a                mda100_TemperatureSensor_GetCounts
                0x00005564                mda100_TemperatureSensor_GetKelvin
                0x00005634                mda100_TemperatureSensor_GetDegreeCelsius
 .text          0x00005646      0x26e ./..//src/drivers/platform/micaZ/source/mts310cb_driver.o
                0x00005646                mts310cb_init
                0x00005656                mts310cb_Powersave
                0x00005668                mts310cb_Accelerometer_Power
                0x00005694                mts310cb_Magnetometer_Power
                0x000056c0                mts310cb_TemperatureSensor_Power
                0x000056e8                mts310cb_LightSensor_Power
                0x00005710                mts310cb_Sounder_Power
                0x0000573c                mts310cb_Microphone_Power
                0x00005768                mts310cb_Magnetometer_x_SetOffset
                0x00005794                mts310cb_Magnetometer_y_SetOffset
                0x000057c0                mts310cb_Microphone_SetGain
                0x000057ec                mts310cb_Microphone_SetMode
                0x0000581c                mts310cb_LightSensor_GetCounts
                0x00005836                mts310cb_TemperatureSensor_GetCounts
                0x00005850                mts310cb_Microphone_GetCounts
                0x00005864                mts310cb_Accelerometer_x_GetCounts
                0x00005878                mts310cb_Accelerometer_y_GetCounts
                0x0000588c                mts310cb_Magnetometer_x_GetCounts
                0x000058a0                mts310cb_Magnetometer_y_GetCounts
 .text          0x000058b4      0x1da ./..//src/drivers/platform/micaZ/source/DS2401.o
                0x000058b4                Maxim_1Wire_ResetPulse
                0x000058fc                Maxim_1Wire_WriteBit
                0x00005932                Maxim_1Wire_ReadBit
                0x00005966                Maxim_1Wire_WriteByte
                0x000059a4                Maxim_1Wire_ReadByte
                0x000059d8                Maxim_1Wire_CommandReadRom
                0x000059e0                DS2401_init
                0x000059f2                DS2401_getSerialNumber
 .text          0x00005a8e      0x21a ./..//src/drivers/platform/micaZ/source/DOGM128-6_Graphicdisplay_driver.o
                0x00005a8e                DOGM128_6_usart1_sendByte
                0x00005b06                DOGM128_6_clear_display
                0x00005b68                DOGM128_6_display_init
                0x00005c0e                DOGM128_6_display_backlight
                0x00005c1a                DOGM128_6_LCD_print
 .text          0x00005ca8      0x6bc ./..//src/drivers/platform/micaZ/source/eDIP240-7_TouchPanel_driver.o
                0x00005ca8                USART0_putchar
                0x00005cb8                USART0_getchar
                0x00005cdc                eDIP240_7_Display_send_packet
                0x00005d9c                eDIP240_7_Display_get_buffer
                0x00005e9e                eDIP240_7_Display_request_buffer_info
                0x00005fa0                eDIP240_7_Display_set_protocol
                0x00006034                eDIP240_7_Display_get_protocoll_info
                0x00006146                eDIP240_7_Display_repeat_last_packet
                0x00006222                eDIP240_7_Display_select
                0x000062ae                eDIP240_7_Display_deselect
                0x0000633a                eDIP240_7_Display_send_string
                0x00006352                eDIP240_7_Display_send_string_with_NULL
 .text          0x00006364      0x634 ./..//src/drivers/platform/micaZ/source/TUM_LKN_Sensorboard_driver.o
                0x00006364                setLedMode
                0x00006394                getLedMode
                0x000063c0                S2V
                0x000063ee                V2S
                0x00006416                setBits
                0x0000641e                prescalerSec2Hex
                0x00006482                pwmFrac2Hex
                0x000064da                TUM_LKN_Sensorboard_getCurrentStep
                0x000064e0                TUM_LKN_Sensorboard_setControl0
                0x0000650a                TUM_LKN_Sensorboard_setControl1
                0x00006534                TUM_LKN_Sensorboard_setBrightness0
                0x00006542                TUM_LKN_Sensorboard_setBrightness1
                0x00006550                TWI_write
                0x000065b4                TWI_read
                0x00006632                i2cAction
                0x0000665e                setLeds
                0x000066a8                TUM_LKN_Sensorboard_greenBlink
                0x000066ba                TUM_LKN_Sensorboard_greenToggle
                0x000066d0                TUM_LKN_Sensorboard_greenOff
                0x000066de                TUM_LKN_Sensorboard_greenOn
                0x000066ec                TUM_LKN_Sensorboard_yellowBlink
                0x000066fe                TUM_LKN_Sensorboard_yellowToggle
                0x00006714                TUM_LKN_Sensorboard_yellowOff
                0x00006722                TUM_LKN_Sensorboard_yellowOn
                0x00006730                TUM_LKN_Sensorboard_redBlink
                0x00006742                TUM_LKN_Sensorboard_redToggle
                0x00006758                TUM_LKN_Sensorboard_redOff
                0x00006766                TUM_LKN_Sensorboard_redOn
                0x00006774                TUM_LKN_Sensorboard_laserBlink
                0x00006786                TUM_LKN_Sensorboard_laserToggle
                0x0000679c                TUM_LKN_Sensorboard_laserOff
                0x000067aa                TUM_LKN_Sensorboard_laserOn
                0x000067b8                readADC
                0x00006802                TUM_LKN_Sensorboard_readChannel
                0x00006808                TUM_LKN_Sensorboard_readChannel3
                0x00006810                TUM_LKN_Sensorboard_readChannel2
                0x00006818                TUM_LKN_Sensorboard_readChannel1
                0x00006820                TUM_LKN_Sensorboard_readPhotoVoltage
                0x00006828                writeDAC
                0x0000684e                TUM_LKN_Sensorboard_writeValue
                0x00006858                readIOs
                0x00006874                writeIOs
                0x00006898                TUM_LKN_Sensorboard_halfStepCW
                0x000068c0                TUM_LKN_Sensorboard_halfStepCCW
                0x000068e8                TUM_LKN_Sensorboard_stepCW
                0x00006910                TUM_LKN_Sensorboard_stepCCW
                0x00006938                TUM_LKN_Sensorboard_StepperIdle
                0x00006944                TUM_LKN_Sensorboard_setBeeper
                0x0000695c                TUM_LKN_Sensorboard_writeIO
                0x00006984                TUM_LKN_Sensorboard_writeIOs
                0x0000698a                TUM_LKN_Sensorboard_init
 .text          0x00006998       0x56 ./..//src/kernel/hal/atmega128/atmel_hw_specific.o
                0x00006998                nrk_start_high_ready_task
 .text          0x000069ee        0x0 /usr/lib/gcc/avr/4.5.3/../../../avr/lib/avr51/libprintf_flt.a(vfprintf_flt.o)
 .text          0x000069ee        0x0 /usr/lib/gcc/avr/4.5.3/../../../avr/lib/avr51/libm.a(addsf3.o)
 .text          0x000069ee        0x0 /usr/lib/gcc/avr/4.5.3/../../../avr/lib/avr51/libm.a(addsf3x.o)
 .text          0x000069ee        0x0 /usr/lib/gcc/avr/4.5.3/../../../avr/lib/avr51/libm.a(divsf3.o)
 .text          0x000069ee        0x0 /usr/lib/gcc/avr/4.5.3/../../../avr/lib/avr51/libm.a(divsf3x.o)
 .text          0x000069ee        0x0 /usr/lib/gcc/avr/4.5.3/../../../avr/lib/avr51/libm.a(fixunssfsi.o)
 .text          0x000069ee        0x0 /usr/lib/gcc/avr/4.5.3/../../../avr/lib/avr51/libm.a(floatsisf.o)
 .text          0x000069ee        0x0 /usr/lib/gcc/avr/4.5.3/../../../avr/lib/avr51/libm.a(fp_inf.o)
 .text          0x000069ee        0x0 /usr/lib/gcc/avr/4.5.3/../../../avr/lib/avr51/libm.a(fp_nan.o)
 .text          0x000069ee        0x0 /usr/lib/gcc/avr/4.5.3/../../../avr/lib/avr51/libm.a(fp_pscA.o)
 .text          0x000069ee        0x0 /usr/lib/gcc/avr/4.5.3/../../../avr/lib/avr51/libm.a(fp_pscB.o)
 .text          0x000069ee        0x0 /usr/lib/gcc/avr/4.5.3/../../../avr/lib/avr51/libm.a(fp_round.o)
 .text          0x000069ee        0x0 /usr/lib/gcc/avr/4.5.3/../../../avr/lib/avr51/libm.a(fp_split3.o)
 .text          0x000069ee        0x0 /usr/lib/gcc/avr/4.5.3/../../../avr/lib/avr51/libm.a(fp_zero.o)
 .text          0x000069ee        0x0 /usr/lib/gcc/avr/4.5.3/../../../avr/lib/avr51/libm.a(gesf2.o)
 .text          0x000069ee        0x0 /usr/lib/gcc/avr/4.5.3/../../../avr/lib/avr51/libm.a(log.o)
 .text          0x000069ee        0x0 /usr/lib/gcc/avr/4.5.3/../../../avr/lib/avr51/libm.a(mulsf3.o)
 .text          0x000069ee        0x0 /usr/lib/gcc/avr/4.5.3/../../../avr/lib/avr51/libm.a(mulsf3x.o)
 .text          0x000069ee        0x0 /usr/lib/gcc/avr/4.5.3/../../../avr/lib/avr51/libm.a(pow.o)
 .text          0x000069ee        0x0 /usr/lib/gcc/avr/4.5.3/../../../avr/lib/avr51/libm.a(exp.o)
 .text          0x000069ee        0x0 /usr/lib/gcc/avr/4.5.3/../../../avr/lib/avr51/libm.a(fp_cmp.o)
 .text          0x000069ee        0x0 /usr/lib/gcc/avr/4.5.3/../../../avr/lib/avr51/libm.a(fp_mpack.o)
 .text          0x000069ee        0x0 /usr/lib/gcc/avr/4.5.3/../../../avr/lib/avr51/libm.a(fp_powser.o)
 .text          0x000069ee        0x0 /usr/lib/gcc/avr/4.5.3/../../../avr/lib/avr51/libm.a(inverse.o)
 .text          0x000069ee        0x0 /usr/lib/gcc/avr/4.5.3/../../../avr/lib/avr51/libm.a(ldexp.o)
 .text          0x000069ee        0x0 /usr/lib/gcc/avr/4.5.3/../../../avr/lib/avr51/libm.a(modf.o)
 .text          0x000069ee        0x0 /usr/lib/gcc/avr/4.5.3/avr51/libgcc.a(_mulsi3.o)
 .text          0x000069ee        0x0 /usr/lib/gcc/avr/4.5.3/avr51/libgcc.a(_udivmodhi4.o)
 .text          0x000069ee        0x0 /usr/lib/gcc/avr/4.5.3/avr51/libgcc.a(_divmodhi4.o)
 .text          0x000069ee        0x0 /usr/lib/gcc/avr/4.5.3/avr51/libgcc.a(_udivmodsi4.o)
 .text          0x000069ee        0x0 /usr/lib/gcc/avr/4.5.3/avr51/libgcc.a(_exit.o)
 .text          0x000069ee        0x0 /usr/lib/gcc/avr/4.5.3/avr51/libgcc.a(_copy_data.o)
 .text          0x000069ee        0x0 /usr/lib/gcc/avr/4.5.3/avr51/libgcc.a(_clear_bss.o)
 .text          0x000069ee      0xcac /usr/lib/gcc/avr/4.5.3/avr51/libgcc.a(_udivdi3.o)
                0x000069ee                __udivdi3
 .text          0x0000769a        0x0 /usr/lib/gcc/avr/4.5.3/avr51/libgcc.a(_prologue.o)
 .text          0x0000769a        0x0 /usr/lib/gcc/avr/4.5.3/avr51/libgcc.a(_epilogue.o)
 .text          0x0000769a        0x0 /usr/lib/gcc/avr/4.5.3/avr51/libgcc.a(_clz.o)
 .text          0x0000769a        0x0 /usr/lib/gcc/avr/4.5.3/../../../avr/lib/avr51/libc.a(rand.o)
 .text          0x0000769a        0x0 /usr/lib/gcc/avr/4.5.3/../../../avr/lib/avr51/libc.a(ftoa_engine.o)
 .text          0x0000769a        0x0 /usr/lib/gcc/avr/4.5.3/../../../avr/lib/avr51/libc.a(strnlen_P.o)
 .text          0x0000769a        0x0 /usr/lib/gcc/avr/4.5.3/../../../avr/lib/avr51/libc.a(strnlen.o)
 .text          0x0000769a        0x0 /usr/lib/gcc/avr/4.5.3/../../../avr/lib/avr51/libc.a(fdevopen.o)
 .text          0x0000769a        0x0 /usr/lib/gcc/avr/4.5.3/../../../avr/lib/avr51/libc.a(fgetc.o)
 .text          0x0000769a        0x0 /usr/lib/gcc/avr/4.5.3/../../../avr/lib/avr51/libc.a(fputc.o)
 .text          0x0000769a        0x0 /usr/lib/gcc/avr/4.5.3/../../../avr/lib/avr51/libc.a(iob.o)
 .text          0x0000769a        0x0 /usr/lib/gcc/avr/4.5.3/../../../avr/lib/avr51/libc.a(printf.o)
 .text          0x0000769a        0x0 /usr/lib/gcc/avr/4.5.3/../../../avr/lib/avr51/libc.a(puts.o)
 .text          0x0000769a        0x0 /usr/lib/gcc/avr/4.5.3/../../../avr/lib/avr51/libc.a(sprintf.o)
 .text          0x0000769a        0x0 /usr/lib/gcc/avr/4.5.3/../../../avr/lib/avr51/libc.a(ultoa_invert.o)
 .text          0x0000769a        0x0 /usr/lib/gcc/avr/4.5.3/../../../avr/lib/avr51/libc.a(eerd_byte_atmega128.o)
 .text          0x0000769a        0x0 /usr/lib/gcc/avr/4.5.3/../../../avr/lib/avr51/libc.a(eewr_byte_atmega128.o)
 .text          0x0000769a        0x0 /usr/lib/gcc/avr/4.5.3/../../../avr/lib/avr51/libc.a(calloc.o)
 .text          0x0000769a        0x0 /usr/lib/gcc/avr/4.5.3/../../../avr/lib/avr51/libc.a(malloc.o)
 .text          0x0000769a        0x0 /usr/lib/gcc/avr/4.5.3/../../../avr/lib/avr51/libc.a(memset.o)
 .text          0x0000769a        0x0 /usr/lib/gcc/avr/4.5.3/avr51/libgcc.a(_divmodsi4.o)
                0x0000769a                . = ALIGN (0x2)
 *(.text.*)
 .text.avr-libc
                0x0000769a      0x75e /usr/lib/gcc/avr/4.5.3/../../../avr/lib/avr51/libprintf_flt.a(vfprintf_flt.o)
                0x0000769a                vfprintf
 .text.avr-libc.fplib
                0x00007df8        0xa /usr/lib/gcc/avr/4.5.3/../../../avr/lib/avr51/libm.a(addsf3.o)
                0x00007df8                __subsf3
                0x00007dfa                __addsf3
 .text.avr-libc.fplib
                0x00007e02       0xc0 /usr/lib/gcc/avr/4.5.3/../../../avr/lib/avr51/libm.a(addsf3x.o)
                0x00007e1c                __addsf3x
 .text.avr-libc.fplib
                0x00007ec2        0x4 /usr/lib/gcc/avr/4.5.3/../../../avr/lib/avr51/libm.a(divsf3.o)
                0x00007ec2                __divsf3
 .text.avr-libc.fplib
                0x00007ec6       0xcc /usr/lib/gcc/avr/4.5.3/../../../avr/lib/avr51/libm.a(divsf3x.o)
                0x00007edc                __divsf3x
                0x00007ee0                __divsf3_pse
 .text.avr-libc.fplib
                0x00007f92       0x58 /usr/lib/gcc/avr/4.5.3/../../../avr/lib/avr51/libm.a(fixunssfsi.o)
                0x00007f92                __fixunssfsi
 .text.avr-libc.fplib
                0x00007fea       0x7a /usr/lib/gcc/avr/4.5.3/../../../avr/lib/avr51/libm.a(floatsisf.o)
                0x00007fea                __floatunsisf
                0x00007fee                __floatsisf
 .text.avr-libc.fplib
                0x00008064        0xc /usr/lib/gcc/avr/4.5.3/../../../avr/lib/avr51/libm.a(fp_inf.o)
                0x00008064                __fp_inf
 .text.avr-libc.fplib
                0x00008070        0x6 /usr/lib/gcc/avr/4.5.3/../../../avr/lib/avr51/libm.a(fp_nan.o)
                0x00008070                __fp_nan
 .text.avr-libc.fplib
                0x00008076        0xe /usr/lib/gcc/avr/4.5.3/../../../avr/lib/avr51/libm.a(fp_pscA.o)
                0x00008076                __fp_pscA
 .text.avr-libc.fplib
                0x00008084        0xe /usr/lib/gcc/avr/4.5.3/../../../avr/lib/avr51/libm.a(fp_pscB.o)
                0x00008084                __fp_pscB
 .text.avr-libc.fplib
                0x00008092       0x22 /usr/lib/gcc/avr/4.5.3/../../../avr/lib/avr51/libm.a(fp_round.o)
                0x00008092                __fp_round
 .text.avr-libc.fplib
                0x000080b4       0x44 /usr/lib/gcc/avr/4.5.3/../../../avr/lib/avr51/libm.a(fp_split3.o)
                0x000080b4                __fp_split3
                0x000080c4                __fp_splitA
 .text.avr-libc.fplib
                0x000080f8        0xe /usr/lib/gcc/avr/4.5.3/../../../avr/lib/avr51/libm.a(fp_zero.o)
                0x000080f8                __fp_zero
                0x000080fa                __fp_szero
 .text.avr-libc.fplib
                0x00008106        0x8 /usr/lib/gcc/avr/4.5.3/../../../avr/lib/avr51/libm.a(gesf2.o)
                0x00008106                __gtsf2
                0x00008106                __gesf2
 .text.avr-libc.fplib
                0x0000810e       0x8a /usr/lib/gcc/avr/4.5.3/../../../avr/lib/avr51/libm.a(log.o)
                0x00008118                log
 .text.avr-libc.fplib
                0x00008198        0x4 /usr/lib/gcc/avr/4.5.3/../../../avr/lib/avr51/libm.a(mulsf3.o)
                0x00008198                __mulsf3
 .text.avr-libc.fplib
                0x0000819c       0xc2 /usr/lib/gcc/avr/4.5.3/../../../avr/lib/avr51/libm.a(mulsf3x.o)
                0x000081b0                __mulsf3x
                0x000081b4                __mulsf3_pse
 .text.avr-libc.fplib
                0x0000825e       0x98 /usr/lib/gcc/avr/4.5.3/../../../avr/lib/avr51/libm.a(pow.o)
                0x0000825e                pow
 .text.avr-libc.fplib
                0x000082f6       0x62 /usr/lib/gcc/avr/4.5.3/../../../avr/lib/avr51/libm.a(exp.o)
                0x00008300                exp
 .text.avr-libc.fplib
                0x00008358       0x48 /usr/lib/gcc/avr/4.5.3/../../../avr/lib/avr51/libm.a(fp_cmp.o)
                0x00008358                __fp_cmp
 .text.avr-libc.fplib
                0x000083a0       0x1c /usr/lib/gcc/avr/4.5.3/../../../avr/lib/avr51/libm.a(fp_mpack.o)
                0x000083a0                __fp_mpack
                0x000083a4                __fp_mpack_finite
 .text.avr-libc.fplib
                0x000083bc       0x4a /usr/lib/gcc/avr/4.5.3/../../../avr/lib/avr51/libm.a(fp_powser.o)
                0x000083bc                __fp_powser
 .text.avr-libc.fplib
                0x00008406        0xe /usr/lib/gcc/avr/4.5.3/../../../avr/lib/avr51/libm.a(inverse.o)
                0x00008406                inverse
 .text.avr-libc.fplib
                0x00008414       0x6c /usr/lib/gcc/avr/4.5.3/../../../avr/lib/avr51/libm.a(ldexp.o)
                0x00008418                ldexp
 .text.avr-libc.fplib
                0x00008480       0x66 /usr/lib/gcc/avr/4.5.3/../../../avr/lib/avr51/libm.a(modf.o)
                0x00008480                modff
                0x00008480                modf
 .text.libgcc   0x000084e6       0x3e /usr/lib/gcc/avr/4.5.3/avr51/libgcc.a(_mulsi3.o)
                0x000084e6                __mulsi3
 .text.libgcc   0x00008524       0x28 /usr/lib/gcc/avr/4.5.3/avr51/libgcc.a(_udivmodhi4.o)
                0x00008524                __udivmodhi4
 .text.libgcc   0x0000854c       0x26 /usr/lib/gcc/avr/4.5.3/avr51/libgcc.a(_divmodhi4.o)
                0x0000854c                __divmodhi4
                0x0000854c                _div
 .text.libgcc   0x00008572       0x44 /usr/lib/gcc/avr/4.5.3/avr51/libgcc.a(_udivmodsi4.o)
                0x00008572                __udivmodsi4
 .text.libgcc   0x000085b6        0x0 /usr/lib/gcc/avr/4.5.3/avr51/libgcc.a(_exit.o)
 .text.libgcc   0x000085b6        0x0 /usr/lib/gcc/avr/4.5.3/avr51/libgcc.a(_copy_data.o)
 .text.libgcc   0x000085b6        0x0 /usr/lib/gcc/avr/4.5.3/avr51/libgcc.a(_clear_bss.o)
 .text.libgcc   0x000085b6       0x38 /usr/lib/gcc/avr/4.5.3/avr51/libgcc.a(_prologue.o)
                0x000085b6                __prologue_saves__
 .text.libgcc   0x000085ee       0x36 /usr/lib/gcc/avr/4.5.3/avr51/libgcc.a(_epilogue.o)
                0x000085ee                __epilogue_restores__
 .text.avr-libc
                0x00008624       0xbc /usr/lib/gcc/avr/4.5.3/../../../avr/lib/avr51/libc.a(rand.o)
                0x000086ba                rand_r
                0x000086c0                rand
                0x000086ca                srand
 .text.avr-libc
                0x000086e0      0x1b0 /usr/lib/gcc/avr/4.5.3/../../../avr/lib/avr51/libc.a(ftoa_engine.o)
                0x000086e0                __ftoa_engine
 .text.avr-libc
                0x00008890       0x16 /usr/lib/gcc/avr/4.5.3/../../../avr/lib/avr51/libc.a(strnlen_P.o)
                0x00008890                strnlen_P
 .text.avr-libc
                0x000088a6       0x16 /usr/lib/gcc/avr/4.5.3/../../../avr/lib/avr51/libc.a(strnlen.o)
                0x000088a6                strnlen
 .text.avr-libc
                0x000088bc       0x96 /usr/lib/gcc/avr/4.5.3/../../../avr/lib/avr51/libc.a(fdevopen.o)
                0x000088bc                fdevopen
 .text.avr-libc
                0x00008952       0x84 /usr/lib/gcc/avr/4.5.3/../../../avr/lib/avr51/libc.a(fgetc.o)
                0x00008952                fgetc
 .text.avr-libc
                0x000089d6       0x58 /usr/lib/gcc/avr/4.5.3/../../../avr/lib/avr51/libc.a(fputc.o)
                0x000089d6                fputc
 .text.avr-libc
                0x00008a2e       0x24 /usr/lib/gcc/avr/4.5.3/../../../avr/lib/avr51/libc.a(printf.o)
                0x00008a2e                printf
 .text.avr-libc
                0x00008a52       0x6e /usr/lib/gcc/avr/4.5.3/../../../avr/lib/avr51/libc.a(puts.o)
                0x00008a52                puts
 .text.avr-libc
                0x00008ac0       0x60 /usr/lib/gcc/avr/4.5.3/../../../avr/lib/avr51/libc.a(sprintf.o)
                0x00008ac0                sprintf
 .text.avr-libc
                0x00008b20       0xbc /usr/lib/gcc/avr/4.5.3/../../../avr/lib/avr51/libc.a(ultoa_invert.o)
                0x00008b20                __ultoa_invert
 .text.avr-libc
                0x00008bdc       0x10 /usr/lib/gcc/avr/4.5.3/../../../avr/lib/avr51/libc.a(eerd_byte_atmega128.o)
                0x00008bdc                __eerd_byte_m128
 .text.avr-libc
                0x00008bec       0x1a /usr/lib/gcc/avr/4.5.3/../../../avr/lib/avr51/libc.a(eewr_byte_atmega128.o)
                0x00008bec                __eewr_byte_m128
                0x00008bee                __eewr_r18_m128
 .text.avr-libc
                0x00008c06       0x4a /usr/lib/gcc/avr/4.5.3/../../../avr/lib/avr51/libc.a(calloc.o)
                0x00008c06                calloc
 .text.avr-libc
                0x00008c50      0x266 /usr/lib/gcc/avr/4.5.3/../../../avr/lib/avr51/libc.a(malloc.o)
                0x00008c50                malloc
                0x00008d84                free
 .text.avr-libc
                0x00008eb6        0xe /usr/lib/gcc/avr/4.5.3/../../../avr/lib/avr51/libc.a(memset.o)
                0x00008eb6                memset
 .text.libgcc   0x00008ec4       0x36 /usr/lib/gcc/avr/4.5.3/avr51/libgcc.a(_divmodsi4.o)
                0x00008ec4                __divmodsi4
                0x00008efa                . = ALIGN (0x2)
 *(.fini9)
 .fini9         0x00008efa        0x0 /usr/lib/gcc/avr/4.5.3/avr51/libgcc.a(_exit.o)
                0x00008efa                exit
                0x00008efa                _exit
 *(.fini9)
 *(.fini8)
 *(.fini8)
 *(.fini7)
 *(.fini7)
 *(.fini6)
 *(.fini6)
 *(.fini5)
 *(.fini5)
 *(.fini4)
 *(.fini4)
 *(.fini3)
 *(.fini3)
 *(.fini2)
 *(.fini2)
 *(.fini1)
 *(.fini1)
 *(.fini0)
 .fini0         0x00008efa        0x4 /usr/lib/gcc/avr/4.5.3/avr51/libgcc.a(_exit.o)
 *(.fini0)
                0x00008efe                _etext = .

.data           0x00800100      0x352 load address 0x00008efe
                0x00800100                PROVIDE (__data_start, .)
 *(.data)
 .data          0x00800100        0x0 /usr/lib/gcc/avr/4.5.3/../../../avr/lib/avr51/crtm128.o
 .data          0x00800100       0xb2 main.o
                0x0080019a                task_1_period
                0x0080019e                task_1_execution
                0x008001a2                task_2_period
                0x008001a6                task_2_execution
                0x008001aa                task_3_period
                0x008001ae                task_3_execution
 .data          0x008001b2        0x0 ./..//src/radio/cc2420/source/hal_rf_set_channel.o
 .data          0x008001b2        0x0 ./..//src/radio/cc2420/source/hal_rf_wait_for_crystal_oscillator.o
 .data          0x008001b2        0x0 ./..//src/radio/cc2420/source/basic_rf.o
 .data          0x008001b2       0x23 ./..//src/platform/micaZ/source/ulib.o
                0x008001b2                NRK_LED_0
                0x008001b3                NRK_LED_1
                0x008001b4                NRK_LED_2
                0x008001b5                NRK_VREG_EN
                0x008001b6                NRK_RESET_N
                0x008001b7                NRK_CSN
                0x008001b8                NRK_SCK
                0x008001b9                NRK_MOSI
                0x008001ba                NRK_MISO
                0x008001bb                NRK_FIFO
                0x008001bc                NRK_UART1_RXD
                0x008001bd                NRK_UART1_TXD
                0x008001be                NRK_SFD
                0x008001bf                NRK_UART1_RTS
                0x008001c0                NRK_CCA
                0x008001c1                NRK_UART1_CTS
                0x008001c2                NRK_UART0_RXD
                0x008001c3                NRK_UART0_TXD
                0x008001c4                NRK_FIFOP
                0x008001c5                NRK_ADC_INPUT_0
                0x008001c6                NRK_ADC_INPUT_1
                0x008001c7                NRK_ADC_INPUT_2
                0x008001c8                NRK_ADC_INPUT_3
                0x008001c9                NRK_ADC_INPUT_6
                0x008001ca                NRK_ADC_INPUT_7
                0x008001cb                NRK_DEBUG_0
                0x008001cc                NRK_DEBUG_1
                0x008001cd                NRK_DEBUG_2
                0x008001ce                NRK_DEBUG_3
                0x008001cf                NRK_LED_3
                0x008001d0                NRK_BLED
                0x008001d1                NRK_SPI_SS
                0x008001d2                NRK_GPIO26
                0x008001d3                NRK_GPIO28
                0x008001d4                NRK_GPIO34
 .data          0x008001d5        0x0 ./..//src/platform/micaZ/source/hal_wait.o
 .data          0x008001d5        0x0 ./..//src/platform/micaZ/source/nrk_eeprom.o
 .data          0x008001d5        0x0 ./..//src/kernel/source/nrk.o
 .data          0x008001d5        0x0 ./..//src/kernel/source/nrk_stats.o
 .data          0x008001d5        0x3 ./..//src/kernel/source/nrk_error.o
 .data          0x008001d8       0x4e ./..//src/kernel/source/nrk_stack_check.o
 .data          0x00800226       0x4e ./..//src/kernel/source/nrk_events.o
 .data          0x00800274        0x4 ./..//src/kernel/source/nrk_task.o
 .data          0x00800278        0x0 ./..//src/kernel/source/nrk_time.o
 .data          0x00800278        0x0 ./..//src/kernel/source/nrk_idle_task.o
 .data          0x00800278       0xc0 ./..//src/kernel/source/nrk_scheduler.o
 .data          0x00800338        0x0 ./..//src/kernel/source/nrk_driver.o
 .data          0x00800338        0x0 ./..//src/kernel/source/nrk_reserve.o
 .data          0x00800338        0x0 ./..//src/kernel/source/nrk_sw_wdt.o
 .data          0x00800338        0x0 ./..//src/kernel/hal/atmega128/nrk_timer.o
 .data          0x00800338        0x0 ./..//src/kernel/hal/atmega128/nrk_status.o
 .data          0x00800338        0x0 ./..//src/kernel/hal/atmega128/nrk_ext_int.o
 .data          0x00800338        0x0 ./..//src/kernel/hal/atmega128/nrk_watchdog.o
 .data          0x00800338        0x0 ./..//src/kernel/hal/atmega128/nrk_cpu.o
 .data          0x00800338        0x0 ./..//src/drivers/platform/micaZ/source/ad5242.o
 .data          0x00800338        0x0 ./..//src/drivers/platform/micaZ/source/adc_driver.o
 .data          0x00800338        0x0 ./..//src/drivers/platform/micaZ/source/i2c_driver.o
 .data          0x00800338        0x0 ./..//src/drivers/platform/micaZ/source/mda100_driver.o
 .data          0x00800338        0x0 ./..//src/drivers/platform/micaZ/source/mts310cb_driver.o
 .data          0x00800338        0x0 ./..//src/drivers/platform/micaZ/source/DS2401.o
 .data          0x00800338        0x0 ./..//src/drivers/platform/micaZ/source/DOGM128-6_Graphicdisplay_driver.o
 .data          0x00800338        0x0 ./..//src/drivers/platform/micaZ/source/eDIP240-7_TouchPanel_driver.o
 .data          0x00800338       0x10 ./..//src/drivers/platform/micaZ/source/TUM_LKN_Sensorboard_driver.o
                0x00800338                steppertimeout
                0x0080033a                steps
                0x00800342                m_vbatt
                0x00800346                m_pwm
 .data          0x00800348        0x0 ./..//src/kernel/hal/atmega128/atmel_hw_specific.o
 .data          0x00800348        0x0 /usr/lib/gcc/avr/4.5.3/../../../avr/lib/avr51/libprintf_flt.a(vfprintf_flt.o)
 .data          0x00800348        0x0 /usr/lib/gcc/avr/4.5.3/../../../avr/lib/avr51/libm.a(addsf3.o)
 .data          0x00800348        0x0 /usr/lib/gcc/avr/4.5.3/../../../avr/lib/avr51/libm.a(addsf3x.o)
 .data          0x00800348        0x0 /usr/lib/gcc/avr/4.5.3/../../../avr/lib/avr51/libm.a(divsf3.o)
 .data          0x00800348        0x0 /usr/lib/gcc/avr/4.5.3/../../../avr/lib/avr51/libm.a(divsf3x.o)
 .data          0x00800348        0x0 /usr/lib/gcc/avr/4.5.3/../../../avr/lib/avr51/libm.a(fixunssfsi.o)
 .data          0x00800348        0x0 /usr/lib/gcc/avr/4.5.3/../../../avr/lib/avr51/libm.a(floatsisf.o)
 .data          0x00800348        0x0 /usr/lib/gcc/avr/4.5.3/../../../avr/lib/avr51/libm.a(fp_inf.o)
 .data          0x00800348        0x0 /usr/lib/gcc/avr/4.5.3/../../../avr/lib/avr51/libm.a(fp_nan.o)
 .data          0x00800348        0x0 /usr/lib/gcc/avr/4.5.3/../../../avr/lib/avr51/libm.a(fp_pscA.o)
 .data          0x00800348        0x0 /usr/lib/gcc/avr/4.5.3/../../../avr/lib/avr51/libm.a(fp_pscB.o)
 .data          0x00800348        0x0 /usr/lib/gcc/avr/4.5.3/../../../avr/lib/avr51/libm.a(fp_round.o)
 .data          0x00800348        0x0 /usr/lib/gcc/avr/4.5.3/../../../avr/lib/avr51/libm.a(fp_split3.o)
 .data          0x00800348        0x0 /usr/lib/gcc/avr/4.5.3/../../../avr/lib/avr51/libm.a(fp_zero.o)
 .data          0x00800348        0x0 /usr/lib/gcc/avr/4.5.3/../../../avr/lib/avr51/libm.a(gesf2.o)
 .data          0x00800348        0x0 /usr/lib/gcc/avr/4.5.3/../../../avr/lib/avr51/libm.a(log.o)
 .data          0x00800348        0x0 /usr/lib/gcc/avr/4.5.3/../../../avr/lib/avr51/libm.a(mulsf3.o)
 .data          0x00800348        0x0 /usr/lib/gcc/avr/4.5.3/../../../avr/lib/avr51/libm.a(mulsf3x.o)
 .data          0x00800348        0x0 /usr/lib/gcc/avr/4.5.3/../../../avr/lib/avr51/libm.a(pow.o)
 .data          0x00800348        0x0 /usr/lib/gcc/avr/4.5.3/../../../avr/lib/avr51/libm.a(exp.o)
 .data          0x00800348        0x0 /usr/lib/gcc/avr/4.5.3/../../../avr/lib/avr51/libm.a(fp_cmp.o)
 .data          0x00800348        0x0 /usr/lib/gcc/avr/4.5.3/../../../avr/lib/avr51/libm.a(fp_mpack.o)
 .data          0x00800348        0x0 /usr/lib/gcc/avr/4.5.3/../../../avr/lib/avr51/libm.a(fp_powser.o)
 .data          0x00800348        0x0 /usr/lib/gcc/avr/4.5.3/../../../avr/lib/avr51/libm.a(inverse.o)
 .data          0x00800348        0x0 /usr/lib/gcc/avr/4.5.3/../../../avr/lib/avr51/libm.a(ldexp.o)
 .data          0x00800348        0x0 /usr/lib/gcc/avr/4.5.3/../../../avr/lib/avr51/libm.a(modf.o)
 .data          0x00800348        0x0 /usr/lib/gcc/avr/4.5.3/avr51/libgcc.a(_mulsi3.o)
 .data          0x00800348        0x0 /usr/lib/gcc/avr/4.5.3/avr51/libgcc.a(_udivmodhi4.o)
 .data          0x00800348        0x0 /usr/lib/gcc/avr/4.5.3/avr51/libgcc.a(_divmodhi4.o)
 .data          0x00800348        0x0 /usr/lib/gcc/avr/4.5.3/avr51/libgcc.a(_udivmodsi4.o)
 .data          0x00800348        0x0 /usr/lib/gcc/avr/4.5.3/avr51/libgcc.a(_exit.o)
 .data          0x00800348        0x0 /usr/lib/gcc/avr/4.5.3/avr51/libgcc.a(_copy_data.o)
 .data          0x00800348        0x0 /usr/lib/gcc/avr/4.5.3/avr51/libgcc.a(_clear_bss.o)
 .data          0x00800348        0x0 /usr/lib/gcc/avr/4.5.3/avr51/libgcc.a(_udivdi3.o)
 .data          0x00800348        0x0 /usr/lib/gcc/avr/4.5.3/avr51/libgcc.a(_prologue.o)
 .data          0x00800348        0x0 /usr/lib/gcc/avr/4.5.3/avr51/libgcc.a(_epilogue.o)
 .data          0x00800348      0x100 /usr/lib/gcc/avr/4.5.3/avr51/libgcc.a(_clz.o)
                0x00800348                __clz_tab
 .data          0x00800448        0x4 /usr/lib/gcc/avr/4.5.3/../../../avr/lib/avr51/libc.a(rand.o)
 .data          0x0080044c        0x0 /usr/lib/gcc/avr/4.5.3/../../../avr/lib/avr51/libc.a(ftoa_engine.o)
 .data          0x0080044c        0x0 /usr/lib/gcc/avr/4.5.3/../../../avr/lib/avr51/libc.a(strnlen_P.o)
 .data          0x0080044c        0x0 /usr/lib/gcc/avr/4.5.3/../../../avr/lib/avr51/libc.a(strnlen.o)
 .data          0x0080044c        0x0 /usr/lib/gcc/avr/4.5.3/../../../avr/lib/avr51/libc.a(fdevopen.o)
 .data          0x0080044c        0x0 /usr/lib/gcc/avr/4.5.3/../../../avr/lib/avr51/libc.a(fgetc.o)
 .data          0x0080044c        0x0 /usr/lib/gcc/avr/4.5.3/../../../avr/lib/avr51/libc.a(fputc.o)
 .data          0x0080044c        0x0 /usr/lib/gcc/avr/4.5.3/../../../avr/lib/avr51/libc.a(iob.o)
 .data          0x0080044c        0x0 /usr/lib/gcc/avr/4.5.3/../../../avr/lib/avr51/libc.a(printf.o)
 .data          0x0080044c        0x0 /usr/lib/gcc/avr/4.5.3/../../../avr/lib/avr51/libc.a(puts.o)
 .data          0x0080044c        0x0 /usr/lib/gcc/avr/4.5.3/../../../avr/lib/avr51/libc.a(sprintf.o)
 .data          0x0080044c        0x0 /usr/lib/gcc/avr/4.5.3/../../../avr/lib/avr51/libc.a(ultoa_invert.o)
 .data          0x0080044c        0x0 /usr/lib/gcc/avr/4.5.3/../../../avr/lib/avr51/libc.a(eerd_byte_atmega128.o)
 .data          0x0080044c        0x0 /usr/lib/gcc/avr/4.5.3/../../../avr/lib/avr51/libc.a(eewr_byte_atmega128.o)
 .data          0x0080044c        0x0 /usr/lib/gcc/avr/4.5.3/../../../avr/lib/avr51/libc.a(calloc.o)
 .data          0x0080044c        0x6 /usr/lib/gcc/avr/4.5.3/../../../avr/lib/avr51/libc.a(malloc.o)
                0x0080044c                __malloc_margin
                0x0080044e                __malloc_heap_start
                0x00800450                __malloc_heap_end
 .data          0x00800452        0x0 /usr/lib/gcc/avr/4.5.3/../../../avr/lib/avr51/libc.a(memset.o)
 .data          0x00800452        0x0 /usr/lib/gcc/avr/4.5.3/avr51/libgcc.a(_divmodsi4.o)
 *(.data*)
 *(.rodata)
 *(.rodata*)
 *(.gnu.linkonce.d*)
                0x00800452                . = ALIGN (0x2)
                0x00800452                _edata = .
                0x00800452                PROVIDE (__data_end, .)

.bss            0x00800452      0x43e
                0x00800452                PROVIDE (__bss_start, .)
 *(.bss)
 .bss           0x00800452        0x0 /usr/lib/gcc/avr/4.5.3/../../../avr/lib/avr51/crtm128.o
 .bss           0x00800452        0x0 main.o
 .bss           0x00800452        0x0 ./..//src/radio/cc2420/source/hal_rf_set_channel.o
 .bss           0x00800452        0x0 ./..//src/radio/cc2420/source/hal_rf_wait_for_crystal_oscillator.o
 .bss           0x00800452        0x0 ./..//src/radio/cc2420/source/basic_rf.o
 .bss           0x00800452        0x0 ./..//src/platform/micaZ/source/ulib.o
 .bss           0x00800452        0x0 ./..//src/platform/micaZ/source/hal_wait.o
 .bss           0x00800452        0x0 ./..//src/platform/micaZ/source/nrk_eeprom.o
 .bss           0x00800452        0x0 ./..//src/kernel/source/nrk.o
 .bss           0x00800452        0x0 ./..//src/kernel/source/nrk_stats.o
 .bss           0x00800452        0x0 ./..//src/kernel/source/nrk_error.o
 .bss           0x00800452        0x0 ./..//src/kernel/source/nrk_stack_check.o
 .bss           0x00800452        0x0 ./..//src/kernel/source/nrk_events.o
 .bss           0x00800452        0x0 ./..//src/kernel/source/nrk_task.o
 .bss           0x00800452        0x0 ./..//src/kernel/source/nrk_time.o
 .bss           0x00800452        0x0 ./..//src/kernel/source/nrk_idle_task.o
 .bss           0x00800452        0x0 ./..//src/kernel/source/nrk_scheduler.o
 .bss           0x00800452        0x0 ./..//src/kernel/source/nrk_driver.o
 .bss           0x00800452        0x0 ./..//src/kernel/source/nrk_reserve.o
 .bss           0x00800452        0x0 ./..//src/kernel/source/nrk_sw_wdt.o
 .bss           0x00800452        0x0 ./..//src/kernel/hal/atmega128/nrk_timer.o
 .bss           0x00800452        0x0 ./..//src/kernel/hal/atmega128/nrk_status.o
 .bss           0x00800452        0x0 ./..//src/kernel/hal/atmega128/nrk_ext_int.o
 .bss           0x00800452        0x0 ./..//src/kernel/hal/atmega128/nrk_watchdog.o
 .bss           0x00800452        0x0 ./..//src/kernel/hal/atmega128/nrk_cpu.o
 .bss           0x00800452        0x0 ./..//src/drivers/platform/micaZ/source/ad5242.o
 .bss           0x00800452        0x0 ./..//src/drivers/platform/micaZ/source/adc_driver.o
 .bss           0x00800452        0x0 ./..//src/drivers/platform/micaZ/source/i2c_driver.o
 .bss           0x00800452        0x1 ./..//src/drivers/platform/micaZ/source/mda100_driver.o
                0x00800452                mda100_initDone
 .bss           0x00800453        0x1 ./..//src/drivers/platform/micaZ/source/mts310cb_driver.o
                0x00800453                mts310cb_initDone
 .bss           0x00800454        0x0 ./..//src/drivers/platform/micaZ/source/DS2401.o
 .bss           0x00800454        0x0 ./..//src/drivers/platform/micaZ/source/DOGM128-6_Graphicdisplay_driver.o
 .bss           0x00800454        0x0 ./..//src/drivers/platform/micaZ/source/eDIP240-7_TouchPanel_driver.o
 .bss           0x00800454        0xd ./..//src/drivers/platform/micaZ/source/TUM_LKN_Sensorboard_driver.o
                0x00800454                m_currentstep
                0x00800455                i2cData
                0x0080045d                m_lastxs
                0x0080045e                m_ledstate
                0x0080045f                m_prescaler
 .bss           0x00800461        0x0 ./..//src/kernel/hal/atmega128/atmel_hw_specific.o
 .bss           0x00800461        0x0 /usr/lib/gcc/avr/4.5.3/../../../avr/lib/avr51/libprintf_flt.a(vfprintf_flt.o)
 .bss           0x00800461        0x0 /usr/lib/gcc/avr/4.5.3/../../../avr/lib/avr51/libm.a(addsf3.o)
 .bss           0x00800461        0x0 /usr/lib/gcc/avr/4.5.3/../../../avr/lib/avr51/libm.a(addsf3x.o)
 .bss           0x00800461        0x0 /usr/lib/gcc/avr/4.5.3/../../../avr/lib/avr51/libm.a(divsf3.o)
 .bss           0x00800461        0x0 /usr/lib/gcc/avr/4.5.3/../../../avr/lib/avr51/libm.a(divsf3x.o)
 .bss           0x00800461        0x0 /usr/lib/gcc/avr/4.5.3/../../../avr/lib/avr51/libm.a(fixunssfsi.o)
 .bss           0x00800461        0x0 /usr/lib/gcc/avr/4.5.3/../../../avr/lib/avr51/libm.a(floatsisf.o)
 .bss           0x00800461        0x0 /usr/lib/gcc/avr/4.5.3/../../../avr/lib/avr51/libm.a(fp_inf.o)
 .bss           0x00800461        0x0 /usr/lib/gcc/avr/4.5.3/../../../avr/lib/avr51/libm.a(fp_nan.o)
 .bss           0x00800461        0x0 /usr/lib/gcc/avr/4.5.3/../../../avr/lib/avr51/libm.a(fp_pscA.o)
 .bss           0x00800461        0x0 /usr/lib/gcc/avr/4.5.3/../../../avr/lib/avr51/libm.a(fp_pscB.o)
 .bss           0x00800461        0x0 /usr/lib/gcc/avr/4.5.3/../../../avr/lib/avr51/libm.a(fp_round.o)
 .bss           0x00800461        0x0 /usr/lib/gcc/avr/4.5.3/../../../avr/lib/avr51/libm.a(fp_split3.o)
 .bss           0x00800461        0x0 /usr/lib/gcc/avr/4.5.3/../../../avr/lib/avr51/libm.a(fp_zero.o)
 .bss           0x00800461        0x0 /usr/lib/gcc/avr/4.5.3/../../../avr/lib/avr51/libm.a(gesf2.o)
 .bss           0x00800461        0x0 /usr/lib/gcc/avr/4.5.3/../../../avr/lib/avr51/libm.a(log.o)
 .bss           0x00800461        0x0 /usr/lib/gcc/avr/4.5.3/../../../avr/lib/avr51/libm.a(mulsf3.o)
 .bss           0x00800461        0x0 /usr/lib/gcc/avr/4.5.3/../../../avr/lib/avr51/libm.a(mulsf3x.o)
 .bss           0x00800461        0x0 /usr/lib/gcc/avr/4.5.3/../../../avr/lib/avr51/libm.a(pow.o)
 .bss           0x00800461        0x0 /usr/lib/gcc/avr/4.5.3/../../../avr/lib/avr51/libm.a(exp.o)
 .bss           0x00800461        0x0 /usr/lib/gcc/avr/4.5.3/../../../avr/lib/avr51/libm.a(fp_cmp.o)
 .bss           0x00800461        0x0 /usr/lib/gcc/avr/4.5.3/../../../avr/lib/avr51/libm.a(fp_mpack.o)
 .bss           0x00800461        0x0 /usr/lib/gcc/avr/4.5.3/../../../avr/lib/avr51/libm.a(fp_powser.o)
 .bss           0x00800461        0x0 /usr/lib/gcc/avr/4.5.3/../../../avr/lib/avr51/libm.a(inverse.o)
 .bss           0x00800461        0x0 /usr/lib/gcc/avr/4.5.3/../../../avr/lib/avr51/libm.a(ldexp.o)
 .bss           0x00800461        0x0 /usr/lib/gcc/avr/4.5.3/../../../avr/lib/avr51/libm.a(modf.o)
 .bss           0x00800461        0x0 /usr/lib/gcc/avr/4.5.3/avr51/libgcc.a(_mulsi3.o)
 .bss           0x00800461        0x0 /usr/lib/gcc/avr/4.5.3/avr51/libgcc.a(_udivmodhi4.o)
 .bss           0x00800461        0x0 /usr/lib/gcc/avr/4.5.3/avr51/libgcc.a(_divmodhi4.o)
 .bss           0x00800461        0x0 /usr/lib/gcc/avr/4.5.3/avr51/libgcc.a(_udivmodsi4.o)
 .bss           0x00800461        0x0 /usr/lib/gcc/avr/4.5.3/avr51/libgcc.a(_exit.o)
 .bss           0x00800461        0x0 /usr/lib/gcc/avr/4.5.3/avr51/libgcc.a(_copy_data.o)
 .bss           0x00800461        0x0 /usr/lib/gcc/avr/4.5.3/avr51/libgcc.a(_clear_bss.o)
 .bss           0x00800461        0x0 /usr/lib/gcc/avr/4.5.3/avr51/libgcc.a(_udivdi3.o)
 .bss           0x00800461        0x0 /usr/lib/gcc/avr/4.5.3/avr51/libgcc.a(_prologue.o)
 .bss           0x00800461        0x0 /usr/lib/gcc/avr/4.5.3/avr51/libgcc.a(_epilogue.o)
 .bss           0x00800461        0x0 /usr/lib/gcc/avr/4.5.3/avr51/libgcc.a(_clz.o)
 .bss           0x00800461        0x0 /usr/lib/gcc/avr/4.5.3/../../../avr/lib/avr51/libc.a(rand.o)
 .bss           0x00800461        0x0 /usr/lib/gcc/avr/4.5.3/../../../avr/lib/avr51/libc.a(ftoa_engine.o)
 .bss           0x00800461        0x0 /usr/lib/gcc/avr/4.5.3/../../../avr/lib/avr51/libc.a(strnlen_P.o)
 .bss           0x00800461        0x0 /usr/lib/gcc/avr/4.5.3/../../../avr/lib/avr51/libc.a(strnlen.o)
 .bss           0x00800461        0x0 /usr/lib/gcc/avr/4.5.3/../../../avr/lib/avr51/libc.a(fdevopen.o)
 .bss           0x00800461        0x0 /usr/lib/gcc/avr/4.5.3/../../../avr/lib/avr51/libc.a(fgetc.o)
 .bss           0x00800461        0x0 /usr/lib/gcc/avr/4.5.3/../../../avr/lib/avr51/libc.a(fputc.o)
 .bss           0x00800461        0x0 /usr/lib/gcc/avr/4.5.3/../../../avr/lib/avr51/libc.a(iob.o)
 .bss           0x00800461        0x0 /usr/lib/gcc/avr/4.5.3/../../../avr/lib/avr51/libc.a(printf.o)
 .bss           0x00800461        0x0 /usr/lib/gcc/avr/4.5.3/../../../avr/lib/avr51/libc.a(puts.o)
 .bss           0x00800461        0x0 /usr/lib/gcc/avr/4.5.3/../../../avr/lib/avr51/libc.a(sprintf.o)
 .bss           0x00800461        0x0 /usr/lib/gcc/avr/4.5.3/../../../avr/lib/avr51/libc.a(ultoa_invert.o)
 .bss           0x00800461        0x0 /usr/lib/gcc/avr/4.5.3/../../../avr/lib/avr51/libc.a(eerd_byte_atmega128.o)
 .bss           0x00800461        0x0 /usr/lib/gcc/avr/4.5.3/../../../avr/lib/avr51/libc.a(eewr_byte_atmega128.o)
 .bss           0x00800461        0x0 /usr/lib/gcc/avr/4.5.3/../../../avr/lib/avr51/libc.a(calloc.o)
 .bss           0x00800461        0x0 /usr/lib/gcc/avr/4.5.3/../../../avr/lib/avr51/libc.a(malloc.o)
 .bss           0x00800461        0x0 /usr/lib/gcc/avr/4.5.3/../../../avr/lib/avr51/libc.a(memset.o)
 .bss           0x00800461        0x0 /usr/lib/gcc/avr/4.5.3/avr51/libgcc.a(_divmodsi4.o)
 *(.bss*)
 *(COMMON)
 COMMON         0x00800461      0x2f8 main.o
                0x00800461                app_timer0_callback
                0x00800463                stack_1
                0x008004e3                error_task
                0x008004e4                stack_3
                0x00800564                _nrk_time_trigger
                0x00800565                task_2
                0x00800588                nrk_kernel_stk
                0x00800608                _nrk_signal_list
                0x0080060c                seed
                0x0080060e                stack_2
                0x0080068e                nrk_kernel_stk_ptr
                0x00800690                task_3
                0x008006b3                app_timer0_prescale
                0x008006b4                _nrk_prev_timer_val
                0x008006b5                error_num
                0x008006b6                task_1
                0x008006d9                nrk_idle_task_stk
 COMMON         0x00800759       0x1b ./..//src/radio/cc2420/source/basic_rf.o
                0x00800759                rx_ctr
                0x0080075d                radio_sem
                0x0080075f                security_enable
                0x00800760                mdmctrl0
                0x00800762                rfSettings
                0x0080076b                tmp_blah
                0x0080076d                auto_ack_enable
                0x0080076e                last_pkt_encrypted
                0x0080076f                tx_ctr
                0x00800773                rx_ready
 COMMON         0x00800774      0x104 ./..//src/kernel/source/nrk.o
                0x00800774                _free_node
                0x00800776                nrk_task_TCB
                0x00800834                next_next_wakeup
                0x00800836                nrk_sem_list
                0x00800845                nrk_task_init_cnt
                0x00800846                systemceiling
                0x00800847                nrk_wakeup_signal
                0x00800848                nrk_high_ready_TCB
                0x0080084a                nrk_cur_task_prio
                0x0080084b                _nrk_cpu_state
                0x0080084c                _head_node
                0x0080084e                nrk_system_time
                0x00800856                _nrk_resource_cnt
                0x00800857                nrk_cur_task_TCB
                0x00800859                nrk_high_ready_prio
                0x0080085a                _nrk_readyQ
 COMMON         0x00800878        0x1 ./..//src/kernel/source/nrk_scheduler.o
                0x00800878                t
 COMMON         0x00800879        0x8 ./..//src/kernel/hal/atmega128/nrk_ext_int.o
                0x00800879                ext_int1_callback
                0x0080087b                ext_int0_callback
                0x0080087d                ext_int2_callback
                0x0080087f                pc_int0_callback
 COMMON         0x00800881        0x5 ./..//src/drivers/platform/micaZ/source/TUM_LKN_Sensorboard_driver.o
                0x00800881                i2cDataLen
                0x00800882                i2cDataDirection
                0x00800883                m_channel
                0x00800884                i2cDestination
 COMMON         0x00800886        0x6 /usr/lib/gcc/avr/4.5.3/../../../avr/lib/avr51/libc.a(iob.o)
                0x00800886                __iob
 COMMON         0x0080088c        0x4 /usr/lib/gcc/avr/4.5.3/../../../avr/lib/avr51/libc.a(malloc.o)
                0x0080088c                __brkval
                0x0080088e                __flp
                0x00800890                PROVIDE (__bss_end, .)
                0x00008efe                __data_load_start = LOADADDR (.data)
                0x00009250                __data_load_end = (__data_load_start + SIZEOF (.data))

.noinit         0x00800890        0x0
                0x00800890                PROVIDE (__noinit_start, .)
 *(.noinit*)
                0x00800890                PROVIDE (__noinit_end, .)
                0x00800890                _end = .
                0x00800890                PROVIDE (__heap_start, .)

.eeprom         0x00810000        0x0
 *(.eeprom*)
                0x00810000                __eeprom_end = .

.fuse
 *(.fuse)
 *(.lfuse)
 *(.hfuse)
 *(.efuse)

.lock
 *(.lock*)

.signature
 *(.signature*)

.stab           0x00000000    0x19e00
 *(.stab)
 .stab          0x00000000      0x6cc /usr/lib/gcc/avr/4.5.3/../../../avr/lib/avr51/crtm128.o
 .stab          0x000006cc      0xa08 main.o
                                0xa14 (size before relaxing)
 .stab          0x000010d4      0x294 ./..//src/radio/cc2420/source/hal_rf_set_channel.o
                                0x600 (size before relaxing)
 .stab          0x00001368      0x264 ./..//src/radio/cc2420/source/hal_rf_wait_for_crystal_oscillator.o
                                0x5d0 (size before relaxing)
 .stab          0x000015cc     0x375c ./..//src/radio/cc2420/source/basic_rf.o
                               0x3b7c (size before relaxing)
 .stab          0x00004d28     0x1170 ./..//src/platform/micaZ/source/ulib.o
                               0x14f4 (size before relaxing)
 .stab          0x00005e98      0x240 ./..//src/platform/micaZ/source/hal_wait.o
                                0x5ac (size before relaxing)
 .stab          0x000060d8      0x684 ./..//src/platform/micaZ/source/nrk_eeprom.o
                                0x9f0 (size before relaxing)
 .stab          0x0000675c      0xa14 ./..//src/kernel/source/nrk.o
                                0xe04 (size before relaxing)
 .stab          0x00007170      0x2b8 ./..//src/kernel/source/nrk_stats.o
                                0x6cc (size before relaxing)
 .stab          0x00007428      0xc54 ./..//src/kernel/source/nrk_error.o
                               0x1074 (size before relaxing)
 .stab          0x0000807c      0x4a4 ./..//src/kernel/source/nrk_stack_check.o
                                0x8b8 (size before relaxing)
 .stab          0x00008520      0xfc0 ./..//src/kernel/source/nrk_events.o
                               0x13ec (size before relaxing)
 .stab          0x000094e0     0x1020 ./..//src/kernel/source/nrk_task.o
                               0x144c (size before relaxing)
 .stab          0x0000a500      0x7f8 ./..//src/kernel/source/nrk_time.o
                                0xc24 (size before relaxing)
 .stab          0x0000acf8      0x318 ./..//src/kernel/source/nrk_idle_task.o
                                0x744 (size before relaxing)
 .stab          0x0000b010      0xa8c ./..//src/kernel/source/nrk_scheduler.o
                                0xeb8 (size before relaxing)
 .stab          0x0000ba9c       0xe4 ./..//src/kernel/source/nrk_driver.o
                                 0xf0 (size before relaxing)
 .stab          0x0000bb80       0xe4 ./..//src/kernel/source/nrk_reserve.o
                                 0xf0 (size before relaxing)
 .stab          0x0000bc64      0x21c ./..//src/kernel/source/nrk_sw_wdt.o
                                0x630 (size before relaxing)
 .stab          0x0000be80      0xda4 ./..//src/kernel/hal/atmega128/nrk_timer.o
                               0x11c4 (size before relaxing)
 .stab          0x0000cc24      0x2dc ./..//src/kernel/hal/atmega128/nrk_status.o
                                0x648 (size before relaxing)
 .stab          0x0000cf00      0x36c ./..//src/kernel/hal/atmega128/nrk_ext_int.o
                                0x6f0 (size before relaxing)
 .stab          0x0000d26c      0x3e4 ./..//src/kernel/hal/atmega128/nrk_watchdog.o
                                0x7ec (size before relaxing)
 .stab          0x0000d650      0x78c ./..//src/kernel/hal/atmega128/nrk_cpu.o
                                0xbac (size before relaxing)
 .stab          0x0000dddc      0x1f8 ./..//src/drivers/platform/micaZ/source/ad5242.o
                                0x204 (size before relaxing)
 .stab          0x0000dfd4      0x318 ./..//src/drivers/platform/micaZ/source/adc_driver.o
                                0x4e0 (size before relaxing)
 .stab          0x0000e2ec      0x534 ./..//src/drivers/platform/micaZ/source/i2c_driver.o
                                0x6fc (size before relaxing)
 .stab          0x0000e820      0x594 ./..//src/drivers/platform/micaZ/source/mda100_driver.o
                                0x75c (size before relaxing)
 .stab          0x0000edb4      0xb10 ./..//src/drivers/platform/micaZ/source/mts310cb_driver.o
                                0xcd8 (size before relaxing)
 .stab          0x0000f8c4      0x8ac ./..//src/drivers/platform/micaZ/source/DS2401.o
                                0xca8 (size before relaxing)
 .stab          0x00010170      0x828 ./..//src/drivers/platform/micaZ/source/DOGM128-6_Graphicdisplay_driver.o
                                0xa98 (size before relaxing)
 .stab          0x00010998      0xeb8 ./..//src/drivers/platform/micaZ/source/eDIP240-7_TouchPanel_driver.o
                               0x12b4 (size before relaxing)
 .stab          0x00011850     0x18a8 ./..//src/drivers/platform/micaZ/source/TUM_LKN_Sensorboard_driver.o
                               0x1cec (size before relaxing)
 .stab          0x000130f8      0x204 ./..//src/kernel/hal/atmega128/atmel_hw_specific.o
                                0x210 (size before relaxing)
 .stab          0x000132fc     0x12f0 /usr/lib/gcc/avr/4.5.3/../../../avr/lib/avr51/libprintf_flt.a(vfprintf_flt.o)
                               0x1350 (size before relaxing)
 .stab          0x000145ec       0x78 /usr/lib/gcc/avr/4.5.3/../../../avr/lib/avr51/libm.a(addsf3.o)
                                 0x84 (size before relaxing)
 .stab          0x00014664      0x4bc /usr/lib/gcc/avr/4.5.3/../../../avr/lib/avr51/libm.a(addsf3x.o)
                                0x4c8 (size before relaxing)
 .stab          0x00014b20       0x48 /usr/lib/gcc/avr/4.5.3/../../../avr/lib/avr51/libm.a(divsf3.o)
                                 0x54 (size before relaxing)
 .stab          0x00014b68      0x510 /usr/lib/gcc/avr/4.5.3/../../../avr/lib/avr51/libm.a(divsf3x.o)
                                0x51c (size before relaxing)
 .stab          0x00015078      0x240 /usr/lib/gcc/avr/4.5.3/../../../avr/lib/avr51/libm.a(fixunssfsi.o)
                                0x24c (size before relaxing)
 .stab          0x000152b8      0x318 /usr/lib/gcc/avr/4.5.3/../../../avr/lib/avr51/libm.a(floatsisf.o)
                                0x324 (size before relaxing)
 .stab          0x000155d0       0x78 /usr/lib/gcc/avr/4.5.3/../../../avr/lib/avr51/libm.a(fp_inf.o)
                                 0x84 (size before relaxing)
 .stab          0x00015648       0x54 /usr/lib/gcc/avr/4.5.3/../../../avr/lib/avr51/libm.a(fp_nan.o)
                                 0x60 (size before relaxing)
 .stab          0x0001569c       0x84 /usr/lib/gcc/avr/4.5.3/../../../avr/lib/avr51/libm.a(fp_pscA.o)
                                 0x90 (size before relaxing)
 .stab          0x00015720       0x84 /usr/lib/gcc/avr/4.5.3/../../../avr/lib/avr51/libm.a(fp_pscB.o)
                                 0x90 (size before relaxing)
 .stab          0x000157a4       0xfc /usr/lib/gcc/avr/4.5.3/../../../avr/lib/avr51/libm.a(fp_round.o)
                                0x108 (size before relaxing)
 .stab          0x000158a0      0x1d4 /usr/lib/gcc/avr/4.5.3/../../../avr/lib/avr51/libm.a(fp_split3.o)
                                0x1e0 (size before relaxing)
 .stab          0x00015a74       0x90 /usr/lib/gcc/avr/4.5.3/../../../avr/lib/avr51/libm.a(fp_zero.o)
                                 0x9c (size before relaxing)
 .stab          0x00015b04       0x6c /usr/lib/gcc/avr/4.5.3/../../../avr/lib/avr51/libm.a(gesf2.o)
                                 0x78 (size before relaxing)
 .stab          0x00015b70      0x378 /usr/lib/gcc/avr/4.5.3/../../../avr/lib/avr51/libm.a(log.o)
                                0x384 (size before relaxing)
 .stab          0x00015ee8       0x48 /usr/lib/gcc/avr/4.5.3/../../../avr/lib/avr51/libm.a(mulsf3.o)
                                 0x54 (size before relaxing)
 .stab          0x00015f30      0x4d4 /usr/lib/gcc/avr/4.5.3/../../../avr/lib/avr51/libm.a(mulsf3x.o)
                                0x4e0 (size before relaxing)
 .stab          0x00016404      0x3c0 /usr/lib/gcc/avr/4.5.3/../../../avr/lib/avr51/libm.a(pow.o)
                                0x3cc (size before relaxing)
 .stab          0x000167c4      0x288 /usr/lib/gcc/avr/4.5.3/../../../avr/lib/avr51/libm.a(exp.o)
                                0x294 (size before relaxing)
 .stab          0x00016a4c      0x1e0 /usr/lib/gcc/avr/4.5.3/../../../avr/lib/avr51/libm.a(fp_cmp.o)
                                0x1ec (size before relaxing)
 .stab          0x00016c2c       0xe4 /usr/lib/gcc/avr/4.5.3/../../../avr/lib/avr51/libm.a(fp_mpack.o)
                                 0xf0 (size before relaxing)
 .stab          0x00016d10      0x1ec /usr/lib/gcc/avr/4.5.3/../../../avr/lib/avr51/libm.a(fp_powser.o)
                                0x1f8 (size before relaxing)
 .stab          0x00016efc       0x84 /usr/lib/gcc/avr/4.5.3/../../../avr/lib/avr51/libm.a(inverse.o)
                                 0x90 (size before relaxing)
 .stab          0x00016f80      0x2c4 /usr/lib/gcc/avr/4.5.3/../../../avr/lib/avr51/libm.a(ldexp.o)
                                0x2d0 (size before relaxing)
 .stab          0x00017244      0x2a0 /usr/lib/gcc/avr/4.5.3/../../../avr/lib/avr51/libm.a(modf.o)
                                0x2ac (size before relaxing)
 .stab          0x000174e4      0x2f4 /usr/lib/gcc/avr/4.5.3/../../../avr/lib/avr51/libc.a(rand.o)
                                0x330 (size before relaxing)
 .stab          0x000177d8      0xa38 /usr/lib/gcc/avr/4.5.3/../../../avr/lib/avr51/libc.a(ftoa_engine.o)
                                0xa44 (size before relaxing)
 .stab          0x00018210       0x9c /usr/lib/gcc/avr/4.5.3/../../../avr/lib/avr51/libc.a(strnlen_P.o)
                                 0xa8 (size before relaxing)
 .stab          0x000182ac       0x9c /usr/lib/gcc/avr/4.5.3/../../../avr/lib/avr51/libc.a(strnlen.o)
                                 0xa8 (size before relaxing)
 .stab          0x00018348      0x288 /usr/lib/gcc/avr/4.5.3/../../../avr/lib/avr51/libc.a(fdevopen.o)
                                0x4b0 (size before relaxing)
 .stab          0x000185d0      0x264 /usr/lib/gcc/avr/4.5.3/../../../avr/lib/avr51/libc.a(fgetc.o)
                                0x444 (size before relaxing)
 .stab          0x00018834      0x1e0 /usr/lib/gcc/avr/4.5.3/../../../avr/lib/avr51/libc.a(fputc.o)
                                0x3c0 (size before relaxing)
 .stab          0x00018a14      0x12c /usr/lib/gcc/avr/4.5.3/../../../avr/lib/avr51/libc.a(iob.o)
                                0x30c (size before relaxing)
 .stab          0x00018b40      0x18c /usr/lib/gcc/avr/4.5.3/../../../avr/lib/avr51/libc.a(printf.o)
                                0x36c (size before relaxing)
 .stab          0x00018ccc      0x1f8 /usr/lib/gcc/avr/4.5.3/../../../avr/lib/avr51/libc.a(puts.o)
                                0x3d8 (size before relaxing)
 .stab          0x00018ec4      0x1f8 /usr/lib/gcc/avr/4.5.3/../../../avr/lib/avr51/libc.a(sprintf.o)
                                0x3d8 (size before relaxing)
 .stab          0x000190bc      0x480 /usr/lib/gcc/avr/4.5.3/../../../avr/lib/avr51/libc.a(ultoa_invert.o)
                                0x48c (size before relaxing)
 .stab          0x0001953c       0x90 /usr/lib/gcc/avr/4.5.3/../../../avr/lib/avr51/libc.a(eerd_byte_atmega128.o)
                                 0x9c (size before relaxing)
 .stab          0x000195cc       0xd8 /usr/lib/gcc/avr/4.5.3/../../../avr/lib/avr51/libc.a(eewr_byte_atmega128.o)
                                 0xe4 (size before relaxing)
 .stab          0x000196a4      0x174 /usr/lib/gcc/avr/4.5.3/../../../avr/lib/avr51/libc.a(calloc.o)
                                0x1d4 (size before relaxing)
 .stab          0x00019818      0x57c /usr/lib/gcc/avr/4.5.3/../../../avr/lib/avr51/libc.a(malloc.o)
                                0x75c (size before relaxing)
 .stab          0x00019d94       0x6c /usr/lib/gcc/avr/4.5.3/../../../avr/lib/avr51/libc.a(memset.o)
                                 0x78 (size before relaxing)

.stabstr        0x00000000     0x6e5b
 *(.stabstr)
 .stabstr       0x00000000     0x6e5b /usr/lib/gcc/avr/4.5.3/../../../avr/lib/avr51/crtm128.o

.stab.excl
 *(.stab.excl)

.stab.exclstr
 *(.stab.exclstr)

.stab.index
 *(.stab.index)

.stab.indexstr
 *(.stab.indexstr)

.comment
 *(.comment)

.debug
 *(.debug)

.line
 *(.line)

.debug_srcinfo
 *(.debug_srcinfo)

.debug_sfnames
 *(.debug_sfnames)

.debug_aranges
 *(.debug_aranges)

.debug_pubnames
 *(.debug_pubnames)

.debug_info
 *(.debug_info)
 *(.gnu.linkonce.wi.*)

.debug_abbrev
 *(.debug_abbrev)

.debug_line
 *(.debug_line)

.debug_frame
 *(.debug_frame)

.debug_str
 *(.debug_str)

.debug_loc
 *(.debug_loc)

.debug_macinfo
 *(.debug_macinfo)
OUTPUT(main.elf elf32-avr)
LOAD linker stubs

Cross Reference Table

Symbol                                            File
DOGM128_6_LCD_print                               ./..//src/drivers/platform/micaZ/source/DOGM128-6_Graphicdisplay_driver.o
DOGM128_6_clear_display                           ./..//src/drivers/platform/micaZ/source/DOGM128-6_Graphicdisplay_driver.o
DOGM128_6_display_backlight                       ./..//src/drivers/platform/micaZ/source/DOGM128-6_Graphicdisplay_driver.o
DOGM128_6_display_init                            ./..//src/drivers/platform/micaZ/source/DOGM128-6_Graphicdisplay_driver.o
DOGM128_6_usart1_sendByte                         ./..//src/drivers/platform/micaZ/source/DOGM128-6_Graphicdisplay_driver.o
DS2401_getSerialNumber                            ./..//src/drivers/platform/micaZ/source/DS2401.o
DS2401_init                                       ./..//src/drivers/platform/micaZ/source/DS2401.o
Maxim_1Wire_CommandReadRom                        ./..//src/drivers/platform/micaZ/source/DS2401.o
Maxim_1Wire_ReadBit                               ./..//src/drivers/platform/micaZ/source/DS2401.o
Maxim_1Wire_ReadByte                              ./..//src/drivers/platform/micaZ/source/DS2401.o
Maxim_1Wire_ResetPulse                            ./..//src/drivers/platform/micaZ/source/DS2401.o
Maxim_1Wire_WriteBit                              ./..//src/drivers/platform/micaZ/source/DS2401.o
Maxim_1Wire_WriteByte                             ./..//src/drivers/platform/micaZ/source/DS2401.o
NRK_ADC_INPUT_0                                   ./..//src/platform/micaZ/source/ulib.o
NRK_ADC_INPUT_1                                   ./..//src/platform/micaZ/source/ulib.o
NRK_ADC_INPUT_2                                   ./..//src/platform/micaZ/source/ulib.o
NRK_ADC_INPUT_3                                   ./..//src/platform/micaZ/source/ulib.o
NRK_ADC_INPUT_6                                   ./..//src/platform/micaZ/source/ulib.o
NRK_ADC_INPUT_7                                   ./..//src/platform/micaZ/source/ulib.o
NRK_BLED                                          ./..//src/platform/micaZ/source/ulib.o
NRK_CCA                                           ./..//src/platform/micaZ/source/ulib.o
NRK_CSN                                           ./..//src/platform/micaZ/source/ulib.o
NRK_DEBUG_0                                       ./..//src/platform/micaZ/source/ulib.o
                                                  ./..//src/radio/cc2420/source/basic_rf.o
NRK_DEBUG_1                                       ./..//src/platform/micaZ/source/ulib.o
                                                  ./..//src/radio/cc2420/source/basic_rf.o
NRK_DEBUG_2                                       ./..//src/platform/micaZ/source/ulib.o
NRK_DEBUG_3                                       ./..//src/platform/micaZ/source/ulib.o
NRK_FIFO                                          ./..//src/platform/micaZ/source/ulib.o
NRK_FIFOP                                         ./..//src/platform/micaZ/source/ulib.o
NRK_GPIO26                                        ./..//src/platform/micaZ/source/ulib.o
NRK_GPIO28                                        ./..//src/platform/micaZ/source/ulib.o
NRK_GPIO34                                        ./..//src/platform/micaZ/source/ulib.o
NRK_LED_0                                         ./..//src/platform/micaZ/source/ulib.o
NRK_LED_1                                         ./..//src/platform/micaZ/source/ulib.o
NRK_LED_2                                         ./..//src/platform/micaZ/source/ulib.o
NRK_LED_3                                         ./..//src/platform/micaZ/source/ulib.o
NRK_MISO                                          ./..//src/platform/micaZ/source/ulib.o
NRK_MOSI                                          ./..//src/platform/micaZ/source/ulib.o
NRK_RESET_N                                       ./..//src/platform/micaZ/source/ulib.o
NRK_SCK                                           ./..//src/platform/micaZ/source/ulib.o
NRK_SFD                                           ./..//src/platform/micaZ/source/ulib.o
NRK_SPI_SS                                        ./..//src/platform/micaZ/source/ulib.o
NRK_UART0_RXD                                     ./..//src/platform/micaZ/source/ulib.o
NRK_UART0_TXD                                     ./..//src/platform/micaZ/source/ulib.o
NRK_UART1_CTS                                     ./..//src/platform/micaZ/source/ulib.o
NRK_UART1_RTS                                     ./..//src/platform/micaZ/source/ulib.o
NRK_UART1_RXD                                     ./..//src/platform/micaZ/source/ulib.o
NRK_UART1_TXD                                     ./..//src/platform/micaZ/source/ulib.o
NRK_VREG_EN                                       ./..//src/platform/micaZ/source/ulib.o
S2V                                               ./..//src/drivers/platform/micaZ/source/TUM_LKN_Sensorboard_driver.o
TUM_LKN_Sensorboard_StepperIdle                   ./..//src/drivers/platform/micaZ/source/TUM_LKN_Sensorboard_driver.o
TUM_LKN_Sensorboard_getCurrentStep                ./..//src/drivers/platform/micaZ/source/TUM_LKN_Sensorboard_driver.o
TUM_LKN_Sensorboard_greenBlink                    ./..//src/drivers/platform/micaZ/source/TUM_LKN_Sensorboard_driver.o
TUM_LKN_Sensorboard_greenOff                      ./..//src/drivers/platform/micaZ/source/TUM_LKN_Sensorboard_driver.o
TUM_LKN_Sensorboard_greenOn                       ./..//src/drivers/platform/micaZ/source/TUM_LKN_Sensorboard_driver.o
TUM_LKN_Sensorboard_greenToggle                   ./..//src/drivers/platform/micaZ/source/TUM_LKN_Sensorboard_driver.o
TUM_LKN_Sensorboard_halfStepCCW                   ./..//src/drivers/platform/micaZ/source/TUM_LKN_Sensorboard_driver.o
TUM_LKN_Sensorboard_halfStepCW                    ./..//src/drivers/platform/micaZ/source/TUM_LKN_Sensorboard_driver.o
TUM_LKN_Sensorboard_init                          ./..//src/drivers/platform/micaZ/source/TUM_LKN_Sensorboard_driver.o
TUM_LKN_Sensorboard_laserBlink                    ./..//src/drivers/platform/micaZ/source/TUM_LKN_Sensorboard_driver.o
TUM_LKN_Sensorboard_laserOff                      ./..//src/drivers/platform/micaZ/source/TUM_LKN_Sensorboard_driver.o
TUM_LKN_Sensorboard_laserOn                       ./..//src/drivers/platform/micaZ/source/TUM_LKN_Sensorboard_driver.o
TUM_LKN_Sensorboard_laserToggle                   ./..//src/drivers/platform/micaZ/source/TUM_LKN_Sensorboard_driver.o
TUM_LKN_Sensorboard_readChannel                   ./..//src/drivers/platform/micaZ/source/TUM_LKN_Sensorboard_driver.o
TUM_LKN_Sensorboard_readChannel1                  ./..//src/drivers/platform/micaZ/source/TUM_LKN_Sensorboard_driver.o
TUM_LKN_Sensorboard_readChannel2                  ./..//src/drivers/platform/micaZ/source/TUM_LKN_Sensorboard_driver.o
TUM_LKN_Sensorboard_readChannel3                  ./..//src/drivers/platform/micaZ/source/TUM_LKN_Sensorboard_driver.o
TUM_LKN_Sensorboard_readPhotoVoltage              ./..//src/drivers/platform/micaZ/source/TUM_LKN_Sensorboard_driver.o
TUM_LKN_Sensorboard_redBlink                      ./..//src/drivers/platform/micaZ/source/TUM_LKN_Sensorboard_driver.o
TUM_LKN_Sensorboard_redOff                        ./..//src/drivers/platform/micaZ/source/TUM_LKN_Sensorboard_driver.o
TUM_LKN_Sensorboard_redOn                         ./..//src/drivers/platform/micaZ/source/TUM_LKN_Sensorboard_driver.o
TUM_LKN_Sensorboard_redToggle                     ./..//src/drivers/platform/micaZ/source/TUM_LKN_Sensorboard_driver.o
TUM_LKN_Sensorboard_setBeeper                     ./..//src/drivers/platform/micaZ/source/TUM_LKN_Sensorboard_driver.o
TUM_LKN_Sensorboard_setBrightness0                ./..//src/drivers/platform/micaZ/source/TUM_LKN_Sensorboard_driver.o
TUM_LKN_Sensorboard_setBrightness1                ./..//src/drivers/platform/micaZ/source/TUM_LKN_Sensorboard_driver.o
TUM_LKN_Sensorboard_setControl0                   ./..//src/drivers/platform/micaZ/source/TUM_LKN_Sensorboard_driver.o
TUM_LKN_Sensorboard_setControl1                   ./..//src/drivers/platform/micaZ/source/TUM_LKN_Sensorboard_driver.o
TUM_LKN_Sensorboard_stepCCW                       ./..//src/drivers/platform/micaZ/source/TUM_LKN_Sensorboard_driver.o
TUM_LKN_Sensorboard_stepCW                        ./..//src/drivers/platform/micaZ/source/TUM_LKN_Sensorboard_driver.o
TUM_LKN_Sensorboard_writeIO                       ./..//src/drivers/platform/micaZ/source/TUM_LKN_Sensorboard_driver.o
TUM_LKN_Sensorboard_writeIOs                      ./..//src/drivers/platform/micaZ/source/TUM_LKN_Sensorboard_driver.o
TUM_LKN_Sensorboard_writeValue                    ./..//src/drivers/platform/micaZ/source/TUM_LKN_Sensorboard_driver.o
TUM_LKN_Sensorboard_yellowBlink                   ./..//src/drivers/platform/micaZ/source/TUM_LKN_Sensorboard_driver.o
TUM_LKN_Sensorboard_yellowOff                     ./..//src/drivers/platform/micaZ/source/TUM_LKN_Sensorboard_driver.o
TUM_LKN_Sensorboard_yellowOn                      ./..//src/drivers/platform/micaZ/source/TUM_LKN_Sensorboard_driver.o
TUM_LKN_Sensorboard_yellowToggle                  ./..//src/drivers/platform/micaZ/source/TUM_LKN_Sensorboard_driver.o
TWI_read                                          ./..//src/drivers/platform/micaZ/source/TUM_LKN_Sensorboard_driver.o
TWI_write                                         ./..//src/drivers/platform/micaZ/source/TUM_LKN_Sensorboard_driver.o
USART0_getchar                                    ./..//src/drivers/platform/micaZ/source/eDIP240-7_TouchPanel_driver.o
USART0_putchar                                    ./..//src/drivers/platform/micaZ/source/eDIP240-7_TouchPanel_driver.o
V2S                                               ./..//src/drivers/platform/micaZ/source/TUM_LKN_Sensorboard_driver.o
__addsf3                                          /usr/lib/gcc/avr/4.5.3/../../../avr/lib/avr51/libm.a(addsf3.o)
                                                  /usr/lib/gcc/avr/4.5.3/../../../avr/lib/avr51/libm.a(log.o)
                                                  ./..//src/drivers/platform/micaZ/source/mda100_driver.o
__addsf3x                                         /usr/lib/gcc/avr/4.5.3/../../../avr/lib/avr51/libm.a(addsf3x.o)
                                                  /usr/lib/gcc/avr/4.5.3/../../../avr/lib/avr51/libm.a(fp_powser.o)
                                                  /usr/lib/gcc/avr/4.5.3/../../../avr/lib/avr51/libm.a(log.o)
                                                  /usr/lib/gcc/avr/4.5.3/../../../avr/lib/avr51/libm.a(addsf3.o)
__bad_interrupt                                   /usr/lib/gcc/avr/4.5.3/../../../avr/lib/avr51/crtm128.o
__brkval                                          /usr/lib/gcc/avr/4.5.3/../../../avr/lib/avr51/libc.a(malloc.o)
__bss_end                                         /usr/lib/gcc/avr/4.5.3/avr51/libgcc.a(_clear_bss.o)
__bss_start                                       /usr/lib/gcc/avr/4.5.3/avr51/libgcc.a(_clear_bss.o)
__clz_tab                                         /usr/lib/gcc/avr/4.5.3/avr51/libgcc.a(_clz.o)
                                                  /usr/lib/gcc/avr/4.5.3/avr51/libgcc.a(_udivdi3.o)
__data_end                                        /usr/lib/gcc/avr/4.5.3/avr51/libgcc.a(_copy_data.o)
__data_load_start                                 /usr/lib/gcc/avr/4.5.3/avr51/libgcc.a(_copy_data.o)
__data_start                                      /usr/lib/gcc/avr/4.5.3/avr51/libgcc.a(_copy_data.o)
__divmodhi4                                       /usr/lib/gcc/avr/4.5.3/avr51/libgcc.a(_divmodhi4.o)
                                                  main.o
__divmodsi4                                       /usr/lib/gcc/avr/4.5.3/avr51/libgcc.a(_divmodsi4.o)
                                                  /usr/lib/gcc/avr/4.5.3/../../../avr/lib/avr51/libc.a(rand.o)
__divsf3                                          /usr/lib/gcc/avr/4.5.3/../../../avr/lib/avr51/libm.a(divsf3.o)
                                                  /usr/lib/gcc/avr/4.5.3/../../../avr/lib/avr51/libm.a(inverse.o)
                                                  ./..//src/drivers/platform/micaZ/source/TUM_LKN_Sensorboard_driver.o
                                                  ./..//src/drivers/platform/micaZ/source/mda100_driver.o
                                                  ./..//src/drivers/platform/micaZ/source/adc_driver.o
__divsf3_pse                                      /usr/lib/gcc/avr/4.5.3/../../../avr/lib/avr51/libm.a(divsf3x.o)